******************************************************************************
                  TI ARM Linker PC v20.2.4                     
******************************************************************************
>> Linked Thu Jan 13 18:05:00 2022

OUTPUT FILE NAME:   <TMS570LS3137_BCMU_MCB.out>
ENTRY POINT SYMBOL: "_c_int00"  address: 00016d88


MEMORY CONFIGURATION

         name            origin    length      used     unused   attr    fill
----------------------  --------  ---------  --------  --------  ----  --------
  VECTORS               00000000   00000020  00000020  00000000     X
  FLASH0                00000020   0017ffe0  0001ac8a  00165356  R  X
  FLASH1                00180000   00180000  00000000  00180000  R  X
  STACKS                08000000   00001500  00000000  00001500  RW  
  RAM                   08001500   0003eb00  00000cf4  0003de0c  RW  


SEGMENT ALLOCATION MAP

run origin  load origin   length   init length attrs members
----------  ----------- ---------- ----------- ----- -------
00000000    00000000    0001acb0   0001acb0    r-x
  00000000    00000000    00000020   00000020    r-x .intvecs
  00000020    00000020    0001a9a0   0001a9a0    r-x .text
  0001a9c0    0001a9c0    000002ba   000002ba    r-- .const
  0001ac80    0001ac80    00000030   00000030    r-- .cinit
08001500    08001500    00000cf4   00000000    rw-
  08001500    08001500    00000ca0   00000000    rw- .bss
  080021a0    080021a0    00000054   00000000    rw- .data


SECTION ALLOCATION MAP

 output                                  attributes/
section   page    origin      length       input sections
--------  ----  ----------  ----------   ----------------
.intvecs   0    00000000    00000020     
                  00000000    00000020     sys_intvecs.obj (.intvecs)

.text      0    00000020    0001a9a0     
                  00000020    00006168     ff.obj (.text)
                  00006188    00002cdc     sys_selftest.obj (.text)
                  00008e64    000028d4     sdram.obj (.text)
                  0000b738    000022b4     init.obj (.text)
                  0000d9ec    00000ed8     spi.obj (.text)
                  0000e8c4    00000dac     sdcard.obj (.text)
                  0000f670    00000c94     test.obj (.text)
                  00010304    00000b64     system.obj (.text)
                  00010e68    00000a4a     rtsv7R4_T_be_v3D16_eabi.lib : _printfi.c.obj (.text:__TI_printfi)
                  000118b2    00000002                                 : div0.asm.obj (.text)
                  000118b4    00000a34     sci.obj (.text)
                  000122e8    0000094c     AutoBrake.obj (.text)
                  00012c34    00000898     sys_vim.obj (.text)
                  000134cc    00000664     errata_SSWF021_45.obj (.text)
                  00013b30    00000638     rti.obj (.text)
                  00014168    000005bc     esm.obj (.text)
                  00014724    000005ac     pinmux.obj (.text)
                  00014cd0    000004b4     Device_control.obj (.text)
                  00015184    00000484     gio.obj (.text)
                  00015608    00000430     Brake.obj (.text)
                  00015a38    0000041c     stm.obj (.text)
                  00015e54    00000398     sci.obj (.text:retain)
                  000161ec    0000034c     sys_core.obj (.text)
                  00016538    000002f4     dac5689.obj (.text)
                  0001682c    000002b8     rtsv7R4_T_be_v3D16_eabi.lib : ull_div32.asm.obj (.text)
                  00016ae4    000002a4     diskio.obj (.text)
                  00016d88    000002a4     sys_startup.obj (.text:retain)
                  0001702c    0000029c     PedalF.obj (.text)
                  000172c8    00000290     sys_vim.obj (.text:retain)
                  00017558    00000248     rtsv7R4_T_be_v3D16_eabi.lib : _printfi.c.obj (.text:_pconv_a)
                  000177a0    0000023c     TDP.obj (.text)
                  000179dc    00000218     Spindown.obj (.text)
                  00017bf4    000001e0     rs232.obj (.text)
                  00017dd4    000001c4     SC_SlipControl.obj (.text)
                  00017f98    000001a0     rtsv7R4_T_be_v3D16_eabi.lib : _printfi.c.obj (.text:_pconv_g)
                  00018138    0000019c     PI_Control.obj (.text)
                  000182d4    0000016c     rti.obj (.text:retain)
                  00018440    00000158     SD_card.obj (.text)
                  00018598    00000154     Autobrake_ARMtoEnable.obj (.text)
                  000186ec    0000014c     notification.obj (.text)
                  00018838    00000144     Brake_Skid.obj (.text)
                  0001897c    0000013c     sigle.obj (.text)
                  00018ab8    00000138     Lockwheel.obj (.text)
                  00018bf0    00000130     SC_LowSpeedMonitor.obj (.text)
                  00018d20    00000114     esm.obj (.text:retain)
                  00018e34    00000104     SC_Wheel.obj (.text)
                  00018f38    00000104     rtsv7R4_T_be_v3D16_eabi.lib : _printfi.c.obj (.text:_pconv_e)
                  0001903c    00000100     BrakeSelect.obj (.text)
                  0001913c    000000fc     rtsv7R4_T_be_v3D16_eabi.lib : _printfi.c.obj (.text:fcvt)
                  00019238    000000f8     BrakePress.obj (.text)
                  00019330    000000f0     rtsv7R4_T_be_v3D16_eabi.lib : s_scalbn.c.obj (.text:scalbn)
                  00019420    000000e8     dabort.obj (.text)
                  00019508    000000e8     global_Init.obj (.text)
                  000195f0    000000e0     rtsv7R4_T_be_v3D16_eabi.lib : s_floor.c.obj (.text:floor)
                  000196d0    000000e0     sys_pmu.obj (.text)
                  000197b0    000000dc     BrakeInhibit.obj (.text)
                  0001988c    000000dc     RTOApplicationDisarmed_.obj (.text)
                  00019968    000000cc     Autobrake_Application_Disarmed.obj (.text)
                  00019a34    000000b4     Counter.obj (.text)
                  00019ae8    000000b0     OFFtoAutobrakeArmed.obj (.text)
                  00019b98    000000ad     rtsv7R4_T_be_v3D16_eabi.lib : _printfi.c.obj (.text:_ltostr)
                  00019c45    00000003     --HOLE-- [fill = 0]
                  00019c48    0000009c     RTOArmedtoDisarmed_.obj (.text)
                  00019ce4    0000009c     RTOEnabledtoApplication.obj (.text)
                  00019d80    0000009c     WOW_Processing.obj (.text)
                  00019e1c    0000009c     rtsv7R4_T_be_v3D16_eabi.lib : memcpy_t2.asm.obj (.text)
                  00019eb8    00000090     AutobrakeArmedtoDisarmed.obj (.text)
                  00019f48    0000008c     user_main.obj (.text)
                  00019fd4    00000088     SC_Function.obj (.text)
                  0001a05c    00000080     RTOEnabledtoDisarmed_.obj (.text)
                  0001a0dc    0000007c     BoolVect2Int16_digital_3.obj (.text)
                  0001a158    0000007a     rtsv7R4_T_be_v3D16_eabi.lib : _printfi.c.obj (.text:_mcpy)
                  0001a1d2    0000007a                                 : memset_t2.asm.obj (.text)
                  0001a24c    00000078     OFFtoRTOArmed.obj (.text)
                  0001a2c4    00000074     rtsv7R4_T_be_v3D16_eabi.lib : s_frexp.c.obj (.text:frexp)
                  0001a338    0000006c                                 : copy_decompress_lzss.c.obj (.text:decompress:lzss:__TI_decompress_lzss)
                  0001a3a4    00000068     AutoBrake_EnabletoDisArm.obj (.text)
                  0001a40c    00000064     LimiterF32.obj (.text)
                  0001a470    00000054     rtsv7R4_T_be_v3D16_eabi.lib : _ltoa.c.obj (.text:__TI_ltoa)
                  0001a4c4    00000054                                 : _printfi.c.obj (.text:_ecpy)
                  0001a518    00000050                                 : _printfi.c.obj (.text:_pconv_f)
                  0001a568    00000050                                 : atoi.c.obj (.text:atoi)
                  0001a5b8    00000050                                 : u_div32.asm.obj (.text)
                  0001a608    00000044                                 : autoinit.c.obj (.text:__TI_auto_init_nobinit_nopinit:__TI_auto_init_nobinit_nopinit)
                  0001a64c    00000044     equ_2.obj (.text)
                  0001a690    00000044     equ_3.obj (.text)
                  0001a6d4    00000044     equ_4.obj (.text)
                  0001a718    00000044     equ_5.obj (.text)
                  0001a75c    00000044     equ_6.obj (.text)
                  0001a7a0    00000040     rtsv7R4_T_be_v3D16_eabi.lib : _printfi.c.obj (.text:_fcpy)
                  0001a7e0    00000040                                 : sprintf.c.obj (.text:sprintf)
                  0001a820    0000003c     RTOArmedtoEnabled.obj (.text)
                  0001a85c    00000034     Autobrake_EnaletoApplication.obj (.text)
                  0001a890    00000034     BTI.obj (.text)
                  0001a8c4    00000026     rtsv7R4_T_be_v3D16_eabi.lib : memccpy.c.obj (.text:memccpy)
                  0001a8ea    0000001e                                 : s_copysign.c.obj (.text:copysign)
                  0001a908    0000001a                                 : sprintf.c.obj (.text:_outs)
                  0001a922    00000018                                 : strcmp.c.obj (.text:strcmp)
                  0001a93a    00000016                                 : strchr.c.obj (.text:strchr)
                  0001a950    00000016                                 : strlen.c.obj (.text:strlen)
                  0001a966    00000012                                 : wcslen.c.obj (.text:wcslen)
                  0001a978    00000010     sys_main.obj (.text)
                  0001a988    0000000e     rtsv7R4_T_be_v3D16_eabi.lib : copy_decompress_none.c.obj (.text:decompress:none:__TI_decompress_none)
                  0001a996    0000000c                                 : copy_zero_init.c.obj (.text:decompress:ZI:__TI_zero_init)
                  0001a9a2    0000000a                                 : sprintf.c.obj (.text:_outc)
                  0001a9ac    00000008                                 : errno.c.obj (.text:__aeabi_errno_addr)
                  0001a9b4    00000004                                 : exit.c.obj (.text:abort:abort)
                  0001a9b8    00000004     sys_phantom.obj (.text:retain)
                  0001a9bc    00000004     sys_startup.obj (.text)

.const     0    0001a9c0    000002ba     
                  0001a9c0    00000180     sys_vim.obj (.const:s_vim_init)
                  0001ab40    00000101     rtsv7R4_T_be_v3D16_eabi.lib : ctype.c.obj (.const:.string:_ctypes_)
                  0001ac41    00000012     ff.obj (.const:.string:badchr$1)
                  0001ac53    00000001     --HOLE-- [fill = 0]
                  0001ac54    0000000e     ff.obj (.const:cst$2)
                  0001ac62    0000000e     ff.obj (.const:cst32$3)
                  0001ac70    0000000a     ff.obj (.const:.string:DbcTbl)

.cinit     0    0001ac80    00000030     
                  0001ac80    0000000c     (__TI_handler_table)
                  0001ac8c    00000009     (.cinit..data.load) [load image, compression = lzss]
                  0001ac95    00000003     --HOLE-- [fill = 0]
                  0001ac98    00000008     (.cinit..bss.load) [load image, compression = zero_init]
                  0001aca0    00000010     (__TI_cinit_table)

.bss       0    08001500    00000ca0     UNINITIALIZED
                  08001500    00000410     (.common:MCB_Data)
                  08001910    00000230     (.common:fs)
                  08001b40    00000228     (.common:file)
                  08001d68    00000138     (.common:test_outC)
                  08001ea0    000000b0     (.common:Receive_Machine_Parameters)
                  08001f50    000000a4     (.common:test_inC)
                  08001ff4    00000090     (.common:Transmit_Machine_Parameters)
                  08002084    00000078     spi.obj (.bss:g_spiPacket_t)
                  080020fc    00000002     ff.obj (.bss)
                  080020fe    00000001     (.common:SD_Type)
                  080020ff    00000001     (.common:sd_card_status)
                  08002100    00000058     (.common:SDCardInfo)
                  08002158    00000028     sci.obj (.bss:g_sciTransfer_t)
                  08002180    00000010     (.common:device_status)
                  08002190    00000008     ff.obj (.bss:FatFs)
                  08002198    00000008     global_Init.obj (.bss)

.data      0    080021a0    00000054     UNINITIALIZED
                  080021a0    0000001e     test.obj (.data:dir$1)
                  080021be    0000000a     dac5689.obj (.data:InputBuf)
                  080021c8    0000000a     dac5689.obj (.data:OutputBuf)
                  080021d2    0000000a     rs232.obj (.data:temp_Recive_buf)
                  080021dc    00000008     init.obj (.data)
                  080021e4    00000006     user_main.obj (.data)
                  080021ea    00000001     rs232.obj (.data)
                  080021eb    00000001     --HOLE--
                  080021ec    00000004     rtsv7R4_T_be_v3D16_eabi.lib : errno.c.obj (.data)
                  080021f0    00000004     sdcard.obj (.data)

__llvm_prf_cnts 
*          0    08001500    00000000     UNINITIALIZED

MODULE SUMMARY

       Module                               code     ro data   rw data
       ------                               ----     -------   -------
    .\KCG\
       AutoBrake.obj                        2380     0         0      
       Brake.obj                            1072     0         0      
       stm.obj                              1052     0         0      
       PedalF.obj                           668      0         0      
       TDP.obj                              572      0         0      
       Spindown.obj                         536      0         0      
       SC_SlipControl.obj                   452      0         0      
       PI_Control.obj                       412      0         0      
       Autobrake_ARMtoEnable.obj            340      0         0      
       Brake_Skid.obj                       324      0         0      
       sigle.obj                            316      0         0      
       Lockwheel.obj                        312      0         0      
       SC_LowSpeedMonitor.obj               304      0         0      
       SC_Wheel.obj                         260      0         0      
       BrakeSelect.obj                      256      0         0      
       BrakePress.obj                       248      0         0      
       BrakeInhibit.obj                     220      0         0      
       RTOApplicationDisarmed_.obj          220      0         0      
       Autobrake_Application_Disarmed.obj   204      0         0      
       Counter.obj                          180      0         0      
       OFFtoAutobrakeArmed.obj              176      0         0      
       RTOArmedtoDisarmed_.obj              156      0         0      
       RTOEnabledtoApplication.obj          156      0         0      
       WOW_Processing.obj                   156      0         0      
       AutobrakeArmedtoDisarmed.obj         144      0         0      
       SC_Function.obj                      136      0         0      
       RTOEnabledtoDisarmed_.obj            128      0         0      
       BoolVect2Int16_digital_3.obj         124      0         0      
       OFFtoRTOArmed.obj                    120      0         0      
       AutoBrake_EnabletoDisArm.obj         104      0         0      
       LimiterF32.obj                       100      0         0      
       equ_2.obj                            68       0         0      
       equ_3.obj                            68       0         0      
       equ_4.obj                            68       0         0      
       equ_5.obj                            68       0         0      
       equ_6.obj                            68       0         0      
       RTOArmedtoEnabled.obj                60       0         0      
       Autobrake_EnaletoApplication.obj     52       0         0      
       BTI.obj                              52       0         0      
    +--+------------------------------------+--------+---------+---------+
       Total:                               12332    0         0      
                                                                      
    .\SdCard\
       ff.obj                               24936    56        10     
       sdcard.obj                           3500     0         94     
       diskio.obj                           676      0         0      
    +--+------------------------------------+--------+---------+---------+
       Total:                               29112    56        104    
                                                                      
    .\UserCode\
       sdram.obj                            10452    0         1040   
       init.obj                             8884     0         8      
       test.obj                             3220     0         30     
       Device_control.obj                   1204     0         812    
       SD_card.obj                          344      0         1112   
       dac5689.obj                          756      0         20     
       rs232.obj                            480      0         11     
       global_Init.obj                      232      0         8      
       user_main.obj                        140      0         6      
    +--+------------------------------------+--------+---------+---------+
       Total:                               25712    0         3047   
                                                                      
    .\hal\source\
       sys_selftest.obj                     11484    0         0      
       spi.obj                              3800     0         120    
       sci.obj                              3532     0         40     
       sys_vim.obj                          2856     384       0      
       system.obj                           2916     0         0      
       rti.obj                              1956     0         0      
       esm.obj                              1744     0         0      
       errata_SSWF021_45.obj                1636     0         0      
       pinmux.obj                           1452     0         0      
       gio.obj                              1156     0         0      
       sys_core.obj                         844      0         0      
       sys_startup.obj                      680      0         0      
       notification.obj                     332      0         0      
       dabort.obj                           232      0         0      
       sys_pmu.obj                          224      0         0      
       sys_intvecs.obj                      32       0         0      
       sys_main.obj                         16       0         0      
       sys_phantom.obj                      4        0         0      
    +--+------------------------------------+--------+---------+---------+
       Total:                               34896    384       160    
                                                                      
    C:/ti/ccs1030/ccs/tools/compiler/ti-cgt-arm_20.2.4.LTS/lib/rtsv7R4_T_be_v3D16_eabi.lib
       _printfi.c.obj                       4669     0         0      
       ull_div32.asm.obj                    696      0         0      
       ctype.c.obj                          0        257       0      
       s_scalbn.c.obj                       240      0         0      
       s_floor.c.obj                        224      0         0      
       memcpy_t2.asm.obj                    156      0         0      
       memset_t2.asm.obj                    122      0         0      
       s_frexp.c.obj                        116      0         0      
       copy_decompress_lzss.c.obj           108      0         0      
       sprintf.c.obj                        100      0         0      
       _ltoa.c.obj                          84       0         0      
       atoi.c.obj                           80       0         0      
       u_div32.asm.obj                      80       0         0      
       autoinit.c.obj                       68       0         0      
       memccpy.c.obj                        38       0         0      
       s_copysign.c.obj                     30       0         0      
       strcmp.c.obj                         24       0         0      
       strchr.c.obj                         22       0         0      
       strlen.c.obj                         22       0         0      
       wcslen.c.obj                         18       0         0      
       copy_decompress_none.c.obj           14       0         0      
       copy_zero_init.c.obj                 12       0         0      
       errno.c.obj                          8        0         4      
       exit.c.obj                           4        0         0      
       div0.asm.obj                         2        0         0      
    +--+------------------------------------+--------+---------+---------+
       Total:                               6937     257       4      
                                                                      
       Linker Generated:                    0        45        0      
    +--+------------------------------------+--------+---------+---------+
       Grand Total:                         108989   742       3315   


LINKER GENERATED COPY TABLES

__TI_cinit_table @ 0001aca0 records: 2, size/record: 8, table size: 16
	.data: load addr=0001ac8c, load size=00000009 bytes, run addr=080021a0, run size=00000054 bytes, compression=lzss
	.bss: load addr=0001ac98, load size=00000008 bytes, run addr=08001500, run size=00000ca0 bytes, compression=zero_init


LINKER GENERATED HANDLER TABLE

__TI_handler_table @ 0001ac80 records: 3, size/record: 4, table size: 12
	index: 0, handler: __TI_zero_init
	index: 1, handler: __TI_decompress_lzss
	index: 2, handler: __TI_decompress_none


GLOBAL SYMBOLS: SORTED ALPHABETICALLY BY Name 

address   name                                
-------   ----                                
00012420  AutoBrake                           
0001a3a4  AutoBrake_EnabletoDisArm            
000122e8  AutoBrake_init                      
000123d8  AutoBrake_reset                     
00019eb8  AutobrakeArmedtoDisarmed            
000185f8  Autobrake_ARMtoEnable               
00018598  Autobrake_ARMtoEnable_init          
000185d4  Autobrake_ARMtoEnable_reset         
00019968  Autobrake_Application_Disarmed      
0001a85c  Autobrake_EnaletoApplication        
0001a890  BTI                                 
080021dc  Board_ID                            
0001a0dc  BoolVect2Int16_digital_3            
00015858  Brake                               
000197b0  BrakeInhibit                        
00019238  BrakePress                          
0001903c  BrakeSelect                         
000188bc  Brake_Skid                          
00018838  Brake_Skid_init                     
00018898  Brake_Skid_reset                    
00015608  Brake_init                          
0001580c  Brake_reset                         
0001a9b5  C$$EXIT                             
00017d50  CRC_AND                             
00019a78  Counter                             
00019a34  Counter_init                        
00019a5c  Counter_reset                       
00016538  DAC5689_Init                        
000167cc  DAC5689_SetVoltage_mv               
00014d50  Data_interaction                    
080021e2  Device_DATA_LEN                     
080021e8  File_Name                           
0000b440  GetBit                              
0000d7ac  Get_Bench_Mode                      
0000d764  Get_Master_Slave                    
0000b608  Get_Odd_value                       
0000b4b8  Get_sdram_FWE                       
080021be  InputBuf                            
00013e9c  IsdwdKeySequenceCorrect             
0001a40c  LimiterF32                          
00018b18  Lockwheel                           
00018ab8  Lockwheel_init                      
00018af4  Lockwheel_reset                     
08001500  MCB_Data                            
00019ae8  OFFtoAutobrakeArmed                 
0001a24c  OFFtoRTOArmed                       
0000d700  Other_GPIO_Init                     
080021c8  OutputBuf                           
000181ac  PI_Control                          
00018138  PI_Control_init                     
00018178  PI_Control_reset                    
0001702c  PedalF                              
0000f670  RS232_Process                       
00017bf4  RS232_Send                          
0001988c  RTOApplicationDisarmed_             
00019c48  RTOArmedtoDisarmed_                 
0001a820  RTOArmedtoEnabled                   
00019ce4  RTOEnabledtoApplication             
0001a05c  RTOEnabledtoDisarmed_               
0000fb9c  Read_Data_Process                   
08001ea0  Receive_Machine_Parameters          
0001a010  SC_Function                         
00019fd4  SC_Function_init                    
00019ff8  SC_Function_reset                   
00018c34  SC_LowSpeedMonitor                  
00018bf0  SC_LowSpeedMonitor_init             
00018c18  SC_LowSpeedMonitor_reset            
00017e40  SC_SlipControl                      
00017dd4  SC_SlipControl_init                 
00017e10  SC_SlipControl_reset                
00018e7c  SC_Wheel                            
00018e34  SC_Wheel_init                       
00018e64  SC_Wheel_reset                      
08002100  SDCardInfo                          
080021de  SDRAM_READ_DATA_LEN                 
000098e8  SDRAM_Read                          
00008f40  SDRAM_Read_Data                     
080021e4  SDRAM_RxTx                          
00008f08  SDRAM_Set_IO_To_Read_Mode           
0000a198  SDRAM_Set_IO_To_Write_Mode          
080021e0  SDRAM_WRITE_DATA_LEN                
0000a9a0  SDRAM_Write                         
0000a1e8  SDRAM_Write_Data                    
0000d6c4  SD_GPIO_Init                        
0000f438  SD_GetCID                           
0000f618  SD_GetCSD                           
0000f480  SD_GetCapacity                      
0000e8ec  SD_Init                             
0000fda0  SD_Process                          
080021e5  SD_Process_Flag                     
080021e6  SD_Process_Mode                     
0000f278  SD_ReadMultiBlock                   
0000f1ec  SD_ReadSingleBlock                  
0000f358  SD_ReceiveData                      
0000ed84  SD_Reset                            
080020fe  SD_Type                             
0000f19c  SD_WaitReady                        
0000efe0  SD_WriteMultiBlock                  
0000ee5c  SD_WriteSingleBlock                 
0000ec1c  SD_Write_Cmd                        
0000ecdc  SD_Write_Cmd_NoDeassert             
UNDEFED   SHT$$INIT_ARRAY$$Base               
UNDEFED   SHT$$INIT_ARRAY$$Limit              
0000eb14  SPI_ReadWriteByte                   
080021f0  SPI_Speed                           
00018440  SdCard_Maintenance                  
00008e64  Sdram_Init                          
00014d10  Set_ABSW                            
00014cd0  Set_SOV                             
00014f6c  Signal_Output_Control               
00016630  SpiReadWrite                        
0000e3a4  SpiRxStatus                         
0000e318  SpiTxStatus                         
00017a54  Spindown                            
000179dc  Spindown_init                       
00017a30  Spindown_reset                      
00017824  TDP                                 
000177a0  TDP_init                            
000177f4  TDP_reset                           
00010134  Test_Sdram_Data_Process             
08001ff4  Transmit_Machine_Parameters         
00019d80  WOW_Processing                      
00016574  WriteData                           
000165b8  WriteRegister                       
0000f924  Write_Data_Process                  
0001aca0  __TI_CINIT_Base                     
0001acb0  __TI_CINIT_Limit                    
0001ac80  __TI_Handler_Table_Base             
0001ac8c  __TI_Handler_Table_Limit            
00016530  __TI_PINIT_Base                     
00016534  __TI_PINIT_Limit                    
0001a609  __TI_auto_init_nobinit_nopinit      
0001a339  __TI_decompress_lzss                
0001a989  __TI_decompress_none                
0001a471  __TI_ltoa                           
ffffffff  __TI_pprof_out_hndl                 
00010e69  __TI_printfi                        
ffffffff  __TI_prof_data_size                 
ffffffff  __TI_prof_data_start                
00000000  __TI_static_base__                  
0001a997  __TI_zero_init                      
0001a9ad  __aeabi_errno_addr                  
000118b3  __aeabi_idiv0                       
000118b3  __aeabi_ldiv0                       
0001a1d3  __aeabi_memclr                      
0001a1d3  __aeabi_memclr4                     
0001a1d3  __aeabi_memclr8                     
00019e1d  __aeabi_memcpy                      
00019e1d  __aeabi_memcpy4                     
00019e1d  __aeabi_memcpy8                     
0001a1d5  __aeabi_memset                      
0001a1d5  __aeabi_memset4                     
0001a1d5  __aeabi_memset8                     
0001a5b8  __aeabi_uidiv                       
0001a5b8  __aeabi_uidivmod                    
0001682c  __aeabi_uldivmod                    
ffffffff  __binit__                           
ffffffff  __c_args__                          
08001500  __start___llvm_prf_cnts             
08001500  __stop___llvm_prf_cnts              
00016d88  _c_int00                            
00016448  _coreClearAuxiliaryDataFault_       
0001645c  _coreClearAuxiliaryInstructionFault_
00016420  _coreClearDataFaultAddress_         
000163f8  _coreClearDataFault_                
00016434  _coreClearInstructionFaultAddress_  
0001640c  _coreClearInstructionFault_         
0001638c  _coreDisableEventBusExport_         
000163d0  _coreDisableFlashEcc_               
000163ac  _coreDisableRamEcc_                 
0001637c  _coreEnableEventBusExport_          
000163bc  _coreEnableFlashEcc_                
000163e0  _coreEnableIrqVicOffset_            
0001639c  _coreEnableRamEcc_                  
00016364  _coreEnableVfp_                     
00016440  _coreGetAuxiliaryDataFault_         
00016454  _coreGetAuxiliaryInstructionFault_  
00016418  _coreGetDataFaultAddress_           
000163f0  _coreGetDataFault_                  
0001642c  _coreGetInstructionFaultAddress_    
00016404  _coreGetInstructionFault_           
000161ec  _coreInitRegisters_                 
000162f8  _coreInitStackPointer_              
0001ab40  _ctypes_                            
00019420  _dabort                             
00016470  _disable_FIQ_interrupt_             
00016478  _disable_IRQ_interrupt_             
00016468  _disable_interrupt_                 
00016480  _enable_interrupt_                  
00016510  _errata_CORTEXR4_57_                
00016520  _errata_CORTEXR4_66_                
000134cc  _errata_SSWF021_45_both_plls        
000136c0  _errata_SSWF021_45_pll1             
00013838  _errata_SSWF021_45_pll2             
00016488  _esmCcmErrorsClear_                 
00016344  _getCPSRValue_                      
0001634c  _gotoCPUIdle_                       
0001972c  _pmuDisableCountersGlobal_          
0001971c  _pmuEnableCountersGlobal_           
00019788  _pmuGetCycleCount_                  
00019790  _pmuGetEventCount_                  
0001979c  _pmuGetOverflow_                    
000196d0  _pmuInit_                           
0001975c  _pmuResetCounters_                  
0001973c  _pmuResetCycleCounter_              
0001974c  _pmuResetEventCounters_             
0001977c  _pmuSetCountEvent_                  
0001976c  _pmuStartCounters_                  
00019774  _pmuStopCounters_                   
UNDEFED   _system_post_cinit                  
0001a9b5  abort                               
000073d4  adc1ParityCheck                     
000074c0  adc2ParityCheck                     
0001a569  atoi                                
ffffffff  binit                               
00007578  can1ParityCheck                     
00007650  can2ParityCheck                     
0000b5c8  can2_tx_SetBit                      
00007718  can3ParityCheck                     
00006198  ccmSelfCheck                        
00008864  ccmr4GetConfigValue                 
00006aa0  checkB0RAMECC                       
00006c90  checkB1RAMECC                       
00007d80  checkClockMonitor                   
00006e80  checkFlashECC                       
00007e5c  checkFlashEEPROMECC                 
00007ff4  checkPLL1Slip                       
000080f4  checkPLL2Slip                       
000081b8  checkRAMAddrParity                  
00007b38  checkRAMECC                         
000082c4  checkRAMUERRTest                    
00006924  checkefcSelfTest                    
0001a8eb  copysign                            
0001a8eb  copysignl                           
0000639c  cpuSelfTest                         
00006f64  cpuSelfTestFail                     
00010d8c  customTrimLPO                       
00006f5c  custom_dabort                       
00019594  delay_ms                            
00019508  delay_ns                            
00019540  delay_us                            
08002180  device_status                       
0000b7c8  device_status_init                  
00008cc0  disableParity                       
00016af8  disk_initialize                     
00016c98  disk_ioctl                          
00016b38  disk_read                           
00016ae4  disk_status                         
00016bf0  disk_write                          
00018820  dmaGroupANotification               
00007014  dmaParityCheck                      
00013f04  dwdClearFlag                        
00013e38  dwdCounterEnable                    
00013e80  dwdGenerateSysReset                 
00013ed0  dwdGetStatus                        
00013f14  dwdGetViolationStatus               
00013dbc  dwdInit                             
00013e64  dwdReset                            
00013e48  dwdSetPreload                       
00013e2c  dwwdGetCurrentDownCounter           
00013de4  dwwdInit                            
000187f8  edgeNotification                    
000067c8  efcCheck                            
000087c8  efcGetConfigValue                   
000068fc  efcSelfTest                         
00006850  efcStuckZeroTest                    
00008c38  enableParity                        
0001a64c  equ_2                               
0001a690  equ_3                               
0001a6d4  equ_4                               
0001a718  equ_5                               
0001a75c  equ_6                               
000088d4  errata_PBIST_4                      
080021ec  errno                               
000142ec  esmActivateNormalOperation          
000143c0  esmClearStatus                      
00014400  esmClearStatusBuffer                
000142b4  esmDisableError                     
00014324  esmDisableInterrupt                 
0001428c  esmEnableError                      
000142fc  esmEnableInterrupt                  
000144f8  esmEnterSelfTest                    
00014270  esmError                            
000145d0  esmGetConfigValue                   
0001443c  esmGetStatus                        
000144c0  esmGetStatusBuffer                  
000186ec  esmGroup1Notification               
000186fc  esmGroup2Notification               
00018d20  esmHighInterrupt                    
00014168  esmInit                             
00014580  esmSelfTestStatus                   
0001441c  esmSetCounterPreloadValue           
0001434c  esmSetInterruptLevel                
000142dc  esmTriggerErrorPinReset             
00003618  f_close                             
00003b8c  f_closedir                          
00003c7c  f_deldir                            
00003dfc  f_getfree                           
000047e4  f_getlabel                          
00005920  f_gets                              
00003668  f_lseek                             
00004388  f_mkdir                             
00004c88  f_mkfs                              
0000270c  f_mount                             
000027cc  f_open                              
00003a78  f_opendir                           
00005be4  f_printf                            
00005b4c  f_putc                              
00005b84  f_puts                              
00002c1c  f_read                              
00003bc4  f_readdir                           
000045a0  f_rename                            
000049bc  f_setlabel                          
00003d74  f_stat                              
000034c8  f_sync                              
00004038  f_truncate                          
0000420c  f_unlink                            
00003014  f_write                             
08001b40  file                                
000195f1  floor                               
000195f1  floorl                              
0000842c  fmcBus1ParityCheck                  
000069c4  fmcBus2Check                        
00006a00  fmcECCcheck                         
0001a2c5  frexp                               
0001a2c5  frexpl                              
08001910  fs                                  
0000e8c4  get_SD_card_online_status           
00016d78  get_fattime                         
0000b560  get_sdram_DATA_A12                  
000153e4  gioDisableNotification              
0001537c  gioEnableNotification               
000152e4  gioGetBit                           
0001544c  gioGetConfigValue                   
0001530c  gioGetPort                          
00015184  gioInit                             
0001876c  gioNotification                     
00015274  gioSetBit                           
00015254  gioSetDirection                     
000152c4  gioSetPort                          
00015324  gioToggleBit                        
0001a9bc  handlePLLLockFail                   
000070c0  het1ParityCheck                     
00007228  het2ParityCheck                     
0001880c  hetNotification                     
0000716c  htu1ParityCheck                     
00007324  htu2ParityCheck                     
0000b738  initialization                      
00019331  ldexp                               
00019331  ldexpl                              
00015fc8  linHighLevelInterrupt               
0001a978  main                                
0001046c  mapClocks                           
0001a8c5  memccpy                             
00019e1d  memcpy                              
000062dc  memoryInit                          
0001870c  memoryPort0TestFailNotification     
00018728  memoryPort1TestFailNotification     
0001a1db  memset                              
000077ec  mibspi1ParityCheck                  
000078f4  mibspi3ParityCheck                  
00007a18  mibspi5ParityCheck                  
00018794  mibspiGroupNotification             
00018780  mibspiNotification                  
00014724  muxInit                             
00008554  pbistFail                           
000085d8  pbistGetConfigValue                 
00006710  pbistIsTestCompleted                
0000673c  pbistIsTestPassed                   
00006770  pbistPortTestStatus                 
00006614  pbistRun                            
00006434  pbistSelfCheck                      
000066e0  pbistStop                           
00010418  periphInit                          
0001a9b8  phantomInterrupt                    
00014a0c  pinmuxGetConfigValue                
000187e0  pwmNotification                     
00000000  resetEntry                          
080021ea  rs232_recive_len                    
000182d4  rtiCompare0Interrupt                
0001831c  rtiCompare1Interrupt                
00018364  rtiCompare3Interrupt                
00013fc4  rtiDisableNotification              
00013f9c  rtiEnableNotification               
00013fe0  rtiGetConfigValue                   
00013d30  rtiGetCurrentTick                   
00013d08  rtiGetPeriod                        
00013b30  rtiInit                             
00018744  rtiNotification                     
000183ac  rtiOverflow0Interrupt               
000183f4  rtiOverflow1Interrupt               
00013c7c  rtiResetCounter                     
00013ce0  rtiSetPeriod                        
00013c24  rtiStartCounter                     
00013c50  rtiStopCounter                      
00019331  scalbn                              
00019331  scalbnl                             
00011e64  sciDisableLoopback                  
00011ef0  sciDisableNotification              
00011e30  sciEnableLoopback                   
00011e88  sciEnableNotification               
00011f58  sciEnterResetState                  
00011f78  sciExitResetState                   
00011f98  sciGetConfigValue                   
00015e54  sciHighLevelInterrupt               
000118b4  sciInit                             
00011ce0  sciIsIdleDetected                   
00011cc4  sciIsRxReady                        
00011b44  sciIsTxReady                        
00017c60  sciNotification                     
00011d58  sciReceive                          
00011d2c  sciReceiveByte                      
00011cfc  sciRxError                          
00011b90  sciSend                             
00011b60  sciSendByte                         
00011aa8  sciSetBaudrate                      
00011a88  sciSetFunctional                    
000120f0  scilinGetConfigValue                
080020ff  sd_card_status                      
00006188  selftestFailNotification            
0000b588  set_sdram_DATA_A12                  
0000b520  set_sdram_DWE                       
0000b478  set_sdram_clk                       
0000b4e0  set_sdram_cs                        
000103d8  setupFlash                          
00010304  setupPLL                            
000189c0  sigle                               
0001897c  sigle_init                          
000189a4  sigle_reset                         
0000e4dc  spi1GetConfigValue                  
0000e66c  spi3GetConfigValue                  
0000e464  spiDisableLoopback                  
0000e4b0  spiDisableNotification              
0000e430  spiEnableLoopback                   
0000e480  spiEnableNotification               
000187d0  spiEndNotification                  
0000dd80  spiGetData                          
0000d9ec  spiInit                             
000187bc  spiNotification                     
0000dc64  spiReceiveData                      
0000e1d8  spiSendAndGetData                   
0000dfa4  spiSendData                         
0000dc44  spiSetFunctional                    
0000e09c  spiTransmitAndReceiveData           
0000de78  spiTransmitData                     
0001a7e1  sprintf                             
00010c50  sramGetConfigValue                  
00008724  stcGetConfigValue                   
00006320  stcSelfCheck                        
00006f60  stcSelfCheckFail                    
00015adc  stm                                 
00015a38  stm_init                            
00015ac0  stm_reset                           
0001a93b  strchr                              
0001a923  strcmp                              
0001a951  strlen                              
00010690  systemGetConfigValue                
00010594  systemInit                          
00010660  systemPowerDown                     
00010aa4  tcmflashGetConfigValue              
080021d2  temp_Recive_buf                     
08001f50  test_inC                            
08001d68  test_outC                           
00010364  trimLPO                             
00019f48  user_main                           
00012d08  vimChannelMap                       
00012f04  vimDisableInterrupt                 
00012dac  vimEnableInterrupt                  
00012f88  vimGetConfigValue                   
00012c34  vimInit                             
00006f68  vimParityCheck                      
000172c8  vimParityErrorHandler               
0001a967  wcslen                              


GLOBAL SYMBOLS: SORTED BY Symbol Address 

address   name                                
-------   ----                                
00000000  __TI_static_base__                  
00000000  resetEntry                          
0000270c  f_mount                             
000027cc  f_open                              
00002c1c  f_read                              
00003014  f_write                             
000034c8  f_sync                              
00003618  f_close                             
00003668  f_lseek                             
00003a78  f_opendir                           
00003b8c  f_closedir                          
00003bc4  f_readdir                           
00003c7c  f_deldir                            
00003d74  f_stat                              
00003dfc  f_getfree                           
00004038  f_truncate                          
0000420c  f_unlink                            
00004388  f_mkdir                             
000045a0  f_rename                            
000047e4  f_getlabel                          
000049bc  f_setlabel                          
00004c88  f_mkfs                              
00005920  f_gets                              
00005b4c  f_putc                              
00005b84  f_puts                              
00005be4  f_printf                            
00006188  selftestFailNotification            
00006198  ccmSelfCheck                        
000062dc  memoryInit                          
00006320  stcSelfCheck                        
0000639c  cpuSelfTest                         
00006434  pbistSelfCheck                      
00006614  pbistRun                            
000066e0  pbistStop                           
00006710  pbistIsTestCompleted                
0000673c  pbistIsTestPassed                   
00006770  pbistPortTestStatus                 
000067c8  efcCheck                            
00006850  efcStuckZeroTest                    
000068fc  efcSelfTest                         
00006924  checkefcSelfTest                    
000069c4  fmcBus2Check                        
00006a00  fmcECCcheck                         
00006aa0  checkB0RAMECC                       
00006c90  checkB1RAMECC                       
00006e80  checkFlashECC                       
00006f5c  custom_dabort                       
00006f60  stcSelfCheckFail                    
00006f64  cpuSelfTestFail                     
00006f68  vimParityCheck                      
00007014  dmaParityCheck                      
000070c0  het1ParityCheck                     
0000716c  htu1ParityCheck                     
00007228  het2ParityCheck                     
00007324  htu2ParityCheck                     
000073d4  adc1ParityCheck                     
000074c0  adc2ParityCheck                     
00007578  can1ParityCheck                     
00007650  can2ParityCheck                     
00007718  can3ParityCheck                     
000077ec  mibspi1ParityCheck                  
000078f4  mibspi3ParityCheck                  
00007a18  mibspi5ParityCheck                  
00007b38  checkRAMECC                         
00007d80  checkClockMonitor                   
00007e5c  checkFlashEEPROMECC                 
00007ff4  checkPLL1Slip                       
000080f4  checkPLL2Slip                       
000081b8  checkRAMAddrParity                  
000082c4  checkRAMUERRTest                    
0000842c  fmcBus1ParityCheck                  
00008554  pbistFail                           
000085d8  pbistGetConfigValue                 
00008724  stcGetConfigValue                   
000087c8  efcGetConfigValue                   
00008864  ccmr4GetConfigValue                 
000088d4  errata_PBIST_4                      
00008c38  enableParity                        
00008cc0  disableParity                       
00008e64  Sdram_Init                          
00008f08  SDRAM_Set_IO_To_Read_Mode           
00008f40  SDRAM_Read_Data                     
000098e8  SDRAM_Read                          
0000a198  SDRAM_Set_IO_To_Write_Mode          
0000a1e8  SDRAM_Write_Data                    
0000a9a0  SDRAM_Write                         
0000b440  GetBit                              
0000b478  set_sdram_clk                       
0000b4b8  Get_sdram_FWE                       
0000b4e0  set_sdram_cs                        
0000b520  set_sdram_DWE                       
0000b560  get_sdram_DATA_A12                  
0000b588  set_sdram_DATA_A12                  
0000b5c8  can2_tx_SetBit                      
0000b608  Get_Odd_value                       
0000b738  initialization                      
0000b7c8  device_status_init                  
0000d6c4  SD_GPIO_Init                        
0000d700  Other_GPIO_Init                     
0000d764  Get_Master_Slave                    
0000d7ac  Get_Bench_Mode                      
0000d9ec  spiInit                             
0000dc44  spiSetFunctional                    
0000dc64  spiReceiveData                      
0000dd80  spiGetData                          
0000de78  spiTransmitData                     
0000dfa4  spiSendData                         
0000e09c  spiTransmitAndReceiveData           
0000e1d8  spiSendAndGetData                   
0000e318  SpiTxStatus                         
0000e3a4  SpiRxStatus                         
0000e430  spiEnableLoopback                   
0000e464  spiDisableLoopback                  
0000e480  spiEnableNotification               
0000e4b0  spiDisableNotification              
0000e4dc  spi1GetConfigValue                  
0000e66c  spi3GetConfigValue                  
0000e8c4  get_SD_card_online_status           
0000e8ec  SD_Init                             
0000eb14  SPI_ReadWriteByte                   
0000ec1c  SD_Write_Cmd                        
0000ecdc  SD_Write_Cmd_NoDeassert             
0000ed84  SD_Reset                            
0000ee5c  SD_WriteSingleBlock                 
0000efe0  SD_WriteMultiBlock                  
0000f19c  SD_WaitReady                        
0000f1ec  SD_ReadSingleBlock                  
0000f278  SD_ReadMultiBlock                   
0000f358  SD_ReceiveData                      
0000f438  SD_GetCID                           
0000f480  SD_GetCapacity                      
0000f618  SD_GetCSD                           
0000f670  RS232_Process                       
0000f924  Write_Data_Process                  
0000fb9c  Read_Data_Process                   
0000fda0  SD_Process                          
00010134  Test_Sdram_Data_Process             
00010304  setupPLL                            
00010364  trimLPO                             
000103d8  setupFlash                          
00010418  periphInit                          
0001046c  mapClocks                           
00010594  systemInit                          
00010660  systemPowerDown                     
00010690  systemGetConfigValue                
00010aa4  tcmflashGetConfigValue              
00010c50  sramGetConfigValue                  
00010d8c  customTrimLPO                       
00010e69  __TI_printfi                        
000118b3  __aeabi_idiv0                       
000118b3  __aeabi_ldiv0                       
000118b4  sciInit                             
00011a88  sciSetFunctional                    
00011aa8  sciSetBaudrate                      
00011b44  sciIsTxReady                        
00011b60  sciSendByte                         
00011b90  sciSend                             
00011cc4  sciIsRxReady                        
00011ce0  sciIsIdleDetected                   
00011cfc  sciRxError                          
00011d2c  sciReceiveByte                      
00011d58  sciReceive                          
00011e30  sciEnableLoopback                   
00011e64  sciDisableLoopback                  
00011e88  sciEnableNotification               
00011ef0  sciDisableNotification              
00011f58  sciEnterResetState                  
00011f78  sciExitResetState                   
00011f98  sciGetConfigValue                   
000120f0  scilinGetConfigValue                
000122e8  AutoBrake_init                      
000123d8  AutoBrake_reset                     
00012420  AutoBrake                           
00012c34  vimInit                             
00012d08  vimChannelMap                       
00012dac  vimEnableInterrupt                  
00012f04  vimDisableInterrupt                 
00012f88  vimGetConfigValue                   
000134cc  _errata_SSWF021_45_both_plls        
000136c0  _errata_SSWF021_45_pll1             
00013838  _errata_SSWF021_45_pll2             
00013b30  rtiInit                             
00013c24  rtiStartCounter                     
00013c50  rtiStopCounter                      
00013c7c  rtiResetCounter                     
00013ce0  rtiSetPeriod                        
00013d08  rtiGetPeriod                        
00013d30  rtiGetCurrentTick                   
00013dbc  dwdInit                             
00013de4  dwwdInit                            
00013e2c  dwwdGetCurrentDownCounter           
00013e38  dwdCounterEnable                    
00013e48  dwdSetPreload                       
00013e64  dwdReset                            
00013e80  dwdGenerateSysReset                 
00013e9c  IsdwdKeySequenceCorrect             
00013ed0  dwdGetStatus                        
00013f04  dwdClearFlag                        
00013f14  dwdGetViolationStatus               
00013f9c  rtiEnableNotification               
00013fc4  rtiDisableNotification              
00013fe0  rtiGetConfigValue                   
00014168  esmInit                             
00014270  esmError                            
0001428c  esmEnableError                      
000142b4  esmDisableError                     
000142dc  esmTriggerErrorPinReset             
000142ec  esmActivateNormalOperation          
000142fc  esmEnableInterrupt                  
00014324  esmDisableInterrupt                 
0001434c  esmSetInterruptLevel                
000143c0  esmClearStatus                      
00014400  esmClearStatusBuffer                
0001441c  esmSetCounterPreloadValue           
0001443c  esmGetStatus                        
000144c0  esmGetStatusBuffer                  
000144f8  esmEnterSelfTest                    
00014580  esmSelfTestStatus                   
000145d0  esmGetConfigValue                   
00014724  muxInit                             
00014a0c  pinmuxGetConfigValue                
00014cd0  Set_SOV                             
00014d10  Set_ABSW                            
00014d50  Data_interaction                    
00014f6c  Signal_Output_Control               
00015184  gioInit                             
00015254  gioSetDirection                     
00015274  gioSetBit                           
000152c4  gioSetPort                          
000152e4  gioGetBit                           
0001530c  gioGetPort                          
00015324  gioToggleBit                        
0001537c  gioEnableNotification               
000153e4  gioDisableNotification              
0001544c  gioGetConfigValue                   
00015608  Brake_init                          
0001580c  Brake_reset                         
00015858  Brake                               
00015a38  stm_init                            
00015ac0  stm_reset                           
00015adc  stm                                 
00015e54  sciHighLevelInterrupt               
00015fc8  linHighLevelInterrupt               
000161ec  _coreInitRegisters_                 
000162f8  _coreInitStackPointer_              
00016344  _getCPSRValue_                      
0001634c  _gotoCPUIdle_                       
00016364  _coreEnableVfp_                     
0001637c  _coreEnableEventBusExport_          
0001638c  _coreDisableEventBusExport_         
0001639c  _coreEnableRamEcc_                  
000163ac  _coreDisableRamEcc_                 
000163bc  _coreEnableFlashEcc_                
000163d0  _coreDisableFlashEcc_               
000163e0  _coreEnableIrqVicOffset_            
000163f0  _coreGetDataFault_                  
000163f8  _coreClearDataFault_                
00016404  _coreGetInstructionFault_           
0001640c  _coreClearInstructionFault_         
00016418  _coreGetDataFaultAddress_           
00016420  _coreClearDataFaultAddress_         
0001642c  _coreGetInstructionFaultAddress_    
00016434  _coreClearInstructionFaultAddress_  
00016440  _coreGetAuxiliaryDataFault_         
00016448  _coreClearAuxiliaryDataFault_       
00016454  _coreGetAuxiliaryInstructionFault_  
0001645c  _coreClearAuxiliaryInstructionFault_
00016468  _disable_interrupt_                 
00016470  _disable_FIQ_interrupt_             
00016478  _disable_IRQ_interrupt_             
00016480  _enable_interrupt_                  
00016488  _esmCcmErrorsClear_                 
00016510  _errata_CORTEXR4_57_                
00016520  _errata_CORTEXR4_66_                
00016530  __TI_PINIT_Base                     
00016534  __TI_PINIT_Limit                    
00016538  DAC5689_Init                        
00016574  WriteData                           
000165b8  WriteRegister                       
00016630  SpiReadWrite                        
000167cc  DAC5689_SetVoltage_mv               
0001682c  __aeabi_uldivmod                    
00016ae4  disk_status                         
00016af8  disk_initialize                     
00016b38  disk_read                           
00016bf0  disk_write                          
00016c98  disk_ioctl                          
00016d78  get_fattime                         
00016d88  _c_int00                            
0001702c  PedalF                              
000172c8  vimParityErrorHandler               
000177a0  TDP_init                            
000177f4  TDP_reset                           
00017824  TDP                                 
000179dc  Spindown_init                       
00017a30  Spindown_reset                      
00017a54  Spindown                            
00017bf4  RS232_Send                          
00017c60  sciNotification                     
00017d50  CRC_AND                             
00017dd4  SC_SlipControl_init                 
00017e10  SC_SlipControl_reset                
00017e40  SC_SlipControl                      
00018138  PI_Control_init                     
00018178  PI_Control_reset                    
000181ac  PI_Control                          
000182d4  rtiCompare0Interrupt                
0001831c  rtiCompare1Interrupt                
00018364  rtiCompare3Interrupt                
000183ac  rtiOverflow0Interrupt               
000183f4  rtiOverflow1Interrupt               
00018440  SdCard_Maintenance                  
00018598  Autobrake_ARMtoEnable_init          
000185d4  Autobrake_ARMtoEnable_reset         
000185f8  Autobrake_ARMtoEnable               
000186ec  esmGroup1Notification               
000186fc  esmGroup2Notification               
0001870c  memoryPort0TestFailNotification     
00018728  memoryPort1TestFailNotification     
00018744  rtiNotification                     
0001876c  gioNotification                     
00018780  mibspiNotification                  
00018794  mibspiGroupNotification             
000187bc  spiNotification                     
000187d0  spiEndNotification                  
000187e0  pwmNotification                     
000187f8  edgeNotification                    
0001880c  hetNotification                     
00018820  dmaGroupANotification               
00018838  Brake_Skid_init                     
00018898  Brake_Skid_reset                    
000188bc  Brake_Skid                          
0001897c  sigle_init                          
000189a4  sigle_reset                         
000189c0  sigle                               
00018ab8  Lockwheel_init                      
00018af4  Lockwheel_reset                     
00018b18  Lockwheel                           
00018bf0  SC_LowSpeedMonitor_init             
00018c18  SC_LowSpeedMonitor_reset            
00018c34  SC_LowSpeedMonitor                  
00018d20  esmHighInterrupt                    
00018e34  SC_Wheel_init                       
00018e64  SC_Wheel_reset                      
00018e7c  SC_Wheel                            
0001903c  BrakeSelect                         
00019238  BrakePress                          
00019331  ldexp                               
00019331  ldexpl                              
00019331  scalbn                              
00019331  scalbnl                             
00019420  _dabort                             
00019508  delay_ns                            
00019540  delay_us                            
00019594  delay_ms                            
000195f1  floor                               
000195f1  floorl                              
000196d0  _pmuInit_                           
0001971c  _pmuEnableCountersGlobal_           
0001972c  _pmuDisableCountersGlobal_          
0001973c  _pmuResetCycleCounter_              
0001974c  _pmuResetEventCounters_             
0001975c  _pmuResetCounters_                  
0001976c  _pmuStartCounters_                  
00019774  _pmuStopCounters_                   
0001977c  _pmuSetCountEvent_                  
00019788  _pmuGetCycleCount_                  
00019790  _pmuGetEventCount_                  
0001979c  _pmuGetOverflow_                    
000197b0  BrakeInhibit                        
0001988c  RTOApplicationDisarmed_             
00019968  Autobrake_Application_Disarmed      
00019a34  Counter_init                        
00019a5c  Counter_reset                       
00019a78  Counter                             
00019ae8  OFFtoAutobrakeArmed                 
00019c48  RTOArmedtoDisarmed_                 
00019ce4  RTOEnabledtoApplication             
00019d80  WOW_Processing                      
00019e1d  __aeabi_memcpy                      
00019e1d  __aeabi_memcpy4                     
00019e1d  __aeabi_memcpy8                     
00019e1d  memcpy                              
00019eb8  AutobrakeArmedtoDisarmed            
00019f48  user_main                           
00019fd4  SC_Function_init                    
00019ff8  SC_Function_reset                   
0001a010  SC_Function                         
0001a05c  RTOEnabledtoDisarmed_               
0001a0dc  BoolVect2Int16_digital_3            
0001a1d3  __aeabi_memclr                      
0001a1d3  __aeabi_memclr4                     
0001a1d3  __aeabi_memclr8                     
0001a1d5  __aeabi_memset                      
0001a1d5  __aeabi_memset4                     
0001a1d5  __aeabi_memset8                     
0001a1db  memset                              
0001a24c  OFFtoRTOArmed                       
0001a2c5  frexp                               
0001a2c5  frexpl                              
0001a339  __TI_decompress_lzss                
0001a3a4  AutoBrake_EnabletoDisArm            
0001a40c  LimiterF32                          
0001a471  __TI_ltoa                           
0001a569  atoi                                
0001a5b8  __aeabi_uidiv                       
0001a5b8  __aeabi_uidivmod                    
0001a609  __TI_auto_init_nobinit_nopinit      
0001a64c  equ_2                               
0001a690  equ_3                               
0001a6d4  equ_4                               
0001a718  equ_5                               
0001a75c  equ_6                               
0001a7e1  sprintf                             
0001a820  RTOArmedtoEnabled                   
0001a85c  Autobrake_EnaletoApplication        
0001a890  BTI                                 
0001a8c5  memccpy                             
0001a8eb  copysign                            
0001a8eb  copysignl                           
0001a923  strcmp                              
0001a93b  strchr                              
0001a951  strlen                              
0001a967  wcslen                              
0001a978  main                                
0001a989  __TI_decompress_none                
0001a997  __TI_zero_init                      
0001a9ad  __aeabi_errno_addr                  
0001a9b5  C$$EXIT                             
0001a9b5  abort                               
0001a9b8  phantomInterrupt                    
0001a9bc  handlePLLLockFail                   
0001ab40  _ctypes_                            
0001ac80  __TI_Handler_Table_Base             
0001ac8c  __TI_Handler_Table_Limit            
0001aca0  __TI_CINIT_Base                     
0001acb0  __TI_CINIT_Limit                    
08001500  MCB_Data                            
08001500  __start___llvm_prf_cnts             
08001500  __stop___llvm_prf_cnts              
08001910  fs                                  
08001b40  file                                
08001d68  test_outC                           
08001ea0  Receive_Machine_Parameters          
08001f50  test_inC                            
08001ff4  Transmit_Machine_Parameters         
080020fe  SD_Type                             
080020ff  sd_card_status                      
08002100  SDCardInfo                          
08002180  device_status                       
080021be  InputBuf                            
080021c8  OutputBuf                           
080021d2  temp_Recive_buf                     
080021dc  Board_ID                            
080021de  SDRAM_READ_DATA_LEN                 
080021e0  SDRAM_WRITE_DATA_LEN                
080021e2  Device_DATA_LEN                     
080021e4  SDRAM_RxTx                          
080021e5  SD_Process_Flag                     
080021e6  SD_Process_Mode                     
080021e8  File_Name                           
080021ea  rs232_recive_len                    
080021ec  errno                               
080021f0  SPI_Speed                           
ffffffff  __TI_pprof_out_hndl                 
ffffffff  __TI_prof_data_size                 
ffffffff  __TI_prof_data_start                
ffffffff  __binit__                           
ffffffff  __c_args__                          
ffffffff  binit                               
UNDEFED   SHT$$INIT_ARRAY$$Base               
UNDEFED   SHT$$INIT_ARRAY$$Limit              
UNDEFED   _system_post_cinit                  

[473 symbols]
