******************************************************************************
                  TI ARM Linker PC v20.2.4                     
******************************************************************************
>> Linked Fri Jan 14 11:09:05 2022

OUTPUT FILE NAME:   <TMS570LS3137_BCMU_MCB.out>
ENTRY POINT SYMBOL: "_c_int00"  address: 00016594


MEMORY CONFIGURATION

         name            origin    length      used     unused   attr    fill
----------------------  --------  ---------  --------  --------  ----  --------
  VECTORS               00000000   00000020  00000020  00000000     X
  FLASH0                00000020   0017ffe0  0001a4e2  00165afe  R  X
  FLASH1                00180000   00180000  00000000  00180000  R  X
  STACKS                08000000   00001500  00000000  00001500  RW  
  RAM                   08001500   0003eb00  00000d00  0003de00  RW  


SEGMENT ALLOCATION MAP

run origin  load origin   length   init length attrs members
----------  ----------- ---------- ----------- ----- -------
00000000    00000000    0001a508   0001a508    r-x
  00000000    00000000    00000020   00000020    r-x .intvecs
  00000020    00000020    0001a1f8   0001a1f8    r-x .text
  0001a218    0001a218    000002ba   000002ba    r-- .const
  0001a4d8    0001a4d8    00000030   00000030    r-- .cinit
08001500    08001500    00000d00   00000000    rw-
  08001500    08001500    00000ca0   00000000    rw- .bss
  080021a0    080021a0    00000060   00000000    rw- .data


SECTION ALLOCATION MAP

 output                                  attributes/
section   page    origin      length       input sections
--------  ----  ----------  ----------   ----------------
.intvecs   0    00000000    00000020     
                  00000000    00000020     sys_intvecs.obj (.intvecs)

.text      0    00000020    0001a1f8     
                  00000020    00006168     ff.obj (.text)
                  00006188    00002cdc     sys_selftest.obj (.text)
                  00008e64    000023c4     init.obj (.text)
                  0000b228    00001e10     sdram.obj (.text)
                  0000d038    00000ed8     spi.obj (.text)
                  0000df10    00000dac     sdcard.obj (.text)
                  0000ecbc    00000c94     test.obj (.text)
                  0000f950    00000b64     system.obj (.text)
                  000104b4    00000a4a     rtsv7R4_T_be_v3D16_eabi.lib : _printfi.c.obj (.text:__TI_printfi)
                  00010efe    00000002                                 : div0.asm.obj (.text)
                  00010f00    00000a34     sci.obj (.text)
                  00011934    0000094c     AutoBrake.obj (.text)
                  00012280    00000898     sys_vim.obj (.text)
                  00012b18    00000674     Device_control.obj (.text)
                  0001318c    00000664     errata_SSWF021_45.obj (.text)
                  000137f0    00000638     rti.obj (.text)
                  00013e28    000005bc     esm.obj (.text)
                  000143e4    000005ac     pinmux.obj (.text)
                  00014990    00000484     gio.obj (.text)
                  00014e14    00000430     Brake.obj (.text)
                  00015244    0000041c     stm.obj (.text)
                  00015660    00000398     sci.obj (.text:retain)
                  000159f8    0000034c     sys_core.obj (.text)
                  00015d44    000002f4     dac5689.obj (.text)
                  00016038    000002b8     rtsv7R4_T_be_v3D16_eabi.lib : ull_div32.asm.obj (.text)
                  000162f0    000002a4     diskio.obj (.text)
                  00016594    000002a4     sys_startup.obj (.text:retain)
                  00016838    0000029c     PedalF.obj (.text)
                  00016ad4    00000290     sys_vim.obj (.text:retain)
                  00016d64    00000248     rtsv7R4_T_be_v3D16_eabi.lib : _printfi.c.obj (.text:_pconv_a)
                  00016fac    0000023c     TDP.obj (.text)
                  000171e8    00000218     Spindown.obj (.text)
                  00017400    000001e4     rs232.obj (.text)
                  000175e4    000001c4     SC_SlipControl.obj (.text)
                  000177a8    000001a0     rtsv7R4_T_be_v3D16_eabi.lib : _printfi.c.obj (.text:_pconv_g)
                  00017948    0000019c     PI_Control.obj (.text)
                  00017ae4    0000016c     notification.obj (.text)
                  00017c50    0000016c     rti.obj (.text:retain)
                  00017dbc    00000158     SD_card.obj (.text)
                  00017f14    00000154     Autobrake_ARMtoEnable.obj (.text)
                  00018068    00000144     Brake_Skid.obj (.text)
                  000181ac    0000013c     sigle.obj (.text)
                  000182e8    00000138     Lockwheel.obj (.text)
                  00018420    00000130     SC_LowSpeedMonitor.obj (.text)
                  00018550    00000114     esm.obj (.text:retain)
                  00018664    00000104     SC_Wheel.obj (.text)
                  00018768    00000104     rtsv7R4_T_be_v3D16_eabi.lib : _printfi.c.obj (.text:_pconv_e)
                  0001886c    00000100     BrakeSelect.obj (.text)
                  0001896c    000000fc     rtsv7R4_T_be_v3D16_eabi.lib : _printfi.c.obj (.text:fcvt)
                  00018a68    000000f8     BrakePress.obj (.text)
                  00018b60    000000f0     rtsv7R4_T_be_v3D16_eabi.lib : s_scalbn.c.obj (.text:scalbn)
                  00018c50    000000e8     dabort.obj (.text)
                  00018d38    000000e8     global_Init.obj (.text)
                  00018e20    000000e0     rtsv7R4_T_be_v3D16_eabi.lib : s_floor.c.obj (.text:floor)
                  00018f00    000000e0     sys_pmu.obj (.text)
                  00018fe0    000000dc     BrakeInhibit.obj (.text)
                  000190bc    000000dc     RTOApplicationDisarmed_.obj (.text)
                  00019198    000000cc     Autobrake_Application_Disarmed.obj (.text)
                  00019264    000000b4     Counter.obj (.text)
                  00019318    000000b4     user_main.obj (.text)
                  000193cc    000000b0     OFFtoAutobrakeArmed.obj (.text)
                  0001947c    000000ad     rtsv7R4_T_be_v3D16_eabi.lib : _printfi.c.obj (.text:_ltostr)
                  00019529    00000003     --HOLE-- [fill = 0]
                  0001952c    0000009c     RTOArmedtoDisarmed_.obj (.text)
                  000195c8    0000009c     RTOEnabledtoApplication.obj (.text)
                  00019664    0000009c     WOW_Processing.obj (.text)
                  00019700    0000009c     rtsv7R4_T_be_v3D16_eabi.lib : memcpy_t2.asm.obj (.text)
                  0001979c    00000090     AutobrakeArmedtoDisarmed.obj (.text)
                  0001982c    00000088     SC_Function.obj (.text)
                  000198b4    00000080     RTOEnabledtoDisarmed_.obj (.text)
                  00019934    0000007c     BoolVect2Int16_digital_3.obj (.text)
                  000199b0    0000007a     rtsv7R4_T_be_v3D16_eabi.lib : _printfi.c.obj (.text:_mcpy)
                  00019a2a    0000007a                                 : memset_t2.asm.obj (.text)
                  00019aa4    00000078     OFFtoRTOArmed.obj (.text)
                  00019b1c    00000074     rtsv7R4_T_be_v3D16_eabi.lib : s_frexp.c.obj (.text:frexp)
                  00019b90    0000006c                                 : copy_decompress_lzss.c.obj (.text:decompress:lzss:__TI_decompress_lzss)
                  00019bfc    00000068     AutoBrake_EnabletoDisArm.obj (.text)
                  00019c64    00000064     LimiterF32.obj (.text)
                  00019cc8    00000054     rtsv7R4_T_be_v3D16_eabi.lib : _ltoa.c.obj (.text:__TI_ltoa)
                  00019d1c    00000054                                 : _printfi.c.obj (.text:_ecpy)
                  00019d70    00000050                                 : _printfi.c.obj (.text:_pconv_f)
                  00019dc0    00000050                                 : atoi.c.obj (.text:atoi)
                  00019e10    00000050                                 : u_div32.asm.obj (.text)
                  00019e60    00000044                                 : autoinit.c.obj (.text:__TI_auto_init_nobinit_nopinit:__TI_auto_init_nobinit_nopinit)
                  00019ea4    00000044     equ_2.obj (.text)
                  00019ee8    00000044     equ_3.obj (.text)
                  00019f2c    00000044     equ_4.obj (.text)
                  00019f70    00000044     equ_5.obj (.text)
                  00019fb4    00000044     equ_6.obj (.text)
                  00019ff8    00000040     rtsv7R4_T_be_v3D16_eabi.lib : _printfi.c.obj (.text:_fcpy)
                  0001a038    00000040                                 : sprintf.c.obj (.text:sprintf)
                  0001a078    0000003c     RTOArmedtoEnabled.obj (.text)
                  0001a0b4    00000034     Autobrake_EnaletoApplication.obj (.text)
                  0001a0e8    00000034     BTI.obj (.text)
                  0001a11c    00000026     rtsv7R4_T_be_v3D16_eabi.lib : memccpy.c.obj (.text:memccpy)
                  0001a142    0000001e                                 : s_copysign.c.obj (.text:copysign)
                  0001a160    0000001a                                 : sprintf.c.obj (.text:_outs)
                  0001a17a    00000018                                 : strcmp.c.obj (.text:strcmp)
                  0001a192    00000016                                 : strchr.c.obj (.text:strchr)
                  0001a1a8    00000016                                 : strlen.c.obj (.text:strlen)
                  0001a1be    00000012                                 : wcslen.c.obj (.text:wcslen)
                  0001a1d0    00000010     sys_main.obj (.text)
                  0001a1e0    0000000e     rtsv7R4_T_be_v3D16_eabi.lib : copy_decompress_none.c.obj (.text:decompress:none:__TI_decompress_none)
                  0001a1ee    0000000c                                 : copy_zero_init.c.obj (.text:decompress:ZI:__TI_zero_init)
                  0001a1fa    0000000a                                 : sprintf.c.obj (.text:_outc)
                  0001a204    00000008                                 : errno.c.obj (.text:__aeabi_errno_addr)
                  0001a20c    00000004                                 : exit.c.obj (.text:abort:abort)
                  0001a210    00000004     sys_phantom.obj (.text:retain)
                  0001a214    00000004     sys_startup.obj (.text)

.const     0    0001a218    000002ba     
                  0001a218    00000180     sys_vim.obj (.const:s_vim_init)
                  0001a398    00000101     rtsv7R4_T_be_v3D16_eabi.lib : ctype.c.obj (.const:.string:_ctypes_)
                  0001a499    00000012     ff.obj (.const:.string:badchr$1)
                  0001a4ab    00000001     --HOLE-- [fill = 0]
                  0001a4ac    0000000e     ff.obj (.const:cst$2)
                  0001a4ba    0000000e     ff.obj (.const:cst32$3)
                  0001a4c8    0000000a     ff.obj (.const:.string:DbcTbl)

.cinit     0    0001a4d8    00000030     
                  0001a4d8    0000000c     (__TI_handler_table)
                  0001a4e4    00000009     (.cinit..data.load) [load image, compression = lzss]
                  0001a4ed    00000003     --HOLE-- [fill = 0]
                  0001a4f0    00000008     (.cinit..bss.load) [load image, compression = zero_init]
                  0001a4f8    00000010     (__TI_cinit_table)

.bss       0    08001500    00000ca0     UNINITIALIZED
                  08001500    00000410     (.common:MCB_Data)
                  08001910    00000230     (.common:fs)
                  08001b40    00000228     (.common:file)
                  08001d68    00000138     (.common:test_outC)
                  08001ea0    000000b0     (.common:Receive_Machine_Parameters)
                  08001f50    000000a4     (.common:test_inC)
                  08001ff4    00000090     (.common:Transmit_Machine_Parameters)
                  08002084    00000078     spi.obj (.bss:g_spiPacket_t)
                  080020fc    00000002     ff.obj (.bss)
                  080020fe    00000001     (.common:SD_Type)
                  080020ff    00000001     (.common:sd_card_status)
                  08002100    00000058     (.common:SDCardInfo)
                  08002158    00000028     sci.obj (.bss:g_sciTransfer_t)
                  08002180    00000010     (.common:device_status)
                  08002190    00000008     ff.obj (.bss:FatFs)
                  08002198    00000008     global_Init.obj (.bss)

.data      0    080021a0    00000060     UNINITIALIZED
                  080021a0    0000001e     test.obj (.data:dir$1)
                  080021be    00000001     rs232.obj (.data)
                  080021bf    00000001     --HOLE--
                  080021c0    0000000c     user_main.obj (.data)
                  080021cc    0000000a     dac5689.obj (.data:InputBuf)
                  080021d6    0000000a     dac5689.obj (.data:OutputBuf)
                  080021e0    0000000a     rs232.obj (.data:temp_Recive_buf)
                  080021ea    00000008     init.obj (.data)
                  080021f2    00000002     --HOLE--
                  080021f4    00000004     notification.obj (.data)
                  080021f8    00000004     rtsv7R4_T_be_v3D16_eabi.lib : errno.c.obj (.data)
                  080021fc    00000004     sdcard.obj (.data)

__llvm_prf_cnts 
*          0    08001500    00000000     UNINITIALIZED

MODULE SUMMARY

       Module                               code     ro data   rw data
       ------                               ----     -------   -------
    .\KCG\
       AutoBrake.obj                        2380     0         0      
       Brake.obj                            1072     0         0      
       stm.obj                              1052     0         0      
       PedalF.obj                           668      0         0      
       TDP.obj                              572      0         0      
       Spindown.obj                         536      0         0      
       SC_SlipControl.obj                   452      0         0      
       PI_Control.obj                       412      0         0      
       Autobrake_ARMtoEnable.obj            340      0         0      
       Brake_Skid.obj                       324      0         0      
       sigle.obj                            316      0         0      
       Lockwheel.obj                        312      0         0      
       SC_LowSpeedMonitor.obj               304      0         0      
       SC_Wheel.obj                         260      0         0      
       BrakeSelect.obj                      256      0         0      
       BrakePress.obj                       248      0         0      
       BrakeInhibit.obj                     220      0         0      
       RTOApplicationDisarmed_.obj          220      0         0      
       Autobrake_Application_Disarmed.obj   204      0         0      
       Counter.obj                          180      0         0      
       OFFtoAutobrakeArmed.obj              176      0         0      
       RTOArmedtoDisarmed_.obj              156      0         0      
       RTOEnabledtoApplication.obj          156      0         0      
       WOW_Processing.obj                   156      0         0      
       AutobrakeArmedtoDisarmed.obj         144      0         0      
       SC_Function.obj                      136      0         0      
       RTOEnabledtoDisarmed_.obj            128      0         0      
       BoolVect2Int16_digital_3.obj         124      0         0      
       OFFtoRTOArmed.obj                    120      0         0      
       AutoBrake_EnabletoDisArm.obj         104      0         0      
       LimiterF32.obj                       100      0         0      
       equ_2.obj                            68       0         0      
       equ_3.obj                            68       0         0      
       equ_4.obj                            68       0         0      
       equ_5.obj                            68       0         0      
       equ_6.obj                            68       0         0      
       RTOArmedtoEnabled.obj                60       0         0      
       Autobrake_EnaletoApplication.obj     52       0         0      
       BTI.obj                              52       0         0      
    +--+------------------------------------+--------+---------+---------+
       Total:                               12332    0         0      
                                                                      
    .\SdCard\
       ff.obj                               24936    56        10     
       sdcard.obj                           3500     0         94     
       diskio.obj                           676      0         0      
    +--+------------------------------------+--------+---------+---------+
       Total:                               29112    56        104    
                                                                      
    .\UserCode\
       init.obj                             9156     0         8      
       sdram.obj                            7696     0         1040   
       test.obj                             3220     0         30     
       Device_control.obj                   1652     0         812    
       SD_card.obj                          344      0         1112   
       dac5689.obj                          756      0         20     
       rs232.obj                            484      0         11     
       global_Init.obj                      232      0         8      
       user_main.obj                        180      0         12     
    +--+------------------------------------+--------+---------+---------+
       Total:                               23720    0         3053   
                                                                      
    .\hal\source\
       sys_selftest.obj                     11484    0         0      
       spi.obj                              3800     0         120    
       sci.obj                              3532     0         40     
       sys_vim.obj                          2856     384       0      
       system.obj                           2916     0         0      
       rti.obj                              1956     0         0      
       esm.obj                              1744     0         0      
       errata_SSWF021_45.obj                1636     0         0      
       pinmux.obj                           1452     0         0      
       gio.obj                              1156     0         0      
       sys_core.obj                         844      0         0      
       sys_startup.obj                      680      0         0      
       notification.obj                     364      0         4      
       dabort.obj                           232      0         0      
       sys_pmu.obj                          224      0         0      
       sys_intvecs.obj                      32       0         0      
       sys_main.obj                         16       0         0      
       sys_phantom.obj                      4        0         0      
    +--+------------------------------------+--------+---------+---------+
       Total:                               34928    384       164    
                                                                      
    C:/ti/ccs1030/ccs/tools/compiler/ti-cgt-arm_20.2.4.LTS/lib/rtsv7R4_T_be_v3D16_eabi.lib
       _printfi.c.obj                       4669     0         0      
       ull_div32.asm.obj                    696      0         0      
       ctype.c.obj                          0        257       0      
       s_scalbn.c.obj                       240      0         0      
       s_floor.c.obj                        224      0         0      
       memcpy_t2.asm.obj                    156      0         0      
       memset_t2.asm.obj                    122      0         0      
       s_frexp.c.obj                        116      0         0      
       copy_decompress_lzss.c.obj           108      0         0      
       sprintf.c.obj                        100      0         0      
       _ltoa.c.obj                          84       0         0      
       atoi.c.obj                           80       0         0      
       u_div32.asm.obj                      80       0         0      
       autoinit.c.obj                       68       0         0      
       memccpy.c.obj                        38       0         0      
       s_copysign.c.obj                     30       0         0      
       strcmp.c.obj                         24       0         0      
       strchr.c.obj                         22       0         0      
       strlen.c.obj                         22       0         0      
       wcslen.c.obj                         18       0         0      
       copy_decompress_none.c.obj           14       0         0      
       copy_zero_init.c.obj                 12       0         0      
       errno.c.obj                          8        0         4      
       exit.c.obj                           4        0         0      
       div0.asm.obj                         2        0         0      
    +--+------------------------------------+--------+---------+---------+
       Total:                               6937     257       4      
                                                                      
       Linker Generated:                    0        45        0      
    +--+------------------------------------+--------+---------+---------+
       Grand Total:                         107029   742       3325   


LINKER GENERATED COPY TABLES

__TI_cinit_table @ 0001a4f8 records: 2, size/record: 8, table size: 16
	.data: load addr=0001a4e4, load size=00000009 bytes, run addr=080021a0, run size=00000060 bytes, compression=lzss
	.bss: load addr=0001a4f0, load size=00000008 bytes, run addr=08001500, run size=00000ca0 bytes, compression=zero_init


LINKER GENERATED HANDLER TABLE

__TI_handler_table @ 0001a4d8 records: 3, size/record: 4, table size: 12
	index: 0, handler: __TI_zero_init
	index: 1, handler: __TI_decompress_lzss
	index: 2, handler: __TI_decompress_none


GLOBAL SYMBOLS: SORTED ALPHABETICALLY BY Name 

address   name                                
-------   ----                                
00011a6c  AutoBrake                           
00019bfc  AutoBrake_EnabletoDisArm            
00011934  AutoBrake_init                      
00011a24  AutoBrake_reset                     
0001979c  AutobrakeArmedtoDisarmed            
00017f74  Autobrake_ARMtoEnable               
00017f14  Autobrake_ARMtoEnable_init          
00017f50  Autobrake_ARMtoEnable_reset         
00019198  Autobrake_Application_Disarmed      
0001a0b4  Autobrake_EnaletoApplication        
0001a0e8  BTI                                 
080021ea  Board_ID                            
00019934  BoolVect2Int16_digital_3            
00015064  Brake                               
00018fe0  BrakeInhibit                        
00018a68  BrakePress                          
0001886c  BrakeSelect                         
000180ec  Brake_Skid                          
00018068  Brake_Skid_init                     
000180c8  Brake_Skid_reset                    
00014e14  Brake_init                          
00015018  Brake_reset                         
0001a20d  C$$EXIT                             
0001755c  CRC_AND                             
000192a8  Counter                             
00019264  Counter_init                        
0001928c  Counter_reset                       
00015d44  DAC5689_Init                        
00015fd8  DAC5689_SetVoltage_mv               
00012b98  Data_interaction                    
080021f0  Device_DATA_LEN                     
080021c4  File_Name                           
0000cd1c  GetBit                              
0000af64  Get_Bench_Mode                      
0000aea0  Get_Master_Slave                    
0000cf34  Get_Odd_value                       
0000cda4  Get_sdram_FWE                       
080021cc  InputBuf                            
00013b5c  IsdwdKeySequenceCorrect             
00019c64  LimiterF32                          
00018348  Lockwheel                           
000182e8  Lockwheel_init                      
00018324  Lockwheel_reset                     
08001500  MCB_Data                            
000193cc  OFFtoAutobrakeArmed                 
00019aa4  OFFtoRTOArmed                       
0000ae3c  Other_GPIO_Init                     
080021d6  OutputBuf                           
000179bc  PI_Control                          
00017948  PI_Control_init                     
00017988  PI_Control_reset                    
00016838  PedalF                              
0000ecbc  RS232_Process                       
00017400  RS232_Send                          
000190bc  RTOApplicationDisarmed_             
0001952c  RTOArmedtoDisarmed_                 
0001a078  RTOArmedtoEnabled                   
000195c8  RTOEnabledtoApplication             
000198b4  RTOEnabledtoDisarmed_               
0000f1e8  Read_Data_Process                   
08001ea0  Receive_Machine_Parameters          
00019868  SC_Function                         
0001982c  SC_Function_init                    
00019850  SC_Function_reset                   
00018464  SC_LowSpeedMonitor                  
00018420  SC_LowSpeedMonitor_init             
00018448  SC_LowSpeedMonitor_reset            
00017650  SC_SlipControl                      
000175e4  SC_SlipControl_init                 
00017620  SC_SlipControl_reset                
000186ac  SC_Wheel                            
00018664  SC_Wheel_init                       
00018694  SC_Wheel_reset                      
08002100  SDCardInfo                          
080021ec  SDRAM_READ_DATA_LEN                 
0000bcac  SDRAM_Read                          
0000b304  SDRAM_Read_Data                     
080021c0  SDRAM_RxTx                          
0000b2cc  SDRAM_Set_IO_To_Read_Mode           
0000c55c  SDRAM_Set_IO_To_Write_Mode          
080021ee  SDRAM_WRITE_DATA_LEN                
0000cca8  SDRAM_Write                         
0000c5ac  SDRAM_Write_Data                    
0000ae00  SD_GPIO_Init                        
0000ea84  SD_GetCID                           
0000ec64  SD_GetCSD                           
0000eacc  SD_GetCapacity                      
0000df38  SD_Init                             
0000f3ec  SD_Process                          
080021c1  SD_Process_Flag                     
080021c2  SD_Process_Mode                     
0000e8c4  SD_ReadMultiBlock                   
0000e838  SD_ReadSingleBlock                  
0000e9a4  SD_ReceiveData                      
0000e3d0  SD_Reset                            
080020fe  SD_Type                             
0000e7e8  SD_WaitReady                        
0000e62c  SD_WriteMultiBlock                  
0000e4a8  SD_WriteSingleBlock                 
0000e268  SD_Write_Cmd                        
0000e328  SD_Write_Cmd_NoDeassert             
UNDEFED   SHT$$INIT_ARRAY$$Base               
UNDEFED   SHT$$INIT_ARRAY$$Limit              
0000e160  SPI_ReadWriteByte                   
080021fc  SPI_Speed                           
00017dbc  SdCard_Maintenance                  
0000b228  Sdram_Init                          
00012b58  Set_ABSW                            
00012b18  Set_SOV                             
00012db8  Signal_Output_Control               
00015e3c  SpiReadWrite                        
0000d9f0  SpiRxStatus                         
0000d964  SpiTxStatus                         
00017260  Spindown                            
000171e8  Spindown_init                       
0001723c  Spindown_reset                      
00017030  TDP                                 
00016fac  TDP_init                            
00017000  TDP_reset                           
0000f780  Test_Sdram_Data_Process             
00012eb8  Transmit_Data_Process               
08001ff4  Transmit_Machine_Parameters         
00019664  WOW_Processing                      
00015d80  WriteData                           
00015dc4  WriteRegister                       
0000ef70  Write_Data_Process                  
0001a4f8  __TI_CINIT_Base                     
0001a508  __TI_CINIT_Limit                    
0001a4d8  __TI_Handler_Table_Base             
0001a4e4  __TI_Handler_Table_Limit            
00015d3c  __TI_PINIT_Base                     
00015d40  __TI_PINIT_Limit                    
00019e61  __TI_auto_init_nobinit_nopinit      
00019b91  __TI_decompress_lzss                
0001a1e1  __TI_decompress_none                
00019cc9  __TI_ltoa                           
ffffffff  __TI_pprof_out_hndl                 
000104b5  __TI_printfi                        
ffffffff  __TI_prof_data_size                 
ffffffff  __TI_prof_data_start                
00000000  __TI_static_base__                  
0001a1ef  __TI_zero_init                      
0001a205  __aeabi_errno_addr                  
00010eff  __aeabi_idiv0                       
00010eff  __aeabi_ldiv0                       
00019a2b  __aeabi_memclr                      
00019a2b  __aeabi_memclr4                     
00019a2b  __aeabi_memclr8                     
00019701  __aeabi_memcpy                      
00019701  __aeabi_memcpy4                     
00019701  __aeabi_memcpy8                     
00019a2d  __aeabi_memset                      
00019a2d  __aeabi_memset4                     
00019a2d  __aeabi_memset8                     
00019e10  __aeabi_uidiv                       
00019e10  __aeabi_uidivmod                    
00016038  __aeabi_uldivmod                    
ffffffff  __binit__                           
ffffffff  __c_args__                          
08001500  __start___llvm_prf_cnts             
08001500  __stop___llvm_prf_cnts              
00016594  _c_int00                            
00015c54  _coreClearAuxiliaryDataFault_       
00015c68  _coreClearAuxiliaryInstructionFault_
00015c2c  _coreClearDataFaultAddress_         
00015c04  _coreClearDataFault_                
00015c40  _coreClearInstructionFaultAddress_  
00015c18  _coreClearInstructionFault_         
00015b98  _coreDisableEventBusExport_         
00015bdc  _coreDisableFlashEcc_               
00015bb8  _coreDisableRamEcc_                 
00015b88  _coreEnableEventBusExport_          
00015bc8  _coreEnableFlashEcc_                
00015bec  _coreEnableIrqVicOffset_            
00015ba8  _coreEnableRamEcc_                  
00015b70  _coreEnableVfp_                     
00015c4c  _coreGetAuxiliaryDataFault_         
00015c60  _coreGetAuxiliaryInstructionFault_  
00015c24  _coreGetDataFaultAddress_           
00015bfc  _coreGetDataFault_                  
00015c38  _coreGetInstructionFaultAddress_    
00015c10  _coreGetInstructionFault_           
000159f8  _coreInitRegisters_                 
00015b04  _coreInitStackPointer_              
0001a398  _ctypes_                            
00018c50  _dabort                             
00015c7c  _disable_FIQ_interrupt_             
00015c84  _disable_IRQ_interrupt_             
00015c74  _disable_interrupt_                 
00015c8c  _enable_interrupt_                  
00015d1c  _errata_CORTEXR4_57_                
00015d2c  _errata_CORTEXR4_66_                
0001318c  _errata_SSWF021_45_both_plls        
00013380  _errata_SSWF021_45_pll1             
000134f8  _errata_SSWF021_45_pll2             
00015c94  _esmCcmErrorsClear_                 
00015b50  _getCPSRValue_                      
00015b58  _gotoCPUIdle_                       
00018f5c  _pmuDisableCountersGlobal_          
00018f4c  _pmuEnableCountersGlobal_           
00018fb8  _pmuGetCycleCount_                  
00018fc0  _pmuGetEventCount_                  
00018fcc  _pmuGetOverflow_                    
00018f00  _pmuInit_                           
00018f8c  _pmuResetCounters_                  
00018f6c  _pmuResetCycleCounter_              
00018f7c  _pmuResetEventCounters_             
00018fac  _pmuSetCountEvent_                  
00018f9c  _pmuStartCounters_                  
00018fa4  _pmuStopCounters_                   
UNDEFED   _system_post_cinit                  
0001a20d  abort                               
000073d4  adc1ParityCheck                     
000074c0  adc2ParityCheck                     
00019dc1  atoi                                
ffffffff  binit                               
00007578  can1ParityCheck                     
00007650  can2ParityCheck                     
0000ced8  can2_tx_SetBit                      
00007718  can3ParityCheck                     
00006198  ccmSelfCheck                        
00008864  ccmr4GetConfigValue                 
00006aa0  checkB0RAMECC                       
00006c90  checkB1RAMECC                       
00007d80  checkClockMonitor                   
00006e80  checkFlashECC                       
00007e5c  checkFlashEEPROMECC                 
00007ff4  checkPLL1Slip                       
000080f4  checkPLL2Slip                       
000081b8  checkRAMAddrParity                  
00007b38  checkRAMECC                         
000082c4  checkRAMUERRTest                    
00006924  checkefcSelfTest                    
0001a143  copysign                            
0001a143  copysignl                           
0000639c  cpuSelfTest                         
00006f64  cpuSelfTestFail                     
000103d8  customTrimLPO                       
00006f5c  custom_dabort                       
00018dc4  delay_ms                            
00018d38  delay_ns                            
00018d70  delay_us                            
08002180  device_status                       
00008f04  device_status_init                  
00008cc0  disableParity                       
00016304  disk_initialize                     
000164a4  disk_ioctl                          
00016344  disk_read                           
000162f0  disk_status                         
000163fc  disk_write                          
00017c34  dmaGroupANotification               
00007014  dmaParityCheck                      
00013bc4  dwdClearFlag                        
00013af8  dwdCounterEnable                    
00013b40  dwdGenerateSysReset                 
00013b90  dwdGetStatus                        
00013bd4  dwdGetViolationStatus               
00013a7c  dwdInit                             
00013b24  dwdReset                            
00013b08  dwdSetPreload                       
00013aec  dwwdGetCurrentDownCounter           
00013aa4  dwwdInit                            
00017c0c  edgeNotification                    
000067c8  efcCheck                            
000087c8  efcGetConfigValue                   
000068fc  efcSelfTest                         
00006850  efcStuckZeroTest                    
00008c38  enableParity                        
00019ea4  equ_2                               
00019ee8  equ_3                               
00019f2c  equ_4                               
00019f70  equ_5                               
00019fb4  equ_6                               
000088d4  errata_PBIST_4                      
080021f8  errno                               
00013fac  esmActivateNormalOperation          
00014080  esmClearStatus                      
000140c0  esmClearStatusBuffer                
00013f74  esmDisableError                     
00013fe4  esmDisableInterrupt                 
00013f4c  esmEnableError                      
00013fbc  esmEnableInterrupt                  
000141b8  esmEnterSelfTest                    
00013f30  esmError                            
00014290  esmGetConfigValue                   
000140fc  esmGetStatus                        
00014180  esmGetStatusBuffer                  
00017ae4  esmGroup1Notification               
00017af4  esmGroup2Notification               
00018550  esmHighInterrupt                    
00013e28  esmInit                             
00014240  esmSelfTestStatus                   
000140dc  esmSetCounterPreloadValue           
0001400c  esmSetInterruptLevel                
00013f9c  esmTriggerErrorPinReset             
00003618  f_close                             
00003b8c  f_closedir                          
00003c7c  f_deldir                            
00003dfc  f_getfree                           
000047e4  f_getlabel                          
00005920  f_gets                              
00003668  f_lseek                             
00004388  f_mkdir                             
00004c88  f_mkfs                              
0000270c  f_mount                             
000027cc  f_open                              
00003a78  f_opendir                           
00005be4  f_printf                            
00005b4c  f_putc                              
00005b84  f_puts                              
00002c1c  f_read                              
00003bc4  f_readdir                           
000045a0  f_rename                            
000049bc  f_setlabel                          
00003d74  f_stat                              
000034c8  f_sync                              
00004038  f_truncate                          
0000420c  f_unlink                            
00003014  f_write                             
08001b40  file                                
00018e21  floor                               
00018e21  floorl                              
0000842c  fmcBus1ParityCheck                  
000069c4  fmcBus2Check                        
00006a00  fmcECCcheck                         
00019b1d  frexp                               
00019b1d  frexpl                              
08001910  fs                                  
0000df10  get_SD_card_online_status           
00016584  get_fattime                         
0000ce64  get_sdram_DATA_A12                  
00014bf0  gioDisableNotification              
00014b88  gioEnableNotification               
00014af0  gioGetBit                           
00014c58  gioGetConfigValue                   
00014b18  gioGetPort                          
00014990  gioInit                             
00017b80  gioNotification                     
00014a80  gioSetBit                           
00014a60  gioSetDirection                     
00014ad0  gioSetPort                          
00014b30  gioToggleBit                        
0001a214  handlePLLLockFail                   
000070c0  het1ParityCheck                     
00007228  het2ParityCheck                     
00017c20  hetNotification                     
0000716c  htu1ParityCheck                     
00007324  htu2ParityCheck                     
00008e64  initialization                      
00018b61  ldexp                               
00018b61  ldexpl                              
000157d4  linHighLevelInterrupt               
0001a1d0  main                                
0000fab8  mapClocks                           
0001a11d  memccpy                             
00019701  memcpy                              
000062dc  memoryInit                          
00017b04  memoryPort0TestFailNotification     
00017b20  memoryPort1TestFailNotification     
00019a33  memset                              
000077ec  mibspi1ParityCheck                  
000078f4  mibspi3ParityCheck                  
00007a18  mibspi5ParityCheck                  
00017ba8  mibspiGroupNotification             
00017b94  mibspiNotification                  
000143e4  muxInit                             
00008554  pbistFail                           
000085d8  pbistGetConfigValue                 
00006710  pbistIsTestCompleted                
0000673c  pbistIsTestPassed                   
00006770  pbistPortTestStatus                 
00006614  pbistRun                            
00006434  pbistSelfCheck                      
000066e0  pbistStop                           
0000fa64  periphInit                          
0001a210  phantomInterrupt                    
000146cc  pinmuxGetConfigValue                
00017bf4  pwmNotification                     
00000000  resetEntry                          
080021be  rs232_recive_len                    
00017c50  rtiCompare0Interrupt                
00017c98  rtiCompare1Interrupt                
00017ce0  rtiCompare3Interrupt                
00013c84  rtiDisableNotification              
00013c5c  rtiEnableNotification               
00013ca0  rtiGetConfigValue                   
000139f0  rtiGetCurrentTick                   
000139c8  rtiGetPeriod                        
000137f0  rtiInit                             
00017b3c  rtiNotification                     
00017d28  rtiOverflow0Interrupt               
00017d70  rtiOverflow1Interrupt               
0001393c  rtiResetCounter                     
000139a0  rtiSetPeriod                        
000138e4  rtiStartCounter                     
00013910  rtiStopCounter                      
00018b61  scalbn                              
00018b61  scalbnl                             
000114b0  sciDisableLoopback                  
0001153c  sciDisableNotification              
0001147c  sciEnableLoopback                   
000114d4  sciEnableNotification               
000115a4  sciEnterResetState                  
000115c4  sciExitResetState                   
000115e4  sciGetConfigValue                   
00015660  sciHighLevelInterrupt               
00010f00  sciInit                             
0001132c  sciIsIdleDetected                   
00011310  sciIsRxReady                        
00011190  sciIsTxReady                        
0001746c  sciNotification                     
000113a4  sciReceive                          
00011378  sciReceiveByte                      
00011348  sciRxError                          
000111dc  sciSend                             
000111ac  sciSendByte                         
000110f4  sciSetBaudrate                      
000110d4  sciSetFunctional                    
0001173c  scilinGetConfigValue                
080020ff  sd_card_status                      
00006188  selftestFailNotification            
0000ce94  set_sdram_DATA_A12                  
0000ce1c  set_sdram_DWE                       
0000cd5c  set_sdram_clk                       
0000cdd4  set_sdram_cs                        
0000fa24  setupFlash                          
0000f950  setupPLL                            
000181f0  sigle                               
000181ac  sigle_init                          
000181d4  sigle_reset                         
0000db28  spi1GetConfigValue                  
0000dcb8  spi3GetConfigValue                  
0000dab0  spiDisableLoopback                  
0000dafc  spiDisableNotification              
0000da7c  spiEnableLoopback                   
0000dacc  spiEnableNotification               
00017be4  spiEndNotification                  
0000d3cc  spiGetData                          
0000d038  spiInit                             
00017bd0  spiNotification                     
0000d2b0  spiReceiveData                      
0000d824  spiSendAndGetData                   
0000d5f0  spiSendData                         
0000d290  spiSetFunctional                    
0000d6e8  spiTransmitAndReceiveData           
0000d4c4  spiTransmitData                     
0001a039  sprintf                             
0001029c  sramGetConfigValue                  
00008724  stcGetConfigValue                   
00006320  stcSelfCheck                        
00006f60  stcSelfCheckFail                    
000152e8  stm                                 
00015244  stm_init                            
000152cc  stm_reset                           
0001a193  strchr                              
0001a17b  strcmp                              
0001a1a9  strlen                              
0000fcdc  systemGetConfigValue                
0000fbe0  systemInit                          
0000fcac  systemPowerDown                     
000100f0  tcmflashGetConfigValue              
080021e0  temp_Recive_buf                     
08001f50  test_inC                            
08001d68  test_outC                           
080021c8  test_us_count                       
0000f9b0  trimLPO                             
080021f4  us_count                            
00019318  user_main                           
00012354  vimChannelMap                       
00012550  vimDisableInterrupt                 
000123f8  vimEnableInterrupt                  
000125d4  vimGetConfigValue                   
00012280  vimInit                             
00006f68  vimParityCheck                      
00016ad4  vimParityErrorHandler               
0001a1bf  wcslen                              


GLOBAL SYMBOLS: SORTED BY Symbol Address 

address   name                                
-------   ----                                
00000000  __TI_static_base__                  
00000000  resetEntry                          
0000270c  f_mount                             
000027cc  f_open                              
00002c1c  f_read                              
00003014  f_write                             
000034c8  f_sync                              
00003618  f_close                             
00003668  f_lseek                             
00003a78  f_opendir                           
00003b8c  f_closedir                          
00003bc4  f_readdir                           
00003c7c  f_deldir                            
00003d74  f_stat                              
00003dfc  f_getfree                           
00004038  f_truncate                          
0000420c  f_unlink                            
00004388  f_mkdir                             
000045a0  f_rename                            
000047e4  f_getlabel                          
000049bc  f_setlabel                          
00004c88  f_mkfs                              
00005920  f_gets                              
00005b4c  f_putc                              
00005b84  f_puts                              
00005be4  f_printf                            
00006188  selftestFailNotification            
00006198  ccmSelfCheck                        
000062dc  memoryInit                          
00006320  stcSelfCheck                        
0000639c  cpuSelfTest                         
00006434  pbistSelfCheck                      
00006614  pbistRun                            
000066e0  pbistStop                           
00006710  pbistIsTestCompleted                
0000673c  pbistIsTestPassed                   
00006770  pbistPortTestStatus                 
000067c8  efcCheck                            
00006850  efcStuckZeroTest                    
000068fc  efcSelfTest                         
00006924  checkefcSelfTest                    
000069c4  fmcBus2Check                        
00006a00  fmcECCcheck                         
00006aa0  checkB0RAMECC                       
00006c90  checkB1RAMECC                       
00006e80  checkFlashECC                       
00006f5c  custom_dabort                       
00006f60  stcSelfCheckFail                    
00006f64  cpuSelfTestFail                     
00006f68  vimParityCheck                      
00007014  dmaParityCheck                      
000070c0  het1ParityCheck                     
0000716c  htu1ParityCheck                     
00007228  het2ParityCheck                     
00007324  htu2ParityCheck                     
000073d4  adc1ParityCheck                     
000074c0  adc2ParityCheck                     
00007578  can1ParityCheck                     
00007650  can2ParityCheck                     
00007718  can3ParityCheck                     
000077ec  mibspi1ParityCheck                  
000078f4  mibspi3ParityCheck                  
00007a18  mibspi5ParityCheck                  
00007b38  checkRAMECC                         
00007d80  checkClockMonitor                   
00007e5c  checkFlashEEPROMECC                 
00007ff4  checkPLL1Slip                       
000080f4  checkPLL2Slip                       
000081b8  checkRAMAddrParity                  
000082c4  checkRAMUERRTest                    
0000842c  fmcBus1ParityCheck                  
00008554  pbistFail                           
000085d8  pbistGetConfigValue                 
00008724  stcGetConfigValue                   
000087c8  efcGetConfigValue                   
00008864  ccmr4GetConfigValue                 
000088d4  errata_PBIST_4                      
00008c38  enableParity                        
00008cc0  disableParity                       
00008e64  initialization                      
00008f04  device_status_init                  
0000ae00  SD_GPIO_Init                        
0000ae3c  Other_GPIO_Init                     
0000aea0  Get_Master_Slave                    
0000af64  Get_Bench_Mode                      
0000b228  Sdram_Init                          
0000b2cc  SDRAM_Set_IO_To_Read_Mode           
0000b304  SDRAM_Read_Data                     
0000bcac  SDRAM_Read                          
0000c55c  SDRAM_Set_IO_To_Write_Mode          
0000c5ac  SDRAM_Write_Data                    
0000cca8  SDRAM_Write                         
0000cd1c  GetBit                              
0000cd5c  set_sdram_clk                       
0000cda4  Get_sdram_FWE                       
0000cdd4  set_sdram_cs                        
0000ce1c  set_sdram_DWE                       
0000ce64  get_sdram_DATA_A12                  
0000ce94  set_sdram_DATA_A12                  
0000ced8  can2_tx_SetBit                      
0000cf34  Get_Odd_value                       
0000d038  spiInit                             
0000d290  spiSetFunctional                    
0000d2b0  spiReceiveData                      
0000d3cc  spiGetData                          
0000d4c4  spiTransmitData                     
0000d5f0  spiSendData                         
0000d6e8  spiTransmitAndReceiveData           
0000d824  spiSendAndGetData                   
0000d964  SpiTxStatus                         
0000d9f0  SpiRxStatus                         
0000da7c  spiEnableLoopback                   
0000dab0  spiDisableLoopback                  
0000dacc  spiEnableNotification               
0000dafc  spiDisableNotification              
0000db28  spi1GetConfigValue                  
0000dcb8  spi3GetConfigValue                  
0000df10  get_SD_card_online_status           
0000df38  SD_Init                             
0000e160  SPI_ReadWriteByte                   
0000e268  SD_Write_Cmd                        
0000e328  SD_Write_Cmd_NoDeassert             
0000e3d0  SD_Reset                            
0000e4a8  SD_WriteSingleBlock                 
0000e62c  SD_WriteMultiBlock                  
0000e7e8  SD_WaitReady                        
0000e838  SD_ReadSingleBlock                  
0000e8c4  SD_ReadMultiBlock                   
0000e9a4  SD_ReceiveData                      
0000ea84  SD_GetCID                           
0000eacc  SD_GetCapacity                      
0000ec64  SD_GetCSD                           
0000ecbc  RS232_Process                       
0000ef70  Write_Data_Process                  
0000f1e8  Read_Data_Process                   
0000f3ec  SD_Process                          
0000f780  Test_Sdram_Data_Process             
0000f950  setupPLL                            
0000f9b0  trimLPO                             
0000fa24  setupFlash                          
0000fa64  periphInit                          
0000fab8  mapClocks                           
0000fbe0  systemInit                          
0000fcac  systemPowerDown                     
0000fcdc  systemGetConfigValue                
000100f0  tcmflashGetConfigValue              
0001029c  sramGetConfigValue                  
000103d8  customTrimLPO                       
000104b5  __TI_printfi                        
00010eff  __aeabi_idiv0                       
00010eff  __aeabi_ldiv0                       
00010f00  sciInit                             
000110d4  sciSetFunctional                    
000110f4  sciSetBaudrate                      
00011190  sciIsTxReady                        
000111ac  sciSendByte                         
000111dc  sciSend                             
00011310  sciIsRxReady                        
0001132c  sciIsIdleDetected                   
00011348  sciRxError                          
00011378  sciReceiveByte                      
000113a4  sciReceive                          
0001147c  sciEnableLoopback                   
000114b0  sciDisableLoopback                  
000114d4  sciEnableNotification               
0001153c  sciDisableNotification              
000115a4  sciEnterResetState                  
000115c4  sciExitResetState                   
000115e4  sciGetConfigValue                   
0001173c  scilinGetConfigValue                
00011934  AutoBrake_init                      
00011a24  AutoBrake_reset                     
00011a6c  AutoBrake                           
00012280  vimInit                             
00012354  vimChannelMap                       
000123f8  vimEnableInterrupt                  
00012550  vimDisableInterrupt                 
000125d4  vimGetConfigValue                   
00012b18  Set_SOV                             
00012b58  Set_ABSW                            
00012b98  Data_interaction                    
00012db8  Signal_Output_Control               
00012eb8  Transmit_Data_Process               
0001318c  _errata_SSWF021_45_both_plls        
00013380  _errata_SSWF021_45_pll1             
000134f8  _errata_SSWF021_45_pll2             
000137f0  rtiInit                             
000138e4  rtiStartCounter                     
00013910  rtiStopCounter                      
0001393c  rtiResetCounter                     
000139a0  rtiSetPeriod                        
000139c8  rtiGetPeriod                        
000139f0  rtiGetCurrentTick                   
00013a7c  dwdInit                             
00013aa4  dwwdInit                            
00013aec  dwwdGetCurrentDownCounter           
00013af8  dwdCounterEnable                    
00013b08  dwdSetPreload                       
00013b24  dwdReset                            
00013b40  dwdGenerateSysReset                 
00013b5c  IsdwdKeySequenceCorrect             
00013b90  dwdGetStatus                        
00013bc4  dwdClearFlag                        
00013bd4  dwdGetViolationStatus               
00013c5c  rtiEnableNotification               
00013c84  rtiDisableNotification              
00013ca0  rtiGetConfigValue                   
00013e28  esmInit                             
00013f30  esmError                            
00013f4c  esmEnableError                      
00013f74  esmDisableError                     
00013f9c  esmTriggerErrorPinReset             
00013fac  esmActivateNormalOperation          
00013fbc  esmEnableInterrupt                  
00013fe4  esmDisableInterrupt                 
0001400c  esmSetInterruptLevel                
00014080  esmClearStatus                      
000140c0  esmClearStatusBuffer                
000140dc  esmSetCounterPreloadValue           
000140fc  esmGetStatus                        
00014180  esmGetStatusBuffer                  
000141b8  esmEnterSelfTest                    
00014240  esmSelfTestStatus                   
00014290  esmGetConfigValue                   
000143e4  muxInit                             
000146cc  pinmuxGetConfigValue                
00014990  gioInit                             
00014a60  gioSetDirection                     
00014a80  gioSetBit                           
00014ad0  gioSetPort                          
00014af0  gioGetBit                           
00014b18  gioGetPort                          
00014b30  gioToggleBit                        
00014b88  gioEnableNotification               
00014bf0  gioDisableNotification              
00014c58  gioGetConfigValue                   
00014e14  Brake_init                          
00015018  Brake_reset                         
00015064  Brake                               
00015244  stm_init                            
000152cc  stm_reset                           
000152e8  stm                                 
00015660  sciHighLevelInterrupt               
000157d4  linHighLevelInterrupt               
000159f8  _coreInitRegisters_                 
00015b04  _coreInitStackPointer_              
00015b50  _getCPSRValue_                      
00015b58  _gotoCPUIdle_                       
00015b70  _coreEnableVfp_                     
00015b88  _coreEnableEventBusExport_          
00015b98  _coreDisableEventBusExport_         
00015ba8  _coreEnableRamEcc_                  
00015bb8  _coreDisableRamEcc_                 
00015bc8  _coreEnableFlashEcc_                
00015bdc  _coreDisableFlashEcc_               
00015bec  _coreEnableIrqVicOffset_            
00015bfc  _coreGetDataFault_                  
00015c04  _coreClearDataFault_                
00015c10  _coreGetInstructionFault_           
00015c18  _coreClearInstructionFault_         
00015c24  _coreGetDataFaultAddress_           
00015c2c  _coreClearDataFaultAddress_         
00015c38  _coreGetInstructionFaultAddress_    
00015c40  _coreClearInstructionFaultAddress_  
00015c4c  _coreGetAuxiliaryDataFault_         
00015c54  _coreClearAuxiliaryDataFault_       
00015c60  _coreGetAuxiliaryInstructionFault_  
00015c68  _coreClearAuxiliaryInstructionFault_
00015c74  _disable_interrupt_                 
00015c7c  _disable_FIQ_interrupt_             
00015c84  _disable_IRQ_interrupt_             
00015c8c  _enable_interrupt_                  
00015c94  _esmCcmErrorsClear_                 
00015d1c  _errata_CORTEXR4_57_                
00015d2c  _errata_CORTEXR4_66_                
00015d3c  __TI_PINIT_Base                     
00015d40  __TI_PINIT_Limit                    
00015d44  DAC5689_Init                        
00015d80  WriteData                           
00015dc4  WriteRegister                       
00015e3c  SpiReadWrite                        
00015fd8  DAC5689_SetVoltage_mv               
00016038  __aeabi_uldivmod                    
000162f0  disk_status                         
00016304  disk_initialize                     
00016344  disk_read                           
000163fc  disk_write                          
000164a4  disk_ioctl                          
00016584  get_fattime                         
00016594  _c_int00                            
00016838  PedalF                              
00016ad4  vimParityErrorHandler               
00016fac  TDP_init                            
00017000  TDP_reset                           
00017030  TDP                                 
000171e8  Spindown_init                       
0001723c  Spindown_reset                      
00017260  Spindown                            
00017400  RS232_Send                          
0001746c  sciNotification                     
0001755c  CRC_AND                             
000175e4  SC_SlipControl_init                 
00017620  SC_SlipControl_reset                
00017650  SC_SlipControl                      
00017948  PI_Control_init                     
00017988  PI_Control_reset                    
000179bc  PI_Control                          
00017ae4  esmGroup1Notification               
00017af4  esmGroup2Notification               
00017b04  memoryPort0TestFailNotification     
00017b20  memoryPort1TestFailNotification     
00017b3c  rtiNotification                     
00017b80  gioNotification                     
00017b94  mibspiNotification                  
00017ba8  mibspiGroupNotification             
00017bd0  spiNotification                     
00017be4  spiEndNotification                  
00017bf4  pwmNotification                     
00017c0c  edgeNotification                    
00017c20  hetNotification                     
00017c34  dmaGroupANotification               
00017c50  rtiCompare0Interrupt                
00017c98  rtiCompare1Interrupt                
00017ce0  rtiCompare3Interrupt                
00017d28  rtiOverflow0Interrupt               
00017d70  rtiOverflow1Interrupt               
00017dbc  SdCard_Maintenance                  
00017f14  Autobrake_ARMtoEnable_init          
00017f50  Autobrake_ARMtoEnable_reset         
00017f74  Autobrake_ARMtoEnable               
00018068  Brake_Skid_init                     
000180c8  Brake_Skid_reset                    
000180ec  Brake_Skid                          
000181ac  sigle_init                          
000181d4  sigle_reset                         
000181f0  sigle                               
000182e8  Lockwheel_init                      
00018324  Lockwheel_reset                     
00018348  Lockwheel                           
00018420  SC_LowSpeedMonitor_init             
00018448  SC_LowSpeedMonitor_reset            
00018464  SC_LowSpeedMonitor                  
00018550  esmHighInterrupt                    
00018664  SC_Wheel_init                       
00018694  SC_Wheel_reset                      
000186ac  SC_Wheel                            
0001886c  BrakeSelect                         
00018a68  BrakePress                          
00018b61  ldexp                               
00018b61  ldexpl                              
00018b61  scalbn                              
00018b61  scalbnl                             
00018c50  _dabort                             
00018d38  delay_ns                            
00018d70  delay_us                            
00018dc4  delay_ms                            
00018e21  floor                               
00018e21  floorl                              
00018f00  _pmuInit_                           
00018f4c  _pmuEnableCountersGlobal_           
00018f5c  _pmuDisableCountersGlobal_          
00018f6c  _pmuResetCycleCounter_              
00018f7c  _pmuResetEventCounters_             
00018f8c  _pmuResetCounters_                  
00018f9c  _pmuStartCounters_                  
00018fa4  _pmuStopCounters_                   
00018fac  _pmuSetCountEvent_                  
00018fb8  _pmuGetCycleCount_                  
00018fc0  _pmuGetEventCount_                  
00018fcc  _pmuGetOverflow_                    
00018fe0  BrakeInhibit                        
000190bc  RTOApplicationDisarmed_             
00019198  Autobrake_Application_Disarmed      
00019264  Counter_init                        
0001928c  Counter_reset                       
000192a8  Counter                             
00019318  user_main                           
000193cc  OFFtoAutobrakeArmed                 
0001952c  RTOArmedtoDisarmed_                 
000195c8  RTOEnabledtoApplication             
00019664  WOW_Processing                      
00019701  __aeabi_memcpy                      
00019701  __aeabi_memcpy4                     
00019701  __aeabi_memcpy8                     
00019701  memcpy                              
0001979c  AutobrakeArmedtoDisarmed            
0001982c  SC_Function_init                    
00019850  SC_Function_reset                   
00019868  SC_Function                         
000198b4  RTOEnabledtoDisarmed_               
00019934  BoolVect2Int16_digital_3            
00019a2b  __aeabi_memclr                      
00019a2b  __aeabi_memclr4                     
00019a2b  __aeabi_memclr8                     
00019a2d  __aeabi_memset                      
00019a2d  __aeabi_memset4                     
00019a2d  __aeabi_memset8                     
00019a33  memset                              
00019aa4  OFFtoRTOArmed                       
00019b1d  frexp                               
00019b1d  frexpl                              
00019b91  __TI_decompress_lzss                
00019bfc  AutoBrake_EnabletoDisArm            
00019c64  LimiterF32                          
00019cc9  __TI_ltoa                           
00019dc1  atoi                                
00019e10  __aeabi_uidiv                       
00019e10  __aeabi_uidivmod                    
00019e61  __TI_auto_init_nobinit_nopinit      
00019ea4  equ_2                               
00019ee8  equ_3                               
00019f2c  equ_4                               
00019f70  equ_5                               
00019fb4  equ_6                               
0001a039  sprintf                             
0001a078  RTOArmedtoEnabled                   
0001a0b4  Autobrake_EnaletoApplication        
0001a0e8  BTI                                 
0001a11d  memccpy                             
0001a143  copysign                            
0001a143  copysignl                           
0001a17b  strcmp                              
0001a193  strchr                              
0001a1a9  strlen                              
0001a1bf  wcslen                              
0001a1d0  main                                
0001a1e1  __TI_decompress_none                
0001a1ef  __TI_zero_init                      
0001a205  __aeabi_errno_addr                  
0001a20d  C$$EXIT                             
0001a20d  abort                               
0001a210  phantomInterrupt                    
0001a214  handlePLLLockFail                   
0001a398  _ctypes_                            
0001a4d8  __TI_Handler_Table_Base             
0001a4e4  __TI_Handler_Table_Limit            
0001a4f8  __TI_CINIT_Base                     
0001a508  __TI_CINIT_Limit                    
08001500  MCB_Data                            
08001500  __start___llvm_prf_cnts             
08001500  __stop___llvm_prf_cnts              
08001910  fs                                  
08001b40  file                                
08001d68  test_outC                           
08001ea0  Receive_Machine_Parameters          
08001f50  test_inC                            
08001ff4  Transmit_Machine_Parameters         
080020fe  SD_Type                             
080020ff  sd_card_status                      
08002100  SDCardInfo                          
08002180  device_status                       
080021be  rs232_recive_len                    
080021c0  SDRAM_RxTx                          
080021c1  SD_Process_Flag                     
080021c2  SD_Process_Mode                     
080021c4  File_Name                           
080021c8  test_us_count                       
080021cc  InputBuf                            
080021d6  OutputBuf                           
080021e0  temp_Recive_buf                     
080021ea  Board_ID                            
080021ec  SDRAM_READ_DATA_LEN                 
080021ee  SDRAM_WRITE_DATA_LEN                
080021f0  Device_DATA_LEN                     
080021f4  us_count                            
080021f8  errno                               
080021fc  SPI_Speed                           
ffffffff  __TI_pprof_out_hndl                 
ffffffff  __TI_prof_data_size                 
ffffffff  __TI_prof_data_start                
ffffffff  __binit__                           
ffffffff  __c_args__                          
ffffffff  binit                               
UNDEFED   SHT$$INIT_ARRAY$$Base               
UNDEFED   SHT$$INIT_ARRAY$$Limit              
UNDEFED   _system_post_cinit                  

[476 symbols]
