******************************************************************************
                  TI ARM Linker PC v20.2.4                     
******************************************************************************
>> Linked Wed Jan 26 11:33:19 2022

OUTPUT FILE NAME:   <TMS570LS3137_BCMU_MCB.out>
ENTRY POINT SYMBOL: "_c_int00"  address: 0001747c


MEMORY CONFIGURATION

         name            origin    length      used     unused   attr    fill
----------------------  --------  ---------  --------  --------  ----  --------
  VECTORS               00000000   00000020  00000020  00000000     X
  FLASH0                00000020   0017ffe0  0001b3aa  00164c36  R  X
  FLASH1                00180000   00180000  00000000  00180000  R  X
  STACKS                08000000   00001500  00000000  00001500  RW  
  RAM                   08001500   0003eb00  00000d08  0003ddf8  RW  


SEGMENT ALLOCATION MAP

run origin  load origin   length   init length attrs members
----------  ----------- ---------- ----------- ----- -------
00000000    00000000    0001b3d0   0001b3d0    r-x
  00000000    00000000    00000020   00000020    r-x .intvecs
  00000020    00000020    0001b0c0   0001b0c0    r-x .text
  0001b0e0    0001b0e0    000002ba   000002ba    r-- .const
  0001b3a0    0001b3a0    00000030   00000030    r-- .cinit
08001500    08001500    00000d08   00000000    rw-
  08001500    08001500    00000ca4   00000000    rw- .bss
  080021a4    080021a4    00000064   00000000    rw- .data


SECTION ALLOCATION MAP

 output                                  attributes/
section   page    origin      length       input sections
--------  ----  ----------  ----------   ----------------
.intvecs   0    00000000    00000020     
                  00000000    00000020     sys_intvecs.obj (.intvecs)

.text      0    00000020    0001b0c0     
                  00000020    00006168     ff.obj (.text)
                  00006188    00002cdc     sys_selftest.obj (.text)
                  00008e64    000029d0     sdram.obj (.text)
                  0000b834    000024b4     init.obj (.text)
                  0000dce8    00000f1c     test.obj (.text)
                  0000ec04    00000ed8     spi.obj (.text)
                  0000fadc    00000dac     sdcard.obj (.text)
                  00010888    00000b64     system.obj (.text)
                  000113ec    00000a4a     rtsv7R4_T_be_v3D16_eabi.lib : _printfi.c.obj (.text:__TI_printfi)
                  00011e36    00000002                                 : div0.asm.obj (.text)
                  00011e38    00000a34     sci.obj (.text)
                  0001286c    0000094c     AutoBrake.obj (.text)
                  000131b8    00000898     sys_vim.obj (.text)
                  00013a50    00000664     errata_SSWF021_45.obj (.text)
                  000140b4    00000638     rti.obj (.text)
                  000146ec    00000628     Device_control.obj (.text)
                  00014d14    000005bc     esm.obj (.text)
                  000152d0    000005ac     pinmux.obj (.text)
                  0001587c    00000484     gio.obj (.text)
                  00015d00    00000430     Brake.obj (.text)
                  00016130    0000041c     stm.obj (.text)
                  0001654c    00000398     sci.obj (.text:retain)
                  000168e4    0000034c     sys_core.obj (.text)
                  00016c30    000002f0     dac5689.obj (.text)
                  00016f20    000002b8     rtsv7R4_T_be_v3D16_eabi.lib : ull_div32.asm.obj (.text)
                  000171d8    000002a4     diskio.obj (.text)
                  0001747c    000002a4     sys_startup.obj (.text:retain)
                  00017720    0000029c     PedalF.obj (.text)
                  000179bc    00000290     sys_vim.obj (.text:retain)
                  00017c4c    00000248     rtsv7R4_T_be_v3D16_eabi.lib : _printfi.c.obj (.text:_pconv_a)
                  00017e94    0000023c     TDP.obj (.text)
                  000180d0    00000218     Spindown.obj (.text)
                  000182e8    000001e4     rs232.obj (.text)
                  000184cc    000001c4     SC_SlipControl.obj (.text)
                  00018690    000001a0     rtsv7R4_T_be_v3D16_eabi.lib : _printfi.c.obj (.text:_pconv_g)
                  00018830    0000019c     PI_Control.obj (.text)
                  000189cc    0000016c     rti.obj (.text:retain)
                  00018b38    00000158     SD_card.obj (.text)
                  00018c90    00000154     Autobrake_ARMtoEnable.obj (.text)
                  00018de4    0000014c     notification.obj (.text)
                  00018f30    00000144     Brake_Skid.obj (.text)
                  00019074    0000013c     sigle.obj (.text)
                  000191b0    00000138     Lockwheel.obj (.text)
                  000192e8    00000130     SC_LowSpeedMonitor.obj (.text)
                  00019418    00000114     esm.obj (.text:retain)
                  0001952c    00000104     SC_Wheel.obj (.text)
                  00019630    00000104     rtsv7R4_T_be_v3D16_eabi.lib : _printfi.c.obj (.text:_pconv_e)
                  00019734    00000100     BrakeSelect.obj (.text)
                  00019834    000000fc     rtsv7R4_T_be_v3D16_eabi.lib : _printfi.c.obj (.text:fcvt)
                  00019930    000000f8     BrakePress.obj (.text)
                  00019a28    000000f0     rtsv7R4_T_be_v3D16_eabi.lib : s_scalbn.c.obj (.text:scalbn)
                  00019b18    000000e8     dabort.obj (.text)
                  00019c00    000000e8     delay.obj (.text)
                  00019ce8    000000e0     rtsv7R4_T_be_v3D16_eabi.lib : s_floor.c.obj (.text:floor)
                  00019dc8    000000e0     sys_pmu.obj (.text)
                  00019ea8    000000dc     BrakeInhibit.obj (.text)
                  00019f84    000000dc     RTOApplicationDisarmed_.obj (.text)
                  0001a060    000000cc     Autobrake_Application_Disarmed.obj (.text)
                  0001a12c    000000b4     Counter.obj (.text)
                  0001a1e0    000000b4     user_main.obj (.text)
                  0001a294    000000b0     OFFtoAutobrakeArmed.obj (.text)
                  0001a344    000000ad     rtsv7R4_T_be_v3D16_eabi.lib : _printfi.c.obj (.text:_ltostr)
                  0001a3f1    00000003     --HOLE-- [fill = 0]
                  0001a3f4    0000009c     RTOArmedtoDisarmed_.obj (.text)
                  0001a490    0000009c     RTOEnabledtoApplication.obj (.text)
                  0001a52c    0000009c     WOW_Processing.obj (.text)
                  0001a5c8    0000009c     rtsv7R4_T_be_v3D16_eabi.lib : memcpy_t2.asm.obj (.text)
                  0001a664    00000090     AutobrakeArmedtoDisarmed.obj (.text)
                  0001a6f4    00000088     SC_Function.obj (.text)
                  0001a77c    00000080     RTOEnabledtoDisarmed_.obj (.text)
                  0001a7fc    0000007c     BoolVect2Int16_digital_3.obj (.text)
                  0001a878    0000007a     rtsv7R4_T_be_v3D16_eabi.lib : _printfi.c.obj (.text:_mcpy)
                  0001a8f2    0000007a                                 : memset_t2.asm.obj (.text)
                  0001a96c    00000078     OFFtoRTOArmed.obj (.text)
                  0001a9e4    00000074     rtsv7R4_T_be_v3D16_eabi.lib : s_frexp.c.obj (.text:frexp)
                  0001aa58    0000006c                                 : copy_decompress_lzss.c.obj (.text:decompress:lzss:__TI_decompress_lzss)
                  0001aac4    00000068     AutoBrake_EnabletoDisArm.obj (.text)
                  0001ab2c    00000064     LimiterF32.obj (.text)
                  0001ab90    00000054     rtsv7R4_T_be_v3D16_eabi.lib : _ltoa.c.obj (.text:__TI_ltoa)
                  0001abe4    00000054                                 : _printfi.c.obj (.text:_ecpy)
                  0001ac38    00000050                                 : _printfi.c.obj (.text:_pconv_f)
                  0001ac88    00000050                                 : atoi.c.obj (.text:atoi)
                  0001acd8    00000050                                 : u_div32.asm.obj (.text)
                  0001ad28    00000044                                 : autoinit.c.obj (.text:__TI_auto_init_nobinit_nopinit:__TI_auto_init_nobinit_nopinit)
                  0001ad6c    00000044     equ_2.obj (.text)
                  0001adb0    00000044     equ_3.obj (.text)
                  0001adf4    00000044     equ_4.obj (.text)
                  0001ae38    00000044     equ_5.obj (.text)
                  0001ae7c    00000044     equ_6.obj (.text)
                  0001aec0    00000040     rtsv7R4_T_be_v3D16_eabi.lib : _printfi.c.obj (.text:_fcpy)
                  0001af00    00000040                                 : sprintf.c.obj (.text:sprintf)
                  0001af40    0000003c     RTOArmedtoEnabled.obj (.text)
                  0001af7c    00000034     Autobrake_EnaletoApplication.obj (.text)
                  0001afb0    00000034     BTI.obj (.text)
                  0001afe4    00000026     rtsv7R4_T_be_v3D16_eabi.lib : memccpy.c.obj (.text:memccpy)
                  0001b00a    0000001e                                 : s_copysign.c.obj (.text:copysign)
                  0001b028    0000001a                                 : sprintf.c.obj (.text:_outs)
                  0001b042    00000018                                 : strcmp.c.obj (.text:strcmp)
                  0001b05a    00000016                                 : strchr.c.obj (.text:strchr)
                  0001b070    00000016                                 : strlen.c.obj (.text:strlen)
                  0001b086    00000012                                 : wcslen.c.obj (.text:wcslen)
                  0001b098    00000010     sys_main.obj (.text)
                  0001b0a8    0000000e     rtsv7R4_T_be_v3D16_eabi.lib : copy_decompress_none.c.obj (.text:decompress:none:__TI_decompress_none)
                  0001b0b6    0000000c                                 : copy_zero_init.c.obj (.text:decompress:ZI:__TI_zero_init)
                  0001b0c2    0000000a                                 : sprintf.c.obj (.text:_outc)
                  0001b0cc    00000008                                 : errno.c.obj (.text:__aeabi_errno_addr)
                  0001b0d4    00000004                                 : exit.c.obj (.text:abort:abort)
                  0001b0d8    00000004     sys_phantom.obj (.text:retain)
                  0001b0dc    00000004     sys_startup.obj (.text)

.const     0    0001b0e0    000002ba     
                  0001b0e0    00000180     sys_vim.obj (.const:s_vim_init)
                  0001b260    00000101     rtsv7R4_T_be_v3D16_eabi.lib : ctype.c.obj (.const:.string:_ctypes_)
                  0001b361    00000012     ff.obj (.const:.string:badchr$1)
                  0001b373    00000001     --HOLE-- [fill = 0]
                  0001b374    0000000e     ff.obj (.const:cst$2)
                  0001b382    0000000e     ff.obj (.const:cst32$3)
                  0001b390    0000000a     ff.obj (.const:.string:DbcTbl)

.cinit     0    0001b3a0    00000030     
                  0001b3a0    0000000c     (__TI_handler_table)
                  0001b3ac    00000009     (.cinit..data.load) [load image, compression = lzss]
                  0001b3b5    00000003     --HOLE-- [fill = 0]
                  0001b3b8    00000008     (.cinit..bss.load) [load image, compression = zero_init]
                  0001b3c0    00000010     (__TI_cinit_table)

.bss       0    08001500    00000ca4     UNINITIALIZED
                  08001500    00000410     (.common:MCB_Data)
                  08001910    00000230     (.common:fs)
                  08001b40    00000228     (.common:file)
                  08001d68    00000138     (.common:test_outC)
                  08001ea0    000000b4     (.common:Receive_Machine_Parameters)
                  08001f54    000000a4     (.common:test_inC)
                  08001ff8    00000090     (.common:Transmit_Machine_Parameters)
                  08002088    00000078     spi.obj (.bss:g_spiPacket_t)
                  08002100    00000058     (.common:SDCardInfo)
                  08002158    00000028     sci.obj (.bss:g_sciTransfer_t)
                  08002180    00000010     (.common:device_status)
                  08002190    00000008     ff.obj (.bss:FatFs)
                  08002198    00000008     delay.obj (.bss)
                  080021a0    00000002     ff.obj (.bss)
                  080021a2    00000001     (.common:SD_Type)
                  080021a3    00000001     (.common:sd_card_status)

.data      0    080021a4    00000064     UNINITIALIZED
                  080021a4    0000001e     test.obj (.data:dir$1)
                  080021c2    00000001     rs232.obj (.data)
                  080021c3    00000001     --HOLE--
                  080021c4    0000000e     user_main.obj (.data)
                  080021d2    0000000a     dac5689.obj (.data:InputBuf)
                  080021dc    0000000a     dac5689.obj (.data:OutputBuf)
                  080021e6    0000000a     init.obj (.data)
                  080021f0    0000000a     rs232.obj (.data:temp_Recive_buf)
                  080021fa    00000002     --HOLE--
                  080021fc    00000004     notification.obj (.data)
                  08002200    00000004     rtsv7R4_T_be_v3D16_eabi.lib : errno.c.obj (.data)
                  08002204    00000004     sdcard.obj (.data)

__llvm_prf_cnts 
*          0    08001500    00000000     UNINITIALIZED

MODULE SUMMARY

       Module                               code     ro data   rw data
       ------                               ----     -------   -------
    .\KCG\
       AutoBrake.obj                        2380     0         0      
       Brake.obj                            1072     0         0      
       stm.obj                              1052     0         0      
       PedalF.obj                           668      0         0      
       TDP.obj                              572      0         0      
       Spindown.obj                         536      0         0      
       SC_SlipControl.obj                   452      0         0      
       PI_Control.obj                       412      0         0      
       Autobrake_ARMtoEnable.obj            340      0         0      
       Brake_Skid.obj                       324      0         0      
       sigle.obj                            316      0         0      
       Lockwheel.obj                        312      0         0      
       SC_LowSpeedMonitor.obj               304      0         0      
       SC_Wheel.obj                         260      0         0      
       BrakeSelect.obj                      256      0         0      
       BrakePress.obj                       248      0         0      
       BrakeInhibit.obj                     220      0         0      
       RTOApplicationDisarmed_.obj          220      0         0      
       Autobrake_Application_Disarmed.obj   204      0         0      
       Counter.obj                          180      0         0      
       OFFtoAutobrakeArmed.obj              176      0         0      
       RTOArmedtoDisarmed_.obj              156      0         0      
       RTOEnabledtoApplication.obj          156      0         0      
       WOW_Processing.obj                   156      0         0      
       AutobrakeArmedtoDisarmed.obj         144      0         0      
       SC_Function.obj                      136      0         0      
       RTOEnabledtoDisarmed_.obj            128      0         0      
       BoolVect2Int16_digital_3.obj         124      0         0      
       OFFtoRTOArmed.obj                    120      0         0      
       AutoBrake_EnabletoDisArm.obj         104      0         0      
       LimiterF32.obj                       100      0         0      
       equ_2.obj                            68       0         0      
       equ_3.obj                            68       0         0      
       equ_4.obj                            68       0         0      
       equ_5.obj                            68       0         0      
       equ_6.obj                            68       0         0      
       RTOArmedtoEnabled.obj                60       0         0      
       Autobrake_EnaletoApplication.obj     52       0         0      
       BTI.obj                              52       0         0      
    +--+------------------------------------+--------+---------+---------+
       Total:                               12332    0         0      
                                                                      
    .\SdCard\
       ff.obj                               24936    56        10     
       sdcard.obj                           3500     0         94     
       diskio.obj                           676      0         0      
    +--+------------------------------------+--------+---------+---------+
       Total:                               29112    56        104    
                                                                      
    .\UserCode\
       sdram.obj                            10704    0         1040   
       init.obj                             9396     0         10     
       test.obj                             3868     0         30     
       Device_control.obj                   1576     0         816    
       SD_card.obj                          344      0         1112   
       dac5689.obj                          752      0         20     
       rs232.obj                            484      0         11     
       delay.obj                            232      0         8      
       user_main.obj                        180      0         14     
    +--+------------------------------------+--------+---------+---------+
       Total:                               27536    0         3061   
                                                                      
    .\hal\source\
       sys_selftest.obj                     11484    0         0      
       spi.obj                              3800     0         120    
       sci.obj                              3532     0         40     
       sys_vim.obj                          2856     384       0      
       system.obj                           2916     0         0      
       rti.obj                              1956     0         0      
       esm.obj                              1744     0         0      
       errata_SSWF021_45.obj                1636     0         0      
       pinmux.obj                           1452     0         0      
       gio.obj                              1156     0         0      
       sys_core.obj                         844      0         0      
       sys_startup.obj                      680      0         0      
       notification.obj                     332      0         4      
       dabort.obj                           232      0         0      
       sys_pmu.obj                          224      0         0      
       sys_intvecs.obj                      32       0         0      
       sys_main.obj                         16       0         0      
       sys_phantom.obj                      4        0         0      
    +--+------------------------------------+--------+---------+---------+
       Total:                               34896    384       164    
                                                                      
    C:/ti/ccs1030/ccs/tools/compiler/ti-cgt-arm_20.2.4.LTS/lib/rtsv7R4_T_be_v3D16_eabi.lib
       _printfi.c.obj                       4669     0         0      
       ull_div32.asm.obj                    696      0         0      
       ctype.c.obj                          0        257       0      
       s_scalbn.c.obj                       240      0         0      
       s_floor.c.obj                        224      0         0      
       memcpy_t2.asm.obj                    156      0         0      
       memset_t2.asm.obj                    122      0         0      
       s_frexp.c.obj                        116      0         0      
       copy_decompress_lzss.c.obj           108      0         0      
       sprintf.c.obj                        100      0         0      
       _ltoa.c.obj                          84       0         0      
       atoi.c.obj                           80       0         0      
       u_div32.asm.obj                      80       0         0      
       autoinit.c.obj                       68       0         0      
       memccpy.c.obj                        38       0         0      
       s_copysign.c.obj                     30       0         0      
       strcmp.c.obj                         24       0         0      
       strchr.c.obj                         22       0         0      
       strlen.c.obj                         22       0         0      
       wcslen.c.obj                         18       0         0      
       copy_decompress_none.c.obj           14       0         0      
       copy_zero_init.c.obj                 12       0         0      
       errno.c.obj                          8        0         4      
       exit.c.obj                           4        0         0      
       div0.asm.obj                         2        0         0      
    +--+------------------------------------+--------+---------+---------+
       Total:                               6937     257       4      
                                                                      
       Linker Generated:                    0        45        0      
    +--+------------------------------------+--------+---------+---------+
       Grand Total:                         110813   742       3333   


LINKER GENERATED COPY TABLES

__TI_cinit_table @ 0001b3c0 records: 2, size/record: 8, table size: 16
	.data: load addr=0001b3ac, load size=00000009 bytes, run addr=080021a4, run size=00000064 bytes, compression=lzss
	.bss: load addr=0001b3b8, load size=00000008 bytes, run addr=08001500, run size=00000ca4 bytes, compression=zero_init


LINKER GENERATED HANDLER TABLE

__TI_handler_table @ 0001b3a0 records: 3, size/record: 4, table size: 12
	index: 0, handler: __TI_zero_init
	index: 1, handler: __TI_decompress_lzss
	index: 2, handler: __TI_decompress_none


GLOBAL SYMBOLS: SORTED ALPHABETICALLY BY Name 

address   name                                
-------   ----                                
000129a4  AutoBrake                           
0001aac4  AutoBrake_EnabletoDisArm            
0001286c  AutoBrake_init                      
0001295c  AutoBrake_reset                     
0001a664  AutobrakeArmedtoDisarmed            
00018cf0  Autobrake_ARMtoEnable               
00018c90  Autobrake_ARMtoEnable_init          
00018ccc  Autobrake_ARMtoEnable_reset         
0001a060  Autobrake_Application_Disarmed      
0001af7c  Autobrake_EnaletoApplication        
0001afb0  BTI                                 
080021e6  Board_ID                            
0001a7fc  BoolVect2Int16_digital_3            
00015f50  Brake                               
00019ea8  BrakeInhibit                        
00019930  BrakePress                          
00019734  BrakeSelect                         
00018fb4  Brake_Skid                          
00018f30  Brake_Skid_init                     
00018f90  Brake_Skid_reset                    
00015d00  Brake_init                          
00015f04  Brake_reset                         
0001b0d5  C$$EXIT                             
00018444  CRC_AND                             
0001a170  Counter                             
0001a12c  Counter_init                        
0001a154  Counter_reset                       
00016c30  DAC5689_Init                        
00016ec4  DAC5689_SetVoltage_mv               
0001476c  Data_interaction                    
080021ee  Device_DATA_LEN                     
080021c8  File_Name                           
0000b51c  GetBit                              
0000da14  Get_Bench_Mode                      
0000d91c  Get_Master_Slave                    
0000b6f4  Get_Odd_value                       
0000b590  Get_sdram_FWE                       
080021d2  InputBuf                            
00014420  IsdwdKeySequenceCorrect             
0001ab2c  LimiterF32                          
00019210  Lockwheel                           
000191b0  Lockwheel_init                      
000191ec  Lockwheel_reset                     
08001500  MCB_Data                            
0001a294  OFFtoAutobrakeArmed                 
0001a96c  OFFtoRTOArmed                       
080021e8  Other_Board_ID                      
0000d8b8  Other_GPIO_Init                     
080021dc  OutputBuf                           
000188a4  PI_Control                          
00018830  PI_Control_init                     
00018870  PI_Control_reset                    
00017720  PedalF                              
0000dce8  RS232_Process                       
000182e8  RS232_Send                          
00019f84  RTOApplicationDisarmed_             
0001a3f4  RTOArmedtoDisarmed_                 
0001af40  RTOArmedtoEnabled                   
0001a490  RTOEnabledtoApplication             
0001a77c  RTOEnabledtoDisarmed_               
0000e40c  Read_Data_Process                   
08001ea0  Receive_Machine_Parameters          
0001a730  SC_Function                         
0001a6f4  SC_Function_init                    
0001a718  SC_Function_reset                   
0001932c  SC_LowSpeedMonitor                  
000192e8  SC_LowSpeedMonitor_init             
00019310  SC_LowSpeedMonitor_reset            
00018538  SC_SlipControl                      
000184cc  SC_SlipControl_init                 
00018508  SC_SlipControl_reset                
00019574  SC_Wheel                            
0001952c  SC_Wheel_init                       
0001955c  SC_Wheel_reset                      
08002100  SDCardInfo                          
080021ea  SDRAM_READ_DATA_LEN                 
000098c0  SDRAM_Read                          
00008f40  SDRAM_Read_Data                     
080021c4  SDRAM_RxTx                          
00008f08  SDRAM_Set_IO_To_Read_Mode           
0000a274  SDRAM_Set_IO_To_Write_Mode          
080021ec  SDRAM_WRITE_DATA_LEN                
0000aa64  SDRAM_Write                         
0000a2d4  SDRAM_Write_Data                    
0000d87c  SD_GPIO_Init                        
00010650  SD_GetCID                           
00010830  SD_GetCSD                           
00010698  SD_GetCapacity                      
0000fb04  SD_Init                             
0000e618  SD_Process                          
080021c5  SD_Process_Flag                     
080021c6  SD_Process_Mode                     
00010490  SD_ReadMultiBlock                   
00010404  SD_ReadSingleBlock                  
00010570  SD_ReceiveData                      
0000ff9c  SD_Reset                            
080021a2  SD_Type                             
000103b4  SD_WaitReady                        
000101f8  SD_WriteMultiBlock                  
00010074  SD_WriteSingleBlock                 
0000fe34  SD_Write_Cmd                        
0000fef4  SD_Write_Cmd_NoDeassert             
UNDEFED   SHT$$INIT_ARRAY$$Base               
UNDEFED   SHT$$INIT_ARRAY$$Limit              
0000fd2c  SPI_ReadWriteByte                   
08002204  SPI_Speed                           
00018b38  SdCard_Maintenance                  
00008e64  Sdram_Init                          
0001472c  Set_ABSW                            
000146ec  Set_SOV                             
0001494c  Signal_Output_Control               
00016d28  SpiReadWrite                        
0000f5bc  SpiRxStatus                         
0000f530  SpiTxStatus                         
00018148  Spindown                            
000180d0  Spindown_init                       
00018124  Spindown_reset                      
00017f18  TDP                                 
00017e94  TDP_init                            
00017ee8  TDP_reset                           
0000e9b0  TEST_SDRAM_Write                    
0000ea2c  Test_Sdram_Data_Process             
00014a4c  Transmit_Data_Process               
08001ff8  Transmit_Machine_Parameters         
0001a52c  WOW_Processing                      
00016c6c  WriteData                           
00016cb0  WriteRegister                       
0000e18c  Write_Data_Process                  
0001b3c0  __TI_CINIT_Base                     
0001b3d0  __TI_CINIT_Limit                    
0001b3a0  __TI_Handler_Table_Base             
0001b3ac  __TI_Handler_Table_Limit            
00016c28  __TI_PINIT_Base                     
00016c2c  __TI_PINIT_Limit                    
0001ad29  __TI_auto_init_nobinit_nopinit      
0001aa59  __TI_decompress_lzss                
0001b0a9  __TI_decompress_none                
0001ab91  __TI_ltoa                           
ffffffff  __TI_pprof_out_hndl                 
000113ed  __TI_printfi                        
ffffffff  __TI_prof_data_size                 
ffffffff  __TI_prof_data_start                
00000000  __TI_static_base__                  
0001b0b7  __TI_zero_init                      
0001b0cd  __aeabi_errno_addr                  
00011e37  __aeabi_idiv0                       
00011e37  __aeabi_ldiv0                       
0001a8f3  __aeabi_memclr                      
0001a8f3  __aeabi_memclr4                     
0001a8f3  __aeabi_memclr8                     
0001a5c9  __aeabi_memcpy                      
0001a5c9  __aeabi_memcpy4                     
0001a5c9  __aeabi_memcpy8                     
0001a8f5  __aeabi_memset                      
0001a8f5  __aeabi_memset4                     
0001a8f5  __aeabi_memset8                     
0001acd8  __aeabi_uidiv                       
0001acd8  __aeabi_uidivmod                    
00016f20  __aeabi_uldivmod                    
ffffffff  __binit__                           
ffffffff  __c_args__                          
08001500  __start___llvm_prf_cnts             
08001500  __stop___llvm_prf_cnts              
0001747c  _c_int00                            
00016b40  _coreClearAuxiliaryDataFault_       
00016b54  _coreClearAuxiliaryInstructionFault_
00016b18  _coreClearDataFaultAddress_         
00016af0  _coreClearDataFault_                
00016b2c  _coreClearInstructionFaultAddress_  
00016b04  _coreClearInstructionFault_         
00016a84  _coreDisableEventBusExport_         
00016ac8  _coreDisableFlashEcc_               
00016aa4  _coreDisableRamEcc_                 
00016a74  _coreEnableEventBusExport_          
00016ab4  _coreEnableFlashEcc_                
00016ad8  _coreEnableIrqVicOffset_            
00016a94  _coreEnableRamEcc_                  
00016a5c  _coreEnableVfp_                     
00016b38  _coreGetAuxiliaryDataFault_         
00016b4c  _coreGetAuxiliaryInstructionFault_  
00016b10  _coreGetDataFaultAddress_           
00016ae8  _coreGetDataFault_                  
00016b24  _coreGetInstructionFaultAddress_    
00016afc  _coreGetInstructionFault_           
000168e4  _coreInitRegisters_                 
000169f0  _coreInitStackPointer_              
0001b260  _ctypes_                            
00019b18  _dabort                             
00016b68  _disable_FIQ_interrupt_             
00016b70  _disable_IRQ_interrupt_             
00016b60  _disable_interrupt_                 
00016b78  _enable_interrupt_                  
00016c08  _errata_CORTEXR4_57_                
00016c18  _errata_CORTEXR4_66_                
00013a50  _errata_SSWF021_45_both_plls        
00013c44  _errata_SSWF021_45_pll1             
00013dbc  _errata_SSWF021_45_pll2             
00016b80  _esmCcmErrorsClear_                 
00016a3c  _getCPSRValue_                      
00016a44  _gotoCPUIdle_                       
00019e24  _pmuDisableCountersGlobal_          
00019e14  _pmuEnableCountersGlobal_           
00019e80  _pmuGetCycleCount_                  
00019e88  _pmuGetEventCount_                  
00019e94  _pmuGetOverflow_                    
00019dc8  _pmuInit_                           
00019e54  _pmuResetCounters_                  
00019e34  _pmuResetCycleCounter_              
00019e44  _pmuResetEventCounters_             
00019e74  _pmuSetCountEvent_                  
00019e64  _pmuStartCounters_                  
00019e6c  _pmuStopCounters_                   
UNDEFED   _system_post_cinit                  
0001b0d5  abort                               
000073d4  adc1ParityCheck                     
000074c0  adc2ParityCheck                     
0001ac89  atoi                                
ffffffff  binit                               
00007578  can1ParityCheck                     
00007650  can2ParityCheck                     
0000b6b4  can2_tx_SetBit                      
00007718  can3ParityCheck                     
00006198  ccmSelfCheck                        
00008864  ccmr4GetConfigValue                 
00006aa0  checkB0RAMECC                       
00006c90  checkB1RAMECC                       
00007d80  checkClockMonitor                   
00006e80  checkFlashECC                       
00007e5c  checkFlashEEPROMECC                 
00007ff4  checkPLL1Slip                       
000080f4  checkPLL2Slip                       
000081b8  checkRAMAddrParity                  
00007b38  checkRAMECC                         
000082c4  checkRAMUERRTest                    
00006924  checkefcSelfTest                    
0001b00b  copysign                            
0001b00b  copysignl                           
0000639c  cpuSelfTest                         
00006f64  cpuSelfTestFail                     
00011310  customTrimLPO                       
00006f5c  custom_dabort                       
00019c8c  delay_ms                            
00019c00  delay_ns                            
00019c38  delay_us                            
08002180  device_status                       
0000b8d4  device_status_init                  
00008cc0  disableParity                       
000171ec  disk_initialize                     
0001738c  disk_ioctl                          
0001722c  disk_read                           
000171d8  disk_status                         
000172e4  disk_write                          
00018f18  dmaGroupANotification               
00007014  dmaParityCheck                      
00014488  dwdClearFlag                        
000143bc  dwdCounterEnable                    
00014404  dwdGenerateSysReset                 
00014454  dwdGetStatus                        
00014498  dwdGetViolationStatus               
00014340  dwdInit                             
000143e8  dwdReset                            
000143cc  dwdSetPreload                       
000143b0  dwwdGetCurrentDownCounter           
00014368  dwwdInit                            
00018ef0  edgeNotification                    
000067c8  efcCheck                            
000087c8  efcGetConfigValue                   
000068fc  efcSelfTest                         
00006850  efcStuckZeroTest                    
00008c38  enableParity                        
0001ad6c  equ_2                               
0001adb0  equ_3                               
0001adf4  equ_4                               
0001ae38  equ_5                               
0001ae7c  equ_6                               
000088d4  errata_PBIST_4                      
08002200  errno                               
00014e98  esmActivateNormalOperation          
00014f6c  esmClearStatus                      
00014fac  esmClearStatusBuffer                
00014e60  esmDisableError                     
00014ed0  esmDisableInterrupt                 
00014e38  esmEnableError                      
00014ea8  esmEnableInterrupt                  
000150a4  esmEnterSelfTest                    
00014e1c  esmError                            
0001517c  esmGetConfigValue                   
00014fe8  esmGetStatus                        
0001506c  esmGetStatusBuffer                  
00018de4  esmGroup1Notification               
00018df4  esmGroup2Notification               
00019418  esmHighInterrupt                    
00014d14  esmInit                             
0001512c  esmSelfTestStatus                   
00014fc8  esmSetCounterPreloadValue           
00014ef8  esmSetInterruptLevel                
00014e88  esmTriggerErrorPinReset             
00003618  f_close                             
00003b8c  f_closedir                          
00003c7c  f_deldir                            
00003dfc  f_getfree                           
000047e4  f_getlabel                          
00005920  f_gets                              
00003668  f_lseek                             
00004388  f_mkdir                             
00004c88  f_mkfs                              
0000270c  f_mount                             
000027cc  f_open                              
00003a78  f_opendir                           
00005be4  f_printf                            
00005b4c  f_putc                              
00005b84  f_puts                              
00002c1c  f_read                              
00003bc4  f_readdir                           
000045a0  f_rename                            
000049bc  f_setlabel                          
00003d74  f_stat                              
000034c8  f_sync                              
00004038  f_truncate                          
0000420c  f_unlink                            
00003014  f_write                             
08001b40  file                                
00019ce9  floor                               
00019ce9  floorl                              
0000842c  fmcBus1ParityCheck                  
000069c4  fmcBus2Check                        
00006a00  fmcECCcheck                         
0001a9e5  frexp                               
0001a9e5  frexpl                              
08001910  fs                                  
0000fadc  get_SD_card_online_status           
0001746c  get_fattime                         
0000b64c  get_sdram_DATA_A12                  
00015adc  gioDisableNotification              
00015a74  gioEnableNotification               
000159dc  gioGetBit                           
00015b44  gioGetConfigValue                   
00015a04  gioGetPort                          
0001587c  gioInit                             
00018e64  gioNotification                     
0001596c  gioSetBit                           
0001594c  gioSetDirection                     
000159bc  gioSetPort                          
00015a1c  gioToggleBit                        
0001b0dc  handlePLLLockFail                   
000070c0  het1ParityCheck                     
00007228  het2ParityCheck                     
00018f04  hetNotification                     
0000716c  htu1ParityCheck                     
00007324  htu2ParityCheck                     
080021d0  i                                   
0000b834  initialization                      
00019a29  ldexp                               
00019a29  ldexpl                              
000166c0  linHighLevelInterrupt               
0001b098  main                                
000109f0  mapClocks                           
0001afe5  memccpy                             
0001a5c9  memcpy                              
000062dc  memoryInit                          
00018e04  memoryPort0TestFailNotification     
00018e20  memoryPort1TestFailNotification     
0001a8fb  memset                              
000077ec  mibspi1ParityCheck                  
000078f4  mibspi3ParityCheck                  
00007a18  mibspi5ParityCheck                  
00018e8c  mibspiGroupNotification             
00018e78  mibspiNotification                  
000152d0  muxInit                             
00008554  pbistFail                           
000085d8  pbistGetConfigValue                 
00006710  pbistIsTestCompleted                
0000673c  pbistIsTestPassed                   
00006770  pbistPortTestStatus                 
00006614  pbistRun                            
00006434  pbistSelfCheck                      
000066e0  pbistStop                           
0001099c  periphInit                          
0001b0d8  phantomInterrupt                    
000155b8  pinmuxGetConfigValue                
00018ed8  pwmNotification                     
00000000  resetEntry                          
080021c2  rs232_recive_len                    
000189cc  rtiCompare0Interrupt                
00018a14  rtiCompare1Interrupt                
00018a5c  rtiCompare3Interrupt                
00014548  rtiDisableNotification              
00014520  rtiEnableNotification               
00014564  rtiGetConfigValue                   
000142b4  rtiGetCurrentTick                   
0001428c  rtiGetPeriod                        
000140b4  rtiInit                             
00018e3c  rtiNotification                     
00018aa4  rtiOverflow0Interrupt               
00018aec  rtiOverflow1Interrupt               
00014200  rtiResetCounter                     
00014264  rtiSetPeriod                        
000141a8  rtiStartCounter                     
000141d4  rtiStopCounter                      
00019a29  scalbn                              
00019a29  scalbnl                             
000123e8  sciDisableLoopback                  
00012474  sciDisableNotification              
000123b4  sciEnableLoopback                   
0001240c  sciEnableNotification               
000124dc  sciEnterResetState                  
000124fc  sciExitResetState                   
0001251c  sciGetConfigValue                   
0001654c  sciHighLevelInterrupt               
00011e38  sciInit                             
00012264  sciIsIdleDetected                   
00012248  sciIsRxReady                        
000120c8  sciIsTxReady                        
00018354  sciNotification                     
000122dc  sciReceive                          
000122b0  sciReceiveByte                      
00012280  sciRxError                          
00012114  sciSend                             
000120e4  sciSendByte                         
0001202c  sciSetBaudrate                      
0001200c  sciSetFunctional                    
00012674  scilinGetConfigValue                
080021a3  sd_card_status                      
00006188  selftestFailNotification            
0000b674  set_sdram_DATA_A12                  
0000b60c  set_sdram_DWE                       
0000b550  set_sdram_clk                       
0000b5cc  set_sdram_cs                        
0001095c  setupFlash                          
00010888  setupPLL                            
000190b8  sigle                               
00019074  sigle_init                          
0001909c  sigle_reset                         
0000f6f4  spi1GetConfigValue                  
0000f884  spi3GetConfigValue                  
0000f67c  spiDisableLoopback                  
0000f6c8  spiDisableNotification              
0000f648  spiEnableLoopback                   
0000f698  spiEnableNotification               
00018ec8  spiEndNotification                  
0000ef98  spiGetData                          
0000ec04  spiInit                             
00018eb4  spiNotification                     
0000ee7c  spiReceiveData                      
0000f3f0  spiSendAndGetData                   
0000f1bc  spiSendData                         
0000ee5c  spiSetFunctional                    
0000f2b4  spiTransmitAndReceiveData           
0000f090  spiTransmitData                     
0001af01  sprintf                             
000111d4  sramGetConfigValue                  
00008724  stcGetConfigValue                   
00006320  stcSelfCheck                        
00006f60  stcSelfCheckFail                    
000161d4  stm                                 
00016130  stm_init                            
000161b8  stm_reset                           
0001b05b  strchr                              
0001b043  strcmp                              
0001b071  strlen                              
00010c14  systemGetConfigValue                
00010b18  systemInit                          
00010be4  systemPowerDown                     
00011028  tcmflashGetConfigValue              
080021f0  temp_Recive_buf                     
08001f54  test_inC                            
08001d68  test_outC                           
080021cc  test_us_count                       
000108e8  trimLPO                             
080021fc  us_count                            
0001a1e0  user_main                           
0001328c  vimChannelMap                       
00013488  vimDisableInterrupt                 
00013330  vimEnableInterrupt                  
0001350c  vimGetConfigValue                   
000131b8  vimInit                             
00006f68  vimParityCheck                      
000179bc  vimParityErrorHandler               
0001b087  wcslen                              


GLOBAL SYMBOLS: SORTED BY Symbol Address 

address   name                                
-------   ----                                
00000000  __TI_static_base__                  
00000000  resetEntry                          
0000270c  f_mount                             
000027cc  f_open                              
00002c1c  f_read                              
00003014  f_write                             
000034c8  f_sync                              
00003618  f_close                             
00003668  f_lseek                             
00003a78  f_opendir                           
00003b8c  f_closedir                          
00003bc4  f_readdir                           
00003c7c  f_deldir                            
00003d74  f_stat                              
00003dfc  f_getfree                           
00004038  f_truncate                          
0000420c  f_unlink                            
00004388  f_mkdir                             
000045a0  f_rename                            
000047e4  f_getlabel                          
000049bc  f_setlabel                          
00004c88  f_mkfs                              
00005920  f_gets                              
00005b4c  f_putc                              
00005b84  f_puts                              
00005be4  f_printf                            
00006188  selftestFailNotification            
00006198  ccmSelfCheck                        
000062dc  memoryInit                          
00006320  stcSelfCheck                        
0000639c  cpuSelfTest                         
00006434  pbistSelfCheck                      
00006614  pbistRun                            
000066e0  pbistStop                           
00006710  pbistIsTestCompleted                
0000673c  pbistIsTestPassed                   
00006770  pbistPortTestStatus                 
000067c8  efcCheck                            
00006850  efcStuckZeroTest                    
000068fc  efcSelfTest                         
00006924  checkefcSelfTest                    
000069c4  fmcBus2Check                        
00006a00  fmcECCcheck                         
00006aa0  checkB0RAMECC                       
00006c90  checkB1RAMECC                       
00006e80  checkFlashECC                       
00006f5c  custom_dabort                       
00006f60  stcSelfCheckFail                    
00006f64  cpuSelfTestFail                     
00006f68  vimParityCheck                      
00007014  dmaParityCheck                      
000070c0  het1ParityCheck                     
0000716c  htu1ParityCheck                     
00007228  het2ParityCheck                     
00007324  htu2ParityCheck                     
000073d4  adc1ParityCheck                     
000074c0  adc2ParityCheck                     
00007578  can1ParityCheck                     
00007650  can2ParityCheck                     
00007718  can3ParityCheck                     
000077ec  mibspi1ParityCheck                  
000078f4  mibspi3ParityCheck                  
00007a18  mibspi5ParityCheck                  
00007b38  checkRAMECC                         
00007d80  checkClockMonitor                   
00007e5c  checkFlashEEPROMECC                 
00007ff4  checkPLL1Slip                       
000080f4  checkPLL2Slip                       
000081b8  checkRAMAddrParity                  
000082c4  checkRAMUERRTest                    
0000842c  fmcBus1ParityCheck                  
00008554  pbistFail                           
000085d8  pbistGetConfigValue                 
00008724  stcGetConfigValue                   
000087c8  efcGetConfigValue                   
00008864  ccmr4GetConfigValue                 
000088d4  errata_PBIST_4                      
00008c38  enableParity                        
00008cc0  disableParity                       
00008e64  Sdram_Init                          
00008f08  SDRAM_Set_IO_To_Read_Mode           
00008f40  SDRAM_Read_Data                     
000098c0  SDRAM_Read                          
0000a274  SDRAM_Set_IO_To_Write_Mode          
0000a2d4  SDRAM_Write_Data                    
0000aa64  SDRAM_Write                         
0000b51c  GetBit                              
0000b550  set_sdram_clk                       
0000b590  Get_sdram_FWE                       
0000b5cc  set_sdram_cs                        
0000b60c  set_sdram_DWE                       
0000b64c  get_sdram_DATA_A12                  
0000b674  set_sdram_DATA_A12                  
0000b6b4  can2_tx_SetBit                      
0000b6f4  Get_Odd_value                       
0000b834  initialization                      
0000b8d4  device_status_init                  
0000d87c  SD_GPIO_Init                        
0000d8b8  Other_GPIO_Init                     
0000d91c  Get_Master_Slave                    
0000da14  Get_Bench_Mode                      
0000dce8  RS232_Process                       
0000e18c  Write_Data_Process                  
0000e40c  Read_Data_Process                   
0000e618  SD_Process                          
0000e9b0  TEST_SDRAM_Write                    
0000ea2c  Test_Sdram_Data_Process             
0000ec04  spiInit                             
0000ee5c  spiSetFunctional                    
0000ee7c  spiReceiveData                      
0000ef98  spiGetData                          
0000f090  spiTransmitData                     
0000f1bc  spiSendData                         
0000f2b4  spiTransmitAndReceiveData           
0000f3f0  spiSendAndGetData                   
0000f530  SpiTxStatus                         
0000f5bc  SpiRxStatus                         
0000f648  spiEnableLoopback                   
0000f67c  spiDisableLoopback                  
0000f698  spiEnableNotification               
0000f6c8  spiDisableNotification              
0000f6f4  spi1GetConfigValue                  
0000f884  spi3GetConfigValue                  
0000fadc  get_SD_card_online_status           
0000fb04  SD_Init                             
0000fd2c  SPI_ReadWriteByte                   
0000fe34  SD_Write_Cmd                        
0000fef4  SD_Write_Cmd_NoDeassert             
0000ff9c  SD_Reset                            
00010074  SD_WriteSingleBlock                 
000101f8  SD_WriteMultiBlock                  
000103b4  SD_WaitReady                        
00010404  SD_ReadSingleBlock                  
00010490  SD_ReadMultiBlock                   
00010570  SD_ReceiveData                      
00010650  SD_GetCID                           
00010698  SD_GetCapacity                      
00010830  SD_GetCSD                           
00010888  setupPLL                            
000108e8  trimLPO                             
0001095c  setupFlash                          
0001099c  periphInit                          
000109f0  mapClocks                           
00010b18  systemInit                          
00010be4  systemPowerDown                     
00010c14  systemGetConfigValue                
00011028  tcmflashGetConfigValue              
000111d4  sramGetConfigValue                  
00011310  customTrimLPO                       
000113ed  __TI_printfi                        
00011e37  __aeabi_idiv0                       
00011e37  __aeabi_ldiv0                       
00011e38  sciInit                             
0001200c  sciSetFunctional                    
0001202c  sciSetBaudrate                      
000120c8  sciIsTxReady                        
000120e4  sciSendByte                         
00012114  sciSend                             
00012248  sciIsRxReady                        
00012264  sciIsIdleDetected                   
00012280  sciRxError                          
000122b0  sciReceiveByte                      
000122dc  sciReceive                          
000123b4  sciEnableLoopback                   
000123e8  sciDisableLoopback                  
0001240c  sciEnableNotification               
00012474  sciDisableNotification              
000124dc  sciEnterResetState                  
000124fc  sciExitResetState                   
0001251c  sciGetConfigValue                   
00012674  scilinGetConfigValue                
0001286c  AutoBrake_init                      
0001295c  AutoBrake_reset                     
000129a4  AutoBrake                           
000131b8  vimInit                             
0001328c  vimChannelMap                       
00013330  vimEnableInterrupt                  
00013488  vimDisableInterrupt                 
0001350c  vimGetConfigValue                   
00013a50  _errata_SSWF021_45_both_plls        
00013c44  _errata_SSWF021_45_pll1             
00013dbc  _errata_SSWF021_45_pll2             
000140b4  rtiInit                             
000141a8  rtiStartCounter                     
000141d4  rtiStopCounter                      
00014200  rtiResetCounter                     
00014264  rtiSetPeriod                        
0001428c  rtiGetPeriod                        
000142b4  rtiGetCurrentTick                   
00014340  dwdInit                             
00014368  dwwdInit                            
000143b0  dwwdGetCurrentDownCounter           
000143bc  dwdCounterEnable                    
000143cc  dwdSetPreload                       
000143e8  dwdReset                            
00014404  dwdGenerateSysReset                 
00014420  IsdwdKeySequenceCorrect             
00014454  dwdGetStatus                        
00014488  dwdClearFlag                        
00014498  dwdGetViolationStatus               
00014520  rtiEnableNotification               
00014548  rtiDisableNotification              
00014564  rtiGetConfigValue                   
000146ec  Set_SOV                             
0001472c  Set_ABSW                            
0001476c  Data_interaction                    
0001494c  Signal_Output_Control               
00014a4c  Transmit_Data_Process               
00014d14  esmInit                             
00014e1c  esmError                            
00014e38  esmEnableError                      
00014e60  esmDisableError                     
00014e88  esmTriggerErrorPinReset             
00014e98  esmActivateNormalOperation          
00014ea8  esmEnableInterrupt                  
00014ed0  esmDisableInterrupt                 
00014ef8  esmSetInterruptLevel                
00014f6c  esmClearStatus                      
00014fac  esmClearStatusBuffer                
00014fc8  esmSetCounterPreloadValue           
00014fe8  esmGetStatus                        
0001506c  esmGetStatusBuffer                  
000150a4  esmEnterSelfTest                    
0001512c  esmSelfTestStatus                   
0001517c  esmGetConfigValue                   
000152d0  muxInit                             
000155b8  pinmuxGetConfigValue                
0001587c  gioInit                             
0001594c  gioSetDirection                     
0001596c  gioSetBit                           
000159bc  gioSetPort                          
000159dc  gioGetBit                           
00015a04  gioGetPort                          
00015a1c  gioToggleBit                        
00015a74  gioEnableNotification               
00015adc  gioDisableNotification              
00015b44  gioGetConfigValue                   
00015d00  Brake_init                          
00015f04  Brake_reset                         
00015f50  Brake                               
00016130  stm_init                            
000161b8  stm_reset                           
000161d4  stm                                 
0001654c  sciHighLevelInterrupt               
000166c0  linHighLevelInterrupt               
000168e4  _coreInitRegisters_                 
000169f0  _coreInitStackPointer_              
00016a3c  _getCPSRValue_                      
00016a44  _gotoCPUIdle_                       
00016a5c  _coreEnableVfp_                     
00016a74  _coreEnableEventBusExport_          
00016a84  _coreDisableEventBusExport_         
00016a94  _coreEnableRamEcc_                  
00016aa4  _coreDisableRamEcc_                 
00016ab4  _coreEnableFlashEcc_                
00016ac8  _coreDisableFlashEcc_               
00016ad8  _coreEnableIrqVicOffset_            
00016ae8  _coreGetDataFault_                  
00016af0  _coreClearDataFault_                
00016afc  _coreGetInstructionFault_           
00016b04  _coreClearInstructionFault_         
00016b10  _coreGetDataFaultAddress_           
00016b18  _coreClearDataFaultAddress_         
00016b24  _coreGetInstructionFaultAddress_    
00016b2c  _coreClearInstructionFaultAddress_  
00016b38  _coreGetAuxiliaryDataFault_         
00016b40  _coreClearAuxiliaryDataFault_       
00016b4c  _coreGetAuxiliaryInstructionFault_  
00016b54  _coreClearAuxiliaryInstructionFault_
00016b60  _disable_interrupt_                 
00016b68  _disable_FIQ_interrupt_             
00016b70  _disable_IRQ_interrupt_             
00016b78  _enable_interrupt_                  
00016b80  _esmCcmErrorsClear_                 
00016c08  _errata_CORTEXR4_57_                
00016c18  _errata_CORTEXR4_66_                
00016c28  __TI_PINIT_Base                     
00016c2c  __TI_PINIT_Limit                    
00016c30  DAC5689_Init                        
00016c6c  WriteData                           
00016cb0  WriteRegister                       
00016d28  SpiReadWrite                        
00016ec4  DAC5689_SetVoltage_mv               
00016f20  __aeabi_uldivmod                    
000171d8  disk_status                         
000171ec  disk_initialize                     
0001722c  disk_read                           
000172e4  disk_write                          
0001738c  disk_ioctl                          
0001746c  get_fattime                         
0001747c  _c_int00                            
00017720  PedalF                              
000179bc  vimParityErrorHandler               
00017e94  TDP_init                            
00017ee8  TDP_reset                           
00017f18  TDP                                 
000180d0  Spindown_init                       
00018124  Spindown_reset                      
00018148  Spindown                            
000182e8  RS232_Send                          
00018354  sciNotification                     
00018444  CRC_AND                             
000184cc  SC_SlipControl_init                 
00018508  SC_SlipControl_reset                
00018538  SC_SlipControl                      
00018830  PI_Control_init                     
00018870  PI_Control_reset                    
000188a4  PI_Control                          
000189cc  rtiCompare0Interrupt                
00018a14  rtiCompare1Interrupt                
00018a5c  rtiCompare3Interrupt                
00018aa4  rtiOverflow0Interrupt               
00018aec  rtiOverflow1Interrupt               
00018b38  SdCard_Maintenance                  
00018c90  Autobrake_ARMtoEnable_init          
00018ccc  Autobrake_ARMtoEnable_reset         
00018cf0  Autobrake_ARMtoEnable               
00018de4  esmGroup1Notification               
00018df4  esmGroup2Notification               
00018e04  memoryPort0TestFailNotification     
00018e20  memoryPort1TestFailNotification     
00018e3c  rtiNotification                     
00018e64  gioNotification                     
00018e78  mibspiNotification                  
00018e8c  mibspiGroupNotification             
00018eb4  spiNotification                     
00018ec8  spiEndNotification                  
00018ed8  pwmNotification                     
00018ef0  edgeNotification                    
00018f04  hetNotification                     
00018f18  dmaGroupANotification               
00018f30  Brake_Skid_init                     
00018f90  Brake_Skid_reset                    
00018fb4  Brake_Skid                          
00019074  sigle_init                          
0001909c  sigle_reset                         
000190b8  sigle                               
000191b0  Lockwheel_init                      
000191ec  Lockwheel_reset                     
00019210  Lockwheel                           
000192e8  SC_LowSpeedMonitor_init             
00019310  SC_LowSpeedMonitor_reset            
0001932c  SC_LowSpeedMonitor                  
00019418  esmHighInterrupt                    
0001952c  SC_Wheel_init                       
0001955c  SC_Wheel_reset                      
00019574  SC_Wheel                            
00019734  BrakeSelect                         
00019930  BrakePress                          
00019a29  ldexp                               
00019a29  ldexpl                              
00019a29  scalbn                              
00019a29  scalbnl                             
00019b18  _dabort                             
00019c00  delay_ns                            
00019c38  delay_us                            
00019c8c  delay_ms                            
00019ce9  floor                               
00019ce9  floorl                              
00019dc8  _pmuInit_                           
00019e14  _pmuEnableCountersGlobal_           
00019e24  _pmuDisableCountersGlobal_          
00019e34  _pmuResetCycleCounter_              
00019e44  _pmuResetEventCounters_             
00019e54  _pmuResetCounters_                  
00019e64  _pmuStartCounters_                  
00019e6c  _pmuStopCounters_                   
00019e74  _pmuSetCountEvent_                  
00019e80  _pmuGetCycleCount_                  
00019e88  _pmuGetEventCount_                  
00019e94  _pmuGetOverflow_                    
00019ea8  BrakeInhibit                        
00019f84  RTOApplicationDisarmed_             
0001a060  Autobrake_Application_Disarmed      
0001a12c  Counter_init                        
0001a154  Counter_reset                       
0001a170  Counter                             
0001a1e0  user_main                           
0001a294  OFFtoAutobrakeArmed                 
0001a3f4  RTOArmedtoDisarmed_                 
0001a490  RTOEnabledtoApplication             
0001a52c  WOW_Processing                      
0001a5c9  __aeabi_memcpy                      
0001a5c9  __aeabi_memcpy4                     
0001a5c9  __aeabi_memcpy8                     
0001a5c9  memcpy                              
0001a664  AutobrakeArmedtoDisarmed            
0001a6f4  SC_Function_init                    
0001a718  SC_Function_reset                   
0001a730  SC_Function                         
0001a77c  RTOEnabledtoDisarmed_               
0001a7fc  BoolVect2Int16_digital_3            
0001a8f3  __aeabi_memclr                      
0001a8f3  __aeabi_memclr4                     
0001a8f3  __aeabi_memclr8                     
0001a8f5  __aeabi_memset                      
0001a8f5  __aeabi_memset4                     
0001a8f5  __aeabi_memset8                     
0001a8fb  memset                              
0001a96c  OFFtoRTOArmed                       
0001a9e5  frexp                               
0001a9e5  frexpl                              
0001aa59  __TI_decompress_lzss                
0001aac4  AutoBrake_EnabletoDisArm            
0001ab2c  LimiterF32                          
0001ab91  __TI_ltoa                           
0001ac89  atoi                                
0001acd8  __aeabi_uidiv                       
0001acd8  __aeabi_uidivmod                    
0001ad29  __TI_auto_init_nobinit_nopinit      
0001ad6c  equ_2                               
0001adb0  equ_3                               
0001adf4  equ_4                               
0001ae38  equ_5                               
0001ae7c  equ_6                               
0001af01  sprintf                             
0001af40  RTOArmedtoEnabled                   
0001af7c  Autobrake_EnaletoApplication        
0001afb0  BTI                                 
0001afe5  memccpy                             
0001b00b  copysign                            
0001b00b  copysignl                           
0001b043  strcmp                              
0001b05b  strchr                              
0001b071  strlen                              
0001b087  wcslen                              
0001b098  main                                
0001b0a9  __TI_decompress_none                
0001b0b7  __TI_zero_init                      
0001b0cd  __aeabi_errno_addr                  
0001b0d5  C$$EXIT                             
0001b0d5  abort                               
0001b0d8  phantomInterrupt                    
0001b0dc  handlePLLLockFail                   
0001b260  _ctypes_                            
0001b3a0  __TI_Handler_Table_Base             
0001b3ac  __TI_Handler_Table_Limit            
0001b3c0  __TI_CINIT_Base                     
0001b3d0  __TI_CINIT_Limit                    
08001500  MCB_Data                            
08001500  __start___llvm_prf_cnts             
08001500  __stop___llvm_prf_cnts              
08001910  fs                                  
08001b40  file                                
08001d68  test_outC                           
08001ea0  Receive_Machine_Parameters          
08001f54  test_inC                            
08001ff8  Transmit_Machine_Parameters         
08002100  SDCardInfo                          
08002180  device_status                       
080021a2  SD_Type                             
080021a3  sd_card_status                      
080021c2  rs232_recive_len                    
080021c4  SDRAM_RxTx                          
080021c5  SD_Process_Flag                     
080021c6  SD_Process_Mode                     
080021c8  File_Name                           
080021cc  test_us_count                       
080021d0  i                                   
080021d2  InputBuf                            
080021dc  OutputBuf                           
080021e6  Board_ID                            
080021e8  Other_Board_ID                      
080021ea  SDRAM_READ_DATA_LEN                 
080021ec  SDRAM_WRITE_DATA_LEN                
080021ee  Device_DATA_LEN                     
080021f0  temp_Recive_buf                     
080021fc  us_count                            
08002200  errno                               
08002204  SPI_Speed                           
ffffffff  __TI_pprof_out_hndl                 
ffffffff  __TI_prof_data_size                 
ffffffff  __TI_prof_data_start                
ffffffff  __binit__                           
ffffffff  __c_args__                          
ffffffff  binit                               
UNDEFED   SHT$$INIT_ARRAY$$Base               
UNDEFED   SHT$$INIT_ARRAY$$Limit              
UNDEFED   _system_post_cinit                  

[479 symbols]
