******************************************************************************
                  TI ARM Linker PC v20.2.4                     
******************************************************************************
>> Linked Sun Jan 16 18:20:54 2022

OUTPUT FILE NAME:   <TMS570LS3137_BCMU_MCB.out>
ENTRY POINT SYMBOL: "_c_int00"  address: 000170d0


MEMORY CONFIGURATION

         name            origin    length      used     unused   attr    fill
----------------------  --------  ---------  --------  --------  ----  --------
  VECTORS               00000000   00000020  00000020  00000000     X
  FLASH0                00000020   0017ffe0  0001b01e  00164fc2  R  X
  FLASH1                00180000   00180000  00000000  00180000  R  X
  STACKS                08000000   00001500  00000000  00001500  RW  
  RAM                   08001500   0003eb00  00000d00  0003de00  RW  


SEGMENT ALLOCATION MAP

run origin  load origin   length   init length attrs members
----------  ----------- ---------- ----------- ----- -------
00000000    00000000    0001b040   0001b040    r-x
  00000000    00000000    00000020   00000020    r-x .intvecs
  00000020    00000020    0001ad34   0001ad34    r-x .text
  0001ad54    0001ad54    000002ba   000002ba    r-- .const
  0001b010    0001b010    00000030   00000030    r-- .cinit
08001500    08001500    00000d00   00000000    rw-
  08001500    08001500    00000ca0   00000000    rw- .bss
  080021a0    080021a0    00000060   00000000    rw- .data


SECTION ALLOCATION MAP

 output                                  attributes/
section   page    origin      length       input sections
--------  ----  ----------  ----------   ----------------
.intvecs   0    00000000    00000020     
                  00000000    00000020     sys_intvecs.obj (.intvecs)

.text      0    00000020    0001ad34     
                  00000020    00006168     ff.obj (.text)
                  00006188    00002cdc     sys_selftest.obj (.text)
                  00008e64    000028e8     sdram.obj (.text)
                  0000b74c    000023b4     init.obj (.text)
                  0000db00    00000ed8     spi.obj (.text)
                  0000e9d8    00000dac     sdcard.obj (.text)
                  0000f784    00000d08     test.obj (.text)
                  0001048c    00000b64     system.obj (.text)
                  00010ff0    00000a4a     rtsv7R4_T_be_v3D16_eabi.lib : _printfi.c.obj (.text:__TI_printfi)
                  00011a3a    00000002                                 : div0.asm.obj (.text)
                  00011a3c    00000a34     sci.obj (.text)
                  00012470    0000094c     AutoBrake.obj (.text)
                  00012dbc    00000898     sys_vim.obj (.text)
                  00013654    00000674     Device_control.obj (.text)
                  00013cc8    00000664     errata_SSWF021_45.obj (.text)
                  0001432c    00000638     rti.obj (.text)
                  00014964    000005bc     esm.obj (.text)
                  00014f20    000005ac     pinmux.obj (.text)
                  000154cc    00000484     gio.obj (.text)
                  00015950    00000430     Brake.obj (.text)
                  00015d80    0000041c     stm.obj (.text)
                  0001619c    00000398     sci.obj (.text:retain)
                  00016534    0000034c     sys_core.obj (.text)
                  00016880    000002f4     dac5689.obj (.text)
                  00016b74    000002b8     rtsv7R4_T_be_v3D16_eabi.lib : ull_div32.asm.obj (.text)
                  00016e2c    000002a4     diskio.obj (.text)
                  000170d0    000002a4     sys_startup.obj (.text:retain)
                  00017374    0000029c     PedalF.obj (.text)
                  00017610    00000290     sys_vim.obj (.text:retain)
                  000178a0    00000248     rtsv7R4_T_be_v3D16_eabi.lib : _printfi.c.obj (.text:_pconv_a)
                  00017ae8    0000023c     TDP.obj (.text)
                  00017d24    00000218     Spindown.obj (.text)
                  00017f3c    000001e4     rs232.obj (.text)
                  00018120    000001c4     SC_SlipControl.obj (.text)
                  000182e4    000001a0     rtsv7R4_T_be_v3D16_eabi.lib : _printfi.c.obj (.text:_pconv_g)
                  00018484    0000019c     PI_Control.obj (.text)
                  00018620    0000016c     notification.obj (.text)
                  0001878c    0000016c     rti.obj (.text:retain)
                  000188f8    00000158     SD_card.obj (.text)
                  00018a50    00000154     Autobrake_ARMtoEnable.obj (.text)
                  00018ba4    00000144     Brake_Skid.obj (.text)
                  00018ce8    0000013c     sigle.obj (.text)
                  00018e24    00000138     Lockwheel.obj (.text)
                  00018f5c    00000130     SC_LowSpeedMonitor.obj (.text)
                  0001908c    00000114     esm.obj (.text:retain)
                  000191a0    00000104     SC_Wheel.obj (.text)
                  000192a4    00000104     rtsv7R4_T_be_v3D16_eabi.lib : _printfi.c.obj (.text:_pconv_e)
                  000193a8    00000100     BrakeSelect.obj (.text)
                  000194a8    000000fc     rtsv7R4_T_be_v3D16_eabi.lib : _printfi.c.obj (.text:fcvt)
                  000195a4    000000f8     BrakePress.obj (.text)
                  0001969c    000000f0     rtsv7R4_T_be_v3D16_eabi.lib : s_scalbn.c.obj (.text:scalbn)
                  0001978c    000000e8     dabort.obj (.text)
                  00019874    000000e8     global_Init.obj (.text)
                  0001995c    000000e0     rtsv7R4_T_be_v3D16_eabi.lib : s_floor.c.obj (.text:floor)
                  00019a3c    000000e0     sys_pmu.obj (.text)
                  00019b1c    000000dc     BrakeInhibit.obj (.text)
                  00019bf8    000000dc     RTOApplicationDisarmed_.obj (.text)
                  00019cd4    000000cc     Autobrake_Application_Disarmed.obj (.text)
                  00019da0    000000b4     Counter.obj (.text)
                  00019e54    000000b4     user_main.obj (.text)
                  00019f08    000000b0     OFFtoAutobrakeArmed.obj (.text)
                  00019fb8    000000ad     rtsv7R4_T_be_v3D16_eabi.lib : _printfi.c.obj (.text:_ltostr)
                  0001a065    00000003     --HOLE-- [fill = 0]
                  0001a068    0000009c     RTOArmedtoDisarmed_.obj (.text)
                  0001a104    0000009c     RTOEnabledtoApplication.obj (.text)
                  0001a1a0    0000009c     WOW_Processing.obj (.text)
                  0001a23c    0000009c     rtsv7R4_T_be_v3D16_eabi.lib : memcpy_t2.asm.obj (.text)
                  0001a2d8    00000090     AutobrakeArmedtoDisarmed.obj (.text)
                  0001a368    00000088     SC_Function.obj (.text)
                  0001a3f0    00000080     RTOEnabledtoDisarmed_.obj (.text)
                  0001a470    0000007c     BoolVect2Int16_digital_3.obj (.text)
                  0001a4ec    0000007a     rtsv7R4_T_be_v3D16_eabi.lib : _printfi.c.obj (.text:_mcpy)
                  0001a566    0000007a                                 : memset_t2.asm.obj (.text)
                  0001a5e0    00000078     OFFtoRTOArmed.obj (.text)
                  0001a658    00000074     rtsv7R4_T_be_v3D16_eabi.lib : s_frexp.c.obj (.text:frexp)
                  0001a6cc    0000006c                                 : copy_decompress_lzss.c.obj (.text:decompress:lzss:__TI_decompress_lzss)
                  0001a738    00000068     AutoBrake_EnabletoDisArm.obj (.text)
                  0001a7a0    00000064     LimiterF32.obj (.text)
                  0001a804    00000054     rtsv7R4_T_be_v3D16_eabi.lib : _ltoa.c.obj (.text:__TI_ltoa)
                  0001a858    00000054                                 : _printfi.c.obj (.text:_ecpy)
                  0001a8ac    00000050                                 : _printfi.c.obj (.text:_pconv_f)
                  0001a8fc    00000050                                 : atoi.c.obj (.text:atoi)
                  0001a94c    00000050                                 : u_div32.asm.obj (.text)
                  0001a99c    00000044                                 : autoinit.c.obj (.text:__TI_auto_init_nobinit_nopinit:__TI_auto_init_nobinit_nopinit)
                  0001a9e0    00000044     equ_2.obj (.text)
                  0001aa24    00000044     equ_3.obj (.text)
                  0001aa68    00000044     equ_4.obj (.text)
                  0001aaac    00000044     equ_5.obj (.text)
                  0001aaf0    00000044     equ_6.obj (.text)
                  0001ab34    00000040     rtsv7R4_T_be_v3D16_eabi.lib : _printfi.c.obj (.text:_fcpy)
                  0001ab74    00000040                                 : sprintf.c.obj (.text:sprintf)
                  0001abb4    0000003c     RTOArmedtoEnabled.obj (.text)
                  0001abf0    00000034     Autobrake_EnaletoApplication.obj (.text)
                  0001ac24    00000034     BTI.obj (.text)
                  0001ac58    00000026     rtsv7R4_T_be_v3D16_eabi.lib : memccpy.c.obj (.text:memccpy)
                  0001ac7e    0000001e                                 : s_copysign.c.obj (.text:copysign)
                  0001ac9c    0000001a                                 : sprintf.c.obj (.text:_outs)
                  0001acb6    00000018                                 : strcmp.c.obj (.text:strcmp)
                  0001acce    00000016                                 : strchr.c.obj (.text:strchr)
                  0001ace4    00000016                                 : strlen.c.obj (.text:strlen)
                  0001acfa    00000012                                 : wcslen.c.obj (.text:wcslen)
                  0001ad0c    00000010     sys_main.obj (.text)
                  0001ad1c    0000000e     rtsv7R4_T_be_v3D16_eabi.lib : copy_decompress_none.c.obj (.text:decompress:none:__TI_decompress_none)
                  0001ad2a    0000000c                                 : copy_zero_init.c.obj (.text:decompress:ZI:__TI_zero_init)
                  0001ad36    0000000a                                 : sprintf.c.obj (.text:_outc)
                  0001ad40    00000008                                 : errno.c.obj (.text:__aeabi_errno_addr)
                  0001ad48    00000004                                 : exit.c.obj (.text:abort:abort)
                  0001ad4c    00000004     sys_phantom.obj (.text:retain)
                  0001ad50    00000004     sys_startup.obj (.text)

.const     0    0001ad54    000002ba     
                  0001ad54    00000180     sys_vim.obj (.const:s_vim_init)
                  0001aed4    00000101     rtsv7R4_T_be_v3D16_eabi.lib : ctype.c.obj (.const:.string:_ctypes_)
                  0001afd5    00000012     ff.obj (.const:.string:badchr$1)
                  0001afe7    00000001     --HOLE-- [fill = 0]
                  0001afe8    0000000e     ff.obj (.const:cst$2)
                  0001aff6    0000000e     ff.obj (.const:cst32$3)
                  0001b004    0000000a     ff.obj (.const:.string:DbcTbl)

.cinit     0    0001b010    00000030     
                  0001b010    0000000c     (__TI_handler_table)
                  0001b01c    00000009     (.cinit..data.load) [load image, compression = lzss]
                  0001b025    00000003     --HOLE-- [fill = 0]
                  0001b028    00000008     (.cinit..bss.load) [load image, compression = zero_init]
                  0001b030    00000010     (__TI_cinit_table)

.bss       0    08001500    00000ca0     UNINITIALIZED
                  08001500    00000410     (.common:MCB_Data)
                  08001910    00000230     (.common:fs)
                  08001b40    00000228     (.common:file)
                  08001d68    00000138     (.common:test_outC)
                  08001ea0    000000b0     (.common:Receive_Machine_Parameters)
                  08001f50    000000a4     (.common:test_inC)
                  08001ff4    00000090     (.common:Transmit_Machine_Parameters)
                  08002084    00000078     spi.obj (.bss:g_spiPacket_t)
                  080020fc    00000002     ff.obj (.bss)
                  080020fe    00000001     (.common:SD_Type)
                  080020ff    00000001     (.common:sd_card_status)
                  08002100    00000058     (.common:SDCardInfo)
                  08002158    00000028     sci.obj (.bss:g_sciTransfer_t)
                  08002180    00000010     (.common:device_status)
                  08002190    00000008     ff.obj (.bss:FatFs)
                  08002198    00000008     global_Init.obj (.bss)

.data      0    080021a0    00000060     UNINITIALIZED
                  080021a0    0000001e     test.obj (.data:dir$1)
                  080021be    00000001     rs232.obj (.data)
                  080021bf    00000001     --HOLE--
                  080021c0    0000000c     user_main.obj (.data)
                  080021cc    0000000a     dac5689.obj (.data:InputBuf)
                  080021d6    0000000a     dac5689.obj (.data:OutputBuf)
                  080021e0    0000000a     rs232.obj (.data:temp_Recive_buf)
                  080021ea    00000008     init.obj (.data)
                  080021f2    00000002     --HOLE--
                  080021f4    00000004     notification.obj (.data)
                  080021f8    00000004     rtsv7R4_T_be_v3D16_eabi.lib : errno.c.obj (.data)
                  080021fc    00000004     sdcard.obj (.data)

__llvm_prf_cnts 
*          0    08001500    00000000     UNINITIALIZED

MODULE SUMMARY

       Module                               code     ro data   rw data
       ------                               ----     -------   -------
    .\KCG\
       AutoBrake.obj                        2380     0         0      
       Brake.obj                            1072     0         0      
       stm.obj                              1052     0         0      
       PedalF.obj                           668      0         0      
       TDP.obj                              572      0         0      
       Spindown.obj                         536      0         0      
       SC_SlipControl.obj                   452      0         0      
       PI_Control.obj                       412      0         0      
       Autobrake_ARMtoEnable.obj            340      0         0      
       Brake_Skid.obj                       324      0         0      
       sigle.obj                            316      0         0      
       Lockwheel.obj                        312      0         0      
       SC_LowSpeedMonitor.obj               304      0         0      
       SC_Wheel.obj                         260      0         0      
       BrakeSelect.obj                      256      0         0      
       BrakePress.obj                       248      0         0      
       BrakeInhibit.obj                     220      0         0      
       RTOApplicationDisarmed_.obj          220      0         0      
       Autobrake_Application_Disarmed.obj   204      0         0      
       Counter.obj                          180      0         0      
       OFFtoAutobrakeArmed.obj              176      0         0      
       RTOArmedtoDisarmed_.obj              156      0         0      
       RTOEnabledtoApplication.obj          156      0         0      
       WOW_Processing.obj                   156      0         0      
       AutobrakeArmedtoDisarmed.obj         144      0         0      
       SC_Function.obj                      136      0         0      
       RTOEnabledtoDisarmed_.obj            128      0         0      
       BoolVect2Int16_digital_3.obj         124      0         0      
       OFFtoRTOArmed.obj                    120      0         0      
       AutoBrake_EnabletoDisArm.obj         104      0         0      
       LimiterF32.obj                       100      0         0      
       equ_2.obj                            68       0         0      
       equ_3.obj                            68       0         0      
       equ_4.obj                            68       0         0      
       equ_5.obj                            68       0         0      
       equ_6.obj                            68       0         0      
       RTOArmedtoEnabled.obj                60       0         0      
       Autobrake_EnaletoApplication.obj     52       0         0      
       BTI.obj                              52       0         0      
    +--+------------------------------------+--------+---------+---------+
       Total:                               12332    0         0      
                                                                      
    .\SdCard\
       ff.obj                               24936    56        10     
       sdcard.obj                           3500     0         94     
       diskio.obj                           676      0         0      
    +--+------------------------------------+--------+---------+---------+
       Total:                               29112    56        104    
                                                                      
    .\UserCode\
       sdram.obj                            10472    0         1040   
       init.obj                             9140     0         8      
       test.obj                             3336     0         30     
       Device_control.obj                   1652     0         812    
       SD_card.obj                          344      0         1112   
       dac5689.obj                          756      0         20     
       rs232.obj                            484      0         11     
       global_Init.obj                      232      0         8      
       user_main.obj                        180      0         12     
    +--+------------------------------------+--------+---------+---------+
       Total:                               26596    0         3053   
                                                                      
    .\hal\source\
       sys_selftest.obj                     11484    0         0      
       spi.obj                              3800     0         120    
       sci.obj                              3532     0         40     
       sys_vim.obj                          2856     384       0      
       system.obj                           2916     0         0      
       rti.obj                              1956     0         0      
       esm.obj                              1744     0         0      
       errata_SSWF021_45.obj                1636     0         0      
       pinmux.obj                           1452     0         0      
       gio.obj                              1156     0         0      
       sys_core.obj                         844      0         0      
       sys_startup.obj                      680      0         0      
       notification.obj                     364      0         4      
       dabort.obj                           232      0         0      
       sys_pmu.obj                          224      0         0      
       sys_intvecs.obj                      32       0         0      
       sys_main.obj                         16       0         0      
       sys_phantom.obj                      4        0         0      
    +--+------------------------------------+--------+---------+---------+
       Total:                               34928    384       164    
                                                                      
    C:/ti/ccs1030/ccs/tools/compiler/ti-cgt-arm_20.2.4.LTS/lib/rtsv7R4_T_be_v3D16_eabi.lib
       _printfi.c.obj                       4669     0         0      
       ull_div32.asm.obj                    696      0         0      
       ctype.c.obj                          0        257       0      
       s_scalbn.c.obj                       240      0         0      
       s_floor.c.obj                        224      0         0      
       memcpy_t2.asm.obj                    156      0         0      
       memset_t2.asm.obj                    122      0         0      
       s_frexp.c.obj                        116      0         0      
       copy_decompress_lzss.c.obj           108      0         0      
       sprintf.c.obj                        100      0         0      
       _ltoa.c.obj                          84       0         0      
       atoi.c.obj                           80       0         0      
       u_div32.asm.obj                      80       0         0      
       autoinit.c.obj                       68       0         0      
       memccpy.c.obj                        38       0         0      
       s_copysign.c.obj                     30       0         0      
       strcmp.c.obj                         24       0         0      
       strchr.c.obj                         22       0         0      
       strlen.c.obj                         22       0         0      
       wcslen.c.obj                         18       0         0      
       copy_decompress_none.c.obj           14       0         0      
       copy_zero_init.c.obj                 12       0         0      
       errno.c.obj                          8        0         4      
       exit.c.obj                           4        0         0      
       div0.asm.obj                         2        0         0      
    +--+------------------------------------+--------+---------+---------+
       Total:                               6937     257       4      
                                                                      
       Linker Generated:                    0        45        0      
    +--+------------------------------------+--------+---------+---------+
       Grand Total:                         109905   742       3325   


LINKER GENERATED COPY TABLES

__TI_cinit_table @ 0001b030 records: 2, size/record: 8, table size: 16
	.data: load addr=0001b01c, load size=00000009 bytes, run addr=080021a0, run size=00000060 bytes, compression=lzss
	.bss: load addr=0001b028, load size=00000008 bytes, run addr=08001500, run size=00000ca0 bytes, compression=zero_init


LINKER GENERATED HANDLER TABLE

__TI_handler_table @ 0001b010 records: 3, size/record: 4, table size: 12
	index: 0, handler: __TI_zero_init
	index: 1, handler: __TI_decompress_lzss
	index: 2, handler: __TI_decompress_none


GLOBAL SYMBOLS: SORTED ALPHABETICALLY BY Name 

address   name                                
-------   ----                                
000125a8  AutoBrake                           
0001a738  AutoBrake_EnabletoDisArm            
00012470  AutoBrake_init                      
00012560  AutoBrake_reset                     
0001a2d8  AutobrakeArmedtoDisarmed            
00018ab0  Autobrake_ARMtoEnable               
00018a50  Autobrake_ARMtoEnable_init          
00018a8c  Autobrake_ARMtoEnable_reset         
00019cd4  Autobrake_Application_Disarmed      
0001abf0  Autobrake_EnaletoApplication        
0001ac24  BTI                                 
080021ea  Board_ID                            
0001a470  BoolVect2Int16_digital_3            
00015ba0  Brake                               
00019b1c  BrakeInhibit                        
000195a4  BrakePress                          
000193a8  BrakeSelect                         
00018c28  Brake_Skid                          
00018ba4  Brake_Skid_init                     
00018c04  Brake_Skid_reset                    
00015950  Brake_init                          
00015b54  Brake_reset                         
0001ad49  C$$EXIT                             
00018098  CRC_AND                             
00019de4  Counter                             
00019da0  Counter_init                        
00019dc8  Counter_reset                       
00016880  DAC5689_Init                        
00016b14  DAC5689_SetVoltage_mv               
000136d4  Data_interaction                    
080021f0  Device_DATA_LEN                     
080021c4  File_Name                           
0000b440  GetBit                              
0000d840  Get_Bench_Mode                      
0000d778  Get_Master_Slave                    
0000b61c  Get_Odd_value                       
0000b4b8  Get_sdram_FWE                       
080021cc  InputBuf                            
00014698  IsdwdKeySequenceCorrect             
0001a7a0  LimiterF32                          
00018e84  Lockwheel                           
00018e24  Lockwheel_init                      
00018e60  Lockwheel_reset                     
08001500  MCB_Data                            
00019f08  OFFtoAutobrakeArmed                 
0001a5e0  OFFtoRTOArmed                       
0000d714  Other_GPIO_Init                     
080021d6  OutputBuf                           
000184f8  PI_Control                          
00018484  PI_Control_init                     
000184c4  PI_Control_reset                    
00017374  PedalF                              
0000f784  RS232_Process                       
00017f3c  RS232_Send                          
00019bf8  RTOApplicationDisarmed_             
0001a068  RTOArmedtoDisarmed_                 
0001abb4  RTOArmedtoEnabled                   
0001a104  RTOEnabledtoApplication             
0001a3f0  RTOEnabledtoDisarmed_               
0000fcb0  Read_Data_Process                   
08001ea0  Receive_Machine_Parameters          
0001a3a4  SC_Function                         
0001a368  SC_Function_init                    
0001a38c  SC_Function_reset                   
00018fa0  SC_LowSpeedMonitor                  
00018f5c  SC_LowSpeedMonitor_init             
00018f84  SC_LowSpeedMonitor_reset            
0001818c  SC_SlipControl                      
00018120  SC_SlipControl_init                 
0001815c  SC_SlipControl_reset                
000191e8  SC_Wheel                            
000191a0  SC_Wheel_init                       
000191d0  SC_Wheel_reset                      
08002100  SDCardInfo                          
080021ec  SDRAM_READ_DATA_LEN                 
000098e8  SDRAM_Read                          
00008f40  SDRAM_Read_Data                     
080021c0  SDRAM_RxTx                          
00008f08  SDRAM_Set_IO_To_Read_Mode           
0000a180  SDRAM_Set_IO_To_Write_Mode          
080021ee  SDRAM_WRITE_DATA_LEN                
0000a988  SDRAM_Write                         
0000a1d0  SDRAM_Write_Data                    
0000d6d8  SD_GPIO_Init                        
0000f54c  SD_GetCID                           
0000f72c  SD_GetCSD                           
0000f594  SD_GetCapacity                      
0000ea00  SD_Init                             
0000feb4  SD_Process                          
080021c1  SD_Process_Flag                     
080021c2  SD_Process_Mode                     
0000f38c  SD_ReadMultiBlock                   
0000f300  SD_ReadSingleBlock                  
0000f46c  SD_ReceiveData                      
0000ee98  SD_Reset                            
080020fe  SD_Type                             
0000f2b0  SD_WaitReady                        
0000f0f4  SD_WriteMultiBlock                  
0000ef70  SD_WriteSingleBlock                 
0000ed30  SD_Write_Cmd                        
0000edf0  SD_Write_Cmd_NoDeassert             
UNDEFED   SHT$$INIT_ARRAY$$Base               
UNDEFED   SHT$$INIT_ARRAY$$Limit              
0000ec28  SPI_ReadWriteByte                   
080021fc  SPI_Speed                           
000188f8  SdCard_Maintenance                  
00008e64  Sdram_Init                          
00013694  Set_ABSW                            
00013654  Set_SOV                             
000138f4  Signal_Output_Control               
00016978  SpiReadWrite                        
0000e4b8  SpiRxStatus                         
0000e42c  SpiTxStatus                         
00017d9c  Spindown                            
00017d24  Spindown_init                       
00017d78  Spindown_reset                      
00017b6c  TDP                                 
00017ae8  TDP_init                            
00017b3c  TDP_reset                           
0001023c  TEST_SDRAM_Write                    
000102b4  Test_Sdram_Data_Process             
000139f4  Transmit_Data_Process               
08001ff4  Transmit_Machine_Parameters         
0001a1a0  WOW_Processing                      
000168bc  WriteData                           
00016900  WriteRegister                       
0000fa38  Write_Data_Process                  
0001b030  __TI_CINIT_Base                     
0001b040  __TI_CINIT_Limit                    
0001b010  __TI_Handler_Table_Base             
0001b01c  __TI_Handler_Table_Limit            
00016878  __TI_PINIT_Base                     
0001687c  __TI_PINIT_Limit                    
0001a99d  __TI_auto_init_nobinit_nopinit      
0001a6cd  __TI_decompress_lzss                
0001ad1d  __TI_decompress_none                
0001a805  __TI_ltoa                           
ffffffff  __TI_pprof_out_hndl                 
00010ff1  __TI_printfi                        
ffffffff  __TI_prof_data_size                 
ffffffff  __TI_prof_data_start                
00000000  __TI_static_base__                  
0001ad2b  __TI_zero_init                      
0001ad41  __aeabi_errno_addr                  
00011a3b  __aeabi_idiv0                       
00011a3b  __aeabi_ldiv0                       
0001a567  __aeabi_memclr                      
0001a567  __aeabi_memclr4                     
0001a567  __aeabi_memclr8                     
0001a23d  __aeabi_memcpy                      
0001a23d  __aeabi_memcpy4                     
0001a23d  __aeabi_memcpy8                     
0001a569  __aeabi_memset                      
0001a569  __aeabi_memset4                     
0001a569  __aeabi_memset8                     
0001a94c  __aeabi_uidiv                       
0001a94c  __aeabi_uidivmod                    
00016b74  __aeabi_uldivmod                    
ffffffff  __binit__                           
ffffffff  __c_args__                          
08001500  __start___llvm_prf_cnts             
08001500  __stop___llvm_prf_cnts              
000170d0  _c_int00                            
00016790  _coreClearAuxiliaryDataFault_       
000167a4  _coreClearAuxiliaryInstructionFault_
00016768  _coreClearDataFaultAddress_         
00016740  _coreClearDataFault_                
0001677c  _coreClearInstructionFaultAddress_  
00016754  _coreClearInstructionFault_         
000166d4  _coreDisableEventBusExport_         
00016718  _coreDisableFlashEcc_               
000166f4  _coreDisableRamEcc_                 
000166c4  _coreEnableEventBusExport_          
00016704  _coreEnableFlashEcc_                
00016728  _coreEnableIrqVicOffset_            
000166e4  _coreEnableRamEcc_                  
000166ac  _coreEnableVfp_                     
00016788  _coreGetAuxiliaryDataFault_         
0001679c  _coreGetAuxiliaryInstructionFault_  
00016760  _coreGetDataFaultAddress_           
00016738  _coreGetDataFault_                  
00016774  _coreGetInstructionFaultAddress_    
0001674c  _coreGetInstructionFault_           
00016534  _coreInitRegisters_                 
00016640  _coreInitStackPointer_              
0001aed4  _ctypes_                            
0001978c  _dabort                             
000167b8  _disable_FIQ_interrupt_             
000167c0  _disable_IRQ_interrupt_             
000167b0  _disable_interrupt_                 
000167c8  _enable_interrupt_                  
00016858  _errata_CORTEXR4_57_                
00016868  _errata_CORTEXR4_66_                
00013cc8  _errata_SSWF021_45_both_plls        
00013ebc  _errata_SSWF021_45_pll1             
00014034  _errata_SSWF021_45_pll2             
000167d0  _esmCcmErrorsClear_                 
0001668c  _getCPSRValue_                      
00016694  _gotoCPUIdle_                       
00019a98  _pmuDisableCountersGlobal_          
00019a88  _pmuEnableCountersGlobal_           
00019af4  _pmuGetCycleCount_                  
00019afc  _pmuGetEventCount_                  
00019b08  _pmuGetOverflow_                    
00019a3c  _pmuInit_                           
00019ac8  _pmuResetCounters_                  
00019aa8  _pmuResetCycleCounter_              
00019ab8  _pmuResetEventCounters_             
00019ae8  _pmuSetCountEvent_                  
00019ad8  _pmuStartCounters_                  
00019ae0  _pmuStopCounters_                   
UNDEFED   _system_post_cinit                  
0001ad49  abort                               
000073d4  adc1ParityCheck                     
000074c0  adc2ParityCheck                     
0001a8fd  atoi                                
ffffffff  binit                               
00007578  can1ParityCheck                     
00007650  can2ParityCheck                     
0000b5dc  can2_tx_SetBit                      
00007718  can3ParityCheck                     
00006198  ccmSelfCheck                        
00008864  ccmr4GetConfigValue                 
00006aa0  checkB0RAMECC                       
00006c90  checkB1RAMECC                       
00007d80  checkClockMonitor                   
00006e80  checkFlashECC                       
00007e5c  checkFlashEEPROMECC                 
00007ff4  checkPLL1Slip                       
000080f4  checkPLL2Slip                       
000081b8  checkRAMAddrParity                  
00007b38  checkRAMECC                         
000082c4  checkRAMUERRTest                    
00006924  checkefcSelfTest                    
0001ac7f  copysign                            
0001ac7f  copysignl                           
0000639c  cpuSelfTest                         
00006f64  cpuSelfTestFail                     
00010f14  customTrimLPO                       
00006f5c  custom_dabort                       
00019900  delay_ms                            
00019874  delay_ns                            
000198ac  delay_us                            
08002180  device_status                       
0000b7ec  device_status_init                  
00008cc0  disableParity                       
00016e40  disk_initialize                     
00016fe0  disk_ioctl                          
00016e80  disk_read                           
00016e2c  disk_status                         
00016f38  disk_write                          
00018770  dmaGroupANotification               
00007014  dmaParityCheck                      
00014700  dwdClearFlag                        
00014634  dwdCounterEnable                    
0001467c  dwdGenerateSysReset                 
000146cc  dwdGetStatus                        
00014710  dwdGetViolationStatus               
000145b8  dwdInit                             
00014660  dwdReset                            
00014644  dwdSetPreload                       
00014628  dwwdGetCurrentDownCounter           
000145e0  dwwdInit                            
00018748  edgeNotification                    
000067c8  efcCheck                            
000087c8  efcGetConfigValue                   
000068fc  efcSelfTest                         
00006850  efcStuckZeroTest                    
00008c38  enableParity                        
0001a9e0  equ_2                               
0001aa24  equ_3                               
0001aa68  equ_4                               
0001aaac  equ_5                               
0001aaf0  equ_6                               
000088d4  errata_PBIST_4                      
080021f8  errno                               
00014ae8  esmActivateNormalOperation          
00014bbc  esmClearStatus                      
00014bfc  esmClearStatusBuffer                
00014ab0  esmDisableError                     
00014b20  esmDisableInterrupt                 
00014a88  esmEnableError                      
00014af8  esmEnableInterrupt                  
00014cf4  esmEnterSelfTest                    
00014a6c  esmError                            
00014dcc  esmGetConfigValue                   
00014c38  esmGetStatus                        
00014cbc  esmGetStatusBuffer                  
00018620  esmGroup1Notification               
00018630  esmGroup2Notification               
0001908c  esmHighInterrupt                    
00014964  esmInit                             
00014d7c  esmSelfTestStatus                   
00014c18  esmSetCounterPreloadValue           
00014b48  esmSetInterruptLevel                
00014ad8  esmTriggerErrorPinReset             
00003618  f_close                             
00003b8c  f_closedir                          
00003c7c  f_deldir                            
00003dfc  f_getfree                           
000047e4  f_getlabel                          
00005920  f_gets                              
00003668  f_lseek                             
00004388  f_mkdir                             
00004c88  f_mkfs                              
0000270c  f_mount                             
000027cc  f_open                              
00003a78  f_opendir                           
00005be4  f_printf                            
00005b4c  f_putc                              
00005b84  f_puts                              
00002c1c  f_read                              
00003bc4  f_readdir                           
000045a0  f_rename                            
000049bc  f_setlabel                          
00003d74  f_stat                              
000034c8  f_sync                              
00004038  f_truncate                          
0000420c  f_unlink                            
00003014  f_write                             
08001b40  file                                
0001995d  floor                               
0001995d  floorl                              
0000842c  fmcBus1ParityCheck                  
000069c4  fmcBus2Check                        
00006a00  fmcECCcheck                         
0001a659  frexp                               
0001a659  frexpl                              
08001910  fs                                  
0000e9d8  get_SD_card_online_status           
000170c0  get_fattime                         
0000b574  get_sdram_DATA_A12                  
0001572c  gioDisableNotification              
000156c4  gioEnableNotification               
0001562c  gioGetBit                           
00015794  gioGetConfigValue                   
00015654  gioGetPort                          
000154cc  gioInit                             
000186bc  gioNotification                     
000155bc  gioSetBit                           
0001559c  gioSetDirection                     
0001560c  gioSetPort                          
0001566c  gioToggleBit                        
0001ad50  handlePLLLockFail                   
000070c0  het1ParityCheck                     
00007228  het2ParityCheck                     
0001875c  hetNotification                     
0000716c  htu1ParityCheck                     
00007324  htu2ParityCheck                     
0000b74c  initialization                      
0001969d  ldexp                               
0001969d  ldexpl                              
00016310  linHighLevelInterrupt               
0001ad0c  main                                
000105f4  mapClocks                           
0001ac59  memccpy                             
0001a23d  memcpy                              
000062dc  memoryInit                          
00018640  memoryPort0TestFailNotification     
0001865c  memoryPort1TestFailNotification     
0001a56f  memset                              
000077ec  mibspi1ParityCheck                  
000078f4  mibspi3ParityCheck                  
00007a18  mibspi5ParityCheck                  
000186e4  mibspiGroupNotification             
000186d0  mibspiNotification                  
00014f20  muxInit                             
00008554  pbistFail                           
000085d8  pbistGetConfigValue                 
00006710  pbistIsTestCompleted                
0000673c  pbistIsTestPassed                   
00006770  pbistPortTestStatus                 
00006614  pbistRun                            
00006434  pbistSelfCheck                      
000066e0  pbistStop                           
000105a0  periphInit                          
0001ad4c  phantomInterrupt                    
00015208  pinmuxGetConfigValue                
00018730  pwmNotification                     
00000000  resetEntry                          
080021be  rs232_recive_len                    
0001878c  rtiCompare0Interrupt                
000187d4  rtiCompare1Interrupt                
0001881c  rtiCompare3Interrupt                
000147c0  rtiDisableNotification              
00014798  rtiEnableNotification               
000147dc  rtiGetConfigValue                   
0001452c  rtiGetCurrentTick                   
00014504  rtiGetPeriod                        
0001432c  rtiInit                             
00018678  rtiNotification                     
00018864  rtiOverflow0Interrupt               
000188ac  rtiOverflow1Interrupt               
00014478  rtiResetCounter                     
000144dc  rtiSetPeriod                        
00014420  rtiStartCounter                     
0001444c  rtiStopCounter                      
0001969d  scalbn                              
0001969d  scalbnl                             
00011fec  sciDisableLoopback                  
00012078  sciDisableNotification              
00011fb8  sciEnableLoopback                   
00012010  sciEnableNotification               
000120e0  sciEnterResetState                  
00012100  sciExitResetState                   
00012120  sciGetConfigValue                   
0001619c  sciHighLevelInterrupt               
00011a3c  sciInit                             
00011e68  sciIsIdleDetected                   
00011e4c  sciIsRxReady                        
00011ccc  sciIsTxReady                        
00017fa8  sciNotification                     
00011ee0  sciReceive                          
00011eb4  sciReceiveByte                      
00011e84  sciRxError                          
00011d18  sciSend                             
00011ce8  sciSendByte                         
00011c30  sciSetBaudrate                      
00011c10  sciSetFunctional                    
00012278  scilinGetConfigValue                
080020ff  sd_card_status                      
00006188  selftestFailNotification            
0000b59c  set_sdram_DATA_A12                  
0000b534  set_sdram_DWE                       
0000b478  set_sdram_clk                       
0000b4f4  set_sdram_cs                        
00010560  setupFlash                          
0001048c  setupPLL                            
00018d2c  sigle                               
00018ce8  sigle_init                          
00018d10  sigle_reset                         
0000e5f0  spi1GetConfigValue                  
0000e780  spi3GetConfigValue                  
0000e578  spiDisableLoopback                  
0000e5c4  spiDisableNotification              
0000e544  spiEnableLoopback                   
0000e594  spiEnableNotification               
00018720  spiEndNotification                  
0000de94  spiGetData                          
0000db00  spiInit                             
0001870c  spiNotification                     
0000dd78  spiReceiveData                      
0000e2ec  spiSendAndGetData                   
0000e0b8  spiSendData                         
0000dd58  spiSetFunctional                    
0000e1b0  spiTransmitAndReceiveData           
0000df8c  spiTransmitData                     
0001ab75  sprintf                             
00010dd8  sramGetConfigValue                  
00008724  stcGetConfigValue                   
00006320  stcSelfCheck                        
00006f60  stcSelfCheckFail                    
00015e24  stm                                 
00015d80  stm_init                            
00015e08  stm_reset                           
0001accf  strchr                              
0001acb7  strcmp                              
0001ace5  strlen                              
00010818  systemGetConfigValue                
0001071c  systemInit                          
000107e8  systemPowerDown                     
00010c2c  tcmflashGetConfigValue              
080021e0  temp_Recive_buf                     
08001f50  test_inC                            
08001d68  test_outC                           
080021c8  test_us_count                       
000104ec  trimLPO                             
080021f4  us_count                            
00019e54  user_main                           
00012e90  vimChannelMap                       
0001308c  vimDisableInterrupt                 
00012f34  vimEnableInterrupt                  
00013110  vimGetConfigValue                   
00012dbc  vimInit                             
00006f68  vimParityCheck                      
00017610  vimParityErrorHandler               
0001acfb  wcslen                              


GLOBAL SYMBOLS: SORTED BY Symbol Address 

address   name                                
-------   ----                                
00000000  __TI_static_base__                  
00000000  resetEntry                          
0000270c  f_mount                             
000027cc  f_open                              
00002c1c  f_read                              
00003014  f_write                             
000034c8  f_sync                              
00003618  f_close                             
00003668  f_lseek                             
00003a78  f_opendir                           
00003b8c  f_closedir                          
00003bc4  f_readdir                           
00003c7c  f_deldir                            
00003d74  f_stat                              
00003dfc  f_getfree                           
00004038  f_truncate                          
0000420c  f_unlink                            
00004388  f_mkdir                             
000045a0  f_rename                            
000047e4  f_getlabel                          
000049bc  f_setlabel                          
00004c88  f_mkfs                              
00005920  f_gets                              
00005b4c  f_putc                              
00005b84  f_puts                              
00005be4  f_printf                            
00006188  selftestFailNotification            
00006198  ccmSelfCheck                        
000062dc  memoryInit                          
00006320  stcSelfCheck                        
0000639c  cpuSelfTest                         
00006434  pbistSelfCheck                      
00006614  pbistRun                            
000066e0  pbistStop                           
00006710  pbistIsTestCompleted                
0000673c  pbistIsTestPassed                   
00006770  pbistPortTestStatus                 
000067c8  efcCheck                            
00006850  efcStuckZeroTest                    
000068fc  efcSelfTest                         
00006924  checkefcSelfTest                    
000069c4  fmcBus2Check                        
00006a00  fmcECCcheck                         
00006aa0  checkB0RAMECC                       
00006c90  checkB1RAMECC                       
00006e80  checkFlashECC                       
00006f5c  custom_dabort                       
00006f60  stcSelfCheckFail                    
00006f64  cpuSelfTestFail                     
00006f68  vimParityCheck                      
00007014  dmaParityCheck                      
000070c0  het1ParityCheck                     
0000716c  htu1ParityCheck                     
00007228  het2ParityCheck                     
00007324  htu2ParityCheck                     
000073d4  adc1ParityCheck                     
000074c0  adc2ParityCheck                     
00007578  can1ParityCheck                     
00007650  can2ParityCheck                     
00007718  can3ParityCheck                     
000077ec  mibspi1ParityCheck                  
000078f4  mibspi3ParityCheck                  
00007a18  mibspi5ParityCheck                  
00007b38  checkRAMECC                         
00007d80  checkClockMonitor                   
00007e5c  checkFlashEEPROMECC                 
00007ff4  checkPLL1Slip                       
000080f4  checkPLL2Slip                       
000081b8  checkRAMAddrParity                  
000082c4  checkRAMUERRTest                    
0000842c  fmcBus1ParityCheck                  
00008554  pbistFail                           
000085d8  pbistGetConfigValue                 
00008724  stcGetConfigValue                   
000087c8  efcGetConfigValue                   
00008864  ccmr4GetConfigValue                 
000088d4  errata_PBIST_4                      
00008c38  enableParity                        
00008cc0  disableParity                       
00008e64  Sdram_Init                          
00008f08  SDRAM_Set_IO_To_Read_Mode           
00008f40  SDRAM_Read_Data                     
000098e8  SDRAM_Read                          
0000a180  SDRAM_Set_IO_To_Write_Mode          
0000a1d0  SDRAM_Write_Data                    
0000a988  SDRAM_Write                         
0000b440  GetBit                              
0000b478  set_sdram_clk                       
0000b4b8  Get_sdram_FWE                       
0000b4f4  set_sdram_cs                        
0000b534  set_sdram_DWE                       
0000b574  get_sdram_DATA_A12                  
0000b59c  set_sdram_DATA_A12                  
0000b5dc  can2_tx_SetBit                      
0000b61c  Get_Odd_value                       
0000b74c  initialization                      
0000b7ec  device_status_init                  
0000d6d8  SD_GPIO_Init                        
0000d714  Other_GPIO_Init                     
0000d778  Get_Master_Slave                    
0000d840  Get_Bench_Mode                      
0000db00  spiInit                             
0000dd58  spiSetFunctional                    
0000dd78  spiReceiveData                      
0000de94  spiGetData                          
0000df8c  spiTransmitData                     
0000e0b8  spiSendData                         
0000e1b0  spiTransmitAndReceiveData           
0000e2ec  spiSendAndGetData                   
0000e42c  SpiTxStatus                         
0000e4b8  SpiRxStatus                         
0000e544  spiEnableLoopback                   
0000e578  spiDisableLoopback                  
0000e594  spiEnableNotification               
0000e5c4  spiDisableNotification              
0000e5f0  spi1GetConfigValue                  
0000e780  spi3GetConfigValue                  
0000e9d8  get_SD_card_online_status           
0000ea00  SD_Init                             
0000ec28  SPI_ReadWriteByte                   
0000ed30  SD_Write_Cmd                        
0000edf0  SD_Write_Cmd_NoDeassert             
0000ee98  SD_Reset                            
0000ef70  SD_WriteSingleBlock                 
0000f0f4  SD_WriteMultiBlock                  
0000f2b0  SD_WaitReady                        
0000f300  SD_ReadSingleBlock                  
0000f38c  SD_ReadMultiBlock                   
0000f46c  SD_ReceiveData                      
0000f54c  SD_GetCID                           
0000f594  SD_GetCapacity                      
0000f72c  SD_GetCSD                           
0000f784  RS232_Process                       
0000fa38  Write_Data_Process                  
0000fcb0  Read_Data_Process                   
0000feb4  SD_Process                          
0001023c  TEST_SDRAM_Write                    
000102b4  Test_Sdram_Data_Process             
0001048c  setupPLL                            
000104ec  trimLPO                             
00010560  setupFlash                          
000105a0  periphInit                          
000105f4  mapClocks                           
0001071c  systemInit                          
000107e8  systemPowerDown                     
00010818  systemGetConfigValue                
00010c2c  tcmflashGetConfigValue              
00010dd8  sramGetConfigValue                  
00010f14  customTrimLPO                       
00010ff1  __TI_printfi                        
00011a3b  __aeabi_idiv0                       
00011a3b  __aeabi_ldiv0                       
00011a3c  sciInit                             
00011c10  sciSetFunctional                    
00011c30  sciSetBaudrate                      
00011ccc  sciIsTxReady                        
00011ce8  sciSendByte                         
00011d18  sciSend                             
00011e4c  sciIsRxReady                        
00011e68  sciIsIdleDetected                   
00011e84  sciRxError                          
00011eb4  sciReceiveByte                      
00011ee0  sciReceive                          
00011fb8  sciEnableLoopback                   
00011fec  sciDisableLoopback                  
00012010  sciEnableNotification               
00012078  sciDisableNotification              
000120e0  sciEnterResetState                  
00012100  sciExitResetState                   
00012120  sciGetConfigValue                   
00012278  scilinGetConfigValue                
00012470  AutoBrake_init                      
00012560  AutoBrake_reset                     
000125a8  AutoBrake                           
00012dbc  vimInit                             
00012e90  vimChannelMap                       
00012f34  vimEnableInterrupt                  
0001308c  vimDisableInterrupt                 
00013110  vimGetConfigValue                   
00013654  Set_SOV                             
00013694  Set_ABSW                            
000136d4  Data_interaction                    
000138f4  Signal_Output_Control               
000139f4  Transmit_Data_Process               
00013cc8  _errata_SSWF021_45_both_plls        
00013ebc  _errata_SSWF021_45_pll1             
00014034  _errata_SSWF021_45_pll2             
0001432c  rtiInit                             
00014420  rtiStartCounter                     
0001444c  rtiStopCounter                      
00014478  rtiResetCounter                     
000144dc  rtiSetPeriod                        
00014504  rtiGetPeriod                        
0001452c  rtiGetCurrentTick                   
000145b8  dwdInit                             
000145e0  dwwdInit                            
00014628  dwwdGetCurrentDownCounter           
00014634  dwdCounterEnable                    
00014644  dwdSetPreload                       
00014660  dwdReset                            
0001467c  dwdGenerateSysReset                 
00014698  IsdwdKeySequenceCorrect             
000146cc  dwdGetStatus                        
00014700  dwdClearFlag                        
00014710  dwdGetViolationStatus               
00014798  rtiEnableNotification               
000147c0  rtiDisableNotification              
000147dc  rtiGetConfigValue                   
00014964  esmInit                             
00014a6c  esmError                            
00014a88  esmEnableError                      
00014ab0  esmDisableError                     
00014ad8  esmTriggerErrorPinReset             
00014ae8  esmActivateNormalOperation          
00014af8  esmEnableInterrupt                  
00014b20  esmDisableInterrupt                 
00014b48  esmSetInterruptLevel                
00014bbc  esmClearStatus                      
00014bfc  esmClearStatusBuffer                
00014c18  esmSetCounterPreloadValue           
00014c38  esmGetStatus                        
00014cbc  esmGetStatusBuffer                  
00014cf4  esmEnterSelfTest                    
00014d7c  esmSelfTestStatus                   
00014dcc  esmGetConfigValue                   
00014f20  muxInit                             
00015208  pinmuxGetConfigValue                
000154cc  gioInit                             
0001559c  gioSetDirection                     
000155bc  gioSetBit                           
0001560c  gioSetPort                          
0001562c  gioGetBit                           
00015654  gioGetPort                          
0001566c  gioToggleBit                        
000156c4  gioEnableNotification               
0001572c  gioDisableNotification              
00015794  gioGetConfigValue                   
00015950  Brake_init                          
00015b54  Brake_reset                         
00015ba0  Brake                               
00015d80  stm_init                            
00015e08  stm_reset                           
00015e24  stm                                 
0001619c  sciHighLevelInterrupt               
00016310  linHighLevelInterrupt               
00016534  _coreInitRegisters_                 
00016640  _coreInitStackPointer_              
0001668c  _getCPSRValue_                      
00016694  _gotoCPUIdle_                       
000166ac  _coreEnableVfp_                     
000166c4  _coreEnableEventBusExport_          
000166d4  _coreDisableEventBusExport_         
000166e4  _coreEnableRamEcc_                  
000166f4  _coreDisableRamEcc_                 
00016704  _coreEnableFlashEcc_                
00016718  _coreDisableFlashEcc_               
00016728  _coreEnableIrqVicOffset_            
00016738  _coreGetDataFault_                  
00016740  _coreClearDataFault_                
0001674c  _coreGetInstructionFault_           
00016754  _coreClearInstructionFault_         
00016760  _coreGetDataFaultAddress_           
00016768  _coreClearDataFaultAddress_         
00016774  _coreGetInstructionFaultAddress_    
0001677c  _coreClearInstructionFaultAddress_  
00016788  _coreGetAuxiliaryDataFault_         
00016790  _coreClearAuxiliaryDataFault_       
0001679c  _coreGetAuxiliaryInstructionFault_  
000167a4  _coreClearAuxiliaryInstructionFault_
000167b0  _disable_interrupt_                 
000167b8  _disable_FIQ_interrupt_             
000167c0  _disable_IRQ_interrupt_             
000167c8  _enable_interrupt_                  
000167d0  _esmCcmErrorsClear_                 
00016858  _errata_CORTEXR4_57_                
00016868  _errata_CORTEXR4_66_                
00016878  __TI_PINIT_Base                     
0001687c  __TI_PINIT_Limit                    
00016880  DAC5689_Init                        
000168bc  WriteData                           
00016900  WriteRegister                       
00016978  SpiReadWrite                        
00016b14  DAC5689_SetVoltage_mv               
00016b74  __aeabi_uldivmod                    
00016e2c  disk_status                         
00016e40  disk_initialize                     
00016e80  disk_read                           
00016f38  disk_write                          
00016fe0  disk_ioctl                          
000170c0  get_fattime                         
000170d0  _c_int00                            
00017374  PedalF                              
00017610  vimParityErrorHandler               
00017ae8  TDP_init                            
00017b3c  TDP_reset                           
00017b6c  TDP                                 
00017d24  Spindown_init                       
00017d78  Spindown_reset                      
00017d9c  Spindown                            
00017f3c  RS232_Send                          
00017fa8  sciNotification                     
00018098  CRC_AND                             
00018120  SC_SlipControl_init                 
0001815c  SC_SlipControl_reset                
0001818c  SC_SlipControl                      
00018484  PI_Control_init                     
000184c4  PI_Control_reset                    
000184f8  PI_Control                          
00018620  esmGroup1Notification               
00018630  esmGroup2Notification               
00018640  memoryPort0TestFailNotification     
0001865c  memoryPort1TestFailNotification     
00018678  rtiNotification                     
000186bc  gioNotification                     
000186d0  mibspiNotification                  
000186e4  mibspiGroupNotification             
0001870c  spiNotification                     
00018720  spiEndNotification                  
00018730  pwmNotification                     
00018748  edgeNotification                    
0001875c  hetNotification                     
00018770  dmaGroupANotification               
0001878c  rtiCompare0Interrupt                
000187d4  rtiCompare1Interrupt                
0001881c  rtiCompare3Interrupt                
00018864  rtiOverflow0Interrupt               
000188ac  rtiOverflow1Interrupt               
000188f8  SdCard_Maintenance                  
00018a50  Autobrake_ARMtoEnable_init          
00018a8c  Autobrake_ARMtoEnable_reset         
00018ab0  Autobrake_ARMtoEnable               
00018ba4  Brake_Skid_init                     
00018c04  Brake_Skid_reset                    
00018c28  Brake_Skid                          
00018ce8  sigle_init                          
00018d10  sigle_reset                         
00018d2c  sigle                               
00018e24  Lockwheel_init                      
00018e60  Lockwheel_reset                     
00018e84  Lockwheel                           
00018f5c  SC_LowSpeedMonitor_init             
00018f84  SC_LowSpeedMonitor_reset            
00018fa0  SC_LowSpeedMonitor                  
0001908c  esmHighInterrupt                    
000191a0  SC_Wheel_init                       
000191d0  SC_Wheel_reset                      
000191e8  SC_Wheel                            
000193a8  BrakeSelect                         
000195a4  BrakePress                          
0001969d  ldexp                               
0001969d  ldexpl                              
0001969d  scalbn                              
0001969d  scalbnl                             
0001978c  _dabort                             
00019874  delay_ns                            
000198ac  delay_us                            
00019900  delay_ms                            
0001995d  floor                               
0001995d  floorl                              
00019a3c  _pmuInit_                           
00019a88  _pmuEnableCountersGlobal_           
00019a98  _pmuDisableCountersGlobal_          
00019aa8  _pmuResetCycleCounter_              
00019ab8  _pmuResetEventCounters_             
00019ac8  _pmuResetCounters_                  
00019ad8  _pmuStartCounters_                  
00019ae0  _pmuStopCounters_                   
00019ae8  _pmuSetCountEvent_                  
00019af4  _pmuGetCycleCount_                  
00019afc  _pmuGetEventCount_                  
00019b08  _pmuGetOverflow_                    
00019b1c  BrakeInhibit                        
00019bf8  RTOApplicationDisarmed_             
00019cd4  Autobrake_Application_Disarmed      
00019da0  Counter_init                        
00019dc8  Counter_reset                       
00019de4  Counter                             
00019e54  user_main                           
00019f08  OFFtoAutobrakeArmed                 
0001a068  RTOArmedtoDisarmed_                 
0001a104  RTOEnabledtoApplication             
0001a1a0  WOW_Processing                      
0001a23d  __aeabi_memcpy                      
0001a23d  __aeabi_memcpy4                     
0001a23d  __aeabi_memcpy8                     
0001a23d  memcpy                              
0001a2d8  AutobrakeArmedtoDisarmed            
0001a368  SC_Function_init                    
0001a38c  SC_Function_reset                   
0001a3a4  SC_Function                         
0001a3f0  RTOEnabledtoDisarmed_               
0001a470  BoolVect2Int16_digital_3            
0001a567  __aeabi_memclr                      
0001a567  __aeabi_memclr4                     
0001a567  __aeabi_memclr8                     
0001a569  __aeabi_memset                      
0001a569  __aeabi_memset4                     
0001a569  __aeabi_memset8                     
0001a56f  memset                              
0001a5e0  OFFtoRTOArmed                       
0001a659  frexp                               
0001a659  frexpl                              
0001a6cd  __TI_decompress_lzss                
0001a738  AutoBrake_EnabletoDisArm            
0001a7a0  LimiterF32                          
0001a805  __TI_ltoa                           
0001a8fd  atoi                                
0001a94c  __aeabi_uidiv                       
0001a94c  __aeabi_uidivmod                    
0001a99d  __TI_auto_init_nobinit_nopinit      
0001a9e0  equ_2                               
0001aa24  equ_3                               
0001aa68  equ_4                               
0001aaac  equ_5                               
0001aaf0  equ_6                               
0001ab75  sprintf                             
0001abb4  RTOArmedtoEnabled                   
0001abf0  Autobrake_EnaletoApplication        
0001ac24  BTI                                 
0001ac59  memccpy                             
0001ac7f  copysign                            
0001ac7f  copysignl                           
0001acb7  strcmp                              
0001accf  strchr                              
0001ace5  strlen                              
0001acfb  wcslen                              
0001ad0c  main                                
0001ad1d  __TI_decompress_none                
0001ad2b  __TI_zero_init                      
0001ad41  __aeabi_errno_addr                  
0001ad49  C$$EXIT                             
0001ad49  abort                               
0001ad4c  phantomInterrupt                    
0001ad50  handlePLLLockFail                   
0001aed4  _ctypes_                            
0001b010  __TI_Handler_Table_Base             
0001b01c  __TI_Handler_Table_Limit            
0001b030  __TI_CINIT_Base                     
0001b040  __TI_CINIT_Limit                    
08001500  MCB_Data                            
08001500  __start___llvm_prf_cnts             
08001500  __stop___llvm_prf_cnts              
08001910  fs                                  
08001b40  file                                
08001d68  test_outC                           
08001ea0  Receive_Machine_Parameters          
08001f50  test_inC                            
08001ff4  Transmit_Machine_Parameters         
080020fe  SD_Type                             
080020ff  sd_card_status                      
08002100  SDCardInfo                          
08002180  device_status                       
080021be  rs232_recive_len                    
080021c0  SDRAM_RxTx                          
080021c1  SD_Process_Flag                     
080021c2  SD_Process_Mode                     
080021c4  File_Name                           
080021c8  test_us_count                       
080021cc  InputBuf                            
080021d6  OutputBuf                           
080021e0  temp_Recive_buf                     
080021ea  Board_ID                            
080021ec  SDRAM_READ_DATA_LEN                 
080021ee  SDRAM_WRITE_DATA_LEN                
080021f0  Device_DATA_LEN                     
080021f4  us_count                            
080021f8  errno                               
080021fc  SPI_Speed                           
ffffffff  __TI_pprof_out_hndl                 
ffffffff  __TI_prof_data_size                 
ffffffff  __TI_prof_data_start                
ffffffff  __binit__                           
ffffffff  __c_args__                          
ffffffff  binit                               
UNDEFED   SHT$$INIT_ARRAY$$Base               
UNDEFED   SHT$$INIT_ARRAY$$Limit              
UNDEFED   _system_post_cinit                  

[477 symbols]
