******************************************************************************
                  TI ARM Linker PC v20.2.4                     
******************************************************************************
>> Linked Mon Jan 17 11:44:22 2022

OUTPUT FILE NAME:   <TMS570LS3137_BCMU_MCB.out>
ENTRY POINT SYMBOL: "_c_int00"  address: 000171fc


MEMORY CONFIGURATION

         name            origin    length      used     unused   attr    fill
----------------------  --------  ---------  --------  --------  ----  --------
  VECTORS               00000000   00000020  00000020  00000000     X
  FLASH0                00000020   0017ffe0  0001b14a  00164e96  R  X
  FLASH1                00180000   00180000  00000000  00180000  R  X
  STACKS                08000000   00001500  00000000  00001500  RW  
  RAM                   08001500   0003eb00  00000d04  0003ddfc  RW  


SEGMENT ALLOCATION MAP

run origin  load origin   length   init length attrs members
----------  ----------- ---------- ----------- ----- -------
00000000    00000000    0001b170   0001b170    r-x
  00000000    00000000    00000020   00000020    r-x .intvecs
  00000020    00000020    0001ae60   0001ae60    r-x .text
  0001ae80    0001ae80    000002ba   000002ba    r-- .const
  0001b140    0001b140    00000030   00000030    r-- .cinit
08001500    08001500    00000d04   00000000    rw-
  08001500    08001500    00000ca4   00000000    rw- .bss
  080021a4    080021a4    00000060   00000000    rw- .data


SECTION ALLOCATION MAP

 output                                  attributes/
section   page    origin      length       input sections
--------  ----  ----------  ----------   ----------------
.intvecs   0    00000000    00000020     
                  00000000    00000020     sys_intvecs.obj (.intvecs)

.text      0    00000020    0001ae60     
                  00000020    00006168     ff.obj (.text)
                  00006188    00002cdc     sys_selftest.obj (.text)
                  00008e64    00002904     sdram.obj (.text)
                  0000b768    00002494     init.obj (.text)
                  0000dbfc    00000ed8     spi.obj (.text)
                  0000ead4    00000dac     sdcard.obj (.text)
                  0000f880    00000d38     test.obj (.text)
                  000105b8    00000b64     system.obj (.text)
                  0001111c    00000a4a     rtsv7R4_T_be_v3D16_eabi.lib : _printfi.c.obj (.text:__TI_printfi)
                  00011b66    00000002                                 : div0.asm.obj (.text)
                  00011b68    00000a34     sci.obj (.text)
                  0001259c    0000094c     AutoBrake.obj (.text)
                  00012ee8    00000898     sys_vim.obj (.text)
                  00013780    00000674     Device_control.obj (.text)
                  00013df4    00000664     errata_SSWF021_45.obj (.text)
                  00014458    00000638     rti.obj (.text)
                  00014a90    000005bc     esm.obj (.text)
                  0001504c    000005ac     pinmux.obj (.text)
                  000155f8    00000484     gio.obj (.text)
                  00015a7c    00000430     Brake.obj (.text)
                  00015eac    0000041c     stm.obj (.text)
                  000162c8    00000398     sci.obj (.text:retain)
                  00016660    0000034c     sys_core.obj (.text)
                  000169ac    000002f4     dac5689.obj (.text)
                  00016ca0    000002b8     rtsv7R4_T_be_v3D16_eabi.lib : ull_div32.asm.obj (.text)
                  00016f58    000002a4     diskio.obj (.text)
                  000171fc    000002a4     sys_startup.obj (.text:retain)
                  000174a0    0000029c     PedalF.obj (.text)
                  0001773c    00000290     sys_vim.obj (.text:retain)
                  000179cc    00000248     rtsv7R4_T_be_v3D16_eabi.lib : _printfi.c.obj (.text:_pconv_a)
                  00017c14    0000023c     TDP.obj (.text)
                  00017e50    00000218     Spindown.obj (.text)
                  00018068    000001e4     rs232.obj (.text)
                  0001824c    000001c4     SC_SlipControl.obj (.text)
                  00018410    000001a0     rtsv7R4_T_be_v3D16_eabi.lib : _printfi.c.obj (.text:_pconv_g)
                  000185b0    0000019c     PI_Control.obj (.text)
                  0001874c    0000016c     notification.obj (.text)
                  000188b8    0000016c     rti.obj (.text:retain)
                  00018a24    00000158     SD_card.obj (.text)
                  00018b7c    00000154     Autobrake_ARMtoEnable.obj (.text)
                  00018cd0    00000144     Brake_Skid.obj (.text)
                  00018e14    0000013c     sigle.obj (.text)
                  00018f50    00000138     Lockwheel.obj (.text)
                  00019088    00000130     SC_LowSpeedMonitor.obj (.text)
                  000191b8    00000114     esm.obj (.text:retain)
                  000192cc    00000104     SC_Wheel.obj (.text)
                  000193d0    00000104     rtsv7R4_T_be_v3D16_eabi.lib : _printfi.c.obj (.text:_pconv_e)
                  000194d4    00000100     BrakeSelect.obj (.text)
                  000195d4    000000fc     rtsv7R4_T_be_v3D16_eabi.lib : _printfi.c.obj (.text:fcvt)
                  000196d0    000000f8     BrakePress.obj (.text)
                  000197c8    000000f0     rtsv7R4_T_be_v3D16_eabi.lib : s_scalbn.c.obj (.text:scalbn)
                  000198b8    000000e8     dabort.obj (.text)
                  000199a0    000000e8     delay.obj (.text)
                  00019a88    000000e0     rtsv7R4_T_be_v3D16_eabi.lib : s_floor.c.obj (.text:floor)
                  00019b68    000000e0     sys_pmu.obj (.text)
                  00019c48    000000dc     BrakeInhibit.obj (.text)
                  00019d24    000000dc     RTOApplicationDisarmed_.obj (.text)
                  00019e00    000000cc     Autobrake_Application_Disarmed.obj (.text)
                  00019ecc    000000b4     Counter.obj (.text)
                  00019f80    000000b4     user_main.obj (.text)
                  0001a034    000000b0     OFFtoAutobrakeArmed.obj (.text)
                  0001a0e4    000000ad     rtsv7R4_T_be_v3D16_eabi.lib : _printfi.c.obj (.text:_ltostr)
                  0001a191    00000003     --HOLE-- [fill = 0]
                  0001a194    0000009c     RTOArmedtoDisarmed_.obj (.text)
                  0001a230    0000009c     RTOEnabledtoApplication.obj (.text)
                  0001a2cc    0000009c     WOW_Processing.obj (.text)
                  0001a368    0000009c     rtsv7R4_T_be_v3D16_eabi.lib : memcpy_t2.asm.obj (.text)
                  0001a404    00000090     AutobrakeArmedtoDisarmed.obj (.text)
                  0001a494    00000088     SC_Function.obj (.text)
                  0001a51c    00000080     RTOEnabledtoDisarmed_.obj (.text)
                  0001a59c    0000007c     BoolVect2Int16_digital_3.obj (.text)
                  0001a618    0000007a     rtsv7R4_T_be_v3D16_eabi.lib : _printfi.c.obj (.text:_mcpy)
                  0001a692    0000007a                                 : memset_t2.asm.obj (.text)
                  0001a70c    00000078     OFFtoRTOArmed.obj (.text)
                  0001a784    00000074     rtsv7R4_T_be_v3D16_eabi.lib : s_frexp.c.obj (.text:frexp)
                  0001a7f8    0000006c                                 : copy_decompress_lzss.c.obj (.text:decompress:lzss:__TI_decompress_lzss)
                  0001a864    00000068     AutoBrake_EnabletoDisArm.obj (.text)
                  0001a8cc    00000064     LimiterF32.obj (.text)
                  0001a930    00000054     rtsv7R4_T_be_v3D16_eabi.lib : _ltoa.c.obj (.text:__TI_ltoa)
                  0001a984    00000054                                 : _printfi.c.obj (.text:_ecpy)
                  0001a9d8    00000050                                 : _printfi.c.obj (.text:_pconv_f)
                  0001aa28    00000050                                 : atoi.c.obj (.text:atoi)
                  0001aa78    00000050                                 : u_div32.asm.obj (.text)
                  0001aac8    00000044                                 : autoinit.c.obj (.text:__TI_auto_init_nobinit_nopinit:__TI_auto_init_nobinit_nopinit)
                  0001ab0c    00000044     equ_2.obj (.text)
                  0001ab50    00000044     equ_3.obj (.text)
                  0001ab94    00000044     equ_4.obj (.text)
                  0001abd8    00000044     equ_5.obj (.text)
                  0001ac1c    00000044     equ_6.obj (.text)
                  0001ac60    00000040     rtsv7R4_T_be_v3D16_eabi.lib : _printfi.c.obj (.text:_fcpy)
                  0001aca0    00000040                                 : sprintf.c.obj (.text:sprintf)
                  0001ace0    0000003c     RTOArmedtoEnabled.obj (.text)
                  0001ad1c    00000034     Autobrake_EnaletoApplication.obj (.text)
                  0001ad50    00000034     BTI.obj (.text)
                  0001ad84    00000026     rtsv7R4_T_be_v3D16_eabi.lib : memccpy.c.obj (.text:memccpy)
                  0001adaa    0000001e                                 : s_copysign.c.obj (.text:copysign)
                  0001adc8    0000001a                                 : sprintf.c.obj (.text:_outs)
                  0001ade2    00000018                                 : strcmp.c.obj (.text:strcmp)
                  0001adfa    00000016                                 : strchr.c.obj (.text:strchr)
                  0001ae10    00000016                                 : strlen.c.obj (.text:strlen)
                  0001ae26    00000012                                 : wcslen.c.obj (.text:wcslen)
                  0001ae38    00000010     sys_main.obj (.text)
                  0001ae48    0000000e     rtsv7R4_T_be_v3D16_eabi.lib : copy_decompress_none.c.obj (.text:decompress:none:__TI_decompress_none)
                  0001ae56    0000000c                                 : copy_zero_init.c.obj (.text:decompress:ZI:__TI_zero_init)
                  0001ae62    0000000a                                 : sprintf.c.obj (.text:_outc)
                  0001ae6c    00000008                                 : errno.c.obj (.text:__aeabi_errno_addr)
                  0001ae74    00000004                                 : exit.c.obj (.text:abort:abort)
                  0001ae78    00000004     sys_phantom.obj (.text:retain)
                  0001ae7c    00000004     sys_startup.obj (.text)

.const     0    0001ae80    000002ba     
                  0001ae80    00000180     sys_vim.obj (.const:s_vim_init)
                  0001b000    00000101     rtsv7R4_T_be_v3D16_eabi.lib : ctype.c.obj (.const:.string:_ctypes_)
                  0001b101    00000012     ff.obj (.const:.string:badchr$1)
                  0001b113    00000001     --HOLE-- [fill = 0]
                  0001b114    0000000e     ff.obj (.const:cst$2)
                  0001b122    0000000e     ff.obj (.const:cst32$3)
                  0001b130    0000000a     ff.obj (.const:.string:DbcTbl)

.cinit     0    0001b140    00000030     
                  0001b140    0000000c     (__TI_handler_table)
                  0001b14c    00000009     (.cinit..data.load) [load image, compression = lzss]
                  0001b155    00000003     --HOLE-- [fill = 0]
                  0001b158    00000008     (.cinit..bss.load) [load image, compression = zero_init]
                  0001b160    00000010     (__TI_cinit_table)

.bss       0    08001500    00000ca4     UNINITIALIZED
                  08001500    00000410     (.common:MCB_Data)
                  08001910    00000230     (.common:fs)
                  08001b40    00000228     (.common:file)
                  08001d68    00000138     (.common:test_outC)
                  08001ea0    000000b4     (.common:Receive_Machine_Parameters)
                  08001f54    000000a4     (.common:test_inC)
                  08001ff8    00000090     (.common:Transmit_Machine_Parameters)
                  08002088    00000078     spi.obj (.bss:g_spiPacket_t)
                  08002100    00000058     (.common:SDCardInfo)
                  08002158    00000028     sci.obj (.bss:g_sciTransfer_t)
                  08002180    00000010     (.common:device_status)
                  08002190    00000008     ff.obj (.bss:FatFs)
                  08002198    00000008     delay.obj (.bss)
                  080021a0    00000002     ff.obj (.bss)
                  080021a2    00000001     (.common:SD_Type)
                  080021a3    00000001     (.common:sd_card_status)

.data      0    080021a4    00000060     UNINITIALIZED
                  080021a4    0000001e     test.obj (.data:dir$1)
                  080021c2    00000001     rs232.obj (.data)
                  080021c3    00000001     --HOLE--
                  080021c4    0000000c     user_main.obj (.data)
                  080021d0    0000000a     dac5689.obj (.data:InputBuf)
                  080021da    0000000a     dac5689.obj (.data:OutputBuf)
                  080021e4    0000000a     rs232.obj (.data:temp_Recive_buf)
                  080021ee    00000008     init.obj (.data)
                  080021f6    00000002     --HOLE--
                  080021f8    00000004     notification.obj (.data)
                  080021fc    00000004     rtsv7R4_T_be_v3D16_eabi.lib : errno.c.obj (.data)
                  08002200    00000004     sdcard.obj (.data)

__llvm_prf_cnts 
*          0    08001500    00000000     UNINITIALIZED

MODULE SUMMARY

       Module                               code     ro data   rw data
       ------                               ----     -------   -------
    .\KCG\
       AutoBrake.obj                        2380     0         0      
       Brake.obj                            1072     0         0      
       stm.obj                              1052     0         0      
       PedalF.obj                           668      0         0      
       TDP.obj                              572      0         0      
       Spindown.obj                         536      0         0      
       SC_SlipControl.obj                   452      0         0      
       PI_Control.obj                       412      0         0      
       Autobrake_ARMtoEnable.obj            340      0         0      
       Brake_Skid.obj                       324      0         0      
       sigle.obj                            316      0         0      
       Lockwheel.obj                        312      0         0      
       SC_LowSpeedMonitor.obj               304      0         0      
       SC_Wheel.obj                         260      0         0      
       BrakeSelect.obj                      256      0         0      
       BrakePress.obj                       248      0         0      
       BrakeInhibit.obj                     220      0         0      
       RTOApplicationDisarmed_.obj          220      0         0      
       Autobrake_Application_Disarmed.obj   204      0         0      
       Counter.obj                          180      0         0      
       OFFtoAutobrakeArmed.obj              176      0         0      
       RTOArmedtoDisarmed_.obj              156      0         0      
       RTOEnabledtoApplication.obj          156      0         0      
       WOW_Processing.obj                   156      0         0      
       AutobrakeArmedtoDisarmed.obj         144      0         0      
       SC_Function.obj                      136      0         0      
       RTOEnabledtoDisarmed_.obj            128      0         0      
       BoolVect2Int16_digital_3.obj         124      0         0      
       OFFtoRTOArmed.obj                    120      0         0      
       AutoBrake_EnabletoDisArm.obj         104      0         0      
       LimiterF32.obj                       100      0         0      
       equ_2.obj                            68       0         0      
       equ_3.obj                            68       0         0      
       equ_4.obj                            68       0         0      
       equ_5.obj                            68       0         0      
       equ_6.obj                            68       0         0      
       RTOArmedtoEnabled.obj                60       0         0      
       Autobrake_EnaletoApplication.obj     52       0         0      
       BTI.obj                              52       0         0      
    +--+------------------------------------+--------+---------+---------+
       Total:                               12332    0         0      
                                                                      
    .\SdCard\
       ff.obj                               24936    56        10     
       sdcard.obj                           3500     0         94     
       diskio.obj                           676      0         0      
    +--+------------------------------------+--------+---------+---------+
       Total:                               29112    56        104    
                                                                      
    .\UserCode\
       sdram.obj                            10500    0         1040   
       init.obj                             9364     0         8      
       test.obj                             3384     0         30     
       Device_control.obj                   1652     0         816    
       SD_card.obj                          344      0         1112   
       dac5689.obj                          756      0         20     
       rs232.obj                            484      0         11     
       delay.obj                            232      0         8      
       user_main.obj                        180      0         12     
    +--+------------------------------------+--------+---------+---------+
       Total:                               26896    0         3057   
                                                                      
    .\hal\source\
       sys_selftest.obj                     11484    0         0      
       spi.obj                              3800     0         120    
       sci.obj                              3532     0         40     
       sys_vim.obj                          2856     384       0      
       system.obj                           2916     0         0      
       rti.obj                              1956     0         0      
       esm.obj                              1744     0         0      
       errata_SSWF021_45.obj                1636     0         0      
       pinmux.obj                           1452     0         0      
       gio.obj                              1156     0         0      
       sys_core.obj                         844      0         0      
       sys_startup.obj                      680      0         0      
       notification.obj                     364      0         4      
       dabort.obj                           232      0         0      
       sys_pmu.obj                          224      0         0      
       sys_intvecs.obj                      32       0         0      
       sys_main.obj                         16       0         0      
       sys_phantom.obj                      4        0         0      
    +--+------------------------------------+--------+---------+---------+
       Total:                               34928    384       164    
                                                                      
    C:/ti/ccs1030/ccs/tools/compiler/ti-cgt-arm_20.2.4.LTS/lib/rtsv7R4_T_be_v3D16_eabi.lib
       _printfi.c.obj                       4669     0         0      
       ull_div32.asm.obj                    696      0         0      
       ctype.c.obj                          0        257       0      
       s_scalbn.c.obj                       240      0         0      
       s_floor.c.obj                        224      0         0      
       memcpy_t2.asm.obj                    156      0         0      
       memset_t2.asm.obj                    122      0         0      
       s_frexp.c.obj                        116      0         0      
       copy_decompress_lzss.c.obj           108      0         0      
       sprintf.c.obj                        100      0         0      
       _ltoa.c.obj                          84       0         0      
       atoi.c.obj                           80       0         0      
       u_div32.asm.obj                      80       0         0      
       autoinit.c.obj                       68       0         0      
       memccpy.c.obj                        38       0         0      
       s_copysign.c.obj                     30       0         0      
       strcmp.c.obj                         24       0         0      
       strchr.c.obj                         22       0         0      
       strlen.c.obj                         22       0         0      
       wcslen.c.obj                         18       0         0      
       copy_decompress_none.c.obj           14       0         0      
       copy_zero_init.c.obj                 12       0         0      
       errno.c.obj                          8        0         4      
       exit.c.obj                           4        0         0      
       div0.asm.obj                         2        0         0      
    +--+------------------------------------+--------+---------+---------+
       Total:                               6937     257       4      
                                                                      
       Linker Generated:                    0        45        0      
    +--+------------------------------------+--------+---------+---------+
       Grand Total:                         110205   742       3329   


LINKER GENERATED COPY TABLES

__TI_cinit_table @ 0001b160 records: 2, size/record: 8, table size: 16
	.data: load addr=0001b14c, load size=00000009 bytes, run addr=080021a4, run size=00000060 bytes, compression=lzss
	.bss: load addr=0001b158, load size=00000008 bytes, run addr=08001500, run size=00000ca4 bytes, compression=zero_init


LINKER GENERATED HANDLER TABLE

__TI_handler_table @ 0001b140 records: 3, size/record: 4, table size: 12
	index: 0, handler: __TI_zero_init
	index: 1, handler: __TI_decompress_lzss
	index: 2, handler: __TI_decompress_none


GLOBAL SYMBOLS: SORTED ALPHABETICALLY BY Name 

address   name                                
-------   ----                                
000126d4  AutoBrake                           
0001a864  AutoBrake_EnabletoDisArm            
0001259c  AutoBrake_init                      
0001268c  AutoBrake_reset                     
0001a404  AutobrakeArmedtoDisarmed            
00018bdc  Autobrake_ARMtoEnable               
00018b7c  Autobrake_ARMtoEnable_init          
00018bb8  Autobrake_ARMtoEnable_reset         
00019e00  Autobrake_Application_Disarmed      
0001ad1c  Autobrake_EnaletoApplication        
0001ad50  BTI                                 
080021ee  Board_ID                            
0001a59c  BoolVect2Int16_digital_3            
00015ccc  Brake                               
00019c48  BrakeInhibit                        
000196d0  BrakePress                          
000194d4  BrakeSelect                         
00018d54  Brake_Skid                          
00018cd0  Brake_Skid_init                     
00018d30  Brake_Skid_reset                    
00015a7c  Brake_init                          
00015c80  Brake_reset                         
0001ae75  C$$EXIT                             
000181c4  CRC_AND                             
00019f10  Counter                             
00019ecc  Counter_init                        
00019ef4  Counter_reset                       
000169ac  DAC5689_Init                        
00016c40  DAC5689_SetVoltage_mv               
00013800  Data_interaction                    
080021f4  Device_DATA_LEN                     
080021c8  File_Name                           
0000b45c  GetBit                              
0000d914  Get_Bench_Mode                      
0000d84c  Get_Master_Slave                    
0000b638  Get_Odd_value                       
0000b4d4  Get_sdram_FWE                       
080021d0  InputBuf                            
000147c4  IsdwdKeySequenceCorrect             
0001a8cc  LimiterF32                          
00018fb0  Lockwheel                           
00018f50  Lockwheel_init                      
00018f8c  Lockwheel_reset                     
08001500  MCB_Data                            
0001a034  OFFtoAutobrakeArmed                 
0001a70c  OFFtoRTOArmed                       
0000d7e8  Other_GPIO_Init                     
080021da  OutputBuf                           
00018624  PI_Control                          
000185b0  PI_Control_init                     
000185f0  PI_Control_reset                    
000174a0  PedalF                              
0000f880  RS232_Process                       
00018068  RS232_Send                          
00019d24  RTOApplicationDisarmed_             
0001a194  RTOArmedtoDisarmed_                 
0001ace0  RTOArmedtoEnabled                   
0001a230  RTOEnabledtoApplication             
0001a51c  RTOEnabledtoDisarmed_               
0000fdc4  Read_Data_Process                   
08001ea0  Receive_Machine_Parameters          
0001a4d0  SC_Function                         
0001a494  SC_Function_init                    
0001a4b8  SC_Function_reset                   
000190cc  SC_LowSpeedMonitor                  
00019088  SC_LowSpeedMonitor_init             
000190b0  SC_LowSpeedMonitor_reset            
000182b8  SC_SlipControl                      
0001824c  SC_SlipControl_init                 
00018288  SC_SlipControl_reset                
00019314  SC_Wheel                            
000192cc  SC_Wheel_init                       
000192fc  SC_Wheel_reset                      
08002100  SDCardInfo                          
080021f0  SDRAM_READ_DATA_LEN                 
000098e8  SDRAM_Read                          
00008f40  SDRAM_Read_Data                     
080021c4  SDRAM_RxTx                          
00008f08  SDRAM_Set_IO_To_Read_Mode           
0000a19c  SDRAM_Set_IO_To_Write_Mode          
080021f2  SDRAM_WRITE_DATA_LEN                
0000a9a4  SDRAM_Write                         
0000a1ec  SDRAM_Write_Data                    
0000d7ac  SD_GPIO_Init                        
0000f648  SD_GetCID                           
0000f828  SD_GetCSD                           
0000f690  SD_GetCapacity                      
0000eafc  SD_Init                             
0000ffd0  SD_Process                          
080021c5  SD_Process_Flag                     
080021c6  SD_Process_Mode                     
0000f488  SD_ReadMultiBlock                   
0000f3fc  SD_ReadSingleBlock                  
0000f568  SD_ReceiveData                      
0000ef94  SD_Reset                            
080021a2  SD_Type                             
0000f3ac  SD_WaitReady                        
0000f1f0  SD_WriteMultiBlock                  
0000f06c  SD_WriteSingleBlock                 
0000ee2c  SD_Write_Cmd                        
0000eeec  SD_Write_Cmd_NoDeassert             
UNDEFED   SHT$$INIT_ARRAY$$Base               
UNDEFED   SHT$$INIT_ARRAY$$Limit              
0000ed24  SPI_ReadWriteByte                   
08002200  SPI_Speed                           
00018a24  SdCard_Maintenance                  
00008e64  Sdram_Init                          
000137c0  Set_ABSW                            
00013780  Set_SOV                             
00013a20  Signal_Output_Control               
00016aa4  SpiReadWrite                        
0000e5b4  SpiRxStatus                         
0000e528  SpiTxStatus                         
00017ec8  Spindown                            
00017e50  Spindown_init                       
00017ea4  Spindown_reset                      
00017c98  TDP                                 
00017c14  TDP_init                            
00017c68  TDP_reset                           
00010368  TEST_SDRAM_Write                    
000103e0  Test_Sdram_Data_Process             
00013b20  Transmit_Data_Process               
08001ff8  Transmit_Machine_Parameters         
0001a2cc  WOW_Processing                      
000169e8  WriteData                           
00016a2c  WriteRegister                       
0000fb44  Write_Data_Process                  
0001b160  __TI_CINIT_Base                     
0001b170  __TI_CINIT_Limit                    
0001b140  __TI_Handler_Table_Base             
0001b14c  __TI_Handler_Table_Limit            
000169a4  __TI_PINIT_Base                     
000169a8  __TI_PINIT_Limit                    
0001aac9  __TI_auto_init_nobinit_nopinit      
0001a7f9  __TI_decompress_lzss                
0001ae49  __TI_decompress_none                
0001a931  __TI_ltoa                           
ffffffff  __TI_pprof_out_hndl                 
0001111d  __TI_printfi                        
ffffffff  __TI_prof_data_size                 
ffffffff  __TI_prof_data_start                
00000000  __TI_static_base__                  
0001ae57  __TI_zero_init                      
0001ae6d  __aeabi_errno_addr                  
00011b67  __aeabi_idiv0                       
00011b67  __aeabi_ldiv0                       
0001a693  __aeabi_memclr                      
0001a693  __aeabi_memclr4                     
0001a693  __aeabi_memclr8                     
0001a369  __aeabi_memcpy                      
0001a369  __aeabi_memcpy4                     
0001a369  __aeabi_memcpy8                     
0001a695  __aeabi_memset                      
0001a695  __aeabi_memset4                     
0001a695  __aeabi_memset8                     
0001aa78  __aeabi_uidiv                       
0001aa78  __aeabi_uidivmod                    
00016ca0  __aeabi_uldivmod                    
ffffffff  __binit__                           
ffffffff  __c_args__                          
08001500  __start___llvm_prf_cnts             
08001500  __stop___llvm_prf_cnts              
000171fc  _c_int00                            
000168bc  _coreClearAuxiliaryDataFault_       
000168d0  _coreClearAuxiliaryInstructionFault_
00016894  _coreClearDataFaultAddress_         
0001686c  _coreClearDataFault_                
000168a8  _coreClearInstructionFaultAddress_  
00016880  _coreClearInstructionFault_         
00016800  _coreDisableEventBusExport_         
00016844  _coreDisableFlashEcc_               
00016820  _coreDisableRamEcc_                 
000167f0  _coreEnableEventBusExport_          
00016830  _coreEnableFlashEcc_                
00016854  _coreEnableIrqVicOffset_            
00016810  _coreEnableRamEcc_                  
000167d8  _coreEnableVfp_                     
000168b4  _coreGetAuxiliaryDataFault_         
000168c8  _coreGetAuxiliaryInstructionFault_  
0001688c  _coreGetDataFaultAddress_           
00016864  _coreGetDataFault_                  
000168a0  _coreGetInstructionFaultAddress_    
00016878  _coreGetInstructionFault_           
00016660  _coreInitRegisters_                 
0001676c  _coreInitStackPointer_              
0001b000  _ctypes_                            
000198b8  _dabort                             
000168e4  _disable_FIQ_interrupt_             
000168ec  _disable_IRQ_interrupt_             
000168dc  _disable_interrupt_                 
000168f4  _enable_interrupt_                  
00016984  _errata_CORTEXR4_57_                
00016994  _errata_CORTEXR4_66_                
00013df4  _errata_SSWF021_45_both_plls        
00013fe8  _errata_SSWF021_45_pll1             
00014160  _errata_SSWF021_45_pll2             
000168fc  _esmCcmErrorsClear_                 
000167b8  _getCPSRValue_                      
000167c0  _gotoCPUIdle_                       
00019bc4  _pmuDisableCountersGlobal_          
00019bb4  _pmuEnableCountersGlobal_           
00019c20  _pmuGetCycleCount_                  
00019c28  _pmuGetEventCount_                  
00019c34  _pmuGetOverflow_                    
00019b68  _pmuInit_                           
00019bf4  _pmuResetCounters_                  
00019bd4  _pmuResetCycleCounter_              
00019be4  _pmuResetEventCounters_             
00019c14  _pmuSetCountEvent_                  
00019c04  _pmuStartCounters_                  
00019c0c  _pmuStopCounters_                   
UNDEFED   _system_post_cinit                  
0001ae75  abort                               
000073d4  adc1ParityCheck                     
000074c0  adc2ParityCheck                     
0001aa29  atoi                                
ffffffff  binit                               
00007578  can1ParityCheck                     
00007650  can2ParityCheck                     
0000b5f8  can2_tx_SetBit                      
00007718  can3ParityCheck                     
00006198  ccmSelfCheck                        
00008864  ccmr4GetConfigValue                 
00006aa0  checkB0RAMECC                       
00006c90  checkB1RAMECC                       
00007d80  checkClockMonitor                   
00006e80  checkFlashECC                       
00007e5c  checkFlashEEPROMECC                 
00007ff4  checkPLL1Slip                       
000080f4  checkPLL2Slip                       
000081b8  checkRAMAddrParity                  
00007b38  checkRAMECC                         
000082c4  checkRAMUERRTest                    
00006924  checkefcSelfTest                    
0001adab  copysign                            
0001adab  copysignl                           
0000639c  cpuSelfTest                         
00006f64  cpuSelfTestFail                     
00011040  customTrimLPO                       
00006f5c  custom_dabort                       
00019a2c  delay_ms                            
000199a0  delay_ns                            
000199d8  delay_us                            
08002180  device_status                       
0000b808  device_status_init                  
00008cc0  disableParity                       
00016f6c  disk_initialize                     
0001710c  disk_ioctl                          
00016fac  disk_read                           
00016f58  disk_status                         
00017064  disk_write                          
0001889c  dmaGroupANotification               
00007014  dmaParityCheck                      
0001482c  dwdClearFlag                        
00014760  dwdCounterEnable                    
000147a8  dwdGenerateSysReset                 
000147f8  dwdGetStatus                        
0001483c  dwdGetViolationStatus               
000146e4  dwdInit                             
0001478c  dwdReset                            
00014770  dwdSetPreload                       
00014754  dwwdGetCurrentDownCounter           
0001470c  dwwdInit                            
00018874  edgeNotification                    
000067c8  efcCheck                            
000087c8  efcGetConfigValue                   
000068fc  efcSelfTest                         
00006850  efcStuckZeroTest                    
00008c38  enableParity                        
0001ab0c  equ_2                               
0001ab50  equ_3                               
0001ab94  equ_4                               
0001abd8  equ_5                               
0001ac1c  equ_6                               
000088d4  errata_PBIST_4                      
080021fc  errno                               
00014c14  esmActivateNormalOperation          
00014ce8  esmClearStatus                      
00014d28  esmClearStatusBuffer                
00014bdc  esmDisableError                     
00014c4c  esmDisableInterrupt                 
00014bb4  esmEnableError                      
00014c24  esmEnableInterrupt                  
00014e20  esmEnterSelfTest                    
00014b98  esmError                            
00014ef8  esmGetConfigValue                   
00014d64  esmGetStatus                        
00014de8  esmGetStatusBuffer                  
0001874c  esmGroup1Notification               
0001875c  esmGroup2Notification               
000191b8  esmHighInterrupt                    
00014a90  esmInit                             
00014ea8  esmSelfTestStatus                   
00014d44  esmSetCounterPreloadValue           
00014c74  esmSetInterruptLevel                
00014c04  esmTriggerErrorPinReset             
00003618  f_close                             
00003b8c  f_closedir                          
00003c7c  f_deldir                            
00003dfc  f_getfree                           
000047e4  f_getlabel                          
00005920  f_gets                              
00003668  f_lseek                             
00004388  f_mkdir                             
00004c88  f_mkfs                              
0000270c  f_mount                             
000027cc  f_open                              
00003a78  f_opendir                           
00005be4  f_printf                            
00005b4c  f_putc                              
00005b84  f_puts                              
00002c1c  f_read                              
00003bc4  f_readdir                           
000045a0  f_rename                            
000049bc  f_setlabel                          
00003d74  f_stat                              
000034c8  f_sync                              
00004038  f_truncate                          
0000420c  f_unlink                            
00003014  f_write                             
08001b40  file                                
00019a89  floor                               
00019a89  floorl                              
0000842c  fmcBus1ParityCheck                  
000069c4  fmcBus2Check                        
00006a00  fmcECCcheck                         
0001a785  frexp                               
0001a785  frexpl                              
08001910  fs                                  
0000ead4  get_SD_card_online_status           
000171ec  get_fattime                         
0000b590  get_sdram_DATA_A12                  
00015858  gioDisableNotification              
000157f0  gioEnableNotification               
00015758  gioGetBit                           
000158c0  gioGetConfigValue                   
00015780  gioGetPort                          
000155f8  gioInit                             
000187e8  gioNotification                     
000156e8  gioSetBit                           
000156c8  gioSetDirection                     
00015738  gioSetPort                          
00015798  gioToggleBit                        
0001ae7c  handlePLLLockFail                   
000070c0  het1ParityCheck                     
00007228  het2ParityCheck                     
00018888  hetNotification                     
0000716c  htu1ParityCheck                     
00007324  htu2ParityCheck                     
0000b768  initialization                      
000197c9  ldexp                               
000197c9  ldexpl                              
0001643c  linHighLevelInterrupt               
0001ae38  main                                
00010720  mapClocks                           
0001ad85  memccpy                             
0001a369  memcpy                              
000062dc  memoryInit                          
0001876c  memoryPort0TestFailNotification     
00018788  memoryPort1TestFailNotification     
0001a69b  memset                              
000077ec  mibspi1ParityCheck                  
000078f4  mibspi3ParityCheck                  
00007a18  mibspi5ParityCheck                  
00018810  mibspiGroupNotification             
000187fc  mibspiNotification                  
0001504c  muxInit                             
00008554  pbistFail                           
000085d8  pbistGetConfigValue                 
00006710  pbistIsTestCompleted                
0000673c  pbistIsTestPassed                   
00006770  pbistPortTestStatus                 
00006614  pbistRun                            
00006434  pbistSelfCheck                      
000066e0  pbistStop                           
000106cc  periphInit                          
0001ae78  phantomInterrupt                    
00015334  pinmuxGetConfigValue                
0001885c  pwmNotification                     
00000000  resetEntry                          
080021c2  rs232_recive_len                    
000188b8  rtiCompare0Interrupt                
00018900  rtiCompare1Interrupt                
00018948  rtiCompare3Interrupt                
000148ec  rtiDisableNotification              
000148c4  rtiEnableNotification               
00014908  rtiGetConfigValue                   
00014658  rtiGetCurrentTick                   
00014630  rtiGetPeriod                        
00014458  rtiInit                             
000187a4  rtiNotification                     
00018990  rtiOverflow0Interrupt               
000189d8  rtiOverflow1Interrupt               
000145a4  rtiResetCounter                     
00014608  rtiSetPeriod                        
0001454c  rtiStartCounter                     
00014578  rtiStopCounter                      
000197c9  scalbn                              
000197c9  scalbnl                             
00012118  sciDisableLoopback                  
000121a4  sciDisableNotification              
000120e4  sciEnableLoopback                   
0001213c  sciEnableNotification               
0001220c  sciEnterResetState                  
0001222c  sciExitResetState                   
0001224c  sciGetConfigValue                   
000162c8  sciHighLevelInterrupt               
00011b68  sciInit                             
00011f94  sciIsIdleDetected                   
00011f78  sciIsRxReady                        
00011df8  sciIsTxReady                        
000180d4  sciNotification                     
0001200c  sciReceive                          
00011fe0  sciReceiveByte                      
00011fb0  sciRxError                          
00011e44  sciSend                             
00011e14  sciSendByte                         
00011d5c  sciSetBaudrate                      
00011d3c  sciSetFunctional                    
000123a4  scilinGetConfigValue                
080021a3  sd_card_status                      
00006188  selftestFailNotification            
0000b5b8  set_sdram_DATA_A12                  
0000b550  set_sdram_DWE                       
0000b494  set_sdram_clk                       
0000b510  set_sdram_cs                        
0001068c  setupFlash                          
000105b8  setupPLL                            
00018e58  sigle                               
00018e14  sigle_init                          
00018e3c  sigle_reset                         
0000e6ec  spi1GetConfigValue                  
0000e87c  spi3GetConfigValue                  
0000e674  spiDisableLoopback                  
0000e6c0  spiDisableNotification              
0000e640  spiEnableLoopback                   
0000e690  spiEnableNotification               
0001884c  spiEndNotification                  
0000df90  spiGetData                          
0000dbfc  spiInit                             
00018838  spiNotification                     
0000de74  spiReceiveData                      
0000e3e8  spiSendAndGetData                   
0000e1b4  spiSendData                         
0000de54  spiSetFunctional                    
0000e2ac  spiTransmitAndReceiveData           
0000e088  spiTransmitData                     
0001aca1  sprintf                             
00010f04  sramGetConfigValue                  
00008724  stcGetConfigValue                   
00006320  stcSelfCheck                        
00006f60  stcSelfCheckFail                    
00015f50  stm                                 
00015eac  stm_init                            
00015f34  stm_reset                           
0001adfb  strchr                              
0001ade3  strcmp                              
0001ae11  strlen                              
00010944  systemGetConfigValue                
00010848  systemInit                          
00010914  systemPowerDown                     
00010d58  tcmflashGetConfigValue              
080021e4  temp_Recive_buf                     
08001f54  test_inC                            
08001d68  test_outC                           
080021cc  test_us_count                       
00010618  trimLPO                             
080021f8  us_count                            
00019f80  user_main                           
00012fbc  vimChannelMap                       
000131b8  vimDisableInterrupt                 
00013060  vimEnableInterrupt                  
0001323c  vimGetConfigValue                   
00012ee8  vimInit                             
00006f68  vimParityCheck                      
0001773c  vimParityErrorHandler               
0001ae27  wcslen                              


GLOBAL SYMBOLS: SORTED BY Symbol Address 

address   name                                
-------   ----                                
00000000  __TI_static_base__                  
00000000  resetEntry                          
0000270c  f_mount                             
000027cc  f_open                              
00002c1c  f_read                              
00003014  f_write                             
000034c8  f_sync                              
00003618  f_close                             
00003668  f_lseek                             
00003a78  f_opendir                           
00003b8c  f_closedir                          
00003bc4  f_readdir                           
00003c7c  f_deldir                            
00003d74  f_stat                              
00003dfc  f_getfree                           
00004038  f_truncate                          
0000420c  f_unlink                            
00004388  f_mkdir                             
000045a0  f_rename                            
000047e4  f_getlabel                          
000049bc  f_setlabel                          
00004c88  f_mkfs                              
00005920  f_gets                              
00005b4c  f_putc                              
00005b84  f_puts                              
00005be4  f_printf                            
00006188  selftestFailNotification            
00006198  ccmSelfCheck                        
000062dc  memoryInit                          
00006320  stcSelfCheck                        
0000639c  cpuSelfTest                         
00006434  pbistSelfCheck                      
00006614  pbistRun                            
000066e0  pbistStop                           
00006710  pbistIsTestCompleted                
0000673c  pbistIsTestPassed                   
00006770  pbistPortTestStatus                 
000067c8  efcCheck                            
00006850  efcStuckZeroTest                    
000068fc  efcSelfTest                         
00006924  checkefcSelfTest                    
000069c4  fmcBus2Check                        
00006a00  fmcECCcheck                         
00006aa0  checkB0RAMECC                       
00006c90  checkB1RAMECC                       
00006e80  checkFlashECC                       
00006f5c  custom_dabort                       
00006f60  stcSelfCheckFail                    
00006f64  cpuSelfTestFail                     
00006f68  vimParityCheck                      
00007014  dmaParityCheck                      
000070c0  het1ParityCheck                     
0000716c  htu1ParityCheck                     
00007228  het2ParityCheck                     
00007324  htu2ParityCheck                     
000073d4  adc1ParityCheck                     
000074c0  adc2ParityCheck                     
00007578  can1ParityCheck                     
00007650  can2ParityCheck                     
00007718  can3ParityCheck                     
000077ec  mibspi1ParityCheck                  
000078f4  mibspi3ParityCheck                  
00007a18  mibspi5ParityCheck                  
00007b38  checkRAMECC                         
00007d80  checkClockMonitor                   
00007e5c  checkFlashEEPROMECC                 
00007ff4  checkPLL1Slip                       
000080f4  checkPLL2Slip                       
000081b8  checkRAMAddrParity                  
000082c4  checkRAMUERRTest                    
0000842c  fmcBus1ParityCheck                  
00008554  pbistFail                           
000085d8  pbistGetConfigValue                 
00008724  stcGetConfigValue                   
000087c8  efcGetConfigValue                   
00008864  ccmr4GetConfigValue                 
000088d4  errata_PBIST_4                      
00008c38  enableParity                        
00008cc0  disableParity                       
00008e64  Sdram_Init                          
00008f08  SDRAM_Set_IO_To_Read_Mode           
00008f40  SDRAM_Read_Data                     
000098e8  SDRAM_Read                          
0000a19c  SDRAM_Set_IO_To_Write_Mode          
0000a1ec  SDRAM_Write_Data                    
0000a9a4  SDRAM_Write                         
0000b45c  GetBit                              
0000b494  set_sdram_clk                       
0000b4d4  Get_sdram_FWE                       
0000b510  set_sdram_cs                        
0000b550  set_sdram_DWE                       
0000b590  get_sdram_DATA_A12                  
0000b5b8  set_sdram_DATA_A12                  
0000b5f8  can2_tx_SetBit                      
0000b638  Get_Odd_value                       
0000b768  initialization                      
0000b808  device_status_init                  
0000d7ac  SD_GPIO_Init                        
0000d7e8  Other_GPIO_Init                     
0000d84c  Get_Master_Slave                    
0000d914  Get_Bench_Mode                      
0000dbfc  spiInit                             
0000de54  spiSetFunctional                    
0000de74  spiReceiveData                      
0000df90  spiGetData                          
0000e088  spiTransmitData                     
0000e1b4  spiSendData                         
0000e2ac  spiTransmitAndReceiveData           
0000e3e8  spiSendAndGetData                   
0000e528  SpiTxStatus                         
0000e5b4  SpiRxStatus                         
0000e640  spiEnableLoopback                   
0000e674  spiDisableLoopback                  
0000e690  spiEnableNotification               
0000e6c0  spiDisableNotification              
0000e6ec  spi1GetConfigValue                  
0000e87c  spi3GetConfigValue                  
0000ead4  get_SD_card_online_status           
0000eafc  SD_Init                             
0000ed24  SPI_ReadWriteByte                   
0000ee2c  SD_Write_Cmd                        
0000eeec  SD_Write_Cmd_NoDeassert             
0000ef94  SD_Reset                            
0000f06c  SD_WriteSingleBlock                 
0000f1f0  SD_WriteMultiBlock                  
0000f3ac  SD_WaitReady                        
0000f3fc  SD_ReadSingleBlock                  
0000f488  SD_ReadMultiBlock                   
0000f568  SD_ReceiveData                      
0000f648  SD_GetCID                           
0000f690  SD_GetCapacity                      
0000f828  SD_GetCSD                           
0000f880  RS232_Process                       
0000fb44  Write_Data_Process                  
0000fdc4  Read_Data_Process                   
0000ffd0  SD_Process                          
00010368  TEST_SDRAM_Write                    
000103e0  Test_Sdram_Data_Process             
000105b8  setupPLL                            
00010618  trimLPO                             
0001068c  setupFlash                          
000106cc  periphInit                          
00010720  mapClocks                           
00010848  systemInit                          
00010914  systemPowerDown                     
00010944  systemGetConfigValue                
00010d58  tcmflashGetConfigValue              
00010f04  sramGetConfigValue                  
00011040  customTrimLPO                       
0001111d  __TI_printfi                        
00011b67  __aeabi_idiv0                       
00011b67  __aeabi_ldiv0                       
00011b68  sciInit                             
00011d3c  sciSetFunctional                    
00011d5c  sciSetBaudrate                      
00011df8  sciIsTxReady                        
00011e14  sciSendByte                         
00011e44  sciSend                             
00011f78  sciIsRxReady                        
00011f94  sciIsIdleDetected                   
00011fb0  sciRxError                          
00011fe0  sciReceiveByte                      
0001200c  sciReceive                          
000120e4  sciEnableLoopback                   
00012118  sciDisableLoopback                  
0001213c  sciEnableNotification               
000121a4  sciDisableNotification              
0001220c  sciEnterResetState                  
0001222c  sciExitResetState                   
0001224c  sciGetConfigValue                   
000123a4  scilinGetConfigValue                
0001259c  AutoBrake_init                      
0001268c  AutoBrake_reset                     
000126d4  AutoBrake                           
00012ee8  vimInit                             
00012fbc  vimChannelMap                       
00013060  vimEnableInterrupt                  
000131b8  vimDisableInterrupt                 
0001323c  vimGetConfigValue                   
00013780  Set_SOV                             
000137c0  Set_ABSW                            
00013800  Data_interaction                    
00013a20  Signal_Output_Control               
00013b20  Transmit_Data_Process               
00013df4  _errata_SSWF021_45_both_plls        
00013fe8  _errata_SSWF021_45_pll1             
00014160  _errata_SSWF021_45_pll2             
00014458  rtiInit                             
0001454c  rtiStartCounter                     
00014578  rtiStopCounter                      
000145a4  rtiResetCounter                     
00014608  rtiSetPeriod                        
00014630  rtiGetPeriod                        
00014658  rtiGetCurrentTick                   
000146e4  dwdInit                             
0001470c  dwwdInit                            
00014754  dwwdGetCurrentDownCounter           
00014760  dwdCounterEnable                    
00014770  dwdSetPreload                       
0001478c  dwdReset                            
000147a8  dwdGenerateSysReset                 
000147c4  IsdwdKeySequenceCorrect             
000147f8  dwdGetStatus                        
0001482c  dwdClearFlag                        
0001483c  dwdGetViolationStatus               
000148c4  rtiEnableNotification               
000148ec  rtiDisableNotification              
00014908  rtiGetConfigValue                   
00014a90  esmInit                             
00014b98  esmError                            
00014bb4  esmEnableError                      
00014bdc  esmDisableError                     
00014c04  esmTriggerErrorPinReset             
00014c14  esmActivateNormalOperation          
00014c24  esmEnableInterrupt                  
00014c4c  esmDisableInterrupt                 
00014c74  esmSetInterruptLevel                
00014ce8  esmClearStatus                      
00014d28  esmClearStatusBuffer                
00014d44  esmSetCounterPreloadValue           
00014d64  esmGetStatus                        
00014de8  esmGetStatusBuffer                  
00014e20  esmEnterSelfTest                    
00014ea8  esmSelfTestStatus                   
00014ef8  esmGetConfigValue                   
0001504c  muxInit                             
00015334  pinmuxGetConfigValue                
000155f8  gioInit                             
000156c8  gioSetDirection                     
000156e8  gioSetBit                           
00015738  gioSetPort                          
00015758  gioGetBit                           
00015780  gioGetPort                          
00015798  gioToggleBit                        
000157f0  gioEnableNotification               
00015858  gioDisableNotification              
000158c0  gioGetConfigValue                   
00015a7c  Brake_init                          
00015c80  Brake_reset                         
00015ccc  Brake                               
00015eac  stm_init                            
00015f34  stm_reset                           
00015f50  stm                                 
000162c8  sciHighLevelInterrupt               
0001643c  linHighLevelInterrupt               
00016660  _coreInitRegisters_                 
0001676c  _coreInitStackPointer_              
000167b8  _getCPSRValue_                      
000167c0  _gotoCPUIdle_                       
000167d8  _coreEnableVfp_                     
000167f0  _coreEnableEventBusExport_          
00016800  _coreDisableEventBusExport_         
00016810  _coreEnableRamEcc_                  
00016820  _coreDisableRamEcc_                 
00016830  _coreEnableFlashEcc_                
00016844  _coreDisableFlashEcc_               
00016854  _coreEnableIrqVicOffset_            
00016864  _coreGetDataFault_                  
0001686c  _coreClearDataFault_                
00016878  _coreGetInstructionFault_           
00016880  _coreClearInstructionFault_         
0001688c  _coreGetDataFaultAddress_           
00016894  _coreClearDataFaultAddress_         
000168a0  _coreGetInstructionFaultAddress_    
000168a8  _coreClearInstructionFaultAddress_  
000168b4  _coreGetAuxiliaryDataFault_         
000168bc  _coreClearAuxiliaryDataFault_       
000168c8  _coreGetAuxiliaryInstructionFault_  
000168d0  _coreClearAuxiliaryInstructionFault_
000168dc  _disable_interrupt_                 
000168e4  _disable_FIQ_interrupt_             
000168ec  _disable_IRQ_interrupt_             
000168f4  _enable_interrupt_                  
000168fc  _esmCcmErrorsClear_                 
00016984  _errata_CORTEXR4_57_                
00016994  _errata_CORTEXR4_66_                
000169a4  __TI_PINIT_Base                     
000169a8  __TI_PINIT_Limit                    
000169ac  DAC5689_Init                        
000169e8  WriteData                           
00016a2c  WriteRegister                       
00016aa4  SpiReadWrite                        
00016c40  DAC5689_SetVoltage_mv               
00016ca0  __aeabi_uldivmod                    
00016f58  disk_status                         
00016f6c  disk_initialize                     
00016fac  disk_read                           
00017064  disk_write                          
0001710c  disk_ioctl                          
000171ec  get_fattime                         
000171fc  _c_int00                            
000174a0  PedalF                              
0001773c  vimParityErrorHandler               
00017c14  TDP_init                            
00017c68  TDP_reset                           
00017c98  TDP                                 
00017e50  Spindown_init                       
00017ea4  Spindown_reset                      
00017ec8  Spindown                            
00018068  RS232_Send                          
000180d4  sciNotification                     
000181c4  CRC_AND                             
0001824c  SC_SlipControl_init                 
00018288  SC_SlipControl_reset                
000182b8  SC_SlipControl                      
000185b0  PI_Control_init                     
000185f0  PI_Control_reset                    
00018624  PI_Control                          
0001874c  esmGroup1Notification               
0001875c  esmGroup2Notification               
0001876c  memoryPort0TestFailNotification     
00018788  memoryPort1TestFailNotification     
000187a4  rtiNotification                     
000187e8  gioNotification                     
000187fc  mibspiNotification                  
00018810  mibspiGroupNotification             
00018838  spiNotification                     
0001884c  spiEndNotification                  
0001885c  pwmNotification                     
00018874  edgeNotification                    
00018888  hetNotification                     
0001889c  dmaGroupANotification               
000188b8  rtiCompare0Interrupt                
00018900  rtiCompare1Interrupt                
00018948  rtiCompare3Interrupt                
00018990  rtiOverflow0Interrupt               
000189d8  rtiOverflow1Interrupt               
00018a24  SdCard_Maintenance                  
00018b7c  Autobrake_ARMtoEnable_init          
00018bb8  Autobrake_ARMtoEnable_reset         
00018bdc  Autobrake_ARMtoEnable               
00018cd0  Brake_Skid_init                     
00018d30  Brake_Skid_reset                    
00018d54  Brake_Skid                          
00018e14  sigle_init                          
00018e3c  sigle_reset                         
00018e58  sigle                               
00018f50  Lockwheel_init                      
00018f8c  Lockwheel_reset                     
00018fb0  Lockwheel                           
00019088  SC_LowSpeedMonitor_init             
000190b0  SC_LowSpeedMonitor_reset            
000190cc  SC_LowSpeedMonitor                  
000191b8  esmHighInterrupt                    
000192cc  SC_Wheel_init                       
000192fc  SC_Wheel_reset                      
00019314  SC_Wheel                            
000194d4  BrakeSelect                         
000196d0  BrakePress                          
000197c9  ldexp                               
000197c9  ldexpl                              
000197c9  scalbn                              
000197c9  scalbnl                             
000198b8  _dabort                             
000199a0  delay_ns                            
000199d8  delay_us                            
00019a2c  delay_ms                            
00019a89  floor                               
00019a89  floorl                              
00019b68  _pmuInit_                           
00019bb4  _pmuEnableCountersGlobal_           
00019bc4  _pmuDisableCountersGlobal_          
00019bd4  _pmuResetCycleCounter_              
00019be4  _pmuResetEventCounters_             
00019bf4  _pmuResetCounters_                  
00019c04  _pmuStartCounters_                  
00019c0c  _pmuStopCounters_                   
00019c14  _pmuSetCountEvent_                  
00019c20  _pmuGetCycleCount_                  
00019c28  _pmuGetEventCount_                  
00019c34  _pmuGetOverflow_                    
00019c48  BrakeInhibit                        
00019d24  RTOApplicationDisarmed_             
00019e00  Autobrake_Application_Disarmed      
00019ecc  Counter_init                        
00019ef4  Counter_reset                       
00019f10  Counter                             
00019f80  user_main                           
0001a034  OFFtoAutobrakeArmed                 
0001a194  RTOArmedtoDisarmed_                 
0001a230  RTOEnabledtoApplication             
0001a2cc  WOW_Processing                      
0001a369  __aeabi_memcpy                      
0001a369  __aeabi_memcpy4                     
0001a369  __aeabi_memcpy8                     
0001a369  memcpy                              
0001a404  AutobrakeArmedtoDisarmed            
0001a494  SC_Function_init                    
0001a4b8  SC_Function_reset                   
0001a4d0  SC_Function                         
0001a51c  RTOEnabledtoDisarmed_               
0001a59c  BoolVect2Int16_digital_3            
0001a693  __aeabi_memclr                      
0001a693  __aeabi_memclr4                     
0001a693  __aeabi_memclr8                     
0001a695  __aeabi_memset                      
0001a695  __aeabi_memset4                     
0001a695  __aeabi_memset8                     
0001a69b  memset                              
0001a70c  OFFtoRTOArmed                       
0001a785  frexp                               
0001a785  frexpl                              
0001a7f9  __TI_decompress_lzss                
0001a864  AutoBrake_EnabletoDisArm            
0001a8cc  LimiterF32                          
0001a931  __TI_ltoa                           
0001aa29  atoi                                
0001aa78  __aeabi_uidiv                       
0001aa78  __aeabi_uidivmod                    
0001aac9  __TI_auto_init_nobinit_nopinit      
0001ab0c  equ_2                               
0001ab50  equ_3                               
0001ab94  equ_4                               
0001abd8  equ_5                               
0001ac1c  equ_6                               
0001aca1  sprintf                             
0001ace0  RTOArmedtoEnabled                   
0001ad1c  Autobrake_EnaletoApplication        
0001ad50  BTI                                 
0001ad85  memccpy                             
0001adab  copysign                            
0001adab  copysignl                           
0001ade3  strcmp                              
0001adfb  strchr                              
0001ae11  strlen                              
0001ae27  wcslen                              
0001ae38  main                                
0001ae49  __TI_decompress_none                
0001ae57  __TI_zero_init                      
0001ae6d  __aeabi_errno_addr                  
0001ae75  C$$EXIT                             
0001ae75  abort                               
0001ae78  phantomInterrupt                    
0001ae7c  handlePLLLockFail                   
0001b000  _ctypes_                            
0001b140  __TI_Handler_Table_Base             
0001b14c  __TI_Handler_Table_Limit            
0001b160  __TI_CINIT_Base                     
0001b170  __TI_CINIT_Limit                    
08001500  MCB_Data                            
08001500  __start___llvm_prf_cnts             
08001500  __stop___llvm_prf_cnts              
08001910  fs                                  
08001b40  file                                
08001d68  test_outC                           
08001ea0  Receive_Machine_Parameters          
08001f54  test_inC                            
08001ff8  Transmit_Machine_Parameters         
08002100  SDCardInfo                          
08002180  device_status                       
080021a2  SD_Type                             
080021a3  sd_card_status                      
080021c2  rs232_recive_len                    
080021c4  SDRAM_RxTx                          
080021c5  SD_Process_Flag                     
080021c6  SD_Process_Mode                     
080021c8  File_Name                           
080021cc  test_us_count                       
080021d0  InputBuf                            
080021da  OutputBuf                           
080021e4  temp_Recive_buf                     
080021ee  Board_ID                            
080021f0  SDRAM_READ_DATA_LEN                 
080021f2  SDRAM_WRITE_DATA_LEN                
080021f4  Device_DATA_LEN                     
080021f8  us_count                            
080021fc  errno                               
08002200  SPI_Speed                           
ffffffff  __TI_pprof_out_hndl                 
ffffffff  __TI_prof_data_size                 
ffffffff  __TI_prof_data_start                
ffffffff  __binit__                           
ffffffff  __c_args__                          
ffffffff  binit                               
UNDEFED   SHT$$INIT_ARRAY$$Base               
UNDEFED   SHT$$INIT_ARRAY$$Limit              
UNDEFED   _system_post_cinit                  

[477 symbols]
