<?xml version="1.0" encoding="ISO-8859-1" ?>
<link_info>
   <banner>TI ARM Linker PC v20.2.4.LTS</banner>
   <copyright>Copyright (c) 1996-2018 Texas Instruments Incorporated</copyright>
   <link_time>0x61e7d13c</link_time>
   <link_errors>0x0</link_errors>
   <output_file>TMS570LS3137_BCMU_MCB.out</output_file>
   <entry_point>
      <name>_c_int00</name>
      <address>0x161b8</address>
   </entry_point>
   <input_file_list>
      <input_file id="fl-2">
         <path>.\KCG\</path>
         <kind>object</kind>
         <file>AutoBrake.obj</file>
         <name>AutoBrake.obj</name>
      </input_file>
      <input_file id="fl-3">
         <path>.\KCG\</path>
         <kind>object</kind>
         <file>AutoBrake_EnabletoDisArm.obj</file>
         <name>AutoBrake_EnabletoDisArm.obj</name>
      </input_file>
      <input_file id="fl-4">
         <path>.\KCG\</path>
         <kind>object</kind>
         <file>AutobrakeArmedtoDisarmed.obj</file>
         <name>AutobrakeArmedtoDisarmed.obj</name>
      </input_file>
      <input_file id="fl-5">
         <path>.\KCG\</path>
         <kind>object</kind>
         <file>Autobrake_ARM_Application.obj</file>
         <name>Autobrake_ARM_Application.obj</name>
      </input_file>
      <input_file id="fl-6">
         <path>.\KCG\</path>
         <kind>object</kind>
         <file>Autobrake_ARMtoEnable.obj</file>
         <name>Autobrake_ARMtoEnable.obj</name>
      </input_file>
      <input_file id="fl-7">
         <path>.\KCG\</path>
         <kind>object</kind>
         <file>Autobrake_Application_Disarmed.obj</file>
         <name>Autobrake_Application_Disarmed.obj</name>
      </input_file>
      <input_file id="fl-8">
         <path>.\KCG\</path>
         <kind>object</kind>
         <file>Autobrake_EnaletoApplication.obj</file>
         <name>Autobrake_EnaletoApplication.obj</name>
      </input_file>
      <input_file id="fl-9">
         <path>.\KCG\</path>
         <kind>object</kind>
         <file>BTI.obj</file>
         <name>BTI.obj</name>
      </input_file>
      <input_file id="fl-a">
         <path>.\KCG\</path>
         <kind>object</kind>
         <file>BoolVect2Int16_digital_3.obj</file>
         <name>BoolVect2Int16_digital_3.obj</name>
      </input_file>
      <input_file id="fl-b">
         <path>.\KCG\</path>
         <kind>object</kind>
         <file>Brake.obj</file>
         <name>Brake.obj</name>
      </input_file>
      <input_file id="fl-c">
         <path>.\KCG\</path>
         <kind>object</kind>
         <file>BrakeInhibit.obj</file>
         <name>BrakeInhibit.obj</name>
      </input_file>
      <input_file id="fl-d">
         <path>.\KCG\</path>
         <kind>object</kind>
         <file>BrakePress.obj</file>
         <name>BrakePress.obj</name>
      </input_file>
      <input_file id="fl-e">
         <path>.\KCG\</path>
         <kind>object</kind>
         <file>BrakeSelect.obj</file>
         <name>BrakeSelect.obj</name>
      </input_file>
      <input_file id="fl-f">
         <path>.\KCG\</path>
         <kind>object</kind>
         <file>Brake_Skid.obj</file>
         <name>Brake_Skid.obj</name>
      </input_file>
      <input_file id="fl-10">
         <path>.\KCG\</path>
         <kind>object</kind>
         <file>Counter.obj</file>
         <name>Counter.obj</name>
      </input_file>
      <input_file id="fl-11">
         <path>.\KCG\</path>
         <kind>object</kind>
         <file>LimiterF32.obj</file>
         <name>LimiterF32.obj</name>
      </input_file>
      <input_file id="fl-12">
         <path>.\KCG\</path>
         <kind>object</kind>
         <file>Lockwheel.obj</file>
         <name>Lockwheel.obj</name>
      </input_file>
      <input_file id="fl-13">
         <path>.\KCG\</path>
         <kind>object</kind>
         <file>OFFtoAutobrakeArmed.obj</file>
         <name>OFFtoAutobrakeArmed.obj</name>
      </input_file>
      <input_file id="fl-14">
         <path>.\KCG\</path>
         <kind>object</kind>
         <file>OFFtoRTOArmed.obj</file>
         <name>OFFtoRTOArmed.obj</name>
      </input_file>
      <input_file id="fl-15">
         <path>.\KCG\</path>
         <kind>object</kind>
         <file>PI_Control.obj</file>
         <name>PI_Control.obj</name>
      </input_file>
      <input_file id="fl-16">
         <path>.\KCG\</path>
         <kind>object</kind>
         <file>PedalF.obj</file>
         <name>PedalF.obj</name>
      </input_file>
      <input_file id="fl-17">
         <path>.\KCG\</path>
         <kind>object</kind>
         <file>RTOApplicationDisarmed_.obj</file>
         <name>RTOApplicationDisarmed_.obj</name>
      </input_file>
      <input_file id="fl-18">
         <path>.\KCG\</path>
         <kind>object</kind>
         <file>RTOArmedtoDisarmed_.obj</file>
         <name>RTOArmedtoDisarmed_.obj</name>
      </input_file>
      <input_file id="fl-19">
         <path>.\KCG\</path>
         <kind>object</kind>
         <file>RTOArmedtoEnabled.obj</file>
         <name>RTOArmedtoEnabled.obj</name>
      </input_file>
      <input_file id="fl-1a">
         <path>.\KCG\</path>
         <kind>object</kind>
         <file>RTOEnabledtoApplication.obj</file>
         <name>RTOEnabledtoApplication.obj</name>
      </input_file>
      <input_file id="fl-1b">
         <path>.\KCG\</path>
         <kind>object</kind>
         <file>RTOEnabledtoDisarmed_.obj</file>
         <name>RTOEnabledtoDisarmed_.obj</name>
      </input_file>
      <input_file id="fl-1c">
         <path>.\KCG\</path>
         <kind>object</kind>
         <file>SC_Function.obj</file>
         <name>SC_Function.obj</name>
      </input_file>
      <input_file id="fl-1d">
         <path>.\KCG\</path>
         <kind>object</kind>
         <file>SC_LowSpeedMonitor.obj</file>
         <name>SC_LowSpeedMonitor.obj</name>
      </input_file>
      <input_file id="fl-1e">
         <path>.\KCG\</path>
         <kind>object</kind>
         <file>SC_SlipControl.obj</file>
         <name>SC_SlipControl.obj</name>
      </input_file>
      <input_file id="fl-1f">
         <path>.\KCG\</path>
         <kind>object</kind>
         <file>SC_Wheel.obj</file>
         <name>SC_Wheel.obj</name>
      </input_file>
      <input_file id="fl-20">
         <path>.\KCG\</path>
         <kind>object</kind>
         <file>Spindown.obj</file>
         <name>Spindown.obj</name>
      </input_file>
      <input_file id="fl-21">
         <path>.\KCG\</path>
         <kind>object</kind>
         <file>TDP.obj</file>
         <name>TDP.obj</name>
      </input_file>
      <input_file id="fl-22">
         <path>.\KCG\</path>
         <kind>object</kind>
         <file>WOW_Processing.obj</file>
         <name>WOW_Processing.obj</name>
      </input_file>
      <input_file id="fl-23">
         <path>.\KCG\</path>
         <kind>object</kind>
         <file>equ_2.obj</file>
         <name>equ_2.obj</name>
      </input_file>
      <input_file id="fl-24">
         <path>.\KCG\</path>
         <kind>object</kind>
         <file>equ_3.obj</file>
         <name>equ_3.obj</name>
      </input_file>
      <input_file id="fl-25">
         <path>.\KCG\</path>
         <kind>object</kind>
         <file>equ_4.obj</file>
         <name>equ_4.obj</name>
      </input_file>
      <input_file id="fl-26">
         <path>.\KCG\</path>
         <kind>object</kind>
         <file>equ_5.obj</file>
         <name>equ_5.obj</name>
      </input_file>
      <input_file id="fl-27">
         <path>.\KCG\</path>
         <kind>object</kind>
         <file>equ_6.obj</file>
         <name>equ_6.obj</name>
      </input_file>
      <input_file id="fl-28">
         <path>.\KCG\</path>
         <kind>object</kind>
         <file>kcg_consts.obj</file>
         <name>kcg_consts.obj</name>
      </input_file>
      <input_file id="fl-29">
         <path>.\KCG\</path>
         <kind>object</kind>
         <file>kcg_types.obj</file>
         <name>kcg_types.obj</name>
      </input_file>
      <input_file id="fl-2a">
         <path>.\KCG\</path>
         <kind>object</kind>
         <file>sigle.obj</file>
         <name>sigle.obj</name>
      </input_file>
      <input_file id="fl-2b">
         <path>.\KCG\</path>
         <kind>object</kind>
         <file>stm.obj</file>
         <name>stm.obj</name>
      </input_file>
      <input_file id="fl-2c">
         <path>.\SdCard\</path>
         <kind>object</kind>
         <file>diskio.obj</file>
         <name>diskio.obj</name>
      </input_file>
      <input_file id="fl-2d">
         <path>.\SdCard\</path>
         <kind>object</kind>
         <file>ff.obj</file>
         <name>ff.obj</name>
      </input_file>
      <input_file id="fl-2e">
         <path>.\SdCard\</path>
         <kind>object</kind>
         <file>ffsystem.obj</file>
         <name>ffsystem.obj</name>
      </input_file>
      <input_file id="fl-2f">
         <path>.\SdCard\</path>
         <kind>object</kind>
         <file>ffunicode.obj</file>
         <name>ffunicode.obj</name>
      </input_file>
      <input_file id="fl-30">
         <path>.\SdCard\</path>
         <kind>object</kind>
         <file>sdcard.obj</file>
         <name>sdcard.obj</name>
      </input_file>
      <input_file id="fl-31">
         <path>.\UserCode\</path>
         <kind>object</kind>
         <file>Device_control.obj</file>
         <name>Device_control.obj</name>
      </input_file>
      <input_file id="fl-32">
         <path>.\UserCode\</path>
         <kind>object</kind>
         <file>SD_card.obj</file>
         <name>SD_card.obj</name>
      </input_file>
      <input_file id="fl-33">
         <path>.\UserCode\</path>
         <kind>object</kind>
         <file>dac5689.obj</file>
         <name>dac5689.obj</name>
      </input_file>
      <input_file id="fl-34">
         <path>.\UserCode\</path>
         <kind>object</kind>
         <file>delay.obj</file>
         <name>delay.obj</name>
      </input_file>
      <input_file id="fl-35">
         <path>.\UserCode\</path>
         <kind>object</kind>
         <file>init.obj</file>
         <name>init.obj</name>
      </input_file>
      <input_file id="fl-36">
         <path>.\UserCode\</path>
         <kind>object</kind>
         <file>rs232.obj</file>
         <name>rs232.obj</name>
      </input_file>
      <input_file id="fl-37">
         <path>.\UserCode\</path>
         <kind>object</kind>
         <file>sdram.obj</file>
         <name>sdram.obj</name>
      </input_file>
      <input_file id="fl-38">
         <path>.\UserCode\</path>
         <kind>object</kind>
         <file>test.obj</file>
         <name>test.obj</name>
      </input_file>
      <input_file id="fl-39">
         <path>.\UserCode\</path>
         <kind>object</kind>
         <file>user_main.obj</file>
         <name>user_main.obj</name>
      </input_file>
      <input_file id="fl-3a">
         <path>.\hal\source\</path>
         <kind>object</kind>
         <file>dabort.obj</file>
         <name>dabort.obj</name>
      </input_file>
      <input_file id="fl-3b">
         <path>.\hal\source\</path>
         <kind>object</kind>
         <file>errata_SSWF021_45.obj</file>
         <name>errata_SSWF021_45.obj</name>
      </input_file>
      <input_file id="fl-3c">
         <path>.\hal\source\</path>
         <kind>object</kind>
         <file>esm.obj</file>
         <name>esm.obj</name>
      </input_file>
      <input_file id="fl-3d">
         <path>.\hal\source\</path>
         <kind>object</kind>
         <file>gio.obj</file>
         <name>gio.obj</name>
      </input_file>
      <input_file id="fl-3e">
         <path>.\hal\source\</path>
         <kind>object</kind>
         <file>het.obj</file>
         <name>het.obj</name>
      </input_file>
      <input_file id="fl-3f">
         <path>.\hal\source\</path>
         <kind>object</kind>
         <file>mibspi.obj</file>
         <name>mibspi.obj</name>
      </input_file>
      <input_file id="fl-40">
         <path>.\hal\source\</path>
         <kind>object</kind>
         <file>notification.obj</file>
         <name>notification.obj</name>
      </input_file>
      <input_file id="fl-41">
         <path>.\hal\source\</path>
         <kind>object</kind>
         <file>pinmux.obj</file>
         <name>pinmux.obj</name>
      </input_file>
      <input_file id="fl-42">
         <path>.\hal\source\</path>
         <kind>object</kind>
         <file>rti.obj</file>
         <name>rti.obj</name>
      </input_file>
      <input_file id="fl-43">
         <path>.\hal\source\</path>
         <kind>object</kind>
         <file>sci.obj</file>
         <name>sci.obj</name>
      </input_file>
      <input_file id="fl-44">
         <path>.\hal\source\</path>
         <kind>object</kind>
         <file>spi.obj</file>
         <name>spi.obj</name>
      </input_file>
      <input_file id="fl-45">
         <path>.\hal\source\</path>
         <kind>object</kind>
         <file>sys_core.obj</file>
         <name>sys_core.obj</name>
      </input_file>
      <input_file id="fl-46">
         <path>.\hal\source\</path>
         <kind>object</kind>
         <file>sys_dma.obj</file>
         <name>sys_dma.obj</name>
      </input_file>
      <input_file id="fl-47">
         <path>.\hal\source\</path>
         <kind>object</kind>
         <file>sys_intvecs.obj</file>
         <name>sys_intvecs.obj</name>
      </input_file>
      <input_file id="fl-48">
         <path>.\hal\source\</path>
         <kind>object</kind>
         <file>sys_main.obj</file>
         <name>sys_main.obj</name>
      </input_file>
      <input_file id="fl-49">
         <path>.\hal\source\</path>
         <kind>object</kind>
         <file>sys_mpu.obj</file>
         <name>sys_mpu.obj</name>
      </input_file>
      <input_file id="fl-4a">
         <path>.\hal\source\</path>
         <kind>object</kind>
         <file>sys_pcr.obj</file>
         <name>sys_pcr.obj</name>
      </input_file>
      <input_file id="fl-4b">
         <path>.\hal\source\</path>
         <kind>object</kind>
         <file>sys_phantom.obj</file>
         <name>sys_phantom.obj</name>
      </input_file>
      <input_file id="fl-4c">
         <path>.\hal\source\</path>
         <kind>object</kind>
         <file>sys_pmm.obj</file>
         <name>sys_pmm.obj</name>
      </input_file>
      <input_file id="fl-4d">
         <path>.\hal\source\</path>
         <kind>object</kind>
         <file>sys_pmu.obj</file>
         <name>sys_pmu.obj</name>
      </input_file>
      <input_file id="fl-4e">
         <path>.\hal\source\</path>
         <kind>object</kind>
         <file>sys_selftest.obj</file>
         <name>sys_selftest.obj</name>
      </input_file>
      <input_file id="fl-4f">
         <path>.\hal\source\</path>
         <kind>object</kind>
         <file>sys_startup.obj</file>
         <name>sys_startup.obj</name>
      </input_file>
      <input_file id="fl-50">
         <path>.\hal\source\</path>
         <kind>object</kind>
         <file>sys_vim.obj</file>
         <name>sys_vim.obj</name>
      </input_file>
      <input_file id="fl-51">
         <path>.\hal\source\</path>
         <kind>object</kind>
         <file>system.obj</file>
         <name>system.obj</name>
      </input_file>
      <input_file id="fl-55">
         <kind>object</kind>
         <file>&lt;internal&gt;</file>
         <name>&lt;internal&gt;</name>
      </input_file>
      <input_file id="fl-56">
         <path>C:\ti\ccs1030\ccs\tools\compiler\ti-cgt-arm_20.2.4.LTS\lib\</path>
         <kind>archive</kind>
         <file>rtsv7R4_T_be_v3D16_eabi.lib</file>
         <name>sprintf.c.obj</name>
      </input_file>
      <input_file id="fl-57">
         <path>C:\ti\ccs1030\ccs\tools\compiler\ti-cgt-arm_20.2.4.LTS\lib\</path>
         <kind>archive</kind>
         <file>rtsv7R4_T_be_v3D16_eabi.lib</file>
         <name>s_floor.c.obj</name>
      </input_file>
      <input_file id="fl-58">
         <path>C:\ti\ccs1030\ccs\tools\compiler\ti-cgt-arm_20.2.4.LTS\lib\</path>
         <kind>archive</kind>
         <file>rtsv7R4_T_be_v3D16_eabi.lib</file>
         <name>u_div32.asm.obj</name>
      </input_file>
      <input_file id="fl-59">
         <path>C:\ti\ccs1030\ccs\tools\compiler\ti-cgt-arm_20.2.4.LTS\lib\</path>
         <kind>archive</kind>
         <file>rtsv7R4_T_be_v3D16_eabi.lib</file>
         <name>memset_t2.asm.obj</name>
      </input_file>
      <input_file id="fl-5a">
         <path>C:\ti\ccs1030\ccs\tools\compiler\ti-cgt-arm_20.2.4.LTS\lib\</path>
         <kind>archive</kind>
         <file>rtsv7R4_T_be_v3D16_eabi.lib</file>
         <name>memcpy_t2.asm.obj</name>
      </input_file>
      <input_file id="fl-5b">
         <path>C:\ti\ccs1030\ccs\tools\compiler\ti-cgt-arm_20.2.4.LTS\lib\</path>
         <kind>archive</kind>
         <file>rtsv7R4_T_be_v3D16_eabi.lib</file>
         <name>autoinit.c.obj</name>
      </input_file>
      <input_file id="fl-5c">
         <path>C:\ti\ccs1030\ccs\tools\compiler\ti-cgt-arm_20.2.4.LTS\lib\</path>
         <kind>archive</kind>
         <file>rtsv7R4_T_be_v3D16_eabi.lib</file>
         <name>cpy_tbl.c.obj</name>
      </input_file>
      <input_file id="fl-5d">
         <path>C:\ti\ccs1030\ccs\tools\compiler\ti-cgt-arm_20.2.4.LTS\lib\</path>
         <kind>archive</kind>
         <file>rtsv7R4_T_be_v3D16_eabi.lib</file>
         <name>copy_zero_init.c.obj</name>
      </input_file>
      <input_file id="fl-5e">
         <path>C:\ti\ccs1030\ccs\tools\compiler\ti-cgt-arm_20.2.4.LTS\lib\</path>
         <kind>archive</kind>
         <file>rtsv7R4_T_be_v3D16_eabi.lib</file>
         <name>copy_decompress_none.c.obj</name>
      </input_file>
      <input_file id="fl-5f">
         <path>C:\ti\ccs1030\ccs\tools\compiler\ti-cgt-arm_20.2.4.LTS\lib\</path>
         <kind>archive</kind>
         <file>rtsv7R4_T_be_v3D16_eabi.lib</file>
         <name>copy_decompress_lzss.c.obj</name>
      </input_file>
      <input_file id="fl-60">
         <path>C:\ti\ccs1030\ccs\tools\compiler\ti-cgt-arm_20.2.4.LTS\lib\</path>
         <kind>archive</kind>
         <file>rtsv7R4_T_be_v3D16_eabi.lib</file>
         <name>exit.c.obj</name>
      </input_file>
      <input_file id="fl-61">
         <path>C:\ti\ccs1030\ccs\tools\compiler\ti-cgt-arm_20.2.4.LTS\lib\</path>
         <kind>archive</kind>
         <file>rtsv7R4_T_be_v3D16_eabi.lib</file>
         <name>_lock.c.obj</name>
      </input_file>
      <input_file id="fl-62">
         <path>C:\ti\ccs1030\ccs\tools\compiler\ti-cgt-arm_20.2.4.LTS\lib\</path>
         <kind>archive</kind>
         <file>rtsv7R4_T_be_v3D16_eabi.lib</file>
         <name>strcmp.c.obj</name>
      </input_file>
      <input_file id="fl-63">
         <path>C:\ti\ccs1030\ccs\tools\compiler\ti-cgt-arm_20.2.4.LTS\lib\</path>
         <kind>archive</kind>
         <file>rtsv7R4_T_be_v3D16_eabi.lib</file>
         <name>strlen.c.obj</name>
      </input_file>
      <input_file id="fl-64">
         <path>C:\ti\ccs1030\ccs\tools\compiler\ti-cgt-arm_20.2.4.LTS\lib\</path>
         <kind>archive</kind>
         <file>rtsv7R4_T_be_v3D16_eabi.lib</file>
         <name>_printfi.c.obj</name>
      </input_file>
      <input_file id="fl-65">
         <path>C:\ti\ccs1030\ccs\tools\compiler\ti-cgt-arm_20.2.4.LTS\lib\</path>
         <kind>archive</kind>
         <file>rtsv7R4_T_be_v3D16_eabi.lib</file>
         <name>s_frexp.c.obj</name>
      </input_file>
      <input_file id="fl-66">
         <path>C:\ti\ccs1030\ccs\tools\compiler\ti-cgt-arm_20.2.4.LTS\lib\</path>
         <kind>archive</kind>
         <file>rtsv7R4_T_be_v3D16_eabi.lib</file>
         <name>s_scalbn.c.obj</name>
      </input_file>
      <input_file id="fl-67">
         <path>C:\ti\ccs1030\ccs\tools\compiler\ti-cgt-arm_20.2.4.LTS\lib\</path>
         <kind>archive</kind>
         <file>rtsv7R4_T_be_v3D16_eabi.lib</file>
         <name>s_copysign.c.obj</name>
      </input_file>
      <input_file id="fl-68">
         <path>C:\ti\ccs1030\ccs\tools\compiler\ti-cgt-arm_20.2.4.LTS\lib\</path>
         <kind>archive</kind>
         <file>rtsv7R4_T_be_v3D16_eabi.lib</file>
         <name>div0.asm.obj</name>
      </input_file>
      <input_file id="fl-69">
         <path>C:\ti\ccs1030\ccs\tools\compiler\ti-cgt-arm_20.2.4.LTS\lib\</path>
         <kind>archive</kind>
         <file>rtsv7R4_T_be_v3D16_eabi.lib</file>
         <name>ull_div32.asm.obj</name>
      </input_file>
      <input_file id="fl-6a">
         <path>C:\ti\ccs1030\ccs\tools\compiler\ti-cgt-arm_20.2.4.LTS\lib\</path>
         <kind>archive</kind>
         <file>rtsv7R4_T_be_v3D16_eabi.lib</file>
         <name>_ltoa.c.obj</name>
      </input_file>
      <input_file id="fl-6b">
         <path>C:\ti\ccs1030\ccs\tools\compiler\ti-cgt-arm_20.2.4.LTS\lib\</path>
         <kind>archive</kind>
         <file>rtsv7R4_T_be_v3D16_eabi.lib</file>
         <name>atoi.c.obj</name>
      </input_file>
      <input_file id="fl-6c">
         <path>C:\ti\ccs1030\ccs\tools\compiler\ti-cgt-arm_20.2.4.LTS\lib\</path>
         <kind>archive</kind>
         <file>rtsv7R4_T_be_v3D16_eabi.lib</file>
         <name>ctype.c.obj</name>
      </input_file>
      <input_file id="fl-6d">
         <path>C:\ti\ccs1030\ccs\tools\compiler\ti-cgt-arm_20.2.4.LTS\lib\</path>
         <kind>archive</kind>
         <file>rtsv7R4_T_be_v3D16_eabi.lib</file>
         <name>memccpy.c.obj</name>
      </input_file>
      <input_file id="fl-6e">
         <path>C:\ti\ccs1030\ccs\tools\compiler\ti-cgt-arm_20.2.4.LTS\lib\</path>
         <kind>archive</kind>
         <file>rtsv7R4_T_be_v3D16_eabi.lib</file>
         <name>strchr.c.obj</name>
      </input_file>
      <input_file id="fl-6f">
         <path>C:\ti\ccs1030\ccs\tools\compiler\ti-cgt-arm_20.2.4.LTS\lib\</path>
         <kind>archive</kind>
         <file>rtsv7R4_T_be_v3D16_eabi.lib</file>
         <name>errno.c.obj</name>
      </input_file>
      <input_file id="fl-70">
         <path>C:\ti\ccs1030\ccs\tools\compiler\ti-cgt-arm_20.2.4.LTS\lib\</path>
         <kind>archive</kind>
         <file>rtsv7R4_T_be_v3D16_eabi.lib</file>
         <name>wcslen.c.obj</name>
      </input_file>
   </input_file_list>
   <object_component_list>
      <object_component id="oc-37">
         <name>.intvecs</name>
         <load_address>0x0</load_address>
         <run_address>0x0</run_address>
         <size>0x20</size>
         <input_file_ref idref="fl-47"/>
      </object_component>
      <object_component id="oc-254">
         <name>.text</name>
         <load_address>0x20</load_address>
         <run_address>0x20</run_address>
         <size>0x6168</size>
         <input_file_ref idref="fl-2d"/>
      </object_component>
      <object_component id="oc-88">
         <name>.text</name>
         <load_address>0x6188</load_address>
         <run_address>0x6188</run_address>
         <size>0x2cdc</size>
         <input_file_ref idref="fl-4e"/>
      </object_component>
      <object_component id="oc-25a">
         <name>.text</name>
         <load_address>0x8e64</load_address>
         <run_address>0x8e64</run_address>
         <size>0x28f0</size>
         <input_file_ref idref="fl-37"/>
      </object_component>
      <object_component id="oc-1fd">
         <name>.text</name>
         <load_address>0xb754</load_address>
         <run_address>0xb754</run_address>
         <size>0x247c</size>
         <input_file_ref idref="fl-35"/>
      </object_component>
      <object_component id="oc-187">
         <name>.text</name>
         <load_address>0xdbd0</load_address>
         <run_address>0xdbd0</run_address>
         <size>0xf18</size>
         <input_file_ref idref="fl-38"/>
      </object_component>
      <object_component id="oc-365">
         <name>.text</name>
         <load_address>0xeae8</load_address>
         <run_address>0xeae8</run_address>
         <size>0xed8</size>
         <input_file_ref idref="fl-44"/>
      </object_component>
      <object_component id="oc-2bf">
         <name>.text</name>
         <load_address>0xf9c0</load_address>
         <run_address>0xf9c0</run_address>
         <size>0xdac</size>
         <input_file_ref idref="fl-30"/>
      </object_component>
      <object_component id="oc-82">
         <name>.text</name>
         <load_address>0x1076c</load_address>
         <run_address>0x1076c</run_address>
         <size>0xb64</size>
         <input_file_ref idref="fl-51"/>
      </object_component>
      <object_component id="oc-2f6">
         <name>.text:__TI_printfi</name>
         <load_address>0x112d0</load_address>
         <run_address>0x112d0</run_address>
         <size>0xa4a</size>
         <input_file_ref idref="fl-64"/>
      </object_component>
      <object_component id="oc-3fd">
         <name>.text</name>
         <load_address>0x11d1a</load_address>
         <run_address>0x11d1a</run_address>
         <size>0x2</size>
         <input_file_ref idref="fl-68"/>
      </object_component>
      <object_component id="oc-2af">
         <name>.text</name>
         <load_address>0x11d1c</load_address>
         <run_address>0x11d1c</run_address>
         <size>0xa34</size>
         <input_file_ref idref="fl-43"/>
      </object_component>
      <object_component id="oc-43">
         <name>.text</name>
         <load_address>0x12750</load_address>
         <run_address>0x12750</run_address>
         <size>0x898</size>
         <input_file_ref idref="fl-50"/>
      </object_component>
      <object_component id="oc-76">
         <name>.text</name>
         <load_address>0x12fe8</load_address>
         <run_address>0x12fe8</run_address>
         <size>0x664</size>
         <input_file_ref idref="fl-3b"/>
      </object_component>
      <object_component id="oc-29d">
         <name>.text</name>
         <load_address>0x1364c</load_address>
         <run_address>0x1364c</run_address>
         <size>0x638</size>
         <input_file_ref idref="fl-42"/>
      </object_component>
      <object_component id="oc-203">
         <name>.text</name>
         <load_address>0x13c84</load_address>
         <run_address>0x13c84</run_address>
         <size>0x614</size>
         <input_file_ref idref="fl-31"/>
      </object_component>
      <object_component id="oc-8e">
         <name>.text</name>
         <load_address>0x14298</load_address>
         <run_address>0x14298</run_address>
         <size>0x5bc</size>
         <input_file_ref idref="fl-3c"/>
      </object_component>
      <object_component id="oc-f2">
         <name>.text</name>
         <load_address>0x14854</load_address>
         <run_address>0x14854</run_address>
         <size>0x5ac</size>
         <input_file_ref idref="fl-41"/>
      </object_component>
      <object_component id="oc-2a9">
         <name>.text</name>
         <load_address>0x14e00</load_address>
         <run_address>0x14e00</run_address>
         <size>0x484</size>
         <input_file_ref idref="fl-3d"/>
      </object_component>
      <object_component id="oc-31">
         <name>.text:retain</name>
         <load_address>0x15284</load_address>
         <run_address>0x15284</run_address>
         <size>0x398</size>
         <input_file_ref idref="fl-43"/>
      </object_component>
      <object_component id="oc-71">
         <name>.text</name>
         <load_address>0x1561c</load_address>
         <run_address>0x1561c</run_address>
         <size>0x34c</size>
         <input_file_ref idref="fl-45"/>
      </object_component>
      <object_component id="oc-2a3">
         <name>.text</name>
         <load_address>0x15968</load_address>
         <run_address>0x15968</run_address>
         <size>0x2f4</size>
         <input_file_ref idref="fl-33"/>
      </object_component>
      <object_component id="oc-443">
         <name>.text</name>
         <load_address>0x15c5c</load_address>
         <run_address>0x15c5c</run_address>
         <size>0x2b8</size>
         <input_file_ref idref="fl-69"/>
      </object_component>
      <object_component id="oc-30f">
         <name>.text</name>
         <load_address>0x15f14</load_address>
         <run_address>0x15f14</run_address>
         <size>0x2a4</size>
         <input_file_ref idref="fl-2c"/>
      </object_component>
      <object_component id="oc-1c">
         <name>.text:retain</name>
         <load_address>0x161b8</load_address>
         <run_address>0x161b8</run_address>
         <size>0x2a4</size>
         <input_file_ref idref="fl-4f"/>
      </object_component>
      <object_component id="oc-42">
         <name>.text:retain</name>
         <load_address>0x1645c</load_address>
         <run_address>0x1645c</run_address>
         <size>0x290</size>
         <input_file_ref idref="fl-50"/>
      </object_component>
      <object_component id="oc-3d1">
         <name>.text:_pconv_a</name>
         <load_address>0x166ec</load_address>
         <run_address>0x166ec</run_address>
         <size>0x248</size>
         <input_file_ref idref="fl-64"/>
      </object_component>
      <object_component id="oc-ad">
         <name>.text</name>
         <load_address>0x16934</load_address>
         <run_address>0x16934</run_address>
         <size>0x1e4</size>
         <input_file_ref idref="fl-36"/>
      </object_component>
      <object_component id="oc-3bf">
         <name>.text:_pconv_g</name>
         <load_address>0x16b18</load_address>
         <run_address>0x16b18</run_address>
         <size>0x1a0</size>
         <input_file_ref idref="fl-64"/>
      </object_component>
      <object_component id="oc-9d">
         <name>.text</name>
         <load_address>0x16cb8</load_address>
         <run_address>0x16cb8</run_address>
         <size>0x16c</size>
         <input_file_ref idref="fl-40"/>
      </object_component>
      <object_component id="oc-2b">
         <name>.text:retain</name>
         <load_address>0x16e24</load_address>
         <run_address>0x16e24</run_address>
         <size>0x16c</size>
         <input_file_ref idref="fl-42"/>
      </object_component>
      <object_component id="oc-209">
         <name>.text</name>
         <load_address>0x16f90</load_address>
         <run_address>0x16f90</run_address>
         <size>0x158</size>
         <input_file_ref idref="fl-32"/>
      </object_component>
      <object_component id="oc-22">
         <name>.text:retain</name>
         <load_address>0x170e8</load_address>
         <run_address>0x170e8</run_address>
         <size>0x114</size>
         <input_file_ref idref="fl-3c"/>
      </object_component>
      <object_component id="oc-3cb">
         <name>.text:_pconv_e</name>
         <load_address>0x171fc</load_address>
         <run_address>0x171fc</run_address>
         <size>0x104</size>
         <input_file_ref idref="fl-64"/>
      </object_component>
      <object_component id="oc-45c">
         <name>.text:fcvt</name>
         <load_address>0x17300</load_address>
         <run_address>0x17300</run_address>
         <size>0xfc</size>
         <input_file_ref idref="fl-64"/>
      </object_component>
      <object_component id="oc-470">
         <name>.text:scalbn</name>
         <load_address>0x173fc</load_address>
         <run_address>0x173fc</run_address>
         <size>0xf0</size>
         <input_file_ref idref="fl-66"/>
      </object_component>
      <object_component id="oc-b7">
         <name>.text</name>
         <load_address>0x174ec</load_address>
         <run_address>0x174ec</run_address>
         <size>0xe8</size>
         <input_file_ref idref="fl-3a"/>
      </object_component>
      <object_component id="oc-2b5">
         <name>.text</name>
         <load_address>0x175d4</load_address>
         <run_address>0x175d4</run_address>
         <size>0xe8</size>
         <input_file_ref idref="fl-34"/>
      </object_component>
      <object_component id="oc-375">
         <name>.text:floor</name>
         <load_address>0x176bc</load_address>
         <run_address>0x176bc</run_address>
         <size>0xe0</size>
         <input_file_ref idref="fl-57"/>
      </object_component>
      <object_component id="oc-fa">
         <name>.text</name>
         <load_address>0x1779c</load_address>
         <run_address>0x1779c</run_address>
         <size>0xe0</size>
         <input_file_ref idref="fl-4d"/>
      </object_component>
      <object_component id="oc-138">
         <name>.text</name>
         <load_address>0x1787c</load_address>
         <run_address>0x1787c</run_address>
         <size>0xb4</size>
         <input_file_ref idref="fl-39"/>
      </object_component>
      <object_component id="oc-3b9">
         <name>.text:_ltostr</name>
         <load_address>0x17930</load_address>
         <run_address>0x17930</run_address>
         <size>0xad</size>
         <input_file_ref idref="fl-64"/>
      </object_component>
      <object_component id="oc-59">
         <name>.text</name>
         <load_address>0x179de</load_address>
         <run_address>0x179de</run_address>
         <size>0x9c</size>
         <input_file_ref idref="fl-5a"/>
      </object_component>
      <object_component id="oc-455">
         <name>.text:_mcpy</name>
         <load_address>0x17a7a</load_address>
         <run_address>0x17a7a</run_address>
         <size>0x7a</size>
         <input_file_ref idref="fl-64"/>
      </object_component>
      <object_component id="oc-e4">
         <name>.text</name>
         <load_address>0x17af4</load_address>
         <run_address>0x17af4</run_address>
         <size>0x7a</size>
         <input_file_ref idref="fl-59"/>
      </object_component>
      <object_component id="oc-46a">
         <name>.text:frexp</name>
         <load_address>0x17b70</load_address>
         <run_address>0x17b70</run_address>
         <size>0x74</size>
         <input_file_ref idref="fl-65"/>
      </object_component>
      <object_component id="oc-f">
         <name>.text:decompress:lzss:__TI_decompress_lzss</name>
         <load_address>0x17be4</load_address>
         <run_address>0x17be4</run_address>
         <size>0x6c</size>
         <input_file_ref idref="fl-5f"/>
      </object_component>
      <object_component id="oc-449">
         <name>.text:__TI_ltoa</name>
         <load_address>0x17c50</load_address>
         <run_address>0x17c50</run_address>
         <size>0x54</size>
         <input_file_ref idref="fl-6a"/>
      </object_component>
      <object_component id="oc-44f">
         <name>.text:_ecpy</name>
         <load_address>0x17ca4</load_address>
         <run_address>0x17ca4</run_address>
         <size>0x54</size>
         <input_file_ref idref="fl-64"/>
      </object_component>
      <object_component id="oc-3c5">
         <name>.text:_pconv_f</name>
         <load_address>0x17cf8</load_address>
         <run_address>0x17cf8</run_address>
         <size>0x50</size>
         <input_file_ref idref="fl-64"/>
      </object_component>
      <object_component id="oc-3b3">
         <name>.text:atoi</name>
         <load_address>0x17d48</load_address>
         <run_address>0x17d48</run_address>
         <size>0x50</size>
         <input_file_ref idref="fl-6b"/>
      </object_component>
      <object_component id="oc-318">
         <name>.text</name>
         <load_address>0x17d98</load_address>
         <run_address>0x17d98</run_address>
         <size>0x50</size>
         <input_file_ref idref="fl-58"/>
      </object_component>
      <object_component id="oc-108">
         <name>.text:__TI_auto_init_nobinit_nopinit:__TI_auto_init_nobinit_nopinit</name>
         <load_address>0x17de8</load_address>
         <run_address>0x17de8</run_address>
         <size>0x44</size>
         <input_file_ref idref="fl-5b"/>
      </object_component>
      <object_component id="oc-462">
         <name>.text:_fcpy</name>
         <load_address>0x17e2c</load_address>
         <run_address>0x17e2c</run_address>
         <size>0x40</size>
         <input_file_ref idref="fl-64"/>
      </object_component>
      <object_component id="oc-24e">
         <name>.text:sprintf</name>
         <load_address>0x17e6c</load_address>
         <run_address>0x17e6c</run_address>
         <size>0x40</size>
         <input_file_ref idref="fl-56"/>
      </object_component>
      <object_component id="oc-3d7">
         <name>.text:memccpy</name>
         <load_address>0x17eac</load_address>
         <run_address>0x17eac</run_address>
         <size>0x26</size>
         <input_file_ref idref="fl-6d"/>
      </object_component>
      <object_component id="oc-4c9">
         <name>.text:copysign</name>
         <load_address>0x17ed2</load_address>
         <run_address>0x17ed2</run_address>
         <size>0x1e</size>
         <input_file_ref idref="fl-67"/>
      </object_component>
      <object_component id="oc-2fc">
         <name>.text:_outs</name>
         <load_address>0x17ef0</load_address>
         <run_address>0x17ef0</run_address>
         <size>0x1a</size>
         <input_file_ref idref="fl-56"/>
      </object_component>
      <object_component id="oc-329">
         <name>.text:strcmp</name>
         <load_address>0x17f0a</load_address>
         <run_address>0x17f0a</run_address>
         <size>0x18</size>
         <input_file_ref idref="fl-62"/>
      </object_component>
      <object_component id="oc-476">
         <name>.text:strchr</name>
         <load_address>0x17f22</load_address>
         <run_address>0x17f22</run_address>
         <size>0x16</size>
         <input_file_ref idref="fl-6e"/>
      </object_component>
      <object_component id="oc-323">
         <name>.text:strlen</name>
         <load_address>0x17f38</load_address>
         <run_address>0x17f38</run_address>
         <size>0x16</size>
         <input_file_ref idref="fl-63"/>
      </object_component>
      <object_component id="oc-3dd">
         <name>.text:wcslen</name>
         <load_address>0x17f4e</load_address>
         <run_address>0x17f4e</run_address>
         <size>0x12</size>
         <input_file_ref idref="fl-70"/>
      </object_component>
      <object_component id="oc-95">
         <name>.text</name>
         <load_address>0x17f60</load_address>
         <run_address>0x17f60</run_address>
         <size>0x10</size>
         <input_file_ref idref="fl-48"/>
      </object_component>
      <object_component id="oc-15">
         <name>.text:decompress:none:__TI_decompress_none</name>
         <load_address>0x17f70</load_address>
         <run_address>0x17f70</run_address>
         <size>0xe</size>
         <input_file_ref idref="fl-5e"/>
      </object_component>
      <object_component id="oc-6b">
         <name>.text:decompress:ZI:__TI_zero_init</name>
         <load_address>0x17f7e</load_address>
         <run_address>0x17f7e</run_address>
         <size>0xc</size>
         <input_file_ref idref="fl-5d"/>
      </object_component>
      <object_component id="oc-302">
         <name>.text:_outc</name>
         <load_address>0x17f8a</load_address>
         <run_address>0x17f8a</run_address>
         <size>0xa</size>
         <input_file_ref idref="fl-56"/>
      </object_component>
      <object_component id="oc-3e3">
         <name>.text:__aeabi_errno_addr</name>
         <load_address>0x17f94</load_address>
         <run_address>0x17f94</run_address>
         <size>0x8</size>
         <input_file_ref idref="fl-6f"/>
      </object_component>
      <object_component id="oc-13f">
         <name>.text:abort:abort</name>
         <load_address>0x17f9c</load_address>
         <run_address>0x17f9c</run_address>
         <size>0x4</size>
         <input_file_ref idref="fl-60"/>
      </object_component>
      <object_component id="oc-3c">
         <name>.text:retain</name>
         <load_address>0x17fa0</load_address>
         <run_address>0x17fa0</run_address>
         <size>0x4</size>
         <input_file_ref idref="fl-4b"/>
      </object_component>
      <object_component id="oc-7c">
         <name>.text</name>
         <load_address>0x17fa4</load_address>
         <run_address>0x17fa4</run_address>
         <size>0x4</size>
         <input_file_ref idref="fl-4f"/>
      </object_component>
      <object_component id="oc-28">
         <name>.const:s_vim_init</name>
         <load_address>0x17fa8</load_address>
         <run_address>0x17fa8</run_address>
         <size>0x180</size>
         <input_file_ref idref="fl-50"/>
      </object_component>
      <object_component id="oc-43e">
         <name>.const:.string:_ctypes_</name>
         <load_address>0x18128</load_address>
         <run_address>0x18128</run_address>
         <size>0x101</size>
         <input_file_ref idref="fl-6c"/>
      </object_component>
      <object_component id="oc-32f">
         <name>.const:.string:badchr$1</name>
         <load_address>0x18229</load_address>
         <run_address>0x18229</run_address>
         <size>0x12</size>
         <input_file_ref idref="fl-2d"/>
      </object_component>
      <object_component id="oc-331">
         <name>.const:cst$2</name>
         <load_address>0x1823c</load_address>
         <run_address>0x1823c</run_address>
         <size>0xe</size>
         <input_file_ref idref="fl-2d"/>
      </object_component>
      <object_component id="oc-330">
         <name>.const:cst32$3</name>
         <load_address>0x1824a</load_address>
         <run_address>0x1824a</run_address>
         <size>0xe</size>
         <input_file_ref idref="fl-2d"/>
      </object_component>
      <object_component id="oc-315">
         <name>.const:.string:DbcTbl</name>
         <load_address>0x18258</load_address>
         <run_address>0x18258</run_address>
         <size>0xa</size>
         <input_file_ref idref="fl-2d"/>
      </object_component>
      <object_component id="oc-528">
         <name>__TI_handler_table</name>
         <load_address>0x18268</load_address>
         <run_address>0x18268</run_address>
         <size>0xc</size>
      </object_component>
      <object_component id="oc-52b">
         <name>.cinit..data.load</name>
         <load_address>0x18274</load_address>
         <run_address>0x18274</run_address>
         <size>0x9</size>
      </object_component>
      <object_component id="oc-52a">
         <name>.cinit..bss.load</name>
         <load_address>0x18280</load_address>
         <run_address>0x18280</run_address>
         <size>0x8</size>
      </object_component>
      <object_component id="oc-529">
         <name>__TI_cinit_table</name>
         <load_address>0x18288</load_address>
         <run_address>0x18288</run_address>
         <size>0x10</size>
      </object_component>
      <object_component id="oc-31d">
         <name>.bss:FatFs</name>
         <uninitialized>true</uninitialized>
         <run_address>0x8002058</run_address>
         <size>0x8</size>
         <input_file_ref idref="fl-2d"/>
      </object_component>
      <object_component id="oc-320">
         <name>.bss</name>
         <uninitialized>true</uninitialized>
         <run_address>0x8002068</run_address>
         <size>0x2</size>
         <input_file_ref idref="fl-2d"/>
      </object_component>
      <object_component id="oc-37c">
         <name>.bss</name>
         <uninitialized>true</uninitialized>
         <run_address>0x8002060</run_address>
         <size>0x8</size>
         <input_file_ref idref="fl-34"/>
      </object_component>
      <object_component id="oc-b3">
         <name>.bss:g_sciTransfer_t</name>
         <uninitialized>true</uninitialized>
         <run_address>0x8002020</run_address>
         <size>0x28</size>
         <input_file_ref idref="fl-43"/>
      </object_component>
      <object_component id="oc-40d">
         <name>.bss:g_spiPacket_t</name>
         <uninitialized>true</uninitialized>
         <run_address>0x8001f50</run_address>
         <size>0x78</size>
         <input_file_ref idref="fl-44"/>
      </object_component>
      <object_component id="oc-266">
         <name>.common:sd_card_status</name>
         <uninitialized>true</uninitialized>
         <run_address>0x800206b</run_address>
         <size>0x1</size>
      </object_component>
      <object_component id="oc-3f9">
         <name>.common:SDCardInfo</name>
         <uninitialized>true</uninitialized>
         <run_address>0x8001fc8</run_address>
         <size>0x58</size>
      </object_component>
      <object_component id="oc-382">
         <name>.common:SD_Type</name>
         <uninitialized>true</uninitialized>
         <run_address>0x800206a</run_address>
         <size>0x1</size>
      </object_component>
      <object_component id="oc-2bd">
         <name>.common:test_inC</name>
         <uninitialized>true</uninitialized>
         <run_address>0x8001e1c</run_address>
         <size>0xa4</size>
      </object_component>
      <object_component id="oc-2bb">
         <name>.common:Receive_Machine_Parameters</name>
         <uninitialized>true</uninitialized>
         <run_address>0x8001d68</run_address>
         <size>0xb4</size>
      </object_component>
      <object_component id="oc-26b">
         <name>.common:Transmit_Machine_Parameters</name>
         <uninitialized>true</uninitialized>
         <run_address>0x8001ec0</run_address>
         <size>0x90</size>
      </object_component>
      <object_component id="oc-20f">
         <name>.common:device_status</name>
         <uninitialized>true</uninitialized>
         <run_address>0x8002048</run_address>
         <size>0x10</size>
      </object_component>
      <object_component id="oc-26a">
         <name>.common:file</name>
         <uninitialized>true</uninitialized>
         <run_address>0x8001b40</run_address>
         <size>0x228</size>
      </object_component>
      <object_component id="oc-2c5">
         <name>.common:fs</name>
         <uninitialized>true</uninitialized>
         <run_address>0x8001910</run_address>
         <size>0x230</size>
      </object_component>
      <object_component id="oc-260">
         <name>.common:MCB_Data</name>
         <uninitialized>true</uninitialized>
         <run_address>0x8001500</run_address>
         <size>0x410</size>
      </object_component>
      <object_component id="oc-37f">
         <name>.data</name>
         <load_address>0x80020c8</load_address>
         <run_address>0x80020c8</run_address>
         <size>0x4</size>
         <input_file_ref idref="fl-30"/>
      </object_component>
      <object_component id="oc-36e">
         <name>.data:InputBuf</name>
         <load_address>0x8002098</load_address>
         <run_address>0x8002098</run_address>
         <size>0xa</size>
         <input_file_ref idref="fl-33"/>
      </object_component>
      <object_component id="oc-36b">
         <name>.data:OutputBuf</name>
         <load_address>0x80020a2</load_address>
         <run_address>0x80020a2</run_address>
         <size>0xa</size>
         <input_file_ref idref="fl-33"/>
      </object_component>
      <object_component id="oc-263">
         <name>.data</name>
         <load_address>0x80020b6</load_address>
         <run_address>0x80020b6</run_address>
         <size>0x8</size>
         <input_file_ref idref="fl-35"/>
      </object_component>
      <object_component id="oc-190">
         <name>.data:temp_Recive_buf</name>
         <load_address>0x80020ac</load_address>
         <run_address>0x80020ac</run_address>
         <size>0xa</size>
         <input_file_ref idref="fl-36"/>
      </object_component>
      <object_component id="oc-18d">
         <name>.data</name>
         <load_address>0x800208a</load_address>
         <run_address>0x800208a</run_address>
         <size>0x1</size>
         <input_file_ref idref="fl-36"/>
      </object_component>
      <object_component id="oc-269">
         <name>.data:dir$1</name>
         <load_address>0x800206c</load_address>
         <run_address>0x800206c</run_address>
         <size>0x1e</size>
         <input_file_ref idref="fl-38"/>
      </object_component>
      <object_component id="oc-14b">
         <name>.data</name>
         <load_address>0x800208c</load_address>
         <run_address>0x800208c</run_address>
         <size>0xc</size>
         <input_file_ref idref="fl-39"/>
      </object_component>
      <object_component id="oc-14e">
         <name>.data</name>
         <load_address>0x80020c0</load_address>
         <run_address>0x80020c0</run_address>
         <size>0x4</size>
         <input_file_ref idref="fl-40"/>
      </object_component>
      <object_component id="oc-486">
         <name>.data</name>
         <load_address>0x80020c4</load_address>
         <run_address>0x80020c4</run_address>
         <size>0x4</size>
         <input_file_ref idref="fl-6f"/>
      </object_component>
      <object_component id="oc-2ec">
         <name>.debug_info</name>
         <load_address>0x0</load_address>
         <run_address>0x0</run_address>
         <size>0x7fa</size>
         <input_file_ref idref="fl-2"/>
      </object_component>
      <object_component id="oc-3a9">
         <name>.debug_info</name>
         <load_address>0x7fa</load_address>
         <run_address>0x7fa</run_address>
         <size>0xfe</size>
         <input_file_ref idref="fl-2"/>
      </object_component>
      <object_component id="oc-42f">
         <name>.debug_info</name>
         <load_address>0x8f8</load_address>
         <run_address>0x8f8</run_address>
         <size>0x5e</size>
         <input_file_ref idref="fl-2"/>
      </object_component>
      <object_component id="oc-3ae">
         <name>.debug_info</name>
         <load_address>0x956</load_address>
         <run_address>0x956</run_address>
         <size>0x86</size>
         <input_file_ref idref="fl-2"/>
      </object_component>
      <object_component id="oc-38e">
         <name>.debug_info</name>
         <load_address>0x9dc</load_address>
         <run_address>0x9dc</run_address>
         <size>0xae</size>
         <input_file_ref idref="fl-2"/>
      </object_component>
      <object_component id="oc-54">
         <name>.debug_info</name>
         <load_address>0xa8a</load_address>
         <run_address>0xa8a</run_address>
         <size>0x84</size>
         <input_file_ref idref="fl-2"/>
      </object_component>
      <object_component id="oc-237">
         <name>.debug_info</name>
         <load_address>0xb0e</load_address>
         <run_address>0xb0e</run_address>
         <size>0xe96</size>
         <input_file_ref idref="fl-2"/>
      </object_component>
      <object_component id="oc-2e7">
         <name>.debug_info</name>
         <load_address>0x19a4</load_address>
         <run_address>0x19a4</run_address>
         <size>0x53</size>
         <input_file_ref idref="fl-2"/>
      </object_component>
      <object_component id="oc-439">
         <name>.debug_info</name>
         <load_address>0x19f7</load_address>
         <run_address>0x19f7</run_address>
         <size>0x5e</size>
         <input_file_ref idref="fl-b"/>
      </object_component>
      <object_component id="oc-393">
         <name>.debug_info</name>
         <load_address>0x1a55</load_address>
         <run_address>0x1a55</run_address>
         <size>0x86</size>
         <input_file_ref idref="fl-b"/>
      </object_component>
      <object_component id="oc-4fa">
         <name>.debug_info</name>
         <load_address>0x1adb</load_address>
         <run_address>0x1adb</run_address>
         <size>0x86</size>
         <input_file_ref idref="fl-b"/>
      </object_component>
      <object_component id="oc-4ff">
         <name>.debug_info</name>
         <load_address>0x1b61</load_address>
         <run_address>0x1b61</run_address>
         <size>0x5e</size>
         <input_file_ref idref="fl-b"/>
      </object_component>
      <object_component id="oc-4e5">
         <name>.debug_info</name>
         <load_address>0x1bbf</load_address>
         <run_address>0x1bbf</run_address>
         <size>0x86</size>
         <input_file_ref idref="fl-b"/>
      </object_component>
      <object_component id="oc-4b1">
         <name>.debug_info</name>
         <load_address>0x1c45</load_address>
         <run_address>0x1c45</run_address>
         <size>0x5e</size>
         <input_file_ref idref="fl-b"/>
      </object_component>
      <object_component id="oc-434">
         <name>.debug_info</name>
         <load_address>0x1ca3</load_address>
         <run_address>0x1ca3</run_address>
         <size>0x72</size>
         <input_file_ref idref="fl-b"/>
      </object_component>
      <object_component id="oc-389">
         <name>.debug_info</name>
         <load_address>0x1d15</load_address>
         <run_address>0x1d15</run_address>
         <size>0x72</size>
         <input_file_ref idref="fl-b"/>
      </object_component>
      <object_component id="oc-398">
         <name>.debug_info</name>
         <load_address>0x1d87</load_address>
         <run_address>0x1d87</run_address>
         <size>0x86</size>
         <input_file_ref idref="fl-b"/>
      </object_component>
      <object_component id="oc-384">
         <name>.debug_info</name>
         <load_address>0x1e0d</load_address>
         <run_address>0x1e0d</run_address>
         <size>0xae</size>
         <input_file_ref idref="fl-b"/>
      </object_component>
      <object_component id="oc-2c9">
         <name>.debug_info</name>
         <load_address>0x1ebb</load_address>
         <run_address>0x1ebb</run_address>
         <size>0xde</size>
         <input_file_ref idref="fl-b"/>
      </object_component>
      <object_component id="oc-24b">
         <name>.debug_info</name>
         <load_address>0x1f99</load_address>
         <run_address>0x1f99</run_address>
         <size>0x359</size>
         <input_file_ref idref="fl-2c"/>
      </object_component>
      <object_component id="oc-312">
         <name>.debug_info</name>
         <load_address>0x22f2</load_address>
         <run_address>0x22f2</run_address>
         <size>0x5ee</size>
         <input_file_ref idref="fl-2c"/>
      </object_component>
      <object_component id="oc-333">
         <name>.debug_info</name>
         <load_address>0x28e0</load_address>
         <run_address>0x28e0</run_address>
         <size>0x70</size>
         <input_file_ref idref="fl-2c"/>
      </object_component>
      <object_component id="oc-2ef">
         <name>.debug_info</name>
         <load_address>0x2950</load_address>
         <run_address>0x2950</run_address>
         <size>0x666</size>
         <input_file_ref idref="fl-2c"/>
      </object_component>
      <object_component id="oc-15f">
         <name>.debug_info</name>
         <load_address>0x2fb6</load_address>
         <run_address>0x2fb6</run_address>
         <size>0x26b</size>
         <input_file_ref idref="fl-2c"/>
      </object_component>
      <object_component id="oc-a4">
         <name>.debug_info</name>
         <load_address>0x3221</load_address>
         <run_address>0x3221</run_address>
         <size>0x157</size>
         <input_file_ref idref="fl-2c"/>
      </object_component>
      <object_component id="oc-232">
         <name>.debug_info</name>
         <load_address>0x3378</load_address>
         <run_address>0x3378</run_address>
         <size>0x16b</size>
         <input_file_ref idref="fl-2c"/>
      </object_component>
      <object_component id="oc-c4">
         <name>.debug_info</name>
         <load_address>0x34e3</load_address>
         <run_address>0x34e3</run_address>
         <size>0x8b</size>
         <input_file_ref idref="fl-2c"/>
      </object_component>
      <object_component id="oc-246">
         <name>.debug_info</name>
         <load_address>0x356e</load_address>
         <run_address>0x356e</run_address>
         <size>0x2a4</size>
         <input_file_ref idref="fl-2c"/>
      </object_component>
      <object_component id="oc-158">
         <name>.debug_info</name>
         <load_address>0x3812</load_address>
         <run_address>0x3812</run_address>
         <size>0xbb</size>
         <input_file_ref idref="fl-2c"/>
      </object_component>
      <object_component id="oc-c9">
         <name>.debug_info</name>
         <load_address>0x38cd</load_address>
         <run_address>0x38cd</run_address>
         <size>0x86</size>
         <input_file_ref idref="fl-2c"/>
      </object_component>
      <object_component id="oc-2e6">
         <name>.debug_info</name>
         <load_address>0x3953</load_address>
         <run_address>0x3953</run_address>
         <size>0x595</size>
         <input_file_ref idref="fl-2d"/>
      </object_component>
      <object_component id="oc-31e">
         <name>.debug_info</name>
         <load_address>0x3ee8</load_address>
         <run_address>0x3ee8</run_address>
         <size>0xe2</size>
         <input_file_ref idref="fl-2d"/>
      </object_component>
      <object_component id="oc-321">
         <name>.debug_info</name>
         <load_address>0x3fca</load_address>
         <run_address>0x3fca</run_address>
         <size>0xe0</size>
         <input_file_ref idref="fl-2d"/>
      </object_component>
      <object_component id="oc-316">
         <name>.debug_info</name>
         <load_address>0x40aa</load_address>
         <run_address>0x40aa</run_address>
         <size>0xe4</size>
         <input_file_ref idref="fl-2d"/>
      </object_component>
      <object_component id="oc-258">
         <name>.debug_info</name>
         <load_address>0x418e</load_address>
         <run_address>0x418e</run_address>
         <size>0x4669</size>
         <input_file_ref idref="fl-2d"/>
      </object_component>
      <object_component id="oc-22d">
         <name>.debug_info</name>
         <load_address>0x87f7</load_address>
         <run_address>0x87f7</run_address>
         <size>0x4e9</size>
         <input_file_ref idref="fl-2d"/>
      </object_component>
      <object_component id="oc-338">
         <name>.debug_info</name>
         <load_address>0x8ce0</load_address>
         <run_address>0x8ce0</run_address>
         <size>0x8c</size>
         <input_file_ref idref="fl-2d"/>
      </object_component>
      <object_component id="oc-3a2">
         <name>.debug_info</name>
         <load_address>0x8d6c</load_address>
         <run_address>0x8d6c</run_address>
         <size>0xcc</size>
         <input_file_ref idref="fl-2d"/>
      </object_component>
      <object_component id="oc-30a">
         <name>.debug_info</name>
         <load_address>0x8e38</load_address>
         <run_address>0x8e38</run_address>
         <size>0x2c</size>
         <input_file_ref idref="fl-2d"/>
      </object_component>
      <object_component id="oc-24c">
         <name>.debug_info</name>
         <load_address>0x8e64</load_address>
         <run_address>0x8e64</run_address>
         <size>0x429</size>
         <input_file_ref idref="fl-30"/>
      </object_component>
      <object_component id="oc-380">
         <name>.debug_info</name>
         <load_address>0x928d</load_address>
         <run_address>0x928d</run_address>
         <size>0xee</size>
         <input_file_ref idref="fl-30"/>
      </object_component>
      <object_component id="oc-2c1">
         <name>.debug_info</name>
         <load_address>0x937b</load_address>
         <run_address>0x937b</run_address>
         <size>0x157b</size>
         <input_file_ref idref="fl-30"/>
      </object_component>
      <object_component id="oc-1b2">
         <name>.debug_info</name>
         <load_address>0xa8f6</load_address>
         <run_address>0xa8f6</run_address>
         <size>0x4de</size>
         <input_file_ref idref="fl-30"/>
      </object_component>
      <object_component id="oc-412">
         <name>.debug_info</name>
         <load_address>0xadd4</load_address>
         <run_address>0xadd4</run_address>
         <size>0x375</size>
         <input_file_ref idref="fl-30"/>
      </object_component>
      <object_component id="oc-16e">
         <name>.debug_info</name>
         <load_address>0xb149</load_address>
         <run_address>0xb149</run_address>
         <size>0x1f9</size>
         <input_file_ref idref="fl-30"/>
      </object_component>
      <object_component id="oc-41f">
         <name>.debug_info</name>
         <load_address>0xb342</load_address>
         <run_address>0xb342</run_address>
         <size>0x12a</size>
         <input_file_ref idref="fl-30"/>
      </object_component>
      <object_component id="oc-241">
         <name>.debug_info</name>
         <load_address>0xb46c</load_address>
         <run_address>0xb46c</run_address>
         <size>0x26c</size>
         <input_file_ref idref="fl-30"/>
      </object_component>
      <object_component id="oc-210">
         <name>.debug_info</name>
         <load_address>0xb6d8</load_address>
         <run_address>0xb6d8</run_address>
         <size>0x59a</size>
         <input_file_ref idref="fl-31"/>
      </object_component>
      <object_component id="oc-205">
         <name>.debug_info</name>
         <load_address>0xbc72</load_address>
         <run_address>0xbc72</run_address>
         <size>0x3fa</size>
         <input_file_ref idref="fl-31"/>
      </object_component>
      <object_component id="oc-340">
         <name>.debug_info</name>
         <load_address>0xc06c</load_address>
         <run_address>0xc06c</run_address>
         <size>0xb4</size>
         <input_file_ref idref="fl-31"/>
      </object_component>
      <object_component id="oc-2d3">
         <name>.debug_info</name>
         <load_address>0xc120</load_address>
         <run_address>0xc120</run_address>
         <size>0x103</size>
         <input_file_ref idref="fl-31"/>
      </object_component>
      <object_component id="oc-223">
         <name>.debug_info</name>
         <load_address>0xc223</load_address>
         <run_address>0xc223</run_address>
         <size>0x306</size>
         <input_file_ref idref="fl-31"/>
      </object_component>
      <object_component id="oc-2ce">
         <name>.debug_info</name>
         <load_address>0xc529</load_address>
         <run_address>0xc529</run_address>
         <size>0x7cf</size>
         <input_file_ref idref="fl-31"/>
      </object_component>
      <object_component id="oc-1a0">
         <name>.debug_info</name>
         <load_address>0xccf8</load_address>
         <run_address>0xccf8</run_address>
         <size>0x2c</size>
         <input_file_ref idref="fl-31"/>
      </object_component>
      <object_component id="oc-1bc">
         <name>.debug_info</name>
         <load_address>0xcd24</load_address>
         <run_address>0xcd24</run_address>
         <size>0x437</size>
         <input_file_ref idref="fl-31"/>
      </object_component>
      <object_component id="oc-35f">
         <name>.debug_info</name>
         <load_address>0xd15b</load_address>
         <run_address>0xd15b</run_address>
         <size>0x1d4</size>
         <input_file_ref idref="fl-31"/>
      </object_component>
      <object_component id="oc-1c6">
         <name>.debug_info</name>
         <load_address>0xd32f</load_address>
         <run_address>0xd32f</run_address>
         <size>0x3d3</size>
         <input_file_ref idref="fl-31"/>
      </object_component>
      <object_component id="oc-1cb">
         <name>.debug_info</name>
         <load_address>0xd702</load_address>
         <run_address>0xd702</run_address>
         <size>0x3a4</size>
         <input_file_ref idref="fl-31"/>
      </object_component>
      <object_component id="oc-284">
         <name>.debug_info</name>
         <load_address>0xdaa6</load_address>
         <run_address>0xdaa6</run_address>
         <size>0x2c7</size>
         <input_file_ref idref="fl-31"/>
      </object_component>
      <object_component id="oc-23c">
         <name>.debug_info</name>
         <load_address>0xdd6d</load_address>
         <run_address>0xdd6d</run_address>
         <size>0x243</size>
         <input_file_ref idref="fl-31"/>
      </object_component>
      <object_component id="oc-27b">
         <name>.debug_info</name>
         <load_address>0xdfb0</load_address>
         <run_address>0xdfb0</run_address>
         <size>0x18e</size>
         <input_file_ref idref="fl-31"/>
      </object_component>
      <object_component id="oc-267">
         <name>.debug_info</name>
         <load_address>0xe13e</load_address>
         <run_address>0xe13e</run_address>
         <size>0x55b</size>
         <input_file_ref idref="fl-32"/>
      </object_component>
      <object_component id="oc-20a">
         <name>.debug_info</name>
         <load_address>0xe699</load_address>
         <run_address>0xe699</run_address>
         <size>0x1c5</size>
         <input_file_ref idref="fl-32"/>
      </object_component>
      <object_component id="oc-372">
         <name>.debug_info</name>
         <load_address>0xe85e</load_address>
         <run_address>0xe85e</run_address>
         <size>0x4e6</size>
         <input_file_ref idref="fl-33"/>
      </object_component>
      <object_component id="oc-36f">
         <name>.debug_info</name>
         <load_address>0xed44</load_address>
         <run_address>0xed44</run_address>
         <size>0xef</size>
         <input_file_ref idref="fl-33"/>
      </object_component>
      <object_component id="oc-36c">
         <name>.debug_info</name>
         <load_address>0xee33</load_address>
         <run_address>0xee33</run_address>
         <size>0xf1</size>
         <input_file_ref idref="fl-33"/>
      </object_component>
      <object_component id="oc-2a4">
         <name>.debug_info</name>
         <load_address>0xef24</load_address>
         <run_address>0xef24</run_address>
         <size>0x69d</size>
         <input_file_ref idref="fl-33"/>
      </object_component>
      <object_component id="oc-37e">
         <name>.debug_info</name>
         <load_address>0xf5c1</load_address>
         <run_address>0xf5c1</run_address>
         <size>0x420</size>
         <input_file_ref idref="fl-34"/>
      </object_component>
      <object_component id="oc-2b6">
         <name>.debug_info</name>
         <load_address>0xf9e1</load_address>
         <run_address>0xf9e1</run_address>
         <size>0x268</size>
         <input_file_ref idref="fl-34"/>
      </object_component>
      <object_component id="oc-264">
         <name>.debug_info</name>
         <load_address>0xfc49</load_address>
         <run_address>0xfc49</run_address>
         <size>0x18b</size>
         <input_file_ref idref="fl-35"/>
      </object_component>
      <object_component id="oc-1fe">
         <name>.debug_info</name>
         <load_address>0xfdd4</load_address>
         <run_address>0xfdd4</run_address>
         <size>0x4ed</size>
         <input_file_ref idref="fl-35"/>
      </object_component>
      <object_component id="oc-194">
         <name>.debug_info</name>
         <load_address>0x102c1</load_address>
         <run_address>0x102c1</run_address>
         <size>0x461</size>
         <input_file_ref idref="fl-36"/>
      </object_component>
      <object_component id="oc-191">
         <name>.debug_info</name>
         <load_address>0x10722</load_address>
         <run_address>0x10722</run_address>
         <size>0xfb</size>
         <input_file_ref idref="fl-36"/>
      </object_component>
      <object_component id="oc-18e">
         <name>.debug_info</name>
         <load_address>0x1081d</load_address>
         <run_address>0x1081d</run_address>
         <size>0xfd</size>
         <input_file_ref idref="fl-36"/>
      </object_component>
      <object_component id="oc-ae">
         <name>.debug_info</name>
         <load_address>0x1091a</load_address>
         <run_address>0x1091a</run_address>
         <size>0x34d</size>
         <input_file_ref idref="fl-36"/>
      </object_component>
      <object_component id="oc-261">
         <name>.debug_info</name>
         <load_address>0x10c67</load_address>
         <run_address>0x10c67</run_address>
         <size>0x5b6</size>
         <input_file_ref idref="fl-37"/>
      </object_component>
      <object_component id="oc-25b">
         <name>.debug_info</name>
         <load_address>0x1121d</load_address>
         <run_address>0x1121d</run_address>
         <size>0x1769</size>
         <input_file_ref idref="fl-37"/>
      </object_component>
      <object_component id="oc-26d">
         <name>.debug_info</name>
         <load_address>0x12986</load_address>
         <run_address>0x12986</run_address>
         <size>0x815</size>
         <input_file_ref idref="fl-38"/>
      </object_component>
      <object_component id="oc-189">
         <name>.debug_info</name>
         <load_address>0x1319b</load_address>
         <run_address>0x1319b</run_address>
         <size>0x889</size>
         <input_file_ref idref="fl-38"/>
      </object_component>
      <object_component id="oc-14c">
         <name>.debug_info</name>
         <load_address>0x13a24</load_address>
         <run_address>0x13a24</run_address>
         <size>0x1a1</size>
         <input_file_ref idref="fl-39"/>
      </object_component>
      <object_component id="oc-139">
         <name>.debug_info</name>
         <load_address>0x13bc5</load_address>
         <run_address>0x13bc5</run_address>
         <size>0x1c3</size>
         <input_file_ref idref="fl-39"/>
      </object_component>
      <object_component id="oc-b8">
         <name>.debug_info</name>
         <load_address>0x13d88</load_address>
         <run_address>0x13d88</run_address>
         <size>0x113</size>
         <input_file_ref idref="fl-3a"/>
      </object_component>
      <object_component id="oc-1a8">
         <name>.debug_info</name>
         <load_address>0x13e9b</load_address>
         <run_address>0x13e9b</run_address>
         <size>0x2ce</size>
         <input_file_ref idref="fl-3b"/>
      </object_component>
      <object_component id="oc-78">
         <name>.debug_info</name>
         <load_address>0x14169</load_address>
         <run_address>0x14169</run_address>
         <size>0x677</size>
         <input_file_ref idref="fl-3b"/>
      </object_component>
      <object_component id="oc-ec">
         <name>.debug_info</name>
         <load_address>0x147e0</load_address>
         <run_address>0x147e0</run_address>
         <size>0x9e7</size>
         <input_file_ref idref="fl-3b"/>
      </object_component>
      <object_component id="oc-107">
         <name>.debug_info</name>
         <load_address>0x151c7</load_address>
         <run_address>0x151c7</run_address>
         <size>0x326</size>
         <input_file_ref idref="fl-3c"/>
      </object_component>
      <object_component id="oc-8f">
         <name>.debug_info</name>
         <load_address>0x154ed</load_address>
         <run_address>0x154ed</run_address>
         <size>0xbc3</size>
         <input_file_ref idref="fl-3c"/>
      </object_component>
      <object_component id="oc-23">
         <name>.debug_info</name>
         <load_address>0x160b0</load_address>
         <run_address>0x160b0</run_address>
         <size>0x1a3</size>
         <input_file_ref idref="fl-3c"/>
      </object_component>
      <object_component id="oc-bf">
         <name>.debug_info</name>
         <load_address>0x16253</load_address>
         <run_address>0x16253</run_address>
         <size>0x18c</size>
         <input_file_ref idref="fl-3c"/>
      </object_component>
      <object_component id="oc-164">
         <name>.debug_info</name>
         <load_address>0x163df</load_address>
         <run_address>0x163df</run_address>
         <size>0x1de</size>
         <input_file_ref idref="fl-3c"/>
      </object_component>
      <object_component id="oc-102">
         <name>.debug_info</name>
         <load_address>0x165bd</load_address>
         <run_address>0x165bd</run_address>
         <size>0x129</size>
         <input_file_ref idref="fl-3c"/>
      </object_component>
      <object_component id="oc-17d">
         <name>.debug_info</name>
         <load_address>0x166e6</load_address>
         <run_address>0x166e6</run_address>
         <size>0x2cf</size>
         <input_file_ref idref="fl-3c"/>
      </object_component>
      <object_component id="oc-374">
         <name>.debug_info</name>
         <load_address>0x169b5</load_address>
         <run_address>0x169b5</run_address>
         <size>0x2a9</size>
         <input_file_ref idref="fl-3d"/>
      </object_component>
      <object_component id="oc-2ab">
         <name>.debug_info</name>
         <load_address>0x16c5e</load_address>
         <run_address>0x16c5e</run_address>
         <size>0x743</size>
         <input_file_ref idref="fl-3d"/>
      </object_component>
      <object_component id="oc-152">
         <name>.debug_info</name>
         <load_address>0x173a1</load_address>
         <run_address>0x173a1</run_address>
         <size>0x58c</size>
         <input_file_ref idref="fl-40"/>
      </object_component>
      <object_component id="oc-14f">
         <name>.debug_info</name>
         <load_address>0x1792d</load_address>
         <run_address>0x1792d</run_address>
         <size>0xf6</size>
         <input_file_ref idref="fl-40"/>
      </object_component>
      <object_component id="oc-9e">
         <name>.debug_info</name>
         <load_address>0x17a23</load_address>
         <run_address>0x17a23</run_address>
         <size>0xda5</size>
         <input_file_ref idref="fl-40"/>
      </object_component>
      <object_component id="oc-1ad">
         <name>.debug_info</name>
         <load_address>0x187c8</load_address>
         <run_address>0x187c8</run_address>
         <size>0x60e</size>
         <input_file_ref idref="fl-40"/>
      </object_component>
      <object_component id="oc-1b7">
         <name>.debug_info</name>
         <load_address>0x18dd6</load_address>
         <run_address>0x18dd6</run_address>
         <size>0x3ce</size>
         <input_file_ref idref="fl-40"/>
      </object_component>
      <object_component id="oc-228">
         <name>.debug_info</name>
         <load_address>0x191a4</load_address>
         <run_address>0x191a4</run_address>
         <size>0x7cd</size>
         <input_file_ref idref="fl-40"/>
      </object_component>
      <object_component id="oc-153">
         <name>.debug_info</name>
         <load_address>0x19971</load_address>
         <run_address>0x19971</run_address>
         <size>0x673</size>
         <input_file_ref idref="fl-40"/>
      </object_component>
      <object_component id="oc-1e7">
         <name>.debug_info</name>
         <load_address>0x19fe4</load_address>
         <run_address>0x19fe4</run_address>
         <size>0x37b</size>
         <input_file_ref idref="fl-40"/>
      </object_component>
      <object_component id="oc-1c1">
         <name>.debug_info</name>
         <load_address>0x1a35f</load_address>
         <run_address>0x1a35f</run_address>
         <size>0x1ca</size>
         <input_file_ref idref="fl-40"/>
      </object_component>
      <object_component id="oc-169">
         <name>.debug_info</name>
         <load_address>0x1a529</load_address>
         <run_address>0x1a529</run_address>
         <size>0x435</size>
         <input_file_ref idref="fl-40"/>
      </object_component>
      <object_component id="oc-1da">
         <name>.debug_info</name>
         <load_address>0x1a95e</load_address>
         <run_address>0x1a95e</run_address>
         <size>0x551</size>
         <input_file_ref idref="fl-40"/>
      </object_component>
      <object_component id="oc-1d0">
         <name>.debug_info</name>
         <load_address>0x1aeaf</load_address>
         <run_address>0x1aeaf</run_address>
         <size>0x1de</size>
         <input_file_ref idref="fl-40"/>
      </object_component>
      <object_component id="oc-1df">
         <name>.debug_info</name>
         <load_address>0x1b08d</load_address>
         <run_address>0x1b08d</run_address>
         <size>0x17a</size>
         <input_file_ref idref="fl-40"/>
      </object_component>
      <object_component id="oc-173">
         <name>.debug_info</name>
         <load_address>0x1b207</load_address>
         <run_address>0x1b207</run_address>
         <size>0x6a6</size>
         <input_file_ref idref="fl-40"/>
      </object_component>
      <object_component id="oc-178">
         <name>.debug_info</name>
         <load_address>0x1b8ad</load_address>
         <run_address>0x1b8ad</run_address>
         <size>0x13e</size>
         <input_file_ref idref="fl-40"/>
      </object_component>
      <object_component id="oc-1aa">
         <name>.debug_info</name>
         <load_address>0x1b9eb</load_address>
         <run_address>0x1b9eb</run_address>
         <size>0x290</size>
         <input_file_ref idref="fl-41"/>
      </object_component>
      <object_component id="oc-f4">
         <name>.debug_info</name>
         <load_address>0x1bc7b</load_address>
         <run_address>0x1bc7b</run_address>
         <size>0x205</size>
         <input_file_ref idref="fl-41"/>
      </object_component>
      <object_component id="oc-364">
         <name>.debug_info</name>
         <load_address>0x1be80</load_address>
         <run_address>0x1be80</run_address>
         <size>0x2f9</size>
         <input_file_ref idref="fl-42"/>
      </object_component>
      <object_component id="oc-29e">
         <name>.debug_info</name>
         <load_address>0x1c179</load_address>
         <run_address>0x1c179</run_address>
         <size>0xddf</size>
         <input_file_ref idref="fl-42"/>
      </object_component>
      <object_component id="oc-2c">
         <name>.debug_info</name>
         <load_address>0x1cf58</load_address>
         <run_address>0x1cf58</run_address>
         <size>0x385</size>
         <input_file_ref idref="fl-42"/>
      </object_component>
      <object_component id="oc-197">
         <name>.debug_info</name>
         <load_address>0x1d2dd</load_address>
         <run_address>0x1d2dd</run_address>
         <size>0x32b</size>
         <input_file_ref idref="fl-43"/>
      </object_component>
      <object_component id="oc-b4">
         <name>.debug_info</name>
         <load_address>0x1d608</load_address>
         <run_address>0x1d608</run_address>
         <size>0xfa</size>
         <input_file_ref idref="fl-43"/>
      </object_component>
      <object_component id="oc-2b0">
         <name>.debug_info</name>
         <load_address>0x1d702</load_address>
         <run_address>0x1d702</run_address>
         <size>0xdad</size>
         <input_file_ref idref="fl-43"/>
      </object_component>
      <object_component id="oc-32">
         <name>.debug_info</name>
         <load_address>0x1e4af</load_address>
         <run_address>0x1e4af</run_address>
         <size>0x388</size>
         <input_file_ref idref="fl-43"/>
      </object_component>
      <object_component id="oc-276">
         <name>.debug_info</name>
         <load_address>0x1e837</load_address>
         <run_address>0x1e837</run_address>
         <size>0x91</size>
         <input_file_ref idref="fl-43"/>
      </object_component>
      <object_component id="oc-411">
         <name>.debug_info</name>
         <load_address>0x1e8c8</load_address>
         <run_address>0x1e8c8</run_address>
         <size>0x2e0</size>
         <input_file_ref idref="fl-44"/>
      </object_component>
      <object_component id="oc-40e">
         <name>.debug_info</name>
         <load_address>0x1eba8</load_address>
         <run_address>0x1eba8</run_address>
         <size>0xf6</size>
         <input_file_ref idref="fl-44"/>
      </object_component>
      <object_component id="oc-367">
         <name>.debug_info</name>
         <load_address>0x1ec9e</load_address>
         <run_address>0x1ec9e</run_address>
         <size>0x10cf</size>
         <input_file_ref idref="fl-44"/>
      </object_component>
      <object_component id="oc-4a5">
         <name>.debug_info</name>
         <load_address>0x1fd6d</load_address>
         <run_address>0x1fd6d</run_address>
         <size>0xb9</size>
         <input_file_ref idref="fl-44"/>
      </object_component>
      <object_component id="oc-72">
         <name>.debug_info</name>
         <load_address>0x1fe26</load_address>
         <run_address>0x1fe26</run_address>
         <size>0x880</size>
         <input_file_ref idref="fl-45"/>
[...]
         <value>0x17868</value>
         <object_component_ref idref="oc-fa"/>
      </symbol>
      <symbol id="sm-cc1">
         <name>_pmuResetCycleCounter_</name>
         <value>0x17808</value>
         <object_component_ref idref="oc-fa"/>
      </symbol>
      <symbol id="sm-cc2">
         <name>_pmuSetCountEvent_</name>
         <value>0x17848</value>
         <object_component_ref idref="oc-fa"/>
      </symbol>
      <symbol id="sm-cc3">
         <name>_pmuGetCycleCount_</name>
         <value>0x17854</value>
         <object_component_ref idref="oc-fa"/>
      </symbol>
      <symbol id="sm-cc4">
         <name>_pmuEnableCountersGlobal_</name>
         <value>0x177e8</value>
         <object_component_ref idref="oc-fa"/>
      </symbol>
      <symbol id="sm-cc5">
         <name>_pmuDisableCountersGlobal_</name>
         <value>0x177f8</value>
         <object_component_ref idref="oc-fa"/>
      </symbol>
      <symbol id="sm-cc6">
         <name>_pmuStartCounters_</name>
         <value>0x17838</value>
         <object_component_ref idref="oc-fa"/>
      </symbol>
      <symbol id="sm-e86">
         <name>pbistSelfCheck</name>
         <value>0x6434</value>
         <object_component_ref idref="oc-88"/>
      </symbol>
      <symbol id="sm-e87">
         <name>fmcBus1ParityCheck</name>
         <value>0x842c</value>
         <object_component_ref idref="oc-88"/>
      </symbol>
      <symbol id="sm-e88">
         <name>can1ParityCheck</name>
         <value>0x7578</value>
         <object_component_ref idref="oc-88"/>
      </symbol>
      <symbol id="sm-e89">
         <name>enableParity</name>
         <value>0x8c38</value>
         <object_component_ref idref="oc-88"/>
      </symbol>
      <symbol id="sm-e8a">
         <name>dmaParityCheck</name>
         <value>0x7014</value>
         <object_component_ref idref="oc-88"/>
      </symbol>
      <symbol id="sm-e8b">
         <name>custom_dabort</name>
         <value>0x6f5c</value>
         <object_component_ref idref="oc-88"/>
      </symbol>
      <symbol id="sm-e8c">
         <name>memoryInit</name>
         <value>0x62dc</value>
         <object_component_ref idref="oc-88"/>
      </symbol>
      <symbol id="sm-e8d">
         <name>stcSelfCheck</name>
         <value>0x6320</value>
         <object_component_ref idref="oc-88"/>
      </symbol>
      <symbol id="sm-e8e">
         <name>efcGetConfigValue</name>
         <value>0x87c8</value>
         <object_component_ref idref="oc-88"/>
      </symbol>
      <symbol id="sm-e8f">
         <name>can2ParityCheck</name>
         <value>0x7650</value>
         <object_component_ref idref="oc-88"/>
      </symbol>
      <symbol id="sm-e90">
         <name>het1ParityCheck</name>
         <value>0x70c0</value>
         <object_component_ref idref="oc-88"/>
      </symbol>
      <symbol id="sm-e91">
         <name>adc1ParityCheck</name>
         <value>0x73d4</value>
         <object_component_ref idref="oc-88"/>
      </symbol>
      <symbol id="sm-e92">
         <name>checkefcSelfTest</name>
         <value>0x6924</value>
         <object_component_ref idref="oc-88"/>
      </symbol>
      <symbol id="sm-e93">
         <name>checkRAMECC</name>
         <value>0x7b38</value>
         <object_component_ref idref="oc-88"/>
      </symbol>
      <symbol id="sm-e94">
         <name>stcSelfCheckFail</name>
         <value>0x6f60</value>
         <object_component_ref idref="oc-88"/>
      </symbol>
      <symbol id="sm-e95">
         <name>ccmSelfCheck</name>
         <value>0x6198</value>
         <object_component_ref idref="oc-88"/>
      </symbol>
      <symbol id="sm-e96">
         <name>efcCheck</name>
         <value>0x67c8</value>
         <object_component_ref idref="oc-88"/>
      </symbol>
      <symbol id="sm-e97">
         <name>het2ParityCheck</name>
         <value>0x7228</value>
         <object_component_ref idref="oc-88"/>
      </symbol>
      <symbol id="sm-e98">
         <name>adc2ParityCheck</name>
         <value>0x74c0</value>
         <object_component_ref idref="oc-88"/>
      </symbol>
      <symbol id="sm-e99">
         <name>cpuSelfTest</name>
         <value>0x639c</value>
         <object_component_ref idref="oc-88"/>
      </symbol>
      <symbol id="sm-e9a">
         <name>htu1ParityCheck</name>
         <value>0x716c</value>
         <object_component_ref idref="oc-88"/>
      </symbol>
      <symbol id="sm-e9b">
         <name>checkFlashECC</name>
         <value>0x6e80</value>
         <object_component_ref idref="oc-88"/>
      </symbol>
      <symbol id="sm-e9c">
         <name>cpuSelfTestFail</name>
         <value>0x6f64</value>
         <object_component_ref idref="oc-88"/>
      </symbol>
      <symbol id="sm-e9d">
         <name>checkPLL1Slip</name>
         <value>0x7ff4</value>
         <object_component_ref idref="oc-88"/>
      </symbol>
      <symbol id="sm-e9e">
         <name>mibspi1ParityCheck</name>
         <value>0x77ec</value>
         <object_component_ref idref="oc-88"/>
      </symbol>
      <symbol id="sm-e9f">
         <name>ccmr4GetConfigValue</name>
         <value>0x8864</value>
         <object_component_ref idref="oc-88"/>
      </symbol>
      <symbol id="sm-ea0">
         <name>htu2ParityCheck</name>
         <value>0x7324</value>
         <object_component_ref idref="oc-88"/>
      </symbol>
      <symbol id="sm-ea1">
         <name>pbistPortTestStatus</name>
         <value>0x6770</value>
         <object_component_ref idref="oc-88"/>
      </symbol>
      <symbol id="sm-ea2">
         <name>checkFlashEEPROMECC</name>
         <value>0x7e5c</value>
         <object_component_ref idref="oc-88"/>
      </symbol>
      <symbol id="sm-ea3">
         <name>pbistGetConfigValue</name>
         <value>0x85d8</value>
         <object_component_ref idref="oc-88"/>
      </symbol>
      <symbol id="sm-ea4">
         <name>vimParityCheck</name>
         <value>0x6f68</value>
         <object_component_ref idref="oc-88"/>
      </symbol>
      <symbol id="sm-ea5">
         <name>pbistIsTestCompleted</name>
         <value>0x6710</value>
         <object_component_ref idref="oc-88"/>
      </symbol>
      <symbol id="sm-ea6">
         <name>disableParity</name>
         <value>0x8cc0</value>
         <object_component_ref idref="oc-88"/>
      </symbol>
      <symbol id="sm-ea7">
         <name>pbistRun</name>
         <value>0x6614</value>
         <object_component_ref idref="oc-88"/>
      </symbol>
      <symbol id="sm-ea8">
         <name>pbistFail</name>
         <value>0x8554</value>
         <object_component_ref idref="oc-88"/>
      </symbol>
      <symbol id="sm-ea9">
         <name>selftestFailNotification</name>
         <value>0x6188</value>
         <object_component_ref idref="oc-88"/>
      </symbol>
      <symbol id="sm-eaa">
         <name>errata_PBIST_4</name>
         <value>0x88d4</value>
         <object_component_ref idref="oc-88"/>
      </symbol>
      <symbol id="sm-eab">
         <name>mibspi3ParityCheck</name>
         <value>0x78f4</value>
         <object_component_ref idref="oc-88"/>
      </symbol>
      <symbol id="sm-eac">
         <name>efcSelfTest</name>
         <value>0x68fc</value>
         <object_component_ref idref="oc-88"/>
      </symbol>
      <symbol id="sm-ead">
         <name>checkB1RAMECC</name>
         <value>0x6c90</value>
         <object_component_ref idref="oc-88"/>
      </symbol>
      <symbol id="sm-eae">
         <name>pbistStop</name>
         <value>0x66e0</value>
         <object_component_ref idref="oc-88"/>
      </symbol>
      <symbol id="sm-eaf">
         <name>can3ParityCheck</name>
         <value>0x7718</value>
         <object_component_ref idref="oc-88"/>
      </symbol>
      <symbol id="sm-eb0">
         <name>checkRAMAddrParity</name>
         <value>0x81b8</value>
         <object_component_ref idref="oc-88"/>
      </symbol>
      <symbol id="sm-eb1">
         <name>mibspi5ParityCheck</name>
         <value>0x7a18</value>
         <object_component_ref idref="oc-88"/>
      </symbol>
      <symbol id="sm-eb2">
         <name>checkB0RAMECC</name>
         <value>0x6aa0</value>
         <object_component_ref idref="oc-88"/>
      </symbol>
      <symbol id="sm-eb3">
         <name>stcGetConfigValue</name>
         <value>0x8724</value>
         <object_component_ref idref="oc-88"/>
      </symbol>
      <symbol id="sm-eb4">
         <name>pbistIsTestPassed</name>
         <value>0x673c</value>
         <object_component_ref idref="oc-88"/>
      </symbol>
      <symbol id="sm-eb5">
         <name>checkClockMonitor</name>
         <value>0x7d80</value>
         <object_component_ref idref="oc-88"/>
      </symbol>
      <symbol id="sm-eb6">
         <name>fmcECCcheck</name>
         <value>0x6a00</value>
         <object_component_ref idref="oc-88"/>
      </symbol>
      <symbol id="sm-eb7">
         <name>fmcBus2Check</name>
         <value>0x69c4</value>
         <object_component_ref idref="oc-88"/>
      </symbol>
      <symbol id="sm-eb8">
         <name>checkRAMUERRTest</name>
         <value>0x82c4</value>
         <object_component_ref idref="oc-88"/>
      </symbol>
      <symbol id="sm-eb9">
         <name>efcStuckZeroTest</name>
         <value>0x6850</value>
         <object_component_ref idref="oc-88"/>
      </symbol>
      <symbol id="sm-eba">
         <name>checkPLL2Slip</name>
         <value>0x80f4</value>
         <object_component_ref idref="oc-88"/>
      </symbol>
      <symbol id="sm-eee">
         <name>_c_int00</name>
         <value>0x161b8</value>
         <object_component_ref idref="oc-1c"/>
      </symbol>
      <symbol id="sm-eef">
         <name>handlePLLLockFail</name>
         <value>0x17fa4</value>
         <object_component_ref idref="oc-7c"/>
      </symbol>
      <symbol id="sm-f86">
         <name>vimChannelMap</name>
         <value>0x12824</value>
         <object_component_ref idref="oc-43"/>
      </symbol>
      <symbol id="sm-f87">
         <name>vimInit</name>
         <value>0x12750</value>
         <object_component_ref idref="oc-43"/>
      </symbol>
      <symbol id="sm-f88">
         <name>vimEnableInterrupt</name>
         <value>0x128c8</value>
         <object_component_ref idref="oc-43"/>
      </symbol>
      <symbol id="sm-f89">
         <name>vimDisableInterrupt</name>
         <value>0x12a20</value>
         <object_component_ref idref="oc-43"/>
      </symbol>
      <symbol id="sm-f8a">
         <name>vimGetConfigValue</name>
         <value>0x12aa4</value>
         <object_component_ref idref="oc-43"/>
      </symbol>
      <symbol id="sm-f8b">
         <name>vimParityErrorHandler</name>
         <value>0x1645c</value>
         <object_component_ref idref="oc-42"/>
      </symbol>
      <symbol id="sm-fe6">
         <name>systemGetConfigValue</name>
         <value>0x10af8</value>
         <object_component_ref idref="oc-82"/>
      </symbol>
      <symbol id="sm-fe7">
         <name>trimLPO</name>
         <value>0x107cc</value>
         <object_component_ref idref="oc-82"/>
      </symbol>
      <symbol id="sm-fe8">
         <name>systemInit</name>
         <value>0x109fc</value>
         <object_component_ref idref="oc-82"/>
      </symbol>
      <symbol id="sm-fe9">
         <name>customTrimLPO</name>
         <value>0x111f4</value>
         <object_component_ref idref="oc-82"/>
      </symbol>
      <symbol id="sm-fea">
         <name>tcmflashGetConfigValue</name>
         <value>0x10f0c</value>
         <object_component_ref idref="oc-82"/>
      </symbol>
      <symbol id="sm-feb">
         <name>sramGetConfigValue</name>
         <value>0x110b8</value>
         <object_component_ref idref="oc-82"/>
      </symbol>
      <symbol id="sm-fec">
         <name>periphInit</name>
         <value>0x10880</value>
         <object_component_ref idref="oc-82"/>
      </symbol>
      <symbol id="sm-fed">
         <name>setupFlash</name>
         <value>0x10840</value>
         <object_component_ref idref="oc-82"/>
      </symbol>
      <symbol id="sm-fee">
         <name>setupPLL</name>
         <value>0x1076c</value>
         <object_component_ref idref="oc-82"/>
      </symbol>
      <symbol id="sm-fef">
         <name>mapClocks</name>
         <value>0x108d4</value>
         <object_component_ref idref="oc-82"/>
      </symbol>
      <symbol id="sm-ff0">
         <name>systemPowerDown</name>
         <value>0x10ac8</value>
         <object_component_ref idref="oc-82"/>
      </symbol>
      <symbol id="sm-1017">
         <name>sprintf</name>
         <value>0x17e6d</value>
         <object_component_ref idref="oc-24e"/>
      </symbol>
      <symbol id="sm-103d">
         <name>floorl</name>
         <value>0x176bd</value>
         <object_component_ref idref="oc-375"/>
      </symbol>
      <symbol id="sm-103e">
         <name>floor</name>
         <value>0x176bd</value>
         <object_component_ref idref="oc-375"/>
      </symbol>
      <symbol id="sm-104a">
         <name>__aeabi_uidivmod</name>
         <value>0x17d98</value>
         <object_component_ref idref="oc-318"/>
      </symbol>
      <symbol id="sm-104b">
         <name>__aeabi_uidiv</name>
         <value>0x17d98</value>
         <object_component_ref idref="oc-318"/>
      </symbol>
      <symbol id="sm-105a">
         <name>__aeabi_memset</name>
         <value>0x17af7</value>
         <object_component_ref idref="oc-e4"/>
      </symbol>
      <symbol id="sm-105b">
         <name>memset</name>
         <value>0x17afd</value>
         <object_component_ref idref="oc-e4"/>
      </symbol>
      <symbol id="sm-105c">
         <name>__aeabi_memset8</name>
         <value>0x17af7</value>
         <object_component_ref idref="oc-e4"/>
      </symbol>
      <symbol id="sm-105d">
         <name>__aeabi_memset4</name>
         <value>0x17af7</value>
         <object_component_ref idref="oc-e4"/>
      </symbol>
      <symbol id="sm-105e">
         <name>__aeabi_memclr8</name>
         <value>0x17af5</value>
         <object_component_ref idref="oc-e4"/>
      </symbol>
      <symbol id="sm-105f">
         <name>__aeabi_memclr4</name>
         <value>0x17af5</value>
         <object_component_ref idref="oc-e4"/>
      </symbol>
      <symbol id="sm-1060">
         <name>__aeabi_memclr</name>
         <value>0x17af5</value>
         <object_component_ref idref="oc-e4"/>
      </symbol>
      <symbol id="sm-107b">
         <name>memcpy</name>
         <value>0x179df</value>
         <object_component_ref idref="oc-59"/>
      </symbol>
      <symbol id="sm-107c">
         <name>__aeabi_memcpy</name>
         <value>0x179df</value>
         <object_component_ref idref="oc-59"/>
      </symbol>
      <symbol id="sm-107d">
         <name>__aeabi_memcpy8</name>
         <value>0x179df</value>
         <object_component_ref idref="oc-59"/>
      </symbol>
      <symbol id="sm-107e">
         <name>__aeabi_memcpy4</name>
         <value>0x179df</value>
         <object_component_ref idref="oc-59"/>
      </symbol>
      <symbol id="sm-10a6">
         <name>__TI_auto_init_nobinit_nopinit</name>
         <value>0x17de9</value>
         <object_component_ref idref="oc-108"/>
      </symbol>
      <symbol id="sm-10b9">
         <name>__TI_zero_init</name>
         <value>0x17f7f</value>
         <object_component_ref idref="oc-6b"/>
      </symbol>
      <symbol id="sm-10d0">
         <name>__TI_decompress_none</name>
         <value>0x17f71</value>
         <object_component_ref idref="oc-15"/>
      </symbol>
      <symbol id="sm-10f3">
         <name>__TI_decompress_lzss</name>
         <value>0x17be5</value>
         <object_component_ref idref="oc-f"/>
      </symbol>
      <symbol id="sm-10fe">
         <name>C$$EXIT</name>
         <value>0x17f9d</value>
         <object_component_ref idref="oc-13f"/>
      </symbol>
      <symbol id="sm-10ff">
         <name>abort</name>
         <value>0x17f9d</value>
         <object_component_ref idref="oc-13f"/>
      </symbol>
      <symbol id="sm-110f">
         <name>strcmp</name>
         <value>0x17f0b</value>
         <object_component_ref idref="oc-329"/>
      </symbol>
      <symbol id="sm-111d">
         <name>strlen</name>
         <value>0x17f39</value>
         <object_component_ref idref="oc-323"/>
      </symbol>
      <symbol id="sm-1274">
         <name>__TI_printfi</name>
         <value>0x112d1</value>
         <object_component_ref idref="oc-2f6"/>
      </symbol>
      <symbol id="sm-1292">
         <name>frexpl</name>
         <value>0x17b71</value>
         <object_component_ref idref="oc-46a"/>
      </symbol>
      <symbol id="sm-1293">
         <name>frexp</name>
         <value>0x17b71</value>
         <object_component_ref idref="oc-46a"/>
      </symbol>
      <symbol id="sm-12b0">
         <name>scalbn</name>
         <value>0x173fd</value>
         <object_component_ref idref="oc-470"/>
      </symbol>
      <symbol id="sm-12b1">
         <name>scalbnl</name>
         <value>0x173fd</value>
         <object_component_ref idref="oc-470"/>
      </symbol>
      <symbol id="sm-12b2">
         <name>ldexpl</name>
         <value>0x173fd</value>
         <object_component_ref idref="oc-470"/>
      </symbol>
      <symbol id="sm-12b3">
         <name>ldexp</name>
         <value>0x173fd</value>
         <object_component_ref idref="oc-470"/>
      </symbol>
      <symbol id="sm-12bd">
         <name>copysign</name>
         <value>0x17ed3</value>
         <object_component_ref idref="oc-4c9"/>
      </symbol>
      <symbol id="sm-12be">
         <name>copysignl</name>
         <value>0x17ed3</value>
         <object_component_ref idref="oc-4c9"/>
      </symbol>
      <symbol id="sm-12c8">
         <name>__aeabi_idiv0</name>
         <value>0x11d1b</value>
         <object_component_ref idref="oc-3fd"/>
      </symbol>
      <symbol id="sm-12c9">
         <name>__aeabi_ldiv0</name>
         <value>0x11d1b</value>
         <object_component_ref idref="oc-3fd"/>
      </symbol>
      <symbol id="sm-12e5">
         <name>__aeabi_uldivmod</name>
         <value>0x15c5c</value>
         <object_component_ref idref="oc-443"/>
      </symbol>
      <symbol id="sm-12f4">
         <name>__TI_ltoa</name>
         <value>0x17c51</value>
         <object_component_ref idref="oc-449"/>
      </symbol>
      <symbol id="sm-1309">
         <name>atoi</name>
         <value>0x17d49</value>
         <object_component_ref idref="oc-3b3"/>
      </symbol>
      <symbol id="sm-1314">
         <name>_ctypes_</name>
         <value>0x18128</value>
         <object_component_ref idref="oc-43e"/>
      </symbol>
      <symbol id="sm-1324">
         <name>memccpy</name>
         <value>0x17ead</value>
         <object_component_ref idref="oc-3d7"/>
      </symbol>
      <symbol id="sm-1334">
         <name>strchr</name>
         <value>0x17f23</value>
         <object_component_ref idref="oc-476"/>
      </symbol>
      <symbol id="sm-134a">
         <name>__aeabi_errno_addr</name>
         <value>0x17f95</value>
         <object_component_ref idref="oc-3e3"/>
      </symbol>
      <symbol id="sm-134b">
         <name>errno</name>
         <value>0x80020c4</value>
         <object_component_ref idref="oc-486"/>
      </symbol>
      <symbol id="sm-1364">
         <name>wcslen</name>
         <value>0x17f4f</value>
         <object_component_ref idref="oc-3dd"/>
      </symbol>
      <symbol id="sm-1365">
         <name>__TI_static_base__</name>
         <value>0x0</value>
      </symbol>
      <symbol id="sm-1368">
         <name>SHT$$INIT_ARRAY$$Base</name>
         <value>0x0</value>
      </symbol>
      <symbol id="sm-1369">
         <name>SHT$$INIT_ARRAY$$Limit</name>
         <value>0x0</value>
      </symbol>
      <symbol id="sm-136a">
         <name>_system_post_cinit</name>
         <value>0x0</value>
      </symbol>
   </symbol_table>
   <title>Link successful</title>
</link_info>
