******************************************************************************
                  TI ARM Linker PC v20.2.4                     
******************************************************************************
>> Linked Wed Jan 19 16:52:12 2022

OUTPUT FILE NAME:   <TMS570LS3137_BCMU_MCB.out>
ENTRY POINT SYMBOL: "_c_int00"  address: 000161b8


MEMORY CONFIGURATION

         name            origin    length      used     unused   attr    fill
----------------------  --------  ---------  --------  --------  ----  --------
  VECTORS               00000000   00000020  00000020  00000000     X
  FLASH0                00000020   0017ffe0  00018272  00167d6e  R  X
  FLASH1                00180000   00180000  00000000  00180000  R  X
  STACKS                08000000   00001500  00000000  00001500  RW  
  RAM                   08001500   0003eb00  00000bcc  0003df34  RW  


SEGMENT ALLOCATION MAP

run origin  load origin   length   init length attrs members
----------  ----------- ---------- ----------- ----- -------
00000000    00000000    00018298   00018298    r-x
  00000000    00000000    00000020   00000020    r-x .intvecs
  00000020    00000020    00017f88   00017f88    r-x .text
  00017fa8    00017fa8    000002ba   000002ba    r-- .const
  00018268    00018268    00000030   00000030    r-- .cinit
08001500    08001500    00000bcc   00000000    rw-
  08001500    08001500    00000b6c   00000000    rw- .bss
  0800206c    0800206c    00000060   00000000    rw- .data


SECTION ALLOCATION MAP

 output                                  attributes/
section   page    origin      length       input sections
--------  ----  ----------  ----------   ----------------
.intvecs   0    00000000    00000020     
                  00000000    00000020     sys_intvecs.obj (.intvecs)

.text      0    00000020    00017f88     
                  00000020    00006168     ff.obj (.text)
                  00006188    00002cdc     sys_selftest.obj (.text)
                  00008e64    000028f0     sdram.obj (.text)
                  0000b754    0000247c     init.obj (.text)
                  0000dbd0    00000f18     test.obj (.text)
                  0000eae8    00000ed8     spi.obj (.text)
                  0000f9c0    00000dac     sdcard.obj (.text)
                  0001076c    00000b64     system.obj (.text)
                  000112d0    00000a4a     rtsv7R4_T_be_v3D16_eabi.lib : _printfi.c.obj (.text:__TI_printfi)
                  00011d1a    00000002                                 : div0.asm.obj (.text)
                  00011d1c    00000a34     sci.obj (.text)
                  00012750    00000898     sys_vim.obj (.text)
                  00012fe8    00000664     errata_SSWF021_45.obj (.text)
                  0001364c    00000638     rti.obj (.text)
                  00013c84    00000614     Device_control.obj (.text)
                  00014298    000005bc     esm.obj (.text)
                  00014854    000005ac     pinmux.obj (.text)
                  00014e00    00000484     gio.obj (.text)
                  00015284    00000398     sci.obj (.text:retain)
                  0001561c    0000034c     sys_core.obj (.text)
                  00015968    000002f4     dac5689.obj (.text)
                  00015c5c    000002b8     rtsv7R4_T_be_v3D16_eabi.lib : ull_div32.asm.obj (.text)
                  00015f14    000002a4     diskio.obj (.text)
                  000161b8    000002a4     sys_startup.obj (.text:retain)
                  0001645c    00000290     sys_vim.obj (.text:retain)
                  000166ec    00000248     rtsv7R4_T_be_v3D16_eabi.lib : _printfi.c.obj (.text:_pconv_a)
                  00016934    000001e4     rs232.obj (.text)
                  00016b18    000001a0     rtsv7R4_T_be_v3D16_eabi.lib : _printfi.c.obj (.text:_pconv_g)
                  00016cb8    0000016c     notification.obj (.text)
                  00016e24    0000016c     rti.obj (.text:retain)
                  00016f90    00000158     SD_card.obj (.text)
                  000170e8    00000114     esm.obj (.text:retain)
                  000171fc    00000104     rtsv7R4_T_be_v3D16_eabi.lib : _printfi.c.obj (.text:_pconv_e)
                  00017300    000000fc                                 : _printfi.c.obj (.text:fcvt)
                  000173fc    000000f0                                 : s_scalbn.c.obj (.text:scalbn)
                  000174ec    000000e8     dabort.obj (.text)
                  000175d4    000000e8     delay.obj (.text)
                  000176bc    000000e0     rtsv7R4_T_be_v3D16_eabi.lib : s_floor.c.obj (.text:floor)
                  0001779c    000000e0     sys_pmu.obj (.text)
                  0001787c    000000b4     user_main.obj (.text)
                  00017930    000000ad     rtsv7R4_T_be_v3D16_eabi.lib : _printfi.c.obj (.text:_ltostr)
                  000179dd    00000001     --HOLE-- [fill = 0]
                  000179de    0000009c                                 : memcpy_t2.asm.obj (.text)
                  00017a7a    0000007a                                 : _printfi.c.obj (.text:_mcpy)
                  00017af4    0000007a                                 : memset_t2.asm.obj (.text)
                  00017b6e    00000002     --HOLE-- [fill = 0]
                  00017b70    00000074                                 : s_frexp.c.obj (.text:frexp)
                  00017be4    0000006c                                 : copy_decompress_lzss.c.obj (.text:decompress:lzss:__TI_decompress_lzss)
                  00017c50    00000054                                 : _ltoa.c.obj (.text:__TI_ltoa)
                  00017ca4    00000054                                 : _printfi.c.obj (.text:_ecpy)
                  00017cf8    00000050                                 : _printfi.c.obj (.text:_pconv_f)
                  00017d48    00000050                                 : atoi.c.obj (.text:atoi)
                  00017d98    00000050                                 : u_div32.asm.obj (.text)
                  00017de8    00000044                                 : autoinit.c.obj (.text:__TI_auto_init_nobinit_nopinit:__TI_auto_init_nobinit_nopinit)
                  00017e2c    00000040                                 : _printfi.c.obj (.text:_fcpy)
                  00017e6c    00000040                                 : sprintf.c.obj (.text:sprintf)
                  00017eac    00000026                                 : memccpy.c.obj (.text:memccpy)
                  00017ed2    0000001e                                 : s_copysign.c.obj (.text:copysign)
                  00017ef0    0000001a                                 : sprintf.c.obj (.text:_outs)
                  00017f0a    00000018                                 : strcmp.c.obj (.text:strcmp)
                  00017f22    00000016                                 : strchr.c.obj (.text:strchr)
                  00017f38    00000016                                 : strlen.c.obj (.text:strlen)
                  00017f4e    00000012                                 : wcslen.c.obj (.text:wcslen)
                  00017f60    00000010     sys_main.obj (.text)
                  00017f70    0000000e     rtsv7R4_T_be_v3D16_eabi.lib : copy_decompress_none.c.obj (.text:decompress:none:__TI_decompress_none)
                  00017f7e    0000000c                                 : copy_zero_init.c.obj (.text:decompress:ZI:__TI_zero_init)
                  00017f8a    0000000a                                 : sprintf.c.obj (.text:_outc)
                  00017f94    00000008                                 : errno.c.obj (.text:__aeabi_errno_addr)
                  00017f9c    00000004                                 : exit.c.obj (.text:abort:abort)
                  00017fa0    00000004     sys_phantom.obj (.text:retain)
                  00017fa4    00000004     sys_startup.obj (.text)

.const     0    00017fa8    000002ba     
                  00017fa8    00000180     sys_vim.obj (.const:s_vim_init)
                  00018128    00000101     rtsv7R4_T_be_v3D16_eabi.lib : ctype.c.obj (.const:.string:_ctypes_)
                  00018229    00000012     ff.obj (.const:.string:badchr$1)
                  0001823b    00000001     --HOLE-- [fill = 0]
                  0001823c    0000000e     ff.obj (.const:cst$2)
                  0001824a    0000000e     ff.obj (.const:cst32$3)
                  00018258    0000000a     ff.obj (.const:.string:DbcTbl)

.cinit     0    00018268    00000030     
                  00018268    0000000c     (__TI_handler_table)
                  00018274    00000009     (.cinit..data.load) [load image, compression = lzss]
                  0001827d    00000003     --HOLE-- [fill = 0]
                  00018280    00000008     (.cinit..bss.load) [load image, compression = zero_init]
                  00018288    00000010     (__TI_cinit_table)

.bss       0    08001500    00000b6c     UNINITIALIZED
                  08001500    00000410     (.common:MCB_Data)
                  08001910    00000230     (.common:fs)
                  08001b40    00000228     (.common:file)
                  08001d68    000000b4     (.common:Receive_Machine_Parameters)
                  08001e1c    000000a4     (.common:test_inC)
                  08001ec0    00000090     (.common:Transmit_Machine_Parameters)
                  08001f50    00000078     spi.obj (.bss:g_spiPacket_t)
                  08001fc8    00000058     (.common:SDCardInfo)
                  08002020    00000028     sci.obj (.bss:g_sciTransfer_t)
                  08002048    00000010     (.common:device_status)
                  08002058    00000008     ff.obj (.bss:FatFs)
                  08002060    00000008     delay.obj (.bss)
                  08002068    00000002     ff.obj (.bss)
                  0800206a    00000001     (.common:SD_Type)
                  0800206b    00000001     (.common:sd_card_status)

.data      0    0800206c    00000060     UNINITIALIZED
                  0800206c    0000001e     test.obj (.data:dir$1)
                  0800208a    00000001     rs232.obj (.data)
                  0800208b    00000001     --HOLE--
                  0800208c    0000000c     user_main.obj (.data)
                  08002098    0000000a     dac5689.obj (.data:InputBuf)
                  080020a2    0000000a     dac5689.obj (.data:OutputBuf)
                  080020ac    0000000a     rs232.obj (.data:temp_Recive_buf)
                  080020b6    00000008     init.obj (.data)
                  080020be    00000002     --HOLE--
                  080020c0    00000004     notification.obj (.data)
                  080020c4    00000004     rtsv7R4_T_be_v3D16_eabi.lib : errno.c.obj (.data)
                  080020c8    00000004     sdcard.obj (.data)

__llvm_prf_cnts 
*          0    08001500    00000000     UNINITIALIZED

MODULE SUMMARY

       Module                       code    ro data   rw data
       ------                       ----    -------   -------
    .\SdCard\
       ff.obj                       24936   56        10     
       sdcard.obj                   3500    0         94     
       diskio.obj                   676     0         0      
    +--+----------------------------+-------+---------+---------+
       Total:                       29112   56        104    
                                                             
    .\UserCode\
       sdram.obj                    10480   0         1040   
       init.obj                     9340    0         8      
       test.obj                     3864    0         30     
       Device_control.obj           1556    0         504    
       SD_card.obj                  344     0         1112   
       dac5689.obj                  756     0         20     
       rs232.obj                    484     0         11     
       delay.obj                    232     0         8      
       user_main.obj                180     0         12     
    +--+----------------------------+-------+---------+---------+
       Total:                       27236   0         2745   
                                                             
    .\hal\source\
       sys_selftest.obj             11484   0         0      
       spi.obj                      3800    0         120    
       sci.obj                      3532    0         40     
       sys_vim.obj                  2856    384       0      
       system.obj                   2916    0         0      
       rti.obj                      1956    0         0      
       esm.obj                      1744    0         0      
       errata_SSWF021_45.obj        1636    0         0      
       pinmux.obj                   1452    0         0      
       gio.obj                      1156    0         0      
       sys_core.obj                 844     0         0      
       sys_startup.obj              680     0         0      
       notification.obj             364     0         4      
       dabort.obj                   232     0         0      
       sys_pmu.obj                  224     0         0      
       sys_intvecs.obj              32      0         0      
       sys_main.obj                 16      0         0      
       sys_phantom.obj              4       0         0      
    +--+----------------------------+-------+---------+---------+
       Total:                       34928   384       164    
                                                             
    C:/ti/ccs1030/ccs/tools/compiler/ti-cgt-arm_20.2.4.LTS/lib/rtsv7R4_T_be_v3D16_eabi.lib
       _printfi.c.obj               4669    0         0      
       ull_div32.asm.obj            696     0         0      
       ctype.c.obj                  0       257       0      
       s_scalbn.c.obj               240     0         0      
       s_floor.c.obj                224     0         0      
       memcpy_t2.asm.obj            156     0         0      
       memset_t2.asm.obj            122     0         0      
       s_frexp.c.obj                116     0         0      
       copy_decompress_lzss.c.obj   108     0         0      
       sprintf.c.obj                100     0         0      
       _ltoa.c.obj                  84      0         0      
       atoi.c.obj                   80      0         0      
       u_div32.asm.obj              80      0         0      
       autoinit.c.obj               68      0         0      
       memccpy.c.obj                38      0         0      
       s_copysign.c.obj             30      0         0      
       strcmp.c.obj                 24      0         0      
       strchr.c.obj                 22      0         0      
       strlen.c.obj                 22      0         0      
       wcslen.c.obj                 18      0         0      
       copy_decompress_none.c.obj   14      0         0      
       copy_zero_init.c.obj         12      0         0      
       errno.c.obj                  8       0         4      
       exit.c.obj                   4       0         0      
       div0.asm.obj                 2       0         0      
    +--+----------------------------+-------+---------+---------+
       Total:                       6937    257       4      
                                                             
       Linker Generated:            0       45        0      
    +--+----------------------------+-------+---------+---------+
       Grand Total:                 98213   742       3017   


LINKER GENERATED COPY TABLES

__TI_cinit_table @ 00018288 records: 2, size/record: 8, table size: 16
	.data: load addr=00018274, load size=00000009 bytes, run addr=0800206c, run size=00000060 bytes, compression=lzss
	.bss: load addr=00018280, load size=00000008 bytes, run addr=08001500, run size=00000b6c bytes, compression=zero_init


LINKER GENERATED HANDLER TABLE

__TI_handler_table @ 00018268 records: 3, size/record: 4, table size: 12
	index: 0, handler: __TI_zero_init
	index: 1, handler: __TI_decompress_lzss
	index: 2, handler: __TI_decompress_none


GLOBAL SYMBOLS: SORTED ALPHABETICALLY BY Name 

address   name                                
-------   ----                                
080020b6  Board_ID                            
00017f9d  C$$EXIT                             
00016a90  CRC_AND                             
00015968  DAC5689_Init                        
00015bfc  DAC5689_SetVoltage_mv               
00013d04  Data_interaction                    
080020bc  Device_DATA_LEN                     
08002090  File_Name                           
0000b44c  GetBit                              
0000d900  Get_Bench_Mode                      
0000d838  Get_Master_Slave                    
0000b624  Get_Odd_value                       
0000b4c0  Get_sdram_FWE                       
08002098  InputBuf                            
000139b8  IsdwdKeySequenceCorrect             
08001500  MCB_Data                            
0000d7d4  Other_GPIO_Init                     
080020a2  OutputBuf                           
0000dbd0  RS232_Process                       
00016934  RS232_Send                          
0000e2f4  Read_Data_Process                   
08001d68  Receive_Machine_Parameters          
08001fc8  SDCardInfo                          
080020b8  SDRAM_READ_DATA_LEN                 
000098e0  SDRAM_Read                          
00008f40  SDRAM_Read_Data                     
0800208c  SDRAM_RxTx                          
00008f08  SDRAM_Set_IO_To_Read_Mode           
0000a194  SDRAM_Set_IO_To_Write_Mode          
080020ba  SDRAM_WRITE_DATA_LEN                
0000a994  SDRAM_Write                         
0000a1e4  SDRAM_Write_Data                    
0000d798  SD_GPIO_Init                        
00010534  SD_GetCID                           
00010714  SD_GetCSD                           
0001057c  SD_GetCapacity                      
0000f9e8  SD_Init                             
0000e500  SD_Process                          
0800208d  SD_Process_Flag                     
0800208e  SD_Process_Mode                     
00010374  SD_ReadMultiBlock                   
000102e8  SD_ReadSingleBlock                  
00010454  SD_ReceiveData                      
0000fe80  SD_Reset                            
0800206a  SD_Type                             
00010298  SD_WaitReady                        
000100dc  SD_WriteMultiBlock                  
0000ff58  SD_WriteSingleBlock                 
0000fd18  SD_Write_Cmd                        
0000fdd8  SD_Write_Cmd_NoDeassert             
UNDEFED   SHT$$INIT_ARRAY$$Base               
UNDEFED   SHT$$INIT_ARRAY$$Limit              
0000fc10  SPI_ReadWriteByte                   
080020c8  SPI_Speed                           
00016f90  SdCard_Maintenance                  
00008e64  Sdram_Init                          
00013cc4  Set_ABSW                            
00013c84  Set_SOV                             
00013ed4  Signal_Output_Control               
00015a60  SpiReadWrite                        
0000f4a0  SpiRxStatus                         
0000f414  SpiTxStatus                         
0000e898  TEST_SDRAM_Write                    
0000e910  Test_Sdram_Data_Process             
00013fd4  Transmit_Data_Process               
08001ec0  Transmit_Machine_Parameters         
000159a4  WriteData                           
000159e8  WriteRegister                       
0000e074  Write_Data_Process                  
00018288  __TI_CINIT_Base                     
00018298  __TI_CINIT_Limit                    
00018268  __TI_Handler_Table_Base             
00018274  __TI_Handler_Table_Limit            
00015960  __TI_PINIT_Base                     
00015964  __TI_PINIT_Limit                    
00017de9  __TI_auto_init_nobinit_nopinit      
00017be5  __TI_decompress_lzss                
00017f71  __TI_decompress_none                
00017c51  __TI_ltoa                           
ffffffff  __TI_pprof_out_hndl                 
000112d1  __TI_printfi                        
ffffffff  __TI_prof_data_size                 
ffffffff  __TI_prof_data_start                
00000000  __TI_static_base__                  
00017f7f  __TI_zero_init                      
00017f95  __aeabi_errno_addr                  
00011d1b  __aeabi_idiv0                       
00011d1b  __aeabi_ldiv0                       
00017af5  __aeabi_memclr                      
00017af5  __aeabi_memclr4                     
00017af5  __aeabi_memclr8                     
000179df  __aeabi_memcpy                      
000179df  __aeabi_memcpy4                     
000179df  __aeabi_memcpy8                     
00017af7  __aeabi_memset                      
00017af7  __aeabi_memset4                     
00017af7  __aeabi_memset8                     
00017d98  __aeabi_uidiv                       
00017d98  __aeabi_uidivmod                    
00015c5c  __aeabi_uldivmod                    
ffffffff  __binit__                           
ffffffff  __c_args__                          
08001500  __start___llvm_prf_cnts             
08001500  __stop___llvm_prf_cnts              
000161b8  _c_int00                            
00015878  _coreClearAuxiliaryDataFault_       
0001588c  _coreClearAuxiliaryInstructionFault_
00015850  _coreClearDataFaultAddress_         
00015828  _coreClearDataFault_                
00015864  _coreClearInstructionFaultAddress_  
0001583c  _coreClearInstructionFault_         
000157bc  _coreDisableEventBusExport_         
00015800  _coreDisableFlashEcc_               
000157dc  _coreDisableRamEcc_                 
000157ac  _coreEnableEventBusExport_          
000157ec  _coreEnableFlashEcc_                
00015810  _coreEnableIrqVicOffset_            
000157cc  _coreEnableRamEcc_                  
00015794  _coreEnableVfp_                     
00015870  _coreGetAuxiliaryDataFault_         
00015884  _coreGetAuxiliaryInstructionFault_  
00015848  _coreGetDataFaultAddress_           
00015820  _coreGetDataFault_                  
0001585c  _coreGetInstructionFaultAddress_    
00015834  _coreGetInstructionFault_           
0001561c  _coreInitRegisters_                 
00015728  _coreInitStackPointer_              
00018128  _ctypes_                            
000174ec  _dabort                             
000158a0  _disable_FIQ_interrupt_             
000158a8  _disable_IRQ_interrupt_             
00015898  _disable_interrupt_                 
000158b0  _enable_interrupt_                  
00015940  _errata_CORTEXR4_57_                
00015950  _errata_CORTEXR4_66_                
00012fe8  _errata_SSWF021_45_both_plls        
000131dc  _errata_SSWF021_45_pll1             
00013354  _errata_SSWF021_45_pll2             
000158b8  _esmCcmErrorsClear_                 
00015774  _getCPSRValue_                      
0001577c  _gotoCPUIdle_                       
000177f8  _pmuDisableCountersGlobal_          
000177e8  _pmuEnableCountersGlobal_           
00017854  _pmuGetCycleCount_                  
0001785c  _pmuGetEventCount_                  
00017868  _pmuGetOverflow_                    
0001779c  _pmuInit_                           
00017828  _pmuResetCounters_                  
00017808  _pmuResetCycleCounter_              
00017818  _pmuResetEventCounters_             
00017848  _pmuSetCountEvent_                  
00017838  _pmuStartCounters_                  
00017840  _pmuStopCounters_                   
UNDEFED   _system_post_cinit                  
00017f9d  abort                               
000073d4  adc1ParityCheck                     
000074c0  adc2ParityCheck                     
00017d49  atoi                                
ffffffff  binit                               
00007578  can1ParityCheck                     
00007650  can2ParityCheck                     
0000b5e4  can2_tx_SetBit                      
00007718  can3ParityCheck                     
00006198  ccmSelfCheck                        
00008864  ccmr4GetConfigValue                 
00006aa0  checkB0RAMECC                       
00006c90  checkB1RAMECC                       
00007d80  checkClockMonitor                   
00006e80  checkFlashECC                       
00007e5c  checkFlashEEPROMECC                 
00007ff4  checkPLL1Slip                       
000080f4  checkPLL2Slip                       
000081b8  checkRAMAddrParity                  
00007b38  checkRAMECC                         
000082c4  checkRAMUERRTest                    
00006924  checkefcSelfTest                    
00017ed3  copysign                            
00017ed3  copysignl                           
0000639c  cpuSelfTest                         
00006f64  cpuSelfTestFail                     
000111f4  customTrimLPO                       
00006f5c  custom_dabort                       
00017660  delay_ms                            
000175d4  delay_ns                            
0001760c  delay_us                            
08002048  device_status                       
0000b7f4  device_status_init                  
00008cc0  disableParity                       
00015f28  disk_initialize                     
000160c8  disk_ioctl                          
00015f68  disk_read                           
00015f14  disk_status                         
00016020  disk_write                          
00016e08  dmaGroupANotification               
00007014  dmaParityCheck                      
00013a20  dwdClearFlag                        
00013954  dwdCounterEnable                    
0001399c  dwdGenerateSysReset                 
000139ec  dwdGetStatus                        
00013a30  dwdGetViolationStatus               
000138d8  dwdInit                             
00013980  dwdReset                            
00013964  dwdSetPreload                       
00013948  dwwdGetCurrentDownCounter           
00013900  dwwdInit                            
00016de0  edgeNotification                    
000067c8  efcCheck                            
000087c8  efcGetConfigValue                   
000068fc  efcSelfTest                         
00006850  efcStuckZeroTest                    
00008c38  enableParity                        
000088d4  errata_PBIST_4                      
080020c4  errno                               
0001441c  esmActivateNormalOperation          
000144f0  esmClearStatus                      
00014530  esmClearStatusBuffer                
000143e4  esmDisableError                     
00014454  esmDisableInterrupt                 
000143bc  esmEnableError                      
0001442c  esmEnableInterrupt                  
00014628  esmEnterSelfTest                    
000143a0  esmError                            
00014700  esmGetConfigValue                   
0001456c  esmGetStatus                        
000145f0  esmGetStatusBuffer                  
00016cb8  esmGroup1Notification               
00016cc8  esmGroup2Notification               
000170e8  esmHighInterrupt                    
00014298  esmInit                             
000146b0  esmSelfTestStatus                   
0001454c  esmSetCounterPreloadValue           
0001447c  esmSetInterruptLevel                
0001440c  esmTriggerErrorPinReset             
00003618  f_close                             
00003b8c  f_closedir                          
00003c7c  f_deldir                            
00003dfc  f_getfree                           
000047e4  f_getlabel                          
00005920  f_gets                              
00003668  f_lseek                             
00004388  f_mkdir                             
00004c88  f_mkfs                              
0000270c  f_mount                             
000027cc  f_open                              
00003a78  f_opendir                           
00005be4  f_printf                            
00005b4c  f_putc                              
00005b84  f_puts                              
00002c1c  f_read                              
00003bc4  f_readdir                           
000045a0  f_rename                            
000049bc  f_setlabel                          
00003d74  f_stat                              
000034c8  f_sync                              
00004038  f_truncate                          
0000420c  f_unlink                            
00003014  f_write                             
08001b40  file                                
000176bd  floor                               
000176bd  floorl                              
0000842c  fmcBus1ParityCheck                  
000069c4  fmcBus2Check                        
00006a00  fmcECCcheck                         
00017b71  frexp                               
00017b71  frexpl                              
08001910  fs                                  
0000f9c0  get_SD_card_online_status           
000161a8  get_fattime                         
0000b57c  get_sdram_DATA_A12                  
00015060  gioDisableNotification              
00014ff8  gioEnableNotification               
00014f60  gioGetBit                           
000150c8  gioGetConfigValue                   
00014f88  gioGetPort                          
00014e00  gioInit                             
00016d54  gioNotification                     
00014ef0  gioSetBit                           
00014ed0  gioSetDirection                     
00014f40  gioSetPort                          
00014fa0  gioToggleBit                        
00017fa4  handlePLLLockFail                   
000070c0  het1ParityCheck                     
00007228  het2ParityCheck                     
00016df4  hetNotification                     
0000716c  htu1ParityCheck                     
00007324  htu2ParityCheck                     
0000b754  initialization                      
000173fd  ldexp                               
000173fd  ldexpl                              
000153f8  linHighLevelInterrupt               
00017f60  main                                
000108d4  mapClocks                           
00017ead  memccpy                             
000179df  memcpy                              
000062dc  memoryInit                          
00016cd8  memoryPort0TestFailNotification     
00016cf4  memoryPort1TestFailNotification     
00017afd  memset                              
000077ec  mibspi1ParityCheck                  
000078f4  mibspi3ParityCheck                  
00007a18  mibspi5ParityCheck                  
00016d7c  mibspiGroupNotification             
00016d68  mibspiNotification                  
00014854  muxInit                             
00008554  pbistFail                           
000085d8  pbistGetConfigValue                 
00006710  pbistIsTestCompleted                
0000673c  pbistIsTestPassed                   
00006770  pbistPortTestStatus                 
00006614  pbistRun                            
00006434  pbistSelfCheck                      
000066e0  pbistStop                           
00010880  periphInit                          
00017fa0  phantomInterrupt                    
00014b3c  pinmuxGetConfigValue                
00016dc8  pwmNotification                     
00000000  resetEntry                          
0800208a  rs232_recive_len                    
00016e24  rtiCompare0Interrupt                
00016e6c  rtiCompare1Interrupt                
00016eb4  rtiCompare3Interrupt                
00013ae0  rtiDisableNotification              
00013ab8  rtiEnableNotification               
00013afc  rtiGetConfigValue                   
0001384c  rtiGetCurrentTick                   
00013824  rtiGetPeriod                        
0001364c  rtiInit                             
00016d10  rtiNotification                     
00016efc  rtiOverflow0Interrupt               
00016f44  rtiOverflow1Interrupt               
00013798  rtiResetCounter                     
000137fc  rtiSetPeriod                        
00013740  rtiStartCounter                     
0001376c  rtiStopCounter                      
000173fd  scalbn                              
000173fd  scalbnl                             
000122cc  sciDisableLoopback                  
00012358  sciDisableNotification              
00012298  sciEnableLoopback                   
000122f0  sciEnableNotification               
000123c0  sciEnterResetState                  
000123e0  sciExitResetState                   
00012400  sciGetConfigValue                   
00015284  sciHighLevelInterrupt               
00011d1c  sciInit                             
00012148  sciIsIdleDetected                   
0001212c  sciIsRxReady                        
00011fac  sciIsTxReady                        
000169a0  sciNotification                     
000121c0  sciReceive                          
00012194  sciReceiveByte                      
00012164  sciRxError                          
00011ff8  sciSend                             
00011fc8  sciSendByte                         
00011f10  sciSetBaudrate                      
00011ef0  sciSetFunctional                    
00012558  scilinGetConfigValue                
0800206b  sd_card_status                      
00006188  selftestFailNotification            
0000b5a4  set_sdram_DATA_A12                  
0000b53c  set_sdram_DWE                       
0000b480  set_sdram_clk                       
0000b4fc  set_sdram_cs                        
00010840  setupFlash                          
0001076c  setupPLL                            
0000f5d8  spi1GetConfigValue                  
0000f768  spi3GetConfigValue                  
0000f560  spiDisableLoopback                  
0000f5ac  spiDisableNotification              
0000f52c  spiEnableLoopback                   
0000f57c  spiEnableNotification               
00016db8  spiEndNotification                  
0000ee7c  spiGetData                          
0000eae8  spiInit                             
00016da4  spiNotification                     
0000ed60  spiReceiveData                      
0000f2d4  spiSendAndGetData                   
0000f0a0  spiSendData                         
0000ed40  spiSetFunctional                    
0000f198  spiTransmitAndReceiveData           
0000ef74  spiTransmitData                     
00017e6d  sprintf                             
000110b8  sramGetConfigValue                  
00008724  stcGetConfigValue                   
00006320  stcSelfCheck                        
00006f60  stcSelfCheckFail                    
00017f23  strchr                              
00017f0b  strcmp                              
00017f39  strlen                              
00010af8  systemGetConfigValue                
000109fc  systemInit                          
00010ac8  systemPowerDown                     
00010f0c  tcmflashGetConfigValue              
080020ac  temp_Recive_buf                     
08001e1c  test_inC                            
08002094  test_us_count                       
000107cc  trimLPO                             
080020c0  us_count                            
0001787c  user_main                           
00012824  vimChannelMap                       
00012a20  vimDisableInterrupt                 
000128c8  vimEnableInterrupt                  
00012aa4  vimGetConfigValue                   
00012750  vimInit                             
00006f68  vimParityCheck                      
0001645c  vimParityErrorHandler               
00017f4f  wcslen                              


GLOBAL SYMBOLS: SORTED BY Symbol Address 

address   name                                
-------   ----                                
00000000  __TI_static_base__                  
00000000  resetEntry                          
0000270c  f_mount                             
000027cc  f_open                              
00002c1c  f_read                              
00003014  f_write                             
000034c8  f_sync                              
00003618  f_close                             
00003668  f_lseek                             
00003a78  f_opendir                           
00003b8c  f_closedir                          
00003bc4  f_readdir                           
00003c7c  f_deldir                            
00003d74  f_stat                              
00003dfc  f_getfree                           
00004038  f_truncate                          
0000420c  f_unlink                            
00004388  f_mkdir                             
000045a0  f_rename                            
000047e4  f_getlabel                          
000049bc  f_setlabel                          
00004c88  f_mkfs                              
00005920  f_gets                              
00005b4c  f_putc                              
00005b84  f_puts                              
00005be4  f_printf                            
00006188  selftestFailNotification            
00006198  ccmSelfCheck                        
000062dc  memoryInit                          
00006320  stcSelfCheck                        
0000639c  cpuSelfTest                         
00006434  pbistSelfCheck                      
00006614  pbistRun                            
000066e0  pbistStop                           
00006710  pbistIsTestCompleted                
0000673c  pbistIsTestPassed                   
00006770  pbistPortTestStatus                 
000067c8  efcCheck                            
00006850  efcStuckZeroTest                    
000068fc  efcSelfTest                         
00006924  checkefcSelfTest                    
000069c4  fmcBus2Check                        
00006a00  fmcECCcheck                         
00006aa0  checkB0RAMECC                       
00006c90  checkB1RAMECC                       
00006e80  checkFlashECC                       
00006f5c  custom_dabort                       
00006f60  stcSelfCheckFail                    
00006f64  cpuSelfTestFail                     
00006f68  vimParityCheck                      
00007014  dmaParityCheck                      
000070c0  het1ParityCheck                     
0000716c  htu1ParityCheck                     
00007228  het2ParityCheck                     
00007324  htu2ParityCheck                     
000073d4  adc1ParityCheck                     
000074c0  adc2ParityCheck                     
00007578  can1ParityCheck                     
00007650  can2ParityCheck                     
00007718  can3ParityCheck                     
000077ec  mibspi1ParityCheck                  
000078f4  mibspi3ParityCheck                  
00007a18  mibspi5ParityCheck                  
00007b38  checkRAMECC                         
00007d80  checkClockMonitor                   
00007e5c  checkFlashEEPROMECC                 
00007ff4  checkPLL1Slip                       
000080f4  checkPLL2Slip                       
000081b8  checkRAMAddrParity                  
000082c4  checkRAMUERRTest                    
0000842c  fmcBus1ParityCheck                  
00008554  pbistFail                           
000085d8  pbistGetConfigValue                 
00008724  stcGetConfigValue                   
000087c8  efcGetConfigValue                   
00008864  ccmr4GetConfigValue                 
000088d4  errata_PBIST_4                      
00008c38  enableParity                        
00008cc0  disableParity                       
00008e64  Sdram_Init                          
00008f08  SDRAM_Set_IO_To_Read_Mode           
00008f40  SDRAM_Read_Data                     
000098e0  SDRAM_Read                          
0000a194  SDRAM_Set_IO_To_Write_Mode          
0000a1e4  SDRAM_Write_Data                    
0000a994  SDRAM_Write                         
0000b44c  GetBit                              
0000b480  set_sdram_clk                       
0000b4c0  Get_sdram_FWE                       
0000b4fc  set_sdram_cs                        
0000b53c  set_sdram_DWE                       
0000b57c  get_sdram_DATA_A12                  
0000b5a4  set_sdram_DATA_A12                  
0000b5e4  can2_tx_SetBit                      
0000b624  Get_Odd_value                       
0000b754  initialization                      
0000b7f4  device_status_init                  
0000d798  SD_GPIO_Init                        
0000d7d4  Other_GPIO_Init                     
0000d838  Get_Master_Slave                    
0000d900  Get_Bench_Mode                      
0000dbd0  RS232_Process                       
0000e074  Write_Data_Process                  
0000e2f4  Read_Data_Process                   
0000e500  SD_Process                          
0000e898  TEST_SDRAM_Write                    
0000e910  Test_Sdram_Data_Process             
0000eae8  spiInit                             
0000ed40  spiSetFunctional                    
0000ed60  spiReceiveData                      
0000ee7c  spiGetData                          
0000ef74  spiTransmitData                     
0000f0a0  spiSendData                         
0000f198  spiTransmitAndReceiveData           
0000f2d4  spiSendAndGetData                   
0000f414  SpiTxStatus                         
0000f4a0  SpiRxStatus                         
0000f52c  spiEnableLoopback                   
0000f560  spiDisableLoopback                  
0000f57c  spiEnableNotification               
0000f5ac  spiDisableNotification              
0000f5d8  spi1GetConfigValue                  
0000f768  spi3GetConfigValue                  
0000f9c0  get_SD_card_online_status           
0000f9e8  SD_Init                             
0000fc10  SPI_ReadWriteByte                   
0000fd18  SD_Write_Cmd                        
0000fdd8  SD_Write_Cmd_NoDeassert             
0000fe80  SD_Reset                            
0000ff58  SD_WriteSingleBlock                 
000100dc  SD_WriteMultiBlock                  
00010298  SD_WaitReady                        
000102e8  SD_ReadSingleBlock                  
00010374  SD_ReadMultiBlock                   
00010454  SD_ReceiveData                      
00010534  SD_GetCID                           
0001057c  SD_GetCapacity                      
00010714  SD_GetCSD                           
0001076c  setupPLL                            
000107cc  trimLPO                             
00010840  setupFlash                          
00010880  periphInit                          
000108d4  mapClocks                           
000109fc  systemInit                          
00010ac8  systemPowerDown                     
00010af8  systemGetConfigValue                
00010f0c  tcmflashGetConfigValue              
000110b8  sramGetConfigValue                  
000111f4  customTrimLPO                       
000112d1  __TI_printfi                        
00011d1b  __aeabi_idiv0                       
00011d1b  __aeabi_ldiv0                       
00011d1c  sciInit                             
00011ef0  sciSetFunctional                    
00011f10  sciSetBaudrate                      
00011fac  sciIsTxReady                        
00011fc8  sciSendByte                         
00011ff8  sciSend                             
0001212c  sciIsRxReady                        
00012148  sciIsIdleDetected                   
00012164  sciRxError                          
00012194  sciReceiveByte                      
000121c0  sciReceive                          
00012298  sciEnableLoopback                   
000122cc  sciDisableLoopback                  
000122f0  sciEnableNotification               
00012358  sciDisableNotification              
000123c0  sciEnterResetState                  
000123e0  sciExitResetState                   
00012400  sciGetConfigValue                   
00012558  scilinGetConfigValue                
00012750  vimInit                             
00012824  vimChannelMap                       
000128c8  vimEnableInterrupt                  
00012a20  vimDisableInterrupt                 
00012aa4  vimGetConfigValue                   
00012fe8  _errata_SSWF021_45_both_plls        
000131dc  _errata_SSWF021_45_pll1             
00013354  _errata_SSWF021_45_pll2             
0001364c  rtiInit                             
00013740  rtiStartCounter                     
0001376c  rtiStopCounter                      
00013798  rtiResetCounter                     
000137fc  rtiSetPeriod                        
00013824  rtiGetPeriod                        
0001384c  rtiGetCurrentTick                   
000138d8  dwdInit                             
00013900  dwwdInit                            
00013948  dwwdGetCurrentDownCounter           
00013954  dwdCounterEnable                    
00013964  dwdSetPreload                       
00013980  dwdReset                            
0001399c  dwdGenerateSysReset                 
000139b8  IsdwdKeySequenceCorrect             
000139ec  dwdGetStatus                        
00013a20  dwdClearFlag                        
00013a30  dwdGetViolationStatus               
00013ab8  rtiEnableNotification               
00013ae0  rtiDisableNotification              
00013afc  rtiGetConfigValue                   
00013c84  Set_SOV                             
00013cc4  Set_ABSW                            
00013d04  Data_interaction                    
00013ed4  Signal_Output_Control               
00013fd4  Transmit_Data_Process               
00014298  esmInit                             
000143a0  esmError                            
000143bc  esmEnableError                      
000143e4  esmDisableError                     
0001440c  esmTriggerErrorPinReset             
0001441c  esmActivateNormalOperation          
0001442c  esmEnableInterrupt                  
00014454  esmDisableInterrupt                 
0001447c  esmSetInterruptLevel                
000144f0  esmClearStatus                      
00014530  esmClearStatusBuffer                
0001454c  esmSetCounterPreloadValue           
0001456c  esmGetStatus                        
000145f0  esmGetStatusBuffer                  
00014628  esmEnterSelfTest                    
000146b0  esmSelfTestStatus                   
00014700  esmGetConfigValue                   
00014854  muxInit                             
00014b3c  pinmuxGetConfigValue                
00014e00  gioInit                             
00014ed0  gioSetDirection                     
00014ef0  gioSetBit                           
00014f40  gioSetPort                          
00014f60  gioGetBit                           
00014f88  gioGetPort                          
00014fa0  gioToggleBit                        
00014ff8  gioEnableNotification               
00015060  gioDisableNotification              
000150c8  gioGetConfigValue                   
00015284  sciHighLevelInterrupt               
000153f8  linHighLevelInterrupt               
0001561c  _coreInitRegisters_                 
00015728  _coreInitStackPointer_              
00015774  _getCPSRValue_                      
0001577c  _gotoCPUIdle_                       
00015794  _coreEnableVfp_                     
000157ac  _coreEnableEventBusExport_          
000157bc  _coreDisableEventBusExport_         
000157cc  _coreEnableRamEcc_                  
000157dc  _coreDisableRamEcc_                 
000157ec  _coreEnableFlashEcc_                
00015800  _coreDisableFlashEcc_               
00015810  _coreEnableIrqVicOffset_            
00015820  _coreGetDataFault_                  
00015828  _coreClearDataFault_                
00015834  _coreGetInstructionFault_           
0001583c  _coreClearInstructionFault_         
00015848  _coreGetDataFaultAddress_           
00015850  _coreClearDataFaultAddress_         
0001585c  _coreGetInstructionFaultAddress_    
00015864  _coreClearInstructionFaultAddress_  
00015870  _coreGetAuxiliaryDataFault_         
00015878  _coreClearAuxiliaryDataFault_       
00015884  _coreGetAuxiliaryInstructionFault_  
0001588c  _coreClearAuxiliaryInstructionFault_
00015898  _disable_interrupt_                 
000158a0  _disable_FIQ_interrupt_             
000158a8  _disable_IRQ_interrupt_             
000158b0  _enable_interrupt_                  
000158b8  _esmCcmErrorsClear_                 
00015940  _errata_CORTEXR4_57_                
00015950  _errata_CORTEXR4_66_                
00015960  __TI_PINIT_Base                     
00015964  __TI_PINIT_Limit                    
00015968  DAC5689_Init                        
000159a4  WriteData                           
000159e8  WriteRegister                       
00015a60  SpiReadWrite                        
00015bfc  DAC5689_SetVoltage_mv               
00015c5c  __aeabi_uldivmod                    
00015f14  disk_status                         
00015f28  disk_initialize                     
00015f68  disk_read                           
00016020  disk_write                          
000160c8  disk_ioctl                          
000161a8  get_fattime                         
000161b8  _c_int00                            
0001645c  vimParityErrorHandler               
00016934  RS232_Send                          
000169a0  sciNotification                     
00016a90  CRC_AND                             
00016cb8  esmGroup1Notification               
00016cc8  esmGroup2Notification               
00016cd8  memoryPort0TestFailNotification     
00016cf4  memoryPort1TestFailNotification     
00016d10  rtiNotification                     
00016d54  gioNotification                     
00016d68  mibspiNotification                  
00016d7c  mibspiGroupNotification             
00016da4  spiNotification                     
00016db8  spiEndNotification                  
00016dc8  pwmNotification                     
00016de0  edgeNotification                    
00016df4  hetNotification                     
00016e08  dmaGroupANotification               
00016e24  rtiCompare0Interrupt                
00016e6c  rtiCompare1Interrupt                
00016eb4  rtiCompare3Interrupt                
00016efc  rtiOverflow0Interrupt               
00016f44  rtiOverflow1Interrupt               
00016f90  SdCard_Maintenance                  
000170e8  esmHighInterrupt                    
000173fd  ldexp                               
000173fd  ldexpl                              
000173fd  scalbn                              
000173fd  scalbnl                             
000174ec  _dabort                             
000175d4  delay_ns                            
0001760c  delay_us                            
00017660  delay_ms                            
000176bd  floor                               
000176bd  floorl                              
0001779c  _pmuInit_                           
000177e8  _pmuEnableCountersGlobal_           
000177f8  _pmuDisableCountersGlobal_          
00017808  _pmuResetCycleCounter_              
00017818  _pmuResetEventCounters_             
00017828  _pmuResetCounters_                  
00017838  _pmuStartCounters_                  
00017840  _pmuStopCounters_                   
00017848  _pmuSetCountEvent_                  
00017854  _pmuGetCycleCount_                  
0001785c  _pmuGetEventCount_                  
00017868  _pmuGetOverflow_                    
0001787c  user_main                           
000179df  __aeabi_memcpy                      
000179df  __aeabi_memcpy4                     
000179df  __aeabi_memcpy8                     
000179df  memcpy                              
00017af5  __aeabi_memclr                      
00017af5  __aeabi_memclr4                     
00017af5  __aeabi_memclr8                     
00017af7  __aeabi_memset                      
00017af7  __aeabi_memset4                     
00017af7  __aeabi_memset8                     
00017afd  memset                              
00017b71  frexp                               
00017b71  frexpl                              
00017be5  __TI_decompress_lzss                
00017c51  __TI_ltoa                           
00017d49  atoi                                
00017d98  __aeabi_uidiv                       
00017d98  __aeabi_uidivmod                    
00017de9  __TI_auto_init_nobinit_nopinit      
00017e6d  sprintf                             
00017ead  memccpy                             
00017ed3  copysign                            
00017ed3  copysignl                           
00017f0b  strcmp                              
00017f23  strchr                              
00017f39  strlen                              
00017f4f  wcslen                              
00017f60  main                                
00017f71  __TI_decompress_none                
00017f7f  __TI_zero_init                      
00017f95  __aeabi_errno_addr                  
00017f9d  C$$EXIT                             
00017f9d  abort                               
00017fa0  phantomInterrupt                    
00017fa4  handlePLLLockFail                   
00018128  _ctypes_                            
00018268  __TI_Handler_Table_Base             
00018274  __TI_Handler_Table_Limit            
00018288  __TI_CINIT_Base                     
00018298  __TI_CINIT_Limit                    
08001500  MCB_Data                            
08001500  __start___llvm_prf_cnts             
08001500  __stop___llvm_prf_cnts              
08001910  fs                                  
08001b40  file                                
08001d68  Receive_Machine_Parameters          
08001e1c  test_inC                            
08001ec0  Transmit_Machine_Parameters         
08001fc8  SDCardInfo                          
08002048  device_status                       
0800206a  SD_Type                             
0800206b  sd_card_status                      
0800208a  rs232_recive_len                    
0800208c  SDRAM_RxTx                          
0800208d  SD_Process_Flag                     
0800208e  SD_Process_Mode                     
08002090  File_Name                           
08002094  test_us_count                       
08002098  InputBuf                            
080020a2  OutputBuf                           
080020ac  temp_Recive_buf                     
080020b6  Board_ID                            
080020b8  SDRAM_READ_DATA_LEN                 
080020ba  SDRAM_WRITE_DATA_LEN                
080020bc  Device_DATA_LEN                     
080020c0  us_count                            
080020c4  errno                               
080020c8  SPI_Speed                           
ffffffff  __TI_pprof_out_hndl                 
ffffffff  __TI_prof_data_size                 
ffffffff  __TI_prof_data_start                
ffffffff  __binit__                           
ffffffff  __c_args__                          
ffffffff  binit                               
UNDEFED   SHT$$INIT_ARRAY$$Base               
UNDEFED   SHT$$INIT_ARRAY$$Limit              
UNDEFED   _system_post_cinit                  

[407 symbols]
