******************************************************************************
                  TI ARM Linker PC v20.2.4                     
******************************************************************************
>> Linked Tue Feb 15 10:33:12 2022

OUTPUT FILE NAME:   <TMS570LS3137_BCMU_MCB.out>
ENTRY POINT SYMBOL: "_c_int00"  address: 00017940


MEMORY CONFIGURATION

         name            origin    length      used     unused   attr    fill
----------------------  --------  ---------  --------  --------  ----  --------
  VECTORS               00000000   00000020  00000020  00000000     X
  FLASH0                00000020   0017ffe0  0001b726  001648ba  R  X
  FLASH1                00180000   00180000  00000000  00180000  R  X
  STACKS                08000000   00001500  00000000  00001500  RW  
  RAM                   08001500   0003eb00  00000cfd  0003de03  RW  


SEGMENT ALLOCATION MAP

run origin  load origin   length   init length attrs members
----------  ----------- ---------- ----------- ----- -------
00000000    00000000    0001b748   0001b748    r-x
  00000000    00000000    00000020   00000020    r-x .intvecs
  00000020    00000020    0001b43c   0001b43c    r-x .text
  0001b45c    0001b45c    000002ba   000002ba    r-- .const
  0001b718    0001b718    00000030   00000030    r-- .cinit
08001500    08001500    00000cfd   00000000    rw-
  08001500    08001500    00000ca4   00000000    rw- .bss
  080021a4    080021a4    00000059   00000000    rw- .data


SECTION ALLOCATION MAP

 output                                  attributes/
section   page    origin      length       input sections
--------  ----  ----------  ----------   ----------------
.intvecs   0    00000000    00000020     
                  00000000    00000020     sys_intvecs.obj (.intvecs)

.text      0    00000020    0001b43c     
                  00000020    00006168     ff.obj (.text)
                  00006188    00002cdc     sys_selftest.obj (.text)
                  00008e64    00002a00     sdram.obj (.text)
                  0000b864    00002484     init.obj (.text)
                  0000dce8    00000f1c     test.obj (.text)
                  0000ec04    00000ed8     spi.obj (.text)
                  0000fadc    00000dac     sdcard.obj (.text)
                  00010888    00000b64     system.obj (.text)
                  000113ec    00000a4a     rtsv7R4_T_be_v3D16_eabi.lib : _printfi.c.obj (.text:__TI_printfi)
                  00011e36    00000002                                 : div0.asm.obj (.text)
                  00011e38    00000a34     sci.obj (.text)
                  0001286c    0000094c     AutoBrake.obj (.text)
                  000131b8    00000898     sys_vim.obj (.text)
                  00013a50    00000674     Device_control.obj (.text)
                  000140c4    00000664     errata_SSWF021_45.obj (.text)
                  00014728    00000638     rti.obj (.text)
                  00014d60    000005bc     esm.obj (.text)
                  0001531c    000005ac     pinmux.obj (.text)
                  000158c8    00000484     gio.obj (.text)
                  00015d4c    00000478     rs232.obj (.text)
                  000161c4    00000430     Brake.obj (.text)
                  000165f4    0000041c     stm.obj (.text)
                  00016a10    00000398     sci.obj (.text:retain)
                  00016da8    0000034c     sys_core.obj (.text)
                  000170f4    000002f0     dac5689.obj (.text)
                  000173e4    000002b8     rtsv7R4_T_be_v3D16_eabi.lib : ull_div32.asm.obj (.text)
                  0001769c    000002a4     diskio.obj (.text)
                  00017940    000002a4     sys_startup.obj (.text:retain)
                  00017be4    0000029c     PedalF.obj (.text)
                  00017e80    00000290     sys_vim.obj (.text:retain)
                  00018110    00000248     rtsv7R4_T_be_v3D16_eabi.lib : _printfi.c.obj (.text:_pconv_a)
                  00018358    0000023c     TDP.obj (.text)
                  00018594    00000218     Spindown.obj (.text)
                  000187ac    000001c4     SC_SlipControl.obj (.text)
                  00018970    000001a0     rtsv7R4_T_be_v3D16_eabi.lib : _printfi.c.obj (.text:_pconv_g)
                  00018b10    0000019c     PI_Control.obj (.text)
                  00018cac    0000016c     rti.obj (.text:retain)
                  00018e18    00000160     notification.obj (.text)
                  00018f78    00000158     SD_card.obj (.text)
                  000190d0    00000154     Autobrake_ARMtoEnable.obj (.text)
                  00019224    00000144     Brake_Skid.obj (.text)
                  00019368    0000013c     sigle.obj (.text)
                  000194a4    00000138     Lockwheel.obj (.text)
                  000195dc    00000130     SC_LowSpeedMonitor.obj (.text)
                  0001970c    00000114     esm.obj (.text:retain)
                  00019820    00000104     SC_Wheel.obj (.text)
                  00019924    00000104     rtsv7R4_T_be_v3D16_eabi.lib : _printfi.c.obj (.text:_pconv_e)
                  00019a28    00000100     BrakeSelect.obj (.text)
                  00019b28    000000fc     rtsv7R4_T_be_v3D16_eabi.lib : _printfi.c.obj (.text:fcvt)
                  00019c24    000000f8     BrakePress.obj (.text)
                  00019d1c    000000f0     rtsv7R4_T_be_v3D16_eabi.lib : s_scalbn.c.obj (.text:scalbn)
                  00019e0c    000000e8     dabort.obj (.text)
                  00019ef4    000000e8     delay.obj (.text)
                  00019fdc    000000e8     user_main.obj (.text)
                  0001a0c4    000000e0     rtsv7R4_T_be_v3D16_eabi.lib : s_floor.c.obj (.text:floor)
                  0001a1a4    000000e0     sys_pmu.obj (.text)
                  0001a284    000000dc     BrakeInhibit.obj (.text)
                  0001a360    000000dc     RTOApplicationDisarmed_.obj (.text)
                  0001a43c    000000cc     Autobrake_Application_Disarmed.obj (.text)
                  0001a508    000000b4     Counter.obj (.text)
                  0001a5bc    000000b0     OFFtoAutobrakeArmed.obj (.text)
                  0001a66c    000000ad     rtsv7R4_T_be_v3D16_eabi.lib : _printfi.c.obj (.text:_ltostr)
                  0001a719    00000003     --HOLE-- [fill = 0]
                  0001a71c    0000009c     RTOArmedtoDisarmed_.obj (.text)
                  0001a7b8    0000009c     RTOEnabledtoApplication.obj (.text)
                  0001a854    0000009c     WOW_Processing.obj (.text)
                  0001a8f0    0000009c     rtsv7R4_T_be_v3D16_eabi.lib : memcpy_t2.asm.obj (.text)
                  0001a98c    00000090     AutobrakeArmedtoDisarmed.obj (.text)
                  0001aa1c    00000088     SC_Function.obj (.text)
                  0001aaa4    00000080     RTOEnabledtoDisarmed_.obj (.text)
                  0001ab24    0000007c     BoolVect2Int16_digital_3.obj (.text)
                  0001aba0    0000007a     rtsv7R4_T_be_v3D16_eabi.lib : _printfi.c.obj (.text:_mcpy)
                  0001ac1a    0000007a                                 : memset_t2.asm.obj (.text)
                  0001ac94    00000078     OFFtoRTOArmed.obj (.text)
                  0001ad0c    00000074     rtsv7R4_T_be_v3D16_eabi.lib : s_frexp.c.obj (.text:frexp)
                  0001ad80    0000006c                                 : copy_decompress_lzss.c.obj (.text:decompress:lzss:__TI_decompress_lzss)
                  0001adec    00000068     AutoBrake_EnabletoDisArm.obj (.text)
                  0001ae54    00000064     LimiterF32.obj (.text)
                  0001aeb8    00000054     rtsv7R4_T_be_v3D16_eabi.lib : _ltoa.c.obj (.text:__TI_ltoa)
                  0001af0c    00000054                                 : _printfi.c.obj (.text:_ecpy)
                  0001af60    00000054                                 : i_div32.asm.obj (.text)
                  0001afb4    00000050                                 : _printfi.c.obj (.text:_pconv_f)
                  0001b004    00000050                                 : atoi.c.obj (.text:atoi)
                  0001b054    00000050                                 : u_div32.asm.obj (.text)
                  0001b0a4    00000044                                 : autoinit.c.obj (.text:__TI_auto_init_nobinit_nopinit:__TI_auto_init_nobinit_nopinit)
                  0001b0e8    00000044     equ_2.obj (.text)
                  0001b12c    00000044     equ_3.obj (.text)
                  0001b170    00000044     equ_4.obj (.text)
                  0001b1b4    00000044     equ_5.obj (.text)
                  0001b1f8    00000044     equ_6.obj (.text)
                  0001b23c    00000040     rtsv7R4_T_be_v3D16_eabi.lib : _printfi.c.obj (.text:_fcpy)
                  0001b27c    00000040                                 : sprintf.c.obj (.text:sprintf)
                  0001b2bc    0000003c     RTOArmedtoEnabled.obj (.text)
                  0001b2f8    00000034     Autobrake_EnaletoApplication.obj (.text)
                  0001b32c    00000034     BTI.obj (.text)
                  0001b360    00000026     rtsv7R4_T_be_v3D16_eabi.lib : memccpy.c.obj (.text:memccpy)
                  0001b386    0000001e                                 : s_copysign.c.obj (.text:copysign)
                  0001b3a4    0000001a                                 : sprintf.c.obj (.text:_outs)
                  0001b3be    00000018                                 : strcmp.c.obj (.text:strcmp)
                  0001b3d6    00000016                                 : strchr.c.obj (.text:strchr)
                  0001b3ec    00000016                                 : strlen.c.obj (.text:strlen)
                  0001b402    00000012                                 : wcslen.c.obj (.text:wcslen)
                  0001b414    00000010     sys_main.obj (.text)
                  0001b424    0000000e     rtsv7R4_T_be_v3D16_eabi.lib : copy_decompress_none.c.obj (.text:decompress:none:__TI_decompress_none)
                  0001b432    0000000c                                 : copy_zero_init.c.obj (.text:decompress:ZI:__TI_zero_init)
                  0001b43e    0000000a                                 : sprintf.c.obj (.text:_outc)
                  0001b448    00000008                                 : errno.c.obj (.text:__aeabi_errno_addr)
                  0001b450    00000004                                 : exit.c.obj (.text:abort:abort)
                  0001b454    00000004     sys_phantom.obj (.text:retain)
                  0001b458    00000004     sys_startup.obj (.text)

.const     0    0001b45c    000002ba     
                  0001b45c    00000180     sys_vim.obj (.const:s_vim_init)
                  0001b5dc    00000101     rtsv7R4_T_be_v3D16_eabi.lib : ctype.c.obj (.const:.string:_ctypes_)
                  0001b6dd    00000012     ff.obj (.const:.string:badchr$1)
                  0001b6ef    00000001     --HOLE-- [fill = 0]
                  0001b6f0    0000000e     ff.obj (.const:cst$2)
                  0001b6fe    0000000e     ff.obj (.const:cst32$3)
                  0001b70c    0000000a     ff.obj (.const:.string:DbcTbl)

.cinit     0    0001b718    00000030     
                  0001b718    0000000c     (__TI_handler_table)
                  0001b724    0000000a     (.cinit..data.load) [load image, compression = lzss]
                  0001b72e    00000002     --HOLE-- [fill = 0]
                  0001b730    00000008     (.cinit..bss.load) [load image, compression = zero_init]
                  0001b738    00000010     (__TI_cinit_table)

.bss       0    08001500    00000ca4     UNINITIALIZED
                  08001500    00000410     (.common:MCB_Data)
                  08001910    00000230     (.common:fs)
                  08001b40    00000228     (.common:file)
                  08001d68    00000138     (.common:test_outC)
                  08001ea0    000000b4     (.common:Receive_Machine_Parameters)
                  08001f54    000000a4     (.common:test_inC)
                  08001ff8    00000090     (.common:Transmit_Machine_Parameters)
                  08002088    00000078     spi.obj (.bss:g_spiPacket_t)
                  08002100    00000058     (.common:SDCardInfo)
                  08002158    00000028     sci.obj (.bss:g_sciTransfer_t)
                  08002180    00000010     (.common:device_status)
                  08002190    00000008     ff.obj (.bss:FatFs)
                  08002198    00000008     delay.obj (.bss)
                  080021a0    00000002     ff.obj (.bss)
                  080021a2    00000001     (.common:SD_Type)
                  080021a3    00000001     (.common:sd_card_status)

.data      0    080021a4    00000059     UNINITIALIZED
                  080021a4    0000001e     test.obj (.data:dir$1)
                  080021c2    0000000a     dac5689.obj (.data:InputBuf)
                  080021cc    0000000a     dac5689.obj (.data:OutputBuf)
                  080021d6    0000000a     init.obj (.data)
                  080021e0    0000000a     rs232.obj (.data:temp_Recive_buf)
                  080021ea    0000000a     user_main.obj (.data)
                  080021f4    00000004     rtsv7R4_T_be_v3D16_eabi.lib : errno.c.obj (.data)
                  080021f8    00000004     sdcard.obj (.data)
                  080021fc    00000001     rs232.obj (.data)

__llvm_prf_cnts 
*          0    08001500    00000000     UNINITIALIZED

MODULE SUMMARY

       Module                               code     ro data   rw data
       ------                               ----     -------   -------
    .\KCG\
       AutoBrake.obj                        2380     0         0      
       Brake.obj                            1072     0         0      
       stm.obj                              1052     0         0      
       PedalF.obj                           668      0         0      
       TDP.obj                              572      0         0      
       Spindown.obj                         536      0         0      
       SC_SlipControl.obj                   452      0         0      
       PI_Control.obj                       412      0         0      
       Autobrake_ARMtoEnable.obj            340      0         0      
       Brake_Skid.obj                       324      0         0      
       sigle.obj                            316      0         0      
       Lockwheel.obj                        312      0         0      
       SC_LowSpeedMonitor.obj               304      0         0      
       SC_Wheel.obj                         260      0         0      
       BrakeSelect.obj                      256      0         0      
       BrakePress.obj                       248      0         0      
       BrakeInhibit.obj                     220      0         0      
       RTOApplicationDisarmed_.obj          220      0         0      
       Autobrake_Application_Disarmed.obj   204      0         0      
       Counter.obj                          180      0         0      
       OFFtoAutobrakeArmed.obj              176      0         0      
       RTOArmedtoDisarmed_.obj              156      0         0      
       RTOEnabledtoApplication.obj          156      0         0      
       WOW_Processing.obj                   156      0         0      
       AutobrakeArmedtoDisarmed.obj         144      0         0      
       SC_Function.obj                      136      0         0      
       RTOEnabledtoDisarmed_.obj            128      0         0      
       BoolVect2Int16_digital_3.obj         124      0         0      
       OFFtoRTOArmed.obj                    120      0         0      
       AutoBrake_EnabletoDisArm.obj         104      0         0      
       LimiterF32.obj                       100      0         0      
       equ_2.obj                            68       0         0      
       equ_3.obj                            68       0         0      
       equ_4.obj                            68       0         0      
       equ_5.obj                            68       0         0      
       equ_6.obj                            68       0         0      
       RTOArmedtoEnabled.obj                60       0         0      
       Autobrake_EnaletoApplication.obj     52       0         0      
       BTI.obj                              52       0         0      
    +--+------------------------------------+--------+---------+---------+
       Total:                               12332    0         0      
                                                                      
    .\SdCard\
       ff.obj                               24936    56        10     
       sdcard.obj                           3500     0         94     
       diskio.obj                           676      0         0      
    +--+------------------------------------+--------+---------+---------+
       Total:                               29112    56        104    
                                                                      
    .\UserCode\
       sdram.obj                            10752    0         1040   
       init.obj                             9348     0         10     
       test.obj                             3868     0         30     
       Device_control.obj                   1652     0         816    
       SD_card.obj                          344      0         1112   
       rs232.obj                            1144     0         11     
       dac5689.obj                          752      0         20     
       user_main.obj                        232      0         10     
       delay.obj                            232      0         8      
    +--+------------------------------------+--------+---------+---------+
       Total:                               28324    0         3057   
                                                                      
    .\hal\source\
       sys_selftest.obj                     11484    0         0      
       spi.obj                              3800     0         120    
       sci.obj                              3532     0         40     
       sys_vim.obj                          2856     384       0      
       system.obj                           2916     0         0      
       rti.obj                              1956     0         0      
       esm.obj                              1744     0         0      
       errata_SSWF021_45.obj                1636     0         0      
       pinmux.obj                           1452     0         0      
       gio.obj                              1156     0         0      
       sys_core.obj                         844      0         0      
       sys_startup.obj                      680      0         0      
       notification.obj                     352      0         0      
       dabort.obj                           232      0         0      
       sys_pmu.obj                          224      0         0      
       sys_intvecs.obj                      32       0         0      
       sys_main.obj                         16       0         0      
       sys_phantom.obj                      4        0         0      
    +--+------------------------------------+--------+---------+---------+
       Total:                               34916    384       160    
                                                                      
    C:/ti/ccs1030/ccs/tools/compiler/ti-cgt-arm_20.2.4.LTS/lib/rtsv7R4_T_be_v3D16_eabi.lib
       _printfi.c.obj                       4669     0         0      
       ull_div32.asm.obj                    696      0         0      
       ctype.c.obj                          0        257       0      
       s_scalbn.c.obj                       240      0         0      
       s_floor.c.obj                        224      0         0      
       memcpy_t2.asm.obj                    156      0         0      
       memset_t2.asm.obj                    122      0         0      
       s_frexp.c.obj                        116      0         0      
       copy_decompress_lzss.c.obj           108      0         0      
       sprintf.c.obj                        100      0         0      
       _ltoa.c.obj                          84       0         0      
       i_div32.asm.obj                      84       0         0      
       atoi.c.obj                           80       0         0      
       u_div32.asm.obj                      80       0         0      
       autoinit.c.obj                       68       0         0      
       memccpy.c.obj                        38       0         0      
       s_copysign.c.obj                     30       0         0      
       strcmp.c.obj                         24       0         0      
       strchr.c.obj                         22       0         0      
       strlen.c.obj                         22       0         0      
       wcslen.c.obj                         18       0         0      
       copy_decompress_none.c.obj           14       0         0      
       copy_zero_init.c.obj                 12       0         0      
       errno.c.obj                          8        0         4      
       exit.c.obj                           4        0         0      
       div0.asm.obj                         2        0         0      
    +--+------------------------------------+--------+---------+---------+
       Total:                               7021     257       4      
                                                                      
       Linker Generated:                    0        46        0      
    +--+------------------------------------+--------+---------+---------+
       Grand Total:                         111705   743       3325   


LINKER GENERATED COPY TABLES

__TI_cinit_table @ 0001b738 records: 2, size/record: 8, table size: 16
	.data: load addr=0001b724, load size=0000000a bytes, run addr=080021a4, run size=00000059 bytes, compression=lzss
	.bss: load addr=0001b730, load size=00000008 bytes, run addr=08001500, run size=00000ca4 bytes, compression=zero_init


LINKER GENERATED HANDLER TABLE

__TI_handler_table @ 0001b718 records: 3, size/record: 4, table size: 12
	index: 0, handler: __TI_zero_init
	index: 1, handler: __TI_decompress_lzss
	index: 2, handler: __TI_decompress_none


GLOBAL SYMBOLS: SORTED ALPHABETICALLY BY Name 

address   name                                
-------   ----                                
000129a4  AutoBrake                           
0001adec  AutoBrake_EnabletoDisArm            
0001286c  AutoBrake_init                      
0001295c  AutoBrake_reset                     
0001a98c  AutobrakeArmedtoDisarmed            
00019130  Autobrake_ARMtoEnable               
000190d0  Autobrake_ARMtoEnable_init          
0001910c  Autobrake_ARMtoEnable_reset         
0001a43c  Autobrake_Application_Disarmed      
0001b2f8  Autobrake_EnaletoApplication        
0001b32c  BTI                                 
080021d6  Board_ID                            
0001ab24  BoolVect2Int16_digital_3            
00016414  Brake                               
0001a284  BrakeInhibit                        
00019c24  BrakePress                          
00019a28  BrakeSelect                         
000192a8  Brake_Skid                          
00019224  Brake_Skid_init                     
00019284  Brake_Skid_reset                    
000161c4  Brake_init                          
000163c8  Brake_reset                         
0001b451  C$$EXIT                             
00015ea8  CRC_AND                             
0001a54c  Counter                             
0001a508  Counter_init                        
0001a530  Counter_reset                       
000170f4  DAC5689_Init                        
00017388  DAC5689_SetVoltage_mv               
00013ad0  Data_interaction                    
080021de  Device_DATA_LEN                     
080021ee  File_Name                           
0000b54c  GetBit                              
0000da14  Get_Bench_Mode                      
0000d934  Get_Master_Slave                    
0000b724  Get_Odd_value                       
0000b5c0  Get_sdram_FWE                       
080021c2  InputBuf                            
00014a94  IsdwdKeySequenceCorrect             
0001ae54  LimiterF32                          
00019504  Lockwheel                           
000194a4  Lockwheel_init                      
000194e0  Lockwheel_reset                     
08001500  MCB_Data                            
0001a5bc  OFFtoAutobrakeArmed                 
0001ac94  OFFtoRTOArmed                       
080021d8  Other_Board_ID                      
0000d8d0  Other_GPIO_Init                     
080021cc  OutputBuf                           
00018b84  PI_Control                          
00018b10  PI_Control_init                     
00018b50  PI_Control_reset                    
00017be4  PedalF                              
0000dce8  RS232_Process                       
00015d4c  RS232_Send                          
0001a360  RTOApplicationDisarmed_             
0001a71c  RTOArmedtoDisarmed_                 
0001b2bc  RTOArmedtoEnabled                   
0001a7b8  RTOEnabledtoApplication             
0001aaa4  RTOEnabledtoDisarmed_               
0000e40c  Read_Data_Process                   
08001ea0  Receive_Machine_Parameters          
0001aa58  SC_Function                         
0001aa1c  SC_Function_init                    
0001aa40  SC_Function_reset                   
00019620  SC_LowSpeedMonitor                  
000195dc  SC_LowSpeedMonitor_init             
00019604  SC_LowSpeedMonitor_reset            
00018818  SC_SlipControl                      
000187ac  SC_SlipControl_init                 
000187e8  SC_SlipControl_reset                
00019868  SC_Wheel                            
00019820  SC_Wheel_init                       
00019850  SC_Wheel_reset                      
08002100  SDCardInfo                          
080021da  SDRAM_READ_DATA_LEN                 
000098c0  SDRAM_Read                          
00008f40  SDRAM_Read_Data                     
080021ea  SDRAM_RxTx                          
00008f08  SDRAM_Set_IO_To_Read_Mode           
0000a2a4  SDRAM_Set_IO_To_Write_Mode          
080021dc  SDRAM_WRITE_DATA_LEN                
0000aa94  SDRAM_Write                         
0000a308  SDRAM_Write_Data                    
0000d894  SD_GPIO_Init                        
00010650  SD_GetCID                           
00010830  SD_GetCSD                           
00010698  SD_GetCapacity                      
0000fb04  SD_Init                             
0000e618  SD_Process                          
080021eb  SD_Process_Flag                     
080021ec  SD_Process_Mode                     
00010490  SD_ReadMultiBlock                   
00010404  SD_ReadSingleBlock                  
00010570  SD_ReceiveData                      
0000ff9c  SD_Reset                            
080021a2  SD_Type                             
000103b4  SD_WaitReady                        
000101f8  SD_WriteMultiBlock                  
00010074  SD_WriteSingleBlock                 
0000fe34  SD_Write_Cmd                        
0000fef4  SD_Write_Cmd_NoDeassert             
UNDEFED   SHT$$INIT_ARRAY$$Base               
UNDEFED   SHT$$INIT_ARRAY$$Limit              
0000fd2c  SPI_ReadWriteByte                   
080021f8  SPI_Speed                           
00018f78  SdCard_Maintenance                  
00008e64  Sdram_Init                          
00015f10  Send_Test_Message                   
00013a90  Set_ABSW                            
00013a50  Set_SOV                             
00013cf0  Signal_Output_Control               
000171ec  SpiReadWrite                        
0000f5bc  SpiRxStatus                         
0000f530  SpiTxStatus                         
0001860c  Spindown                            
00018594  Spindown_init                       
000185e8  Spindown_reset                      
000183dc  TDP                                 
00018358  TDP_init                            
000183ac  TDP_reset                           
0000e9b0  TEST_SDRAM_Write                    
0000ea2c  Test_Sdram_Data_Process             
00013df0  Transmit_Data_Process               
08001ff8  Transmit_Machine_Parameters         
0001a854  WOW_Processing                      
00017130  WriteData                           
00017174  WriteRegister                       
0000e18c  Write_Data_Process                  
0001b738  __TI_CINIT_Base                     
0001b748  __TI_CINIT_Limit                    
0001b718  __TI_Handler_Table_Base             
0001b724  __TI_Handler_Table_Limit            
000170ec  __TI_PINIT_Base                     
000170f0  __TI_PINIT_Limit                    
0001b0a5  __TI_auto_init_nobinit_nopinit      
0001ad81  __TI_decompress_lzss                
0001b425  __TI_decompress_none                
0001aeb9  __TI_ltoa                           
ffffffff  __TI_pprof_out_hndl                 
000113ed  __TI_printfi                        
ffffffff  __TI_prof_data_size                 
ffffffff  __TI_prof_data_start                
00000000  __TI_static_base__                  
0001b433  __TI_zero_init                      
0001b449  __aeabi_errno_addr                  
0001af60  __aeabi_idiv                        
00011e37  __aeabi_idiv0                       
0001af60  __aeabi_idivmod                     
00011e37  __aeabi_ldiv0                       
0001ac1b  __aeabi_memclr                      
0001ac1b  __aeabi_memclr4                     
0001ac1b  __aeabi_memclr8                     
0001a8f1  __aeabi_memcpy                      
0001a8f1  __aeabi_memcpy4                     
0001a8f1  __aeabi_memcpy8                     
0001ac1d  __aeabi_memset                      
0001ac1d  __aeabi_memset4                     
0001ac1d  __aeabi_memset8                     
0001b054  __aeabi_uidiv                       
0001b054  __aeabi_uidivmod                    
000173e4  __aeabi_uldivmod                    
ffffffff  __binit__                           
ffffffff  __c_args__                          
08001500  __start___llvm_prf_cnts             
08001500  __stop___llvm_prf_cnts              
00017940  _c_int00                            
00017004  _coreClearAuxiliaryDataFault_       
00017018  _coreClearAuxiliaryInstructionFault_
00016fdc  _coreClearDataFaultAddress_         
00016fb4  _coreClearDataFault_                
00016ff0  _coreClearInstructionFaultAddress_  
00016fc8  _coreClearInstructionFault_         
00016f48  _coreDisableEventBusExport_         
00016f8c  _coreDisableFlashEcc_               
00016f68  _coreDisableRamEcc_                 
00016f38  _coreEnableEventBusExport_          
00016f78  _coreEnableFlashEcc_                
00016f9c  _coreEnableIrqVicOffset_            
00016f58  _coreEnableRamEcc_                  
00016f20  _coreEnableVfp_                     
00016ffc  _coreGetAuxiliaryDataFault_         
00017010  _coreGetAuxiliaryInstructionFault_  
00016fd4  _coreGetDataFaultAddress_           
00016fac  _coreGetDataFault_                  
00016fe8  _coreGetInstructionFaultAddress_    
00016fc0  _coreGetInstructionFault_           
00016da8  _coreInitRegisters_                 
00016eb4  _coreInitStackPointer_              
0001b5dc  _ctypes_                            
00019e0c  _dabort                             
0001702c  _disable_FIQ_interrupt_             
00017034  _disable_IRQ_interrupt_             
00017024  _disable_interrupt_                 
0001703c  _enable_interrupt_                  
000170cc  _errata_CORTEXR4_57_                
000170dc  _errata_CORTEXR4_66_                
000140c4  _errata_SSWF021_45_both_plls        
000142b8  _errata_SSWF021_45_pll1             
00014430  _errata_SSWF021_45_pll2             
00017044  _esmCcmErrorsClear_                 
00016f00  _getCPSRValue_                      
00016f08  _gotoCPUIdle_                       
0001a200  _pmuDisableCountersGlobal_          
0001a1f0  _pmuEnableCountersGlobal_           
0001a25c  _pmuGetCycleCount_                  
0001a264  _pmuGetEventCount_                  
0001a270  _pmuGetOverflow_                    
0001a1a4  _pmuInit_                           
0001a230  _pmuResetCounters_                  
0001a210  _pmuResetCycleCounter_              
0001a220  _pmuResetEventCounters_             
0001a250  _pmuSetCountEvent_                  
0001a240  _pmuStartCounters_                  
0001a248  _pmuStopCounters_                   
UNDEFED   _system_post_cinit                  
0001b451  abort                               
000073d4  adc1ParityCheck                     
000074c0  adc2ParityCheck                     
0001b005  atoi                                
ffffffff  binit                               
00007578  can1ParityCheck                     
00007650  can2ParityCheck                     
0000b6e4  can2_tx_SetBit                      
00007718  can3ParityCheck                     
00006198  ccmSelfCheck                        
00008864  ccmr4GetConfigValue                 
00006aa0  checkB0RAMECC                       
00006c90  checkB1RAMECC                       
00007d80  checkClockMonitor                   
00006e80  checkFlashECC                       
00007e5c  checkFlashEEPROMECC                 
00007ff4  checkPLL1Slip                       
000080f4  checkPLL2Slip                       
000081b8  checkRAMAddrParity                  
00007b38  checkRAMECC                         
000082c4  checkRAMUERRTest                    
00006924  checkefcSelfTest                    
0001b387  copysign                            
0001b387  copysignl                           
0000639c  cpuSelfTest                         
00006f64  cpuSelfTestFail                     
00011310  customTrimLPO                       
00006f5c  custom_dabort                       
00019f80  delay_ms                            
00019ef4  delay_ns                            
00019f2c  delay_us                            
08002180  device_status                       
0000b904  device_status_init                  
00008cc0  disableParity                       
000176b0  disk_initialize                     
00017850  disk_ioctl                          
000176f0  disk_read                           
0001769c  disk_status                         
000177a8  disk_write                          
00018f5c  dmaGroupANotification               
00007014  dmaParityCheck                      
00014afc  dwdClearFlag                        
00014a30  dwdCounterEnable                    
00014a78  dwdGenerateSysReset                 
00014ac8  dwdGetStatus                        
00014b0c  dwdGetViolationStatus               
000149b4  dwdInit                             
00014a5c  dwdReset                            
00014a40  dwdSetPreload                       
00014a24  dwwdGetCurrentDownCounter           
000149dc  dwwdInit                            
00018f34  edgeNotification                    
000067c8  efcCheck                            
000087c8  efcGetConfigValue                   
000068fc  efcSelfTest                         
00006850  efcStuckZeroTest                    
00008c38  enableParity                        
0001b0e8  equ_2                               
0001b12c  equ_3                               
0001b170  equ_4                               
0001b1b4  equ_5                               
0001b1f8  equ_6                               
000088d4  errata_PBIST_4                      
080021f4  errno                               
00014ee4  esmActivateNormalOperation          
00014fb8  esmClearStatus                      
00014ff8  esmClearStatusBuffer                
00014eac  esmDisableError                     
00014f1c  esmDisableInterrupt                 
00014e84  esmEnableError                      
00014ef4  esmEnableInterrupt                  
000150f0  esmEnterSelfTest                    
00014e68  esmError                            
000151c8  esmGetConfigValue                   
00015034  esmGetStatus                        
000150b8  esmGetStatusBuffer                  
00018e18  esmGroup1Notification               
00018e28  esmGroup2Notification               
0001970c  esmHighInterrupt                    
00014d60  esmInit                             
00015178  esmSelfTestStatus                   
00015014  esmSetCounterPreloadValue           
00014f44  esmSetInterruptLevel                
00014ed4  esmTriggerErrorPinReset             
00003618  f_close                             
00003b8c  f_closedir                          
00003c7c  f_deldir                            
00003dfc  f_getfree                           
000047e4  f_getlabel                          
00005920  f_gets                              
00003668  f_lseek                             
00004388  f_mkdir                             
00004c88  f_mkfs                              
0000270c  f_mount                             
000027cc  f_open                              
00003a78  f_opendir                           
00005be4  f_printf                            
00005b4c  f_putc                              
00005b84  f_puts                              
00002c1c  f_read                              
00003bc4  f_readdir                           
000045a0  f_rename                            
000049bc  f_setlabel                          
00003d74  f_stat                              
000034c8  f_sync                              
00004038  f_truncate                          
0000420c  f_unlink                            
00003014  f_write                             
08001b40  file                                
0001a0c5  floor                               
0001a0c5  floorl                              
0000842c  fmcBus1ParityCheck                  
000069c4  fmcBus2Check                        
00006a00  fmcECCcheck                         
0001ad0d  frexp                               
0001ad0d  frexpl                              
08001910  fs                                  
0000fadc  get_SD_card_online_status           
080021f2  get_bench_mode_time_count           
00017930  get_fattime                         
0000b67c  get_sdram_DATA_A12                  
00015b28  gioDisableNotification              
00015ac0  gioEnableNotification               
00015a28  gioGetBit                           
00015b90  gioGetConfigValue                   
00015a50  gioGetPort                          
000158c8  gioInit                             
00018ea8  gioNotification                     
000159b8  gioSetBit                           
00015998  gioSetDirection                     
00015a08  gioSetPort                          
00015a68  gioToggleBit                        
0001b458  handlePLLLockFail                   
000070c0  het1ParityCheck                     
00007228  het2ParityCheck                     
00018f48  hetNotification                     
0000716c  htu1ParityCheck                     
00007324  htu2ParityCheck                     
0000b864  initialization                      
00019d1d  ldexp                               
00019d1d  ldexpl                              
00016b84  linHighLevelInterrupt               
0001b414  main                                
000109f0  mapClocks                           
0001b361  memccpy                             
0001a8f1  memcpy                              
000062dc  memoryInit                          
00018e38  memoryPort0TestFailNotification     
00018e54  memoryPort1TestFailNotification     
0001ac23  memset                              
000077ec  mibspi1ParityCheck                  
000078f4  mibspi3ParityCheck                  
00007a18  mibspi5ParityCheck                  
00018ed0  mibspiGroupNotification             
00018ebc  mibspiNotification                  
0001531c  muxInit                             
00008554  pbistFail                           
000085d8  pbistGetConfigValue                 
00006710  pbistIsTestCompleted                
0000673c  pbistIsTestPassed                   
00006770  pbistPortTestStatus                 
00006614  pbistRun                            
00006434  pbistSelfCheck                      
000066e0  pbistStop                           
0001099c  periphInit                          
0001b454  phantomInterrupt                    
00015604  pinmuxGetConfigValue                
00018f1c  pwmNotification                     
00000000  resetEntry                          
080021fc  rs232_recive_len                    
00018cac  rtiCompare0Interrupt                
00018cf4  rtiCompare1Interrupt                
00018d3c  rtiCompare3Interrupt                
00014bbc  rtiDisableNotification              
00014b94  rtiEnableNotification               
00014bd8  rtiGetConfigValue                   
00014928  rtiGetCurrentTick                   
00014900  rtiGetPeriod                        
00014728  rtiInit                             
00018e70  rtiNotification                     
00018d84  rtiOverflow0Interrupt               
00018dcc  rtiOverflow1Interrupt               
00014874  rtiResetCounter                     
000148d8  rtiSetPeriod                        
0001481c  rtiStartCounter                     
00014848  rtiStopCounter                      
00019d1d  scalbn                              
00019d1d  scalbnl                             
000123e8  sciDisableLoopback                  
00012474  sciDisableNotification              
000123b4  sciEnableLoopback                   
0001240c  sciEnableNotification               
000124dc  sciEnterResetState                  
000124fc  sciExitResetState                   
0001251c  sciGetConfigValue                   
00016a10  sciHighLevelInterrupt               
00011e38  sciInit                             
00012264  sciIsIdleDetected                   
00012248  sciIsRxReady                        
000120c8  sciIsTxReady                        
00015db8  sciNotification                     
000122dc  sciReceive                          
000122b0  sciReceiveByte                      
00012280  sciRxError                          
00012114  sciSend                             
000120e4  sciSendByte                         
0001202c  sciSetBaudrate                      
0001200c  sciSetFunctional                    
00012674  scilinGetConfigValue                
080021a3  sd_card_status                      
00006188  selftestFailNotification            
0000b6a4  set_sdram_DATA_A12                  
0000b63c  set_sdram_DWE                       
0000b580  set_sdram_clk                       
0000b5fc  set_sdram_cs                        
0001095c  setupFlash                          
00010888  setupPLL                            
000193ac  sigle                               
00019368  sigle_init                          
00019390  sigle_reset                         
0000f6f4  spi1GetConfigValue                  
0000f884  spi3GetConfigValue                  
0000f67c  spiDisableLoopback                  
0000f6c8  spiDisableNotification              
0000f648  spiEnableLoopback                   
0000f698  spiEnableNotification               
00018f0c  spiEndNotification                  
0000ef98  spiGetData                          
0000ec04  spiInit                             
00018ef8  spiNotification                     
0000ee7c  spiReceiveData                      
0000f3f0  spiSendAndGetData                   
0000f1bc  spiSendData                         
0000ee5c  spiSetFunctional                    
0000f2b4  spiTransmitAndReceiveData           
0000f090  spiTransmitData                     
0001b27d  sprintf                             
000111d4  sramGetConfigValue                  
00008724  stcGetConfigValue                   
00006320  stcSelfCheck                        
00006f60  stcSelfCheckFail                    
00016698  stm                                 
000165f4  stm_init                            
0001667c  stm_reset                           
0001b3d7  strchr                              
0001b3bf  strcmp                              
0001b3ed  strlen                              
00010c14  systemGetConfigValue                
00010b18  systemInit                          
00010be4  systemPowerDown                     
00011028  tcmflashGetConfigValue              
080021e0  temp_Recive_buf                     
08001f54  test_inC                            
08001d68  test_outC                           
080021f0  test_send_message_time_count        
000108e8  trimLPO                             
00019fdc  user_main                           
0001328c  vimChannelMap                       
00013488  vimDisableInterrupt                 
00013330  vimEnableInterrupt                  
0001350c  vimGetConfigValue                   
000131b8  vimInit                             
00006f68  vimParityCheck                      
00017e80  vimParityErrorHandler               
0001b403  wcslen                              


GLOBAL SYMBOLS: SORTED BY Symbol Address 

address   name                                
-------   ----                                
00000000  __TI_static_base__                  
00000000  resetEntry                          
0000270c  f_mount                             
000027cc  f_open                              
00002c1c  f_read                              
00003014  f_write                             
000034c8  f_sync                              
00003618  f_close                             
00003668  f_lseek                             
00003a78  f_opendir                           
00003b8c  f_closedir                          
00003bc4  f_readdir                           
00003c7c  f_deldir                            
00003d74  f_stat                              
00003dfc  f_getfree                           
00004038  f_truncate                          
0000420c  f_unlink                            
00004388  f_mkdir                             
000045a0  f_rename                            
000047e4  f_getlabel                          
000049bc  f_setlabel                          
00004c88  f_mkfs                              
00005920  f_gets                              
00005b4c  f_putc                              
00005b84  f_puts                              
00005be4  f_printf                            
00006188  selftestFailNotification            
00006198  ccmSelfCheck                        
000062dc  memoryInit                          
00006320  stcSelfCheck                        
0000639c  cpuSelfTest                         
00006434  pbistSelfCheck                      
00006614  pbistRun                            
000066e0  pbistStop                           
00006710  pbistIsTestCompleted                
0000673c  pbistIsTestPassed                   
00006770  pbistPortTestStatus                 
000067c8  efcCheck                            
00006850  efcStuckZeroTest                    
000068fc  efcSelfTest                         
00006924  checkefcSelfTest                    
000069c4  fmcBus2Check                        
00006a00  fmcECCcheck                         
00006aa0  checkB0RAMECC                       
00006c90  checkB1RAMECC                       
00006e80  checkFlashECC                       
00006f5c  custom_dabort                       
00006f60  stcSelfCheckFail                    
00006f64  cpuSelfTestFail                     
00006f68  vimParityCheck                      
00007014  dmaParityCheck                      
000070c0  het1ParityCheck                     
0000716c  htu1ParityCheck                     
00007228  het2ParityCheck                     
00007324  htu2ParityCheck                     
000073d4  adc1ParityCheck                     
000074c0  adc2ParityCheck                     
00007578  can1ParityCheck                     
00007650  can2ParityCheck                     
00007718  can3ParityCheck                     
000077ec  mibspi1ParityCheck                  
000078f4  mibspi3ParityCheck                  
00007a18  mibspi5ParityCheck                  
00007b38  checkRAMECC                         
00007d80  checkClockMonitor                   
00007e5c  checkFlashEEPROMECC                 
00007ff4  checkPLL1Slip                       
000080f4  checkPLL2Slip                       
000081b8  checkRAMAddrParity                  
000082c4  checkRAMUERRTest                    
0000842c  fmcBus1ParityCheck                  
00008554  pbistFail                           
000085d8  pbistGetConfigValue                 
00008724  stcGetConfigValue                   
000087c8  efcGetConfigValue                   
00008864  ccmr4GetConfigValue                 
000088d4  errata_PBIST_4                      
00008c38  enableParity                        
00008cc0  disableParity                       
00008e64  Sdram_Init                          
00008f08  SDRAM_Set_IO_To_Read_Mode           
00008f40  SDRAM_Read_Data                     
000098c0  SDRAM_Read                          
0000a2a4  SDRAM_Set_IO_To_Write_Mode          
0000a308  SDRAM_Write_Data                    
0000aa94  SDRAM_Write                         
0000b54c  GetBit                              
0000b580  set_sdram_clk                       
0000b5c0  Get_sdram_FWE                       
0000b5fc  set_sdram_cs                        
0000b63c  set_sdram_DWE                       
0000b67c  get_sdram_DATA_A12                  
0000b6a4  set_sdram_DATA_A12                  
0000b6e4  can2_tx_SetBit                      
0000b724  Get_Odd_value                       
0000b864  initialization                      
0000b904  device_status_init                  
0000d894  SD_GPIO_Init                        
0000d8d0  Other_GPIO_Init                     
0000d934  Get_Master_Slave                    
0000da14  Get_Bench_Mode                      
0000dce8  RS232_Process                       
0000e18c  Write_Data_Process                  
0000e40c  Read_Data_Process                   
0000e618  SD_Process                          
0000e9b0  TEST_SDRAM_Write                    
0000ea2c  Test_Sdram_Data_Process             
0000ec04  spiInit                             
0000ee5c  spiSetFunctional                    
0000ee7c  spiReceiveData                      
0000ef98  spiGetData                          
0000f090  spiTransmitData                     
0000f1bc  spiSendData                         
0000f2b4  spiTransmitAndReceiveData           
0000f3f0  spiSendAndGetData                   
0000f530  SpiTxStatus                         
0000f5bc  SpiRxStatus                         
0000f648  spiEnableLoopback                   
0000f67c  spiDisableLoopback                  
0000f698  spiEnableNotification               
0000f6c8  spiDisableNotification              
0000f6f4  spi1GetConfigValue                  
0000f884  spi3GetConfigValue                  
0000fadc  get_SD_card_online_status           
0000fb04  SD_Init                             
0000fd2c  SPI_ReadWriteByte                   
0000fe34  SD_Write_Cmd                        
0000fef4  SD_Write_Cmd_NoDeassert             
0000ff9c  SD_Reset                            
00010074  SD_WriteSingleBlock                 
000101f8  SD_WriteMultiBlock                  
000103b4  SD_WaitReady                        
00010404  SD_ReadSingleBlock                  
00010490  SD_ReadMultiBlock                   
00010570  SD_ReceiveData                      
00010650  SD_GetCID                           
00010698  SD_GetCapacity                      
00010830  SD_GetCSD                           
00010888  setupPLL                            
000108e8  trimLPO                             
0001095c  setupFlash                          
0001099c  periphInit                          
000109f0  mapClocks                           
00010b18  systemInit                          
00010be4  systemPowerDown                     
00010c14  systemGetConfigValue                
00011028  tcmflashGetConfigValue              
000111d4  sramGetConfigValue                  
00011310  customTrimLPO                       
000113ed  __TI_printfi                        
00011e37  __aeabi_idiv0                       
00011e37  __aeabi_ldiv0                       
00011e38  sciInit                             
0001200c  sciSetFunctional                    
0001202c  sciSetBaudrate                      
000120c8  sciIsTxReady                        
000120e4  sciSendByte                         
00012114  sciSend                             
00012248  sciIsRxReady                        
00012264  sciIsIdleDetected                   
00012280  sciRxError                          
000122b0  sciReceiveByte                      
000122dc  sciReceive                          
000123b4  sciEnableLoopback                   
000123e8  sciDisableLoopback                  
0001240c  sciEnableNotification               
00012474  sciDisableNotification              
000124dc  sciEnterResetState                  
000124fc  sciExitResetState                   
0001251c  sciGetConfigValue                   
00012674  scilinGetConfigValue                
0001286c  AutoBrake_init                      
0001295c  AutoBrake_reset                     
000129a4  AutoBrake                           
000131b8  vimInit                             
0001328c  vimChannelMap                       
00013330  vimEnableInterrupt                  
00013488  vimDisableInterrupt                 
0001350c  vimGetConfigValue                   
00013a50  Set_SOV                             
00013a90  Set_ABSW                            
00013ad0  Data_interaction                    
00013cf0  Signal_Output_Control               
00013df0  Transmit_Data_Process               
000140c4  _errata_SSWF021_45_both_plls        
000142b8  _errata_SSWF021_45_pll1             
00014430  _errata_SSWF021_45_pll2             
00014728  rtiInit                             
0001481c  rtiStartCounter                     
00014848  rtiStopCounter                      
00014874  rtiResetCounter                     
000148d8  rtiSetPeriod                        
00014900  rtiGetPeriod                        
00014928  rtiGetCurrentTick                   
000149b4  dwdInit                             
000149dc  dwwdInit                            
00014a24  dwwdGetCurrentDownCounter           
00014a30  dwdCounterEnable                    
00014a40  dwdSetPreload                       
00014a5c  dwdReset                            
00014a78  dwdGenerateSysReset                 
00014a94  IsdwdKeySequenceCorrect             
00014ac8  dwdGetStatus                        
00014afc  dwdClearFlag                        
00014b0c  dwdGetViolationStatus               
00014b94  rtiEnableNotification               
00014bbc  rtiDisableNotification              
00014bd8  rtiGetConfigValue                   
00014d60  esmInit                             
00014e68  esmError                            
00014e84  esmEnableError                      
00014eac  esmDisableError                     
00014ed4  esmTriggerErrorPinReset             
00014ee4  esmActivateNormalOperation          
00014ef4  esmEnableInterrupt                  
00014f1c  esmDisableInterrupt                 
00014f44  esmSetInterruptLevel                
00014fb8  esmClearStatus                      
00014ff8  esmClearStatusBuffer                
00015014  esmSetCounterPreloadValue           
00015034  esmGetStatus                        
000150b8  esmGetStatusBuffer                  
000150f0  esmEnterSelfTest                    
00015178  esmSelfTestStatus                   
000151c8  esmGetConfigValue                   
0001531c  muxInit                             
00015604  pinmuxGetConfigValue                
000158c8  gioInit                             
00015998  gioSetDirection                     
000159b8  gioSetBit                           
00015a08  gioSetPort                          
00015a28  gioGetBit                           
00015a50  gioGetPort                          
00015a68  gioToggleBit                        
00015ac0  gioEnableNotification               
00015b28  gioDisableNotification              
00015b90  gioGetConfigValue                   
00015d4c  RS232_Send                          
00015db8  sciNotification                     
00015ea8  CRC_AND                             
00015f10  Send_Test_Message                   
000161c4  Brake_init                          
000163c8  Brake_reset                         
00016414  Brake                               
000165f4  stm_init                            
0001667c  stm_reset                           
00016698  stm                                 
00016a10  sciHighLevelInterrupt               
00016b84  linHighLevelInterrupt               
00016da8  _coreInitRegisters_                 
00016eb4  _coreInitStackPointer_              
00016f00  _getCPSRValue_                      
00016f08  _gotoCPUIdle_                       
00016f20  _coreEnableVfp_                     
00016f38  _coreEnableEventBusExport_          
00016f48  _coreDisableEventBusExport_         
00016f58  _coreEnableRamEcc_                  
00016f68  _coreDisableRamEcc_                 
00016f78  _coreEnableFlashEcc_                
00016f8c  _coreDisableFlashEcc_               
00016f9c  _coreEnableIrqVicOffset_            
00016fac  _coreGetDataFault_                  
00016fb4  _coreClearDataFault_                
00016fc0  _coreGetInstructionFault_           
00016fc8  _coreClearInstructionFault_         
00016fd4  _coreGetDataFaultAddress_           
00016fdc  _coreClearDataFaultAddress_         
00016fe8  _coreGetInstructionFaultAddress_    
00016ff0  _coreClearInstructionFaultAddress_  
00016ffc  _coreGetAuxiliaryDataFault_         
00017004  _coreClearAuxiliaryDataFault_       
00017010  _coreGetAuxiliaryInstructionFault_  
00017018  _coreClearAuxiliaryInstructionFault_
00017024  _disable_interrupt_                 
0001702c  _disable_FIQ_interrupt_             
00017034  _disable_IRQ_interrupt_             
0001703c  _enable_interrupt_                  
00017044  _esmCcmErrorsClear_                 
000170cc  _errata_CORTEXR4_57_                
000170dc  _errata_CORTEXR4_66_                
000170ec  __TI_PINIT_Base                     
000170f0  __TI_PINIT_Limit                    
000170f4  DAC5689_Init                        
00017130  WriteData                           
00017174  WriteRegister                       
000171ec  SpiReadWrite                        
00017388  DAC5689_SetVoltage_mv               
000173e4  __aeabi_uldivmod                    
0001769c  disk_status                         
000176b0  disk_initialize                     
000176f0  disk_read                           
000177a8  disk_write                          
00017850  disk_ioctl                          
00017930  get_fattime                         
00017940  _c_int00                            
00017be4  PedalF                              
00017e80  vimParityErrorHandler               
00018358  TDP_init                            
000183ac  TDP_reset                           
000183dc  TDP                                 
00018594  Spindown_init                       
000185e8  Spindown_reset                      
0001860c  Spindown                            
000187ac  SC_SlipControl_init                 
000187e8  SC_SlipControl_reset                
00018818  SC_SlipControl                      
00018b10  PI_Control_init                     
00018b50  PI_Control_reset                    
00018b84  PI_Control                          
00018cac  rtiCompare0Interrupt                
00018cf4  rtiCompare1Interrupt                
00018d3c  rtiCompare3Interrupt                
00018d84  rtiOverflow0Interrupt               
00018dcc  rtiOverflow1Interrupt               
00018e18  esmGroup1Notification               
00018e28  esmGroup2Notification               
00018e38  memoryPort0TestFailNotification     
00018e54  memoryPort1TestFailNotification     
00018e70  rtiNotification                     
00018ea8  gioNotification                     
00018ebc  mibspiNotification                  
00018ed0  mibspiGroupNotification             
00018ef8  spiNotification                     
00018f0c  spiEndNotification                  
00018f1c  pwmNotification                     
00018f34  edgeNotification                    
00018f48  hetNotification                     
00018f5c  dmaGroupANotification               
00018f78  SdCard_Maintenance                  
000190d0  Autobrake_ARMtoEnable_init          
0001910c  Autobrake_ARMtoEnable_reset         
00019130  Autobrake_ARMtoEnable               
00019224  Brake_Skid_init                     
00019284  Brake_Skid_reset                    
000192a8  Brake_Skid                          
00019368  sigle_init                          
00019390  sigle_reset                         
000193ac  sigle                               
000194a4  Lockwheel_init                      
000194e0  Lockwheel_reset                     
00019504  Lockwheel                           
000195dc  SC_LowSpeedMonitor_init             
00019604  SC_LowSpeedMonitor_reset            
00019620  SC_LowSpeedMonitor                  
0001970c  esmHighInterrupt                    
00019820  SC_Wheel_init                       
00019850  SC_Wheel_reset                      
00019868  SC_Wheel                            
00019a28  BrakeSelect                         
00019c24  BrakePress                          
00019d1d  ldexp                               
00019d1d  ldexpl                              
00019d1d  scalbn                              
00019d1d  scalbnl                             
00019e0c  _dabort                             
00019ef4  delay_ns                            
00019f2c  delay_us                            
00019f80  delay_ms                            
00019fdc  user_main                           
0001a0c5  floor                               
0001a0c5  floorl                              
0001a1a4  _pmuInit_                           
0001a1f0  _pmuEnableCountersGlobal_           
0001a200  _pmuDisableCountersGlobal_          
0001a210  _pmuResetCycleCounter_              
0001a220  _pmuResetEventCounters_             
0001a230  _pmuResetCounters_                  
0001a240  _pmuStartCounters_                  
0001a248  _pmuStopCounters_                   
0001a250  _pmuSetCountEvent_                  
0001a25c  _pmuGetCycleCount_                  
0001a264  _pmuGetEventCount_                  
0001a270  _pmuGetOverflow_                    
0001a284  BrakeInhibit                        
0001a360  RTOApplicationDisarmed_             
0001a43c  Autobrake_Application_Disarmed      
0001a508  Counter_init                        
0001a530  Counter_reset                       
0001a54c  Counter                             
0001a5bc  OFFtoAutobrakeArmed                 
0001a71c  RTOArmedtoDisarmed_                 
0001a7b8  RTOEnabledtoApplication             
0001a854  WOW_Processing                      
0001a8f1  __aeabi_memcpy                      
0001a8f1  __aeabi_memcpy4                     
0001a8f1  __aeabi_memcpy8                     
0001a8f1  memcpy                              
0001a98c  AutobrakeArmedtoDisarmed            
0001aa1c  SC_Function_init                    
0001aa40  SC_Function_reset                   
0001aa58  SC_Function                         
0001aaa4  RTOEnabledtoDisarmed_               
0001ab24  BoolVect2Int16_digital_3            
0001ac1b  __aeabi_memclr                      
0001ac1b  __aeabi_memclr4                     
0001ac1b  __aeabi_memclr8                     
0001ac1d  __aeabi_memset                      
0001ac1d  __aeabi_memset4                     
0001ac1d  __aeabi_memset8                     
0001ac23  memset                              
0001ac94  OFFtoRTOArmed                       
0001ad0d  frexp                               
0001ad0d  frexpl                              
0001ad81  __TI_decompress_lzss                
0001adec  AutoBrake_EnabletoDisArm            
0001ae54  LimiterF32                          
0001aeb9  __TI_ltoa                           
0001af60  __aeabi_idiv                        
0001af60  __aeabi_idivmod                     
0001b005  atoi                                
0001b054  __aeabi_uidiv                       
0001b054  __aeabi_uidivmod                    
0001b0a5  __TI_auto_init_nobinit_nopinit      
0001b0e8  equ_2                               
0001b12c  equ_3                               
0001b170  equ_4                               
0001b1b4  equ_5                               
0001b1f8  equ_6                               
0001b27d  sprintf                             
0001b2bc  RTOArmedtoEnabled                   
0001b2f8  Autobrake_EnaletoApplication        
0001b32c  BTI                                 
0001b361  memccpy                             
0001b387  copysign                            
0001b387  copysignl                           
0001b3bf  strcmp                              
0001b3d7  strchr                              
0001b3ed  strlen                              
0001b403  wcslen                              
0001b414  main                                
0001b425  __TI_decompress_none                
0001b433  __TI_zero_init                      
0001b449  __aeabi_errno_addr                  
0001b451  C$$EXIT                             
0001b451  abort                               
0001b454  phantomInterrupt                    
0001b458  handlePLLLockFail                   
0001b5dc  _ctypes_                            
0001b718  __TI_Handler_Table_Base             
0001b724  __TI_Handler_Table_Limit            
0001b738  __TI_CINIT_Base                     
0001b748  __TI_CINIT_Limit                    
08001500  MCB_Data                            
08001500  __start___llvm_prf_cnts             
08001500  __stop___llvm_prf_cnts              
08001910  fs                                  
08001b40  file                                
08001d68  test_outC                           
08001ea0  Receive_Machine_Parameters          
08001f54  test_inC                            
08001ff8  Transmit_Machine_Parameters         
08002100  SDCardInfo                          
08002180  device_status                       
080021a2  SD_Type                             
080021a3  sd_card_status                      
080021c2  InputBuf                            
080021cc  OutputBuf                           
080021d6  Board_ID                            
080021d8  Other_Board_ID                      
080021da  SDRAM_READ_DATA_LEN                 
080021dc  SDRAM_WRITE_DATA_LEN                
080021de  Device_DATA_LEN                     
080021e0  temp_Recive_buf                     
080021ea  SDRAM_RxTx                          
080021eb  SD_Process_Flag                     
080021ec  SD_Process_Mode                     
080021ee  File_Name                           
080021f0  test_send_message_time_count        
080021f2  get_bench_mode_time_count           
080021f4  errno                               
080021f8  SPI_Speed                           
080021fc  rs232_recive_len                    
ffffffff  __TI_pprof_out_hndl                 
ffffffff  __TI_prof_data_size                 
ffffffff  __TI_prof_data_start                
ffffffff  __binit__                           
ffffffff  __c_args__                          
ffffffff  binit                               
UNDEFED   SHT$$INIT_ARRAY$$Base               
UNDEFED   SHT$$INIT_ARRAY$$Limit              
UNDEFED   _system_post_cinit                  

[481 symbols]
