<?xml version="1.0" encoding="ISO-8859-1" ?>
<link_info>
   <banner>TI ARM Linker PC v20.2.4.LTS</banner>
   <copyright>Copyright (c) 1996-2018 Texas Instruments Incorporated</copyright>
   <link_time>0x61df81ed</link_time>
   <link_errors>0x0</link_errors>
   <output_file>TMS570LS3137_BCMU_MCB.out</output_file>
   <entry_point>
      <name>_c_int00</name>
      <address>0x16af0</address>
   </entry_point>
   <input_file_list>
      <input_file id="fl-2">
         <path>.\KCG\</path>
         <kind>object</kind>
         <file>AutoBrake.obj</file>
         <name>AutoBrake.obj</name>
      </input_file>
      <input_file id="fl-3">
         <path>.\KCG\</path>
         <kind>object</kind>
         <file>AutoBrake_EnabletoDisArm.obj</file>
         <name>AutoBrake_EnabletoDisArm.obj</name>
      </input_file>
      <input_file id="fl-4">
         <path>.\KCG\</path>
         <kind>object</kind>
         <file>AutobrakeArmedtoDisarmed.obj</file>
         <name>AutobrakeArmedtoDisarmed.obj</name>
      </input_file>
      <input_file id="fl-5">
         <path>.\KCG\</path>
         <kind>object</kind>
         <file>Autobrake_ARM_Application.obj</file>
         <name>Autobrake_ARM_Application.obj</name>
      </input_file>
      <input_file id="fl-6">
         <path>.\KCG\</path>
         <kind>object</kind>
         <file>Autobrake_ARMtoEnable.obj</file>
         <name>Autobrake_ARMtoEnable.obj</name>
      </input_file>
      <input_file id="fl-7">
         <path>.\KCG\</path>
         <kind>object</kind>
         <file>Autobrake_Application_Disarmed.obj</file>
         <name>Autobrake_Application_Disarmed.obj</name>
      </input_file>
      <input_file id="fl-8">
         <path>.\KCG\</path>
         <kind>object</kind>
         <file>Autobrake_EnaletoApplication.obj</file>
         <name>Autobrake_EnaletoApplication.obj</name>
      </input_file>
      <input_file id="fl-9">
         <path>.\KCG\</path>
         <kind>object</kind>
         <file>BTI.obj</file>
         <name>BTI.obj</name>
      </input_file>
      <input_file id="fl-a">
         <path>.\KCG\</path>
         <kind>object</kind>
         <file>BoolVect2Int16_digital_3.obj</file>
         <name>BoolVect2Int16_digital_3.obj</name>
      </input_file>
      <input_file id="fl-b">
         <path>.\KCG\</path>
         <kind>object</kind>
         <file>Brake.obj</file>
         <name>Brake.obj</name>
      </input_file>
      <input_file id="fl-c">
         <path>.\KCG\</path>
         <kind>object</kind>
         <file>BrakeInhibit.obj</file>
         <name>BrakeInhibit.obj</name>
      </input_file>
      <input_file id="fl-d">
         <path>.\KCG\</path>
         <kind>object</kind>
         <file>BrakePress.obj</file>
         <name>BrakePress.obj</name>
      </input_file>
      <input_file id="fl-e">
         <path>.\KCG\</path>
         <kind>object</kind>
         <file>BrakeSelect.obj</file>
         <name>BrakeSelect.obj</name>
      </input_file>
      <input_file id="fl-f">
         <path>.\KCG\</path>
         <kind>object</kind>
         <file>Brake_Skid.obj</file>
         <name>Brake_Skid.obj</name>
      </input_file>
      <input_file id="fl-10">
         <path>.\KCG\</path>
         <kind>object</kind>
         <file>Counter.obj</file>
         <name>Counter.obj</name>
      </input_file>
      <input_file id="fl-11">
         <path>.\KCG\</path>
         <kind>object</kind>
         <file>LimiterF32.obj</file>
         <name>LimiterF32.obj</name>
      </input_file>
      <input_file id="fl-12">
         <path>.\KCG\</path>
         <kind>object</kind>
         <file>Lockwheel.obj</file>
         <name>Lockwheel.obj</name>
      </input_file>
      <input_file id="fl-13">
         <path>.\KCG\</path>
         <kind>object</kind>
         <file>OFFtoAutobrakeArmed.obj</file>
         <name>OFFtoAutobrakeArmed.obj</name>
      </input_file>
      <input_file id="fl-14">
         <path>.\KCG\</path>
         <kind>object</kind>
         <file>OFFtoRTOArmed.obj</file>
         <name>OFFtoRTOArmed.obj</name>
      </input_file>
      <input_file id="fl-15">
         <path>.\KCG\</path>
         <kind>object</kind>
         <file>PI_Control.obj</file>
         <name>PI_Control.obj</name>
      </input_file>
      <input_file id="fl-16">
         <path>.\KCG\</path>
         <kind>object</kind>
         <file>PedalF.obj</file>
         <name>PedalF.obj</name>
      </input_file>
      <input_file id="fl-17">
         <path>.\KCG\</path>
         <kind>object</kind>
         <file>RTOApplicationDisarmed_.obj</file>
         <name>RTOApplicationDisarmed_.obj</name>
      </input_file>
      <input_file id="fl-18">
         <path>.\KCG\</path>
         <kind>object</kind>
         <file>RTOArmedtoDisarmed_.obj</file>
         <name>RTOArmedtoDisarmed_.obj</name>
      </input_file>
      <input_file id="fl-19">
         <path>.\KCG\</path>
         <kind>object</kind>
         <file>RTOArmedtoEnabled.obj</file>
         <name>RTOArmedtoEnabled.obj</name>
      </input_file>
      <input_file id="fl-1a">
         <path>.\KCG\</path>
         <kind>object</kind>
         <file>RTOEnabledtoApplication.obj</file>
         <name>RTOEnabledtoApplication.obj</name>
      </input_file>
      <input_file id="fl-1b">
         <path>.\KCG\</path>
         <kind>object</kind>
         <file>RTOEnabledtoDisarmed_.obj</file>
         <name>RTOEnabledtoDisarmed_.obj</name>
      </input_file>
      <input_file id="fl-1c">
         <path>.\KCG\</path>
         <kind>object</kind>
         <file>SC_Function.obj</file>
         <name>SC_Function.obj</name>
      </input_file>
      <input_file id="fl-1d">
         <path>.\KCG\</path>
         <kind>object</kind>
         <file>SC_LowSpeedMonitor.obj</file>
         <name>SC_LowSpeedMonitor.obj</name>
      </input_file>
      <input_file id="fl-1e">
         <path>.\KCG\</path>
         <kind>object</kind>
         <file>SC_SlipControl.obj</file>
         <name>SC_SlipControl.obj</name>
      </input_file>
      <input_file id="fl-1f">
         <path>.\KCG\</path>
         <kind>object</kind>
         <file>SC_Wheel.obj</file>
         <name>SC_Wheel.obj</name>
      </input_file>
      <input_file id="fl-20">
         <path>.\KCG\</path>
         <kind>object</kind>
         <file>Spindown.obj</file>
         <name>Spindown.obj</name>
      </input_file>
      <input_file id="fl-21">
         <path>.\KCG\</path>
         <kind>object</kind>
         <file>TDP.obj</file>
         <name>TDP.obj</name>
      </input_file>
      <input_file id="fl-22">
         <path>.\KCG\</path>
         <kind>object</kind>
         <file>WOW_Processing.obj</file>
         <name>WOW_Processing.obj</name>
      </input_file>
      <input_file id="fl-23">
         <path>.\KCG\</path>
         <kind>object</kind>
         <file>equ_2.obj</file>
         <name>equ_2.obj</name>
      </input_file>
      <input_file id="fl-24">
         <path>.\KCG\</path>
         <kind>object</kind>
         <file>equ_3.obj</file>
         <name>equ_3.obj</name>
      </input_file>
      <input_file id="fl-25">
         <path>.\KCG\</path>
         <kind>object</kind>
         <file>equ_4.obj</file>
         <name>equ_4.obj</name>
      </input_file>
      <input_file id="fl-26">
         <path>.\KCG\</path>
         <kind>object</kind>
         <file>equ_5.obj</file>
         <name>equ_5.obj</name>
      </input_file>
      <input_file id="fl-27">
         <path>.\KCG\</path>
         <kind>object</kind>
         <file>equ_6.obj</file>
         <name>equ_6.obj</name>
      </input_file>
      <input_file id="fl-28">
         <path>.\KCG\</path>
         <kind>object</kind>
         <file>kcg_consts.obj</file>
         <name>kcg_consts.obj</name>
      </input_file>
      <input_file id="fl-29">
         <path>.\KCG\</path>
         <kind>object</kind>
         <file>kcg_types.obj</file>
         <name>kcg_types.obj</name>
      </input_file>
      <input_file id="fl-2a">
         <path>.\KCG\</path>
         <kind>object</kind>
         <file>sigle.obj</file>
         <name>sigle.obj</name>
      </input_file>
      <input_file id="fl-2b">
         <path>.\KCG\</path>
         <kind>object</kind>
         <file>stm.obj</file>
         <name>stm.obj</name>
      </input_file>
      <input_file id="fl-2c">
         <path>.\SdCard\</path>
         <kind>object</kind>
         <file>diskio.obj</file>
         <name>diskio.obj</name>
      </input_file>
      <input_file id="fl-2d">
         <path>.\SdCard\</path>
         <kind>object</kind>
         <file>ff.obj</file>
         <name>ff.obj</name>
      </input_file>
      <input_file id="fl-2e">
         <path>.\SdCard\</path>
         <kind>object</kind>
         <file>ffsystem.obj</file>
         <name>ffsystem.obj</name>
      </input_file>
      <input_file id="fl-2f">
         <path>.\SdCard\</path>
         <kind>object</kind>
         <file>ffunicode.obj</file>
         <name>ffunicode.obj</name>
      </input_file>
      <input_file id="fl-30">
         <path>.\SdCard\</path>
         <kind>object</kind>
         <file>sdcard.obj</file>
         <name>sdcard.obj</name>
      </input_file>
      <input_file id="fl-31">
         <path>.\UserCode\</path>
         <kind>object</kind>
         <file>Device_control.obj</file>
         <name>Device_control.obj</name>
      </input_file>
      <input_file id="fl-32">
         <path>.\UserCode\</path>
         <kind>object</kind>
         <file>SD_card.obj</file>
         <name>SD_card.obj</name>
      </input_file>
      <input_file id="fl-33">
         <path>.\UserCode\</path>
         <kind>object</kind>
         <file>dac5689.obj</file>
         <name>dac5689.obj</name>
      </input_file>
      <input_file id="fl-34">
         <path>.\UserCode\</path>
         <kind>object</kind>
         <file>global_Init.obj</file>
         <name>global_Init.obj</name>
      </input_file>
      <input_file id="fl-35">
         <path>.\UserCode\</path>
         <kind>object</kind>
         <file>init.obj</file>
         <name>init.obj</name>
      </input_file>
      <input_file id="fl-36">
         <path>.\UserCode\</path>
         <kind>object</kind>
         <file>rs232.obj</file>
         <name>rs232.obj</name>
      </input_file>
      <input_file id="fl-37">
         <path>.\UserCode\</path>
         <kind>object</kind>
         <file>sdram.obj</file>
         <name>sdram.obj</name>
      </input_file>
      <input_file id="fl-38">
         <path>.\UserCode\</path>
         <kind>object</kind>
         <file>test.obj</file>
         <name>test.obj</name>
      </input_file>
      <input_file id="fl-39">
         <path>.\UserCode\</path>
         <kind>object</kind>
         <file>user_main.obj</file>
         <name>user_main.obj</name>
      </input_file>
      <input_file id="fl-3a">
         <path>.\hal\source\</path>
         <kind>object</kind>
         <file>dabort.obj</file>
         <name>dabort.obj</name>
      </input_file>
      <input_file id="fl-3b">
         <path>.\hal\source\</path>
         <kind>object</kind>
         <file>errata_SSWF021_45.obj</file>
         <name>errata_SSWF021_45.obj</name>
      </input_file>
      <input_file id="fl-3c">
         <path>.\hal\source\</path>
         <kind>object</kind>
         <file>esm.obj</file>
         <name>esm.obj</name>
      </input_file>
      <input_file id="fl-3d">
         <path>.\hal\source\</path>
         <kind>object</kind>
         <file>gio.obj</file>
         <name>gio.obj</name>
      </input_file>
      <input_file id="fl-3e">
         <path>.\hal\source\</path>
         <kind>object</kind>
         <file>het.obj</file>
         <name>het.obj</name>
      </input_file>
      <input_file id="fl-3f">
         <path>.\hal\source\</path>
         <kind>object</kind>
         <file>mibspi.obj</file>
         <name>mibspi.obj</name>
      </input_file>
      <input_file id="fl-40">
         <path>.\hal\source\</path>
         <kind>object</kind>
         <file>notification.obj</file>
         <name>notification.obj</name>
      </input_file>
      <input_file id="fl-41">
         <path>.\hal\source\</path>
         <kind>object</kind>
         <file>pinmux.obj</file>
         <name>pinmux.obj</name>
      </input_file>
      <input_file id="fl-42">
         <path>.\hal\source\</path>
         <kind>object</kind>
         <file>rti.obj</file>
         <name>rti.obj</name>
      </input_file>
      <input_file id="fl-43">
         <path>.\hal\source\</path>
         <kind>object</kind>
         <file>sci.obj</file>
         <name>sci.obj</name>
      </input_file>
      <input_file id="fl-44">
         <path>.\hal\source\</path>
         <kind>object</kind>
         <file>spi.obj</file>
         <name>spi.obj</name>
      </input_file>
      <input_file id="fl-45">
         <path>.\hal\source\</path>
         <kind>object</kind>
         <file>sys_core.obj</file>
         <name>sys_core.obj</name>
      </input_file>
      <input_file id="fl-46">
         <path>.\hal\source\</path>
         <kind>object</kind>
         <file>sys_dma.obj</file>
         <name>sys_dma.obj</name>
      </input_file>
      <input_file id="fl-47">
         <path>.\hal\source\</path>
         <kind>object</kind>
         <file>sys_intvecs.obj</file>
         <name>sys_intvecs.obj</name>
      </input_file>
      <input_file id="fl-48">
         <path>.\hal\source\</path>
         <kind>object</kind>
         <file>sys_main.obj</file>
         <name>sys_main.obj</name>
      </input_file>
      <input_file id="fl-49">
         <path>.\hal\source\</path>
         <kind>object</kind>
         <file>sys_mpu.obj</file>
         <name>sys_mpu.obj</name>
      </input_file>
      <input_file id="fl-4a">
         <path>.\hal\source\</path>
         <kind>object</kind>
         <file>sys_pcr.obj</file>
         <name>sys_pcr.obj</name>
      </input_file>
      <input_file id="fl-4b">
         <path>.\hal\source\</path>
         <kind>object</kind>
         <file>sys_phantom.obj</file>
         <name>sys_phantom.obj</name>
      </input_file>
      <input_file id="fl-4c">
         <path>.\hal\source\</path>
         <kind>object</kind>
         <file>sys_pmm.obj</file>
         <name>sys_pmm.obj</name>
      </input_file>
      <input_file id="fl-4d">
         <path>.\hal\source\</path>
         <kind>object</kind>
         <file>sys_pmu.obj</file>
         <name>sys_pmu.obj</name>
      </input_file>
      <input_file id="fl-4e">
         <path>.\hal\source\</path>
         <kind>object</kind>
         <file>sys_selftest.obj</file>
         <name>sys_selftest.obj</name>
      </input_file>
      <input_file id="fl-4f">
         <path>.\hal\source\</path>
         <kind>object</kind>
         <file>sys_startup.obj</file>
         <name>sys_startup.obj</name>
      </input_file>
      <input_file id="fl-50">
         <path>.\hal\source\</path>
         <kind>object</kind>
         <file>sys_vim.obj</file>
         <name>sys_vim.obj</name>
      </input_file>
      <input_file id="fl-51">
         <path>.\hal\source\</path>
         <kind>object</kind>
         <file>system.obj</file>
         <name>system.obj</name>
      </input_file>
      <input_file id="fl-55">
         <kind>object</kind>
         <file>&lt;internal&gt;</file>
         <name>&lt;internal&gt;</name>
      </input_file>
      <input_file id="fl-56">
         <path>C:\ti\ccs1030\ccs\tools\compiler\ti-cgt-arm_20.2.4.LTS\lib\</path>
         <kind>archive</kind>
         <file>rtsv7R4_T_be_v3D16_eabi.lib</file>
         <name>sprintf.c.obj</name>
      </input_file>
      <input_file id="fl-57">
         <path>C:\ti\ccs1030\ccs\tools\compiler\ti-cgt-arm_20.2.4.LTS\lib\</path>
         <kind>archive</kind>
         <file>rtsv7R4_T_be_v3D16_eabi.lib</file>
         <name>s_floor.c.obj</name>
      </input_file>
      <input_file id="fl-58">
         <path>C:\ti\ccs1030\ccs\tools\compiler\ti-cgt-arm_20.2.4.LTS\lib\</path>
         <kind>archive</kind>
         <file>rtsv7R4_T_be_v3D16_eabi.lib</file>
         <name>u_div32.asm.obj</name>
      </input_file>
      <input_file id="fl-59">
         <path>C:\ti\ccs1030\ccs\tools\compiler\ti-cgt-arm_20.2.4.LTS\lib\</path>
         <kind>archive</kind>
         <file>rtsv7R4_T_be_v3D16_eabi.lib</file>
         <name>memset_t2.asm.obj</name>
      </input_file>
      <input_file id="fl-5a">
         <path>C:\ti\ccs1030\ccs\tools\compiler\ti-cgt-arm_20.2.4.LTS\lib\</path>
         <kind>archive</kind>
         <file>rtsv7R4_T_be_v3D16_eabi.lib</file>
         <name>memcpy_t2.asm.obj</name>
      </input_file>
      <input_file id="fl-5b">
         <path>C:\ti\ccs1030\ccs\tools\compiler\ti-cgt-arm_20.2.4.LTS\lib\</path>
         <kind>archive</kind>
         <file>rtsv7R4_T_be_v3D16_eabi.lib</file>
         <name>autoinit.c.obj</name>
      </input_file>
      <input_file id="fl-5c">
         <path>C:\ti\ccs1030\ccs\tools\compiler\ti-cgt-arm_20.2.4.LTS\lib\</path>
         <kind>archive</kind>
         <file>rtsv7R4_T_be_v3D16_eabi.lib</file>
         <name>cpy_tbl.c.obj</name>
      </input_file>
      <input_file id="fl-5d">
         <path>C:\ti\ccs1030\ccs\tools\compiler\ti-cgt-arm_20.2.4.LTS\lib\</path>
         <kind>archive</kind>
         <file>rtsv7R4_T_be_v3D16_eabi.lib</file>
         <name>copy_zero_init.c.obj</name>
      </input_file>
      <input_file id="fl-5e">
         <path>C:\ti\ccs1030\ccs\tools\compiler\ti-cgt-arm_20.2.4.LTS\lib\</path>
         <kind>archive</kind>
         <file>rtsv7R4_T_be_v3D16_eabi.lib</file>
         <name>copy_decompress_none.c.obj</name>
      </input_file>
      <input_file id="fl-5f">
         <path>C:\ti\ccs1030\ccs\tools\compiler\ti-cgt-arm_20.2.4.LTS\lib\</path>
         <kind>archive</kind>
         <file>rtsv7R4_T_be_v3D16_eabi.lib</file>
         <name>copy_decompress_lzss.c.obj</name>
      </input_file>
      <input_file id="fl-60">
         <path>C:\ti\ccs1030\ccs\tools\compiler\ti-cgt-arm_20.2.4.LTS\lib\</path>
         <kind>archive</kind>
         <file>rtsv7R4_T_be_v3D16_eabi.lib</file>
         <name>exit.c.obj</name>
      </input_file>
      <input_file id="fl-61">
         <path>C:\ti\ccs1030\ccs\tools\compiler\ti-cgt-arm_20.2.4.LTS\lib\</path>
         <kind>archive</kind>
         <file>rtsv7R4_T_be_v3D16_eabi.lib</file>
         <name>_lock.c.obj</name>
      </input_file>
      <input_file id="fl-62">
         <path>C:\ti\ccs1030\ccs\tools\compiler\ti-cgt-arm_20.2.4.LTS\lib\</path>
         <kind>archive</kind>
         <file>rtsv7R4_T_be_v3D16_eabi.lib</file>
         <name>strcmp.c.obj</name>
      </input_file>
      <input_file id="fl-63">
         <path>C:\ti\ccs1030\ccs\tools\compiler\ti-cgt-arm_20.2.4.LTS\lib\</path>
         <kind>archive</kind>
         <file>rtsv7R4_T_be_v3D16_eabi.lib</file>
         <name>strlen.c.obj</name>
      </input_file>
      <input_file id="fl-64">
         <path>C:\ti\ccs1030\ccs\tools\compiler\ti-cgt-arm_20.2.4.LTS\lib\</path>
         <kind>archive</kind>
         <file>rtsv7R4_T_be_v3D16_eabi.lib</file>
         <name>_printfi.c.obj</name>
      </input_file>
      <input_file id="fl-65">
         <path>C:\ti\ccs1030\ccs\tools\compiler\ti-cgt-arm_20.2.4.LTS\lib\</path>
         <kind>archive</kind>
         <file>rtsv7R4_T_be_v3D16_eabi.lib</file>
         <name>s_frexp.c.obj</name>
      </input_file>
      <input_file id="fl-66">
         <path>C:\ti\ccs1030\ccs\tools\compiler\ti-cgt-arm_20.2.4.LTS\lib\</path>
         <kind>archive</kind>
         <file>rtsv7R4_T_be_v3D16_eabi.lib</file>
         <name>s_scalbn.c.obj</name>
      </input_file>
      <input_file id="fl-67">
         <path>C:\ti\ccs1030\ccs\tools\compiler\ti-cgt-arm_20.2.4.LTS\lib\</path>
         <kind>archive</kind>
         <file>rtsv7R4_T_be_v3D16_eabi.lib</file>
         <name>s_copysign.c.obj</name>
      </input_file>
      <input_file id="fl-68">
         <path>C:\ti\ccs1030\ccs\tools\compiler\ti-cgt-arm_20.2.4.LTS\lib\</path>
         <kind>archive</kind>
         <file>rtsv7R4_T_be_v3D16_eabi.lib</file>
         <name>div0.asm.obj</name>
      </input_file>
      <input_file id="fl-69">
         <path>C:\ti\ccs1030\ccs\tools\compiler\ti-cgt-arm_20.2.4.LTS\lib\</path>
         <kind>archive</kind>
         <file>rtsv7R4_T_be_v3D16_eabi.lib</file>
         <name>ull_div32.asm.obj</name>
      </input_file>
      <input_file id="fl-6a">
         <path>C:\ti\ccs1030\ccs\tools\compiler\ti-cgt-arm_20.2.4.LTS\lib\</path>
         <kind>archive</kind>
         <file>rtsv7R4_T_be_v3D16_eabi.lib</file>
         <name>_ltoa.c.obj</name>
      </input_file>
      <input_file id="fl-6b">
         <path>C:\ti\ccs1030\ccs\tools\compiler\ti-cgt-arm_20.2.4.LTS\lib\</path>
         <kind>archive</kind>
         <file>rtsv7R4_T_be_v3D16_eabi.lib</file>
         <name>atoi.c.obj</name>
      </input_file>
      <input_file id="fl-6c">
         <path>C:\ti\ccs1030\ccs\tools\compiler\ti-cgt-arm_20.2.4.LTS\lib\</path>
         <kind>archive</kind>
         <file>rtsv7R4_T_be_v3D16_eabi.lib</file>
         <name>ctype.c.obj</name>
      </input_file>
      <input_file id="fl-6d">
         <path>C:\ti\ccs1030\ccs\tools\compiler\ti-cgt-arm_20.2.4.LTS\lib\</path>
         <kind>archive</kind>
         <file>rtsv7R4_T_be_v3D16_eabi.lib</file>
         <name>memccpy.c.obj</name>
      </input_file>
      <input_file id="fl-6e">
         <path>C:\ti\ccs1030\ccs\tools\compiler\ti-cgt-arm_20.2.4.LTS\lib\</path>
         <kind>archive</kind>
         <file>rtsv7R4_T_be_v3D16_eabi.lib</file>
         <name>strchr.c.obj</name>
      </input_file>
      <input_file id="fl-6f">
         <path>C:\ti\ccs1030\ccs\tools\compiler\ti-cgt-arm_20.2.4.LTS\lib\</path>
         <kind>archive</kind>
         <file>rtsv7R4_T_be_v3D16_eabi.lib</file>
         <name>errno.c.obj</name>
      </input_file>
      <input_file id="fl-70">
         <path>C:\ti\ccs1030\ccs\tools\compiler\ti-cgt-arm_20.2.4.LTS\lib\</path>
         <kind>archive</kind>
         <file>rtsv7R4_T_be_v3D16_eabi.lib</file>
         <name>wcslen.c.obj</name>
      </input_file>
   </input_file_list>
   <object_component_list>
      <object_component id="oc-37">
         <name>.intvecs</name>
         <load_address>0x0</load_address>
         <run_address>0x0</run_address>
         <size>0x20</size>
         <input_file_ref idref="fl-47"/>
      </object_component>
      <object_component id="oc-249">
         <name>.text</name>
         <load_address>0x20</load_address>
         <run_address>0x20</run_address>
         <size>0x6168</size>
         <input_file_ref idref="fl-2d"/>
      </object_component>
      <object_component id="oc-88">
         <name>.text</name>
         <load_address>0x6188</load_address>
         <run_address>0x6188</run_address>
         <size>0x2cdc</size>
         <input_file_ref idref="fl-4e"/>
      </object_component>
      <object_component id="oc-24f">
         <name>.text</name>
         <load_address>0x8e64</load_address>
         <run_address>0x8e64</run_address>
         <size>0x2888</size>
         <input_file_ref idref="fl-37"/>
      </object_component>
      <object_component id="oc-1fa">
         <name>.text</name>
         <load_address>0xb6ec</load_address>
         <run_address>0xb6ec</run_address>
         <size>0x2244</size>
         <input_file_ref idref="fl-35"/>
      </object_component>
      <object_component id="oc-35a">
         <name>.text</name>
         <load_address>0xd930</load_address>
         <run_address>0xd930</run_address>
         <size>0xed8</size>
         <input_file_ref idref="fl-44"/>
      </object_component>
      <object_component id="oc-422">
         <name>.text</name>
         <load_address>0xe808</load_address>
         <run_address>0xe808</run_address>
         <size>0xdac</size>
         <input_file_ref idref="fl-30"/>
      </object_component>
      <object_component id="oc-82">
         <name>.text</name>
         <load_address>0xf5b4</load_address>
         <run_address>0xf5b4</run_address>
         <size>0xb64</size>
         <input_file_ref idref="fl-51"/>
      </object_component>
      <object_component id="oc-184">
         <name>.text</name>
         <load_address>0x10118</load_address>
         <run_address>0x10118</run_address>
         <size>0xab8</size>
         <input_file_ref idref="fl-38"/>
      </object_component>
      <object_component id="oc-2eb">
         <name>.text:__TI_printfi</name>
         <load_address>0x10bd0</load_address>
         <run_address>0x10bd0</run_address>
         <size>0xa4a</size>
         <input_file_ref idref="fl-64"/>
      </object_component>
      <object_component id="oc-42c">
         <name>.text</name>
         <load_address>0x1161a</load_address>
         <run_address>0x1161a</run_address>
         <size>0x2</size>
         <input_file_ref idref="fl-68"/>
      </object_component>
      <object_component id="oc-2a5">
         <name>.text</name>
         <load_address>0x1161c</load_address>
         <run_address>0x1161c</run_address>
         <size>0xa34</size>
         <input_file_ref idref="fl-43"/>
      </object_component>
      <object_component id="oc-381">
         <name>.text</name>
         <load_address>0x12050</load_address>
         <run_address>0x12050</run_address>
         <size>0x94c</size>
         <input_file_ref idref="fl-2"/>
      </object_component>
      <object_component id="oc-44">
         <name>.text</name>
         <load_address>0x1299c</load_address>
         <run_address>0x1299c</run_address>
         <size>0x898</size>
         <input_file_ref idref="fl-50"/>
      </object_component>
      <object_component id="oc-76">
         <name>.text</name>
         <load_address>0x13234</load_address>
         <run_address>0x13234</run_address>
         <size>0x664</size>
         <input_file_ref idref="fl-3b"/>
      </object_component>
      <object_component id="oc-293">
         <name>.text</name>
         <load_address>0x13898</load_address>
         <run_address>0x13898</run_address>
         <size>0x638</size>
         <input_file_ref idref="fl-42"/>
      </object_component>
      <object_component id="oc-8e">
         <name>.text</name>
         <load_address>0x13ed0</load_address>
         <run_address>0x13ed0</run_address>
         <size>0x5bc</size>
         <input_file_ref idref="fl-3c"/>
      </object_component>
      <object_component id="oc-f2">
         <name>.text</name>
         <load_address>0x1448c</load_address>
         <run_address>0x1448c</run_address>
         <size>0x5ac</size>
         <input_file_ref idref="fl-41"/>
      </object_component>
      <object_component id="oc-200">
         <name>.text</name>
         <load_address>0x14a38</load_address>
         <run_address>0x14a38</run_address>
         <size>0x4b4</size>
         <input_file_ref idref="fl-31"/>
      </object_component>
      <object_component id="oc-29f">
         <name>.text</name>
         <load_address>0x14eec</load_address>
         <run_address>0x14eec</run_address>
         <size>0x484</size>
         <input_file_ref idref="fl-3d"/>
      </object_component>
      <object_component id="oc-2b3">
         <name>.text</name>
         <load_address>0x15370</load_address>
         <run_address>0x15370</run_address>
         <size>0x430</size>
         <input_file_ref idref="fl-b"/>
      </object_component>
      <object_component id="oc-46c">
         <name>.text</name>
         <load_address>0x157a0</load_address>
         <run_address>0x157a0</run_address>
         <size>0x41c</size>
         <input_file_ref idref="fl-2b"/>
      </object_component>
      <object_component id="oc-31">
         <name>.text:retain</name>
         <load_address>0x15bbc</load_address>
         <run_address>0x15bbc</run_address>
         <size>0x398</size>
         <input_file_ref idref="fl-43"/>
      </object_component>
      <object_component id="oc-71">
         <name>.text</name>
         <load_address>0x15f54</load_address>
         <run_address>0x15f54</run_address>
         <size>0x34c</size>
         <input_file_ref idref="fl-45"/>
      </object_component>
      <object_component id="oc-299">
         <name>.text</name>
         <load_address>0x162a0</load_address>
         <run_address>0x162a0</run_address>
         <size>0x2f4</size>
         <input_file_ref idref="fl-33"/>
      </object_component>
      <object_component id="oc-4fb">
         <name>.text</name>
         <load_address>0x16594</load_address>
         <run_address>0x16594</run_address>
         <size>0x2b8</size>
         <input_file_ref idref="fl-69"/>
      </object_component>
      <object_component id="oc-304">
         <name>.text</name>
         <load_address>0x1684c</load_address>
         <run_address>0x1684c</run_address>
         <size>0x2a4</size>
         <input_file_ref idref="fl-2c"/>
      </object_component>
      <object_component id="oc-1c">
         <name>.text:retain</name>
         <load_address>0x16af0</load_address>
         <run_address>0x16af0</run_address>
         <size>0x2a4</size>
         <input_file_ref idref="fl-4f"/>
      </object_component>
      <object_component id="oc-4d3">
         <name>.text</name>
         <load_address>0x16d94</load_address>
         <run_address>0x16d94</run_address>
         <size>0x29c</size>
         <input_file_ref idref="fl-16"/>
      </object_component>
      <object_component id="oc-42">
         <name>.text:retain</name>
         <load_address>0x17030</load_address>
         <run_address>0x17030</run_address>
         <size>0x290</size>
         <input_file_ref idref="fl-50"/>
      </object_component>
      <object_component id="oc-3fa">
         <name>.text:_pconv_a</name>
         <load_address>0x172c0</load_address>
         <run_address>0x172c0</run_address>
         <size>0x248</size>
         <input_file_ref idref="fl-64"/>
      </object_component>
      <object_component id="oc-375">
         <name>.text</name>
         <load_address>0x17508</load_address>
         <run_address>0x17508</run_address>
         <size>0x23c</size>
         <input_file_ref idref="fl-21"/>
      </object_component>
      <object_component id="oc-38d">
         <name>.text</name>
         <load_address>0x17744</load_address>
         <run_address>0x17744</run_address>
         <size>0x218</size>
         <input_file_ref idref="fl-20"/>
      </object_component>
      <object_component id="oc-ad">
         <name>.text</name>
         <load_address>0x1795c</load_address>
         <run_address>0x1795c</run_address>
         <size>0x1e0</size>
         <input_file_ref idref="fl-36"/>
      </object_component>
      <object_component id="oc-5f5">
         <name>.text</name>
         <load_address>0x17b3c</load_address>
         <run_address>0x17b3c</run_address>
         <size>0x1c4</size>
         <input_file_ref idref="fl-1e"/>
      </object_component>
      <object_component id="oc-3e8">
         <name>.text:_pconv_g</name>
         <load_address>0x17d00</load_address>
         <run_address>0x17d00</run_address>
         <size>0x1a0</size>
         <input_file_ref idref="fl-64"/>
      </object_component>
      <object_component id="oc-623">
         <name>.text</name>
         <load_address>0x17ea0</load_address>
         <run_address>0x17ea0</run_address>
         <size>0x19c</size>
         <input_file_ref idref="fl-15"/>
      </object_component>
      <object_component id="oc-2b">
         <name>.text:retain</name>
         <load_address>0x1803c</load_address>
         <run_address>0x1803c</run_address>
         <size>0x16c</size>
         <input_file_ref idref="fl-42"/>
      </object_component>
      <object_component id="oc-472">
         <name>.text</name>
         <load_address>0x181a8</load_address>
         <run_address>0x181a8</run_address>
         <size>0x154</size>
         <input_file_ref idref="fl-6"/>
      </object_component>
      <object_component id="oc-9d">
         <name>.text</name>
         <load_address>0x182fc</load_address>
         <run_address>0x182fc</run_address>
         <size>0x14c</size>
         <input_file_ref idref="fl-40"/>
      </object_component>
      <object_component id="oc-37b">
         <name>.text</name>
         <load_address>0x18448</load_address>
         <run_address>0x18448</run_address>
         <size>0x144</size>
         <input_file_ref idref="fl-f"/>
      </object_component>
      <object_component id="oc-4bb">
         <name>.text</name>
         <load_address>0x1858c</load_address>
         <run_address>0x1858c</run_address>
         <size>0x13c</size>
         <input_file_ref idref="fl-2a"/>
      </object_component>
      <object_component id="oc-387">
         <name>.text</name>
         <load_address>0x186c8</load_address>
         <run_address>0x186c8</run_address>
         <size>0x138</size>
         <input_file_ref idref="fl-12"/>
      </object_component>
      <object_component id="oc-629">
         <name>.text</name>
         <load_address>0x18800</load_address>
         <run_address>0x18800</run_address>
         <size>0x130</size>
         <input_file_ref idref="fl-1d"/>
      </object_component>
      <object_component id="oc-22">
         <name>.text:retain</name>
         <load_address>0x18930</load_address>
         <run_address>0x18930</run_address>
         <size>0x114</size>
         <input_file_ref idref="fl-3c"/>
      </object_component>
      <object_component id="oc-464">
         <name>.text</name>
         <load_address>0x18a44</load_address>
         <run_address>0x18a44</run_address>
         <size>0x104</size>
         <input_file_ref idref="fl-1f"/>
      </object_component>
      <object_component id="oc-3f4">
         <name>.text:_pconv_e</name>
         <load_address>0x18b48</load_address>
         <run_address>0x18b48</run_address>
         <size>0x104</size>
         <input_file_ref idref="fl-64"/>
      </object_component>
      <object_component id="oc-39f">
         <name>.text</name>
         <load_address>0x18c4c</load_address>
         <run_address>0x18c4c</run_address>
         <size>0x100</size>
         <input_file_ref idref="fl-e"/>
      </object_component>
      <object_component id="oc-514">
         <name>.text:fcvt</name>
         <load_address>0x18d4c</load_address>
         <run_address>0x18d4c</run_address>
         <size>0xfc</size>
         <input_file_ref idref="fl-64"/>
      </object_component>
      <object_component id="oc-399">
         <name>.text</name>
         <load_address>0x18e48</load_address>
         <run_address>0x18e48</run_address>
         <size>0xf8</size>
         <input_file_ref idref="fl-d"/>
      </object_component>
      <object_component id="oc-528">
         <name>.text:scalbn</name>
         <load_address>0x18f40</load_address>
         <run_address>0x18f40</run_address>
         <size>0xf0</size>
         <input_file_ref idref="fl-66"/>
      </object_component>
      <object_component id="oc-b7">
         <name>.text</name>
         <load_address>0x19030</load_address>
         <run_address>0x19030</run_address>
         <size>0xe8</size>
         <input_file_ref idref="fl-3a"/>
      </object_component>
      <object_component id="oc-2ab">
         <name>.text</name>
         <load_address>0x19118</load_address>
         <run_address>0x19118</run_address>
         <size>0xe8</size>
         <input_file_ref idref="fl-34"/>
      </object_component>
      <object_component id="oc-36b">
         <name>.text:floor</name>
         <load_address>0x19200</load_address>
         <run_address>0x19200</run_address>
         <size>0xe0</size>
         <input_file_ref idref="fl-57"/>
      </object_component>
      <object_component id="oc-fa">
         <name>.text</name>
         <load_address>0x192e0</load_address>
         <run_address>0x192e0</run_address>
         <size>0xe0</size>
         <input_file_ref idref="fl-4d"/>
      </object_component>
      <object_component id="oc-3a5">
         <name>.text</name>
         <load_address>0x193c0</load_address>
         <run_address>0x193c0</run_address>
         <size>0xdc</size>
         <input_file_ref idref="fl-c"/>
      </object_component>
      <object_component id="oc-4a2">
         <name>.text</name>
         <load_address>0x1949c</load_address>
         <run_address>0x1949c</run_address>
         <size>0xdc</size>
         <input_file_ref idref="fl-17"/>
      </object_component>
      <object_component id="oc-496">
         <name>.text</name>
         <load_address>0x19578</load_address>
         <run_address>0x19578</run_address>
         <size>0xcc</size>
         <input_file_ref idref="fl-7"/>
      </object_component>
      <object_component id="oc-45c">
         <name>.text</name>
         <load_address>0x19644</load_address>
         <run_address>0x19644</run_address>
         <size>0xb4</size>
         <input_file_ref idref="fl-10"/>
      </object_component>
      <object_component id="oc-484">
         <name>.text</name>
         <load_address>0x196f8</load_address>
         <run_address>0x196f8</run_address>
         <size>0xb0</size>
         <input_file_ref idref="fl-13"/>
      </object_component>
      <object_component id="oc-3e2">
         <name>.text:_ltostr</name>
         <load_address>0x197a8</load_address>
         <run_address>0x197a8</run_address>
         <size>0xad</size>
         <input_file_ref idref="fl-64"/>
      </object_component>
      <object_component id="oc-4ae">
         <name>.text</name>
         <load_address>0x19858</load_address>
         <run_address>0x19858</run_address>
         <size>0x9c</size>
         <input_file_ref idref="fl-18"/>
      </object_component>
      <object_component id="oc-47e">
         <name>.text</name>
         <load_address>0x198f4</load_address>
         <run_address>0x198f4</run_address>
         <size>0x9c</size>
         <input_file_ref idref="fl-1a"/>
      </object_component>
      <object_component id="oc-393">
         <name>.text</name>
         <load_address>0x19990</load_address>
         <run_address>0x19990</run_address>
         <size>0x9c</size>
         <input_file_ref idref="fl-22"/>
      </object_component>
      <object_component id="oc-59">
         <name>.text</name>
         <load_address>0x19a2c</load_address>
         <run_address>0x19a2c</run_address>
         <size>0x9c</size>
         <input_file_ref idref="fl-5a"/>
      </object_component>
      <object_component id="oc-490">
         <name>.text</name>
         <load_address>0x19ac8</load_address>
         <run_address>0x19ac8</run_address>
         <size>0x90</size>
         <input_file_ref idref="fl-4"/>
      </object_component>
      <object_component id="oc-572">
         <name>.text</name>
         <load_address>0x19b58</load_address>
         <run_address>0x19b58</run_address>
         <size>0x88</size>
         <input_file_ref idref="fl-1c"/>
      </object_component>
      <object_component id="oc-4a8">
         <name>.text</name>
         <load_address>0x19be0</load_address>
         <run_address>0x19be0</run_address>
         <size>0x80</size>
         <input_file_ref idref="fl-1b"/>
      </object_component>
      <object_component id="oc-4db">
         <name>.text</name>
         <load_address>0x19c60</load_address>
         <run_address>0x19c60</run_address>
         <size>0x7c</size>
         <input_file_ref idref="fl-a"/>
      </object_component>
      <object_component id="oc-50d">
         <name>.text:_mcpy</name>
         <load_address>0x19cdc</load_address>
         <run_address>0x19cdc</run_address>
         <size>0x7a</size>
         <input_file_ref idref="fl-64"/>
      </object_component>
      <object_component id="oc-e4">
         <name>.text</name>
         <load_address>0x19d56</load_address>
         <run_address>0x19d56</run_address>
         <size>0x7a</size>
         <input_file_ref idref="fl-59"/>
      </object_component>
      <object_component id="oc-49c">
         <name>.text</name>
         <load_address>0x19dd0</load_address>
         <run_address>0x19dd0</run_address>
         <size>0x78</size>
         <input_file_ref idref="fl-14"/>
      </object_component>
      <object_component id="oc-522">
         <name>.text:frexp</name>
         <load_address>0x19e48</load_address>
         <run_address>0x19e48</run_address>
         <size>0x74</size>
         <input_file_ref idref="fl-65"/>
      </object_component>
      <object_component id="oc-f">
         <name>.text:decompress:lzss:__TI_decompress_lzss</name>
         <load_address>0x19ebc</load_address>
         <run_address>0x19ebc</run_address>
         <size>0x6c</size>
         <input_file_ref idref="fl-5f"/>
      </object_component>
      <object_component id="oc-4b4">
         <name>.text</name>
         <load_address>0x19f28</load_address>
         <run_address>0x19f28</run_address>
         <size>0x68</size>
         <input_file_ref idref="fl-3"/>
      </object_component>
      <object_component id="oc-4c3">
         <name>.text</name>
         <load_address>0x19f90</load_address>
         <run_address>0x19f90</run_address>
         <size>0x64</size>
         <input_file_ref idref="fl-11"/>
      </object_component>
      <object_component id="oc-501">
         <name>.text:__TI_ltoa</name>
         <load_address>0x19ff4</load_address>
         <run_address>0x19ff4</run_address>
         <size>0x54</size>
         <input_file_ref idref="fl-6a"/>
      </object_component>
      <object_component id="oc-507">
         <name>.text:_ecpy</name>
         <load_address>0x1a048</load_address>
         <run_address>0x1a048</run_address>
         <size>0x54</size>
         <input_file_ref idref="fl-64"/>
      </object_component>
      <object_component id="oc-3ee">
         <name>.text:_pconv_f</name>
         <load_address>0x1a09c</load_address>
         <run_address>0x1a09c</run_address>
         <size>0x50</size>
         <input_file_ref idref="fl-64"/>
      </object_component>
      <object_component id="oc-3dc">
         <name>.text:atoi</name>
         <load_address>0x1a0ec</load_address>
         <run_address>0x1a0ec</run_address>
         <size>0x50</size>
         <input_file_ref idref="fl-6b"/>
      </object_component>
      <object_component id="oc-30d">
         <name>.text</name>
         <load_address>0x1a13c</load_address>
         <run_address>0x1a13c</run_address>
         <size>0x50</size>
         <input_file_ref idref="fl-58"/>
      </object_component>
      <object_component id="oc-138">
         <name>.text</name>
         <load_address>0x1a18c</load_address>
         <run_address>0x1a18c</run_address>
         <size>0x50</size>
         <input_file_ref idref="fl-39"/>
      </object_component>
      <object_component id="oc-108">
         <name>.text:__TI_auto_init_nobinit_nopinit:__TI_auto_init_nobinit_nopinit</name>
         <load_address>0x1a1dc</load_address>
         <run_address>0x1a1dc</run_address>
         <size>0x44</size>
         <input_file_ref idref="fl-5b"/>
      </object_component>
      <object_component id="oc-596">
         <name>.text</name>
         <load_address>0x1a220</load_address>
         <run_address>0x1a220</run_address>
         <size>0x44</size>
         <input_file_ref idref="fl-23"/>
      </object_component>
      <object_component id="oc-59c">
         <name>.text</name>
         <load_address>0x1a264</load_address>
         <run_address>0x1a264</run_address>
         <size>0x44</size>
         <input_file_ref idref="fl-24"/>
      </object_component>
      <object_component id="oc-5a2">
         <name>.text</name>
         <load_address>0x1a2a8</load_address>
         <run_address>0x1a2a8</run_address>
         <size>0x44</size>
         <input_file_ref idref="fl-25"/>
      </object_component>
      <object_component id="oc-5a8">
         <name>.text</name>
         <load_address>0x1a2ec</load_address>
         <run_address>0x1a2ec</run_address>
         <size>0x44</size>
         <input_file_ref idref="fl-26"/>
      </object_component>
      <object_component id="oc-5ae">
         <name>.text</name>
         <load_address>0x1a330</load_address>
         <run_address>0x1a330</run_address>
         <size>0x44</size>
         <input_file_ref idref="fl-27"/>
      </object_component>
      <object_component id="oc-51a">
         <name>.text:_fcpy</name>
         <load_address>0x1a374</load_address>
         <run_address>0x1a374</run_address>
         <size>0x40</size>
         <input_file_ref idref="fl-64"/>
      </object_component>
      <object_component id="oc-243">
         <name>.text:sprintf</name>
         <load_address>0x1a3b4</load_address>
         <run_address>0x1a3b4</run_address>
         <size>0x40</size>
         <input_file_ref idref="fl-56"/>
      </object_component>
      <object_component id="oc-478">
         <name>.text</name>
         <load_address>0x1a3f4</load_address>
         <run_address>0x1a3f4</run_address>
         <size>0x3c</size>
         <input_file_ref idref="fl-19"/>
      </object_component>
      <object_component id="oc-48a">
         <name>.text</name>
         <load_address>0x1a430</load_address>
         <run_address>0x1a430</run_address>
         <size>0x34</size>
         <input_file_ref idref="fl-8"/>
      </object_component>
      <object_component id="oc-4cb">
         <name>.text</name>
         <load_address>0x1a464</load_address>
         <run_address>0x1a464</run_address>
         <size>0x34</size>
         <input_file_ref idref="fl-9"/>
      </object_component>
      <object_component id="oc-400">
         <name>.text:memccpy</name>
         <load_address>0x1a498</load_address>
         <run_address>0x1a498</run_address>
         <size>0x26</size>
         <input_file_ref idref="fl-6d"/>
      </object_component>
      <object_component id="oc-5d5">
         <name>.text:copysign</name>
         <load_address>0x1a4be</load_address>
         <run_address>0x1a4be</run_address>
         <size>0x1e</size>
         <input_file_ref idref="fl-67"/>
      </object_component>
      <object_component id="oc-2f1">
         <name>.text:_outs</name>
         <load_address>0x1a4dc</load_address>
         <run_address>0x1a4dc</run_address>
         <size>0x1a</size>
         <input_file_ref idref="fl-56"/>
      </object_component>
      <object_component id="oc-31e">
         <name>.text:strcmp</name>
         <load_address>0x1a4f6</load_address>
         <run_address>0x1a4f6</run_address>
         <size>0x18</size>
         <input_file_ref idref="fl-62"/>
      </object_component>
      <object_component id="oc-52e">
         <name>.text:strchr</name>
         <load_address>0x1a50e</load_address>
         <run_address>0x1a50e</run_address>
         <size>0x16</size>
         <input_file_ref idref="fl-6e"/>
      </object_component>
      <object_component id="oc-318">
         <name>.text:strlen</name>
         <load_address>0x1a524</load_address>
         <run_address>0x1a524</run_address>
         <size>0x16</size>
         <input_file_ref idref="fl-63"/>
      </object_component>
      <object_component id="oc-406">
         <name>.text:wcslen</name>
         <load_address>0x1a53a</load_address>
         <run_address>0x1a53a</run_address>
         <size>0x12</size>
         <input_file_ref idref="fl-70"/>
      </object_component>
      <object_component id="oc-95">
         <name>.text</name>
         <load_address>0x1a54c</load_address>
         <run_address>0x1a54c</run_address>
         <size>0x10</size>
         <input_file_ref idref="fl-48"/>
      </object_component>
      <object_component id="oc-15">
         <name>.text:decompress:none:__TI_decompress_none</name>
         <load_address>0x1a55c</load_address>
         <run_address>0x1a55c</run_address>
         <size>0xe</size>
         <input_file_ref idref="fl-5e"/>
      </object_component>
      <object_component id="oc-6b">
         <name>.text:decompress:ZI:__TI_zero_init</name>
         <load_address>0x1a56a</load_address>
         <run_address>0x1a56a</run_address>
         <size>0xc</size>
         <input_file_ref idref="fl-5d"/>
      </object_component>
      <object_component id="oc-2f7">
         <name>.text:_outc</name>
         <load_address>0x1a576</load_address>
         <run_address>0x1a576</run_address>
         <size>0xa</size>
         <input_file_ref idref="fl-56"/>
      </object_component>
      <object_component id="oc-40c">
         <name>.text:__aeabi_errno_addr</name>
         <load_address>0x1a580</load_address>
         <run_address>0x1a580</run_address>
         <size>0x8</size>
         <input_file_ref idref="fl-6f"/>
      </object_component>
      <object_component id="oc-13f">
         <name>.text:abort:abort</name>
         <load_address>0x1a588</load_address>
         <run_address>0x1a588</run_address>
         <size>0x4</size>
         <input_file_ref idref="fl-60"/>
      </object_component>
      <object_component id="oc-3c">
         <name>.text:retain</name>
         <load_address>0x1a58c</load_address>
         <run_address>0x1a58c</run_address>
         <size>0x4</size>
         <input_file_ref idref="fl-4b"/>
      </object_component>
      <object_component id="oc-7c">
         <name>.text</name>
         <load_address>0x1a590</load_address>
         <run_address>0x1a590</run_address>
         <size>0x4</size>
         <input_file_ref idref="fl-4f"/>
      </object_component>
      <object_component id="oc-28">
         <name>.const:s_vim_init</name>
         <load_address>0x1a594</load_address>
         <run_address>0x1a594</run_address>
         <size>0x180</size>
         <input_file_ref idref="fl-50"/>
      </object_component>
      <object_component id="oc-4f6">
         <name>.const:.string:_ctypes_</name>
         <load_address>0x1a714</load_address>
         <run_address>0x1a714</run_address>
         <size>0x101</size>
         <input_file_ref idref="fl-6c"/>
      </object_component>
      <object_component id="oc-324">
         <name>.const:.string:badchr$1</name>
         <load_address>0x1a815</load_address>
         <run_address>0x1a815</run_address>
         <size>0x12</size>
         <input_file_ref idref="fl-2d"/>
      </object_component>
      <object_component id="oc-326">
         <name>.const:cst$2</name>
         <load_address>0x1a828</load_address>
         <run_address>0x1a828</run_address>
         <size>0xe</size>
         <input_file_ref idref="fl-2d"/>
      </object_component>
      <object_component id="oc-325">
         <name>.const:cst32$3</name>
         <load_address>0x1a836</load_address>
         <run_address>0x1a836</run_address>
         <size>0xe</size>
         <input_file_ref idref="fl-2d"/>
      </object_component>
      <object_component id="oc-30a">
         <name>.const:.string:DbcTbl</name>
         <load_address>0x1a844</load_address>
         <run_address>0x1a844</run_address>
         <size>0xa</size>
         <input_file_ref idref="fl-2d"/>
      </object_component>
      <object_component id="oc-66b">
         <name>__TI_handler_table</name>
         <load_address>0x1a850</load_address>
         <run_address>0x1a850</run_address>
         <size>0xc</size>
      </object_component>
      <object_component id="oc-66e">
         <name>.cinit..data.load</name>
         <load_address>0x1a85c</load_address>
         <run_address>0x1a85c</run_address>
         <size>0xb</size>
      </object_component>
      <object_component id="oc-66d">
         <name>.cinit..bss.load</name>
         <load_address>0x1a868</load_address>
         <run_address>0x1a868</run_address>
         <size>0x8</size>
      </object_component>
      <object_component id="oc-66c">
         <name>__TI_cinit_table</name>
         <load_address>0x1a870</load_address>
         <run_address>0x1a870</run_address>
         <size>0x10</size>
      </object_component>
      <object_component id="oc-312">
         <name>.bss:FatFs</name>
         <uninitialized>true</uninitialized>
         <run_address>0x8002170</run_address>
         <size>0x8</size>
         <input_file_ref idref="fl-2d"/>
      </object_component>
      <object_component id="oc-315">
         <name>.bss</name>
         <uninitialized>true</uninitialized>
         <run_address>0x80020dc</run_address>
         <size>0x2</size>
         <input_file_ref idref="fl-2d"/>
      </object_component>
      <object_component id="oc-372">
         <name>.bss</name>
         <uninitialized>true</uninitialized>
         <run_address>0x8002178</run_address>
         <size>0x8</size>
         <input_file_ref idref="fl-34"/>
      </object_component>
      <object_component id="oc-b3">
         <name>.bss:g_sciTransfer_t</name>
         <uninitialized>true</uninitialized>
         <run_address>0x8002138</run_address>
         <size>0x28</size>
         <input_file_ref idref="fl-43"/>
      </object_component>
      <object_component id="oc-43c">
         <name>.bss:g_spiPacket_t</name>
         <uninitialized>true</uninitialized>
         <run_address>0x8002064</run_address>
         <size>0x78</size>
         <input_file_ref idref="fl-44"/>
      </object_component>
      <object_component id="oc-25b">
         <name>.common:sd_card_status</name>
         <uninitialized>true</uninitialized>
         <run_address>0x80020df</run_address>
         <size>0x1</size>
      </object_component>
      <object_component id="oc-428">
         <name>.common:SDCardInfo</name>
         <uninitialized>true</uninitialized>
         <run_address>0x80020e0</run_address>
         <size>0x58</size>
      </object_component>
      <object_component id="oc-557">
         <name>.common:SD_Type</name>
         <uninitialized>true</uninitialized>
         <run_address>0x80020de</run_address>
         <size>0x1</size>
      </object_component>
      <object_component id="oc-2b9">
         <name>.common:test_inC</name>
         <uninitialized>true</uninitialized>
         <run_address>0x8001f30</run_address>
         <size>0xa4</size>
      </object_component>
      <object_component id="oc-2ba">
         <name>.common:test_outC</name>
         <uninitialized>true</uninitialized>
         <run_address>0x8001d48</run_address>
         <size>0x138</size>
      </object_component>
      <object_component id="oc-2b1">
         <name>.common:Receive_Machine_Parameters</name>
         <uninitialized>true</uninitialized>
         <run_address>0x8001e80</run_address>
         <size>0xb0</size>
      </object_component>
      <object_component id="oc-261">
         <name>.common:Transmit_Machine_Parameters</name>
         <uninitialized>true</uninitialized>
         <run_address>0x8001fd4</run_address>
         <size>0x90</size>
      </object_component>
      <object_component id="oc-206">
         <name>.common:device_status</name>
         <uninitialized>true</uninitialized>
         <run_address>0x8002160</run_address>
         <size>0x10</size>
      </object_component>
      <object_component id="oc-25f">
         <name>.common:file</name>
         <uninitialized>true</uninitialized>
         <run_address>0x80018f8</run_address>
         <size>0x228</size>
      </object_component>
      <object_component id="oc-260">
         <name>.common:file_past_err</name>
         <uninitialized>true</uninitialized>
         <run_address>0x8001b20</run_address>
         <size>0x228</size>
      </object_component>
      <object_component id="oc-255">
         <name>.common:MCB_Data</name>
         <uninitialized>true</uninitialized>
         <run_address>0x8001500</run_address>
         <size>0x3f8</size>
      </object_component>
      <object_component id="oc-554">
         <name>.data</name>
         <load_address>0x80021c8</load_address>
         <run_address>0x80021c8</run_address>
         <size>0x4</size>
         <input_file_ref idref="fl-30"/>
      </object_component>
      <object_component id="oc-363">
         <name>.data:InputBuf</name>
         <load_address>0x800219e</load_address>
         <run_address>0x800219e</run_address>
         <size>0xa</size>
         <input_file_ref idref="fl-33"/>
      </object_component>
      <object_component id="oc-360">
         <name>.data:OutputBuf</name>
         <load_address>0x80021a8</load_address>
         <run_address>0x80021a8</run_address>
         <size>0xa</size>
         <input_file_ref idref="fl-33"/>
      </object_component>
      <object_component id="oc-258">
         <name>.data</name>
         <load_address>0x80021bc</load_address>
         <run_address>0x80021bc</run_address>
         <size>0x8</size>
         <input_file_ref idref="fl-35"/>
      </object_component>
      <object_component id="oc-18d">
         <name>.data:temp_Recive_buf</name>
         <load_address>0x80021b2</load_address>
         <run_address>0x80021b2</run_address>
         <size>0xa</size>
         <input_file_ref idref="fl-36"/>
      </object_component>
      <object_component id="oc-18a">
         <name>.data</name>
         <load_address>0x80021cc</load_address>
         <run_address>0x80021cc</run_address>
         <size>0x1</size>
         <input_file_ref idref="fl-36"/>
      </object_component>
      <object_component id="oc-25e">
         <name>.data:dir$1</name>
         <load_address>0x8002180</load_address>
         <run_address>0x8002180</run_address>
         <size>0x1e</size>
         <input_file_ref idref="fl-38"/>
      </object_component>
      <object_component id="oc-14b">
         <name>.data</name>
         <load_address>0x80021cd</load_address>
         <run_address>0x80021cd</run_address>
         <size>0x1</size>
         <input_file_ref idref="fl-39"/>
      </object_component>
      <object_component id="oc-53e">
         <name>.data</name>
         <load_address>0x80021c4</load_address>
         <run_address>0x80021c4</run_address>
         <size>0x4</size>
         <input_file_ref idref="fl-6f"/>
      </object_component>
      <object_component id="oc-2e1">
         <name>.debug_info</name>
         <load_address>0x0</load_address>
         <run_address>0x0</run_address>
         <size>0x7fa</size>
         <input_file_ref idref="fl-2"/>
      </object_component>
      <object_component id="oc-385">
         <name>.debug_info</name>
         <load_address>0x7fa</load_address>
         <run_address>0x7fa</run_address>
         <size>0x5a2</size>
         <input_file_ref idref="fl-2"/>
      </object_component>
      <object_component id="oc-3d2">
         <name>.debug_info</name>
         <load_address>0xd9c</load_address>
         <run_address>0xd9c</run_address>
         <size>0xfe</size>
         <input_file_ref idref="fl-2"/>
      </object_component>
      <object_component id="oc-4e7">
         <name>.debug_info</name>
         <load_address>0xe9a</load_address>
         <run_address>0xe9a</run_address>
         <size>0x5e</size>
         <input_file_ref idref="fl-2"/>
      </object_component>
      <object_component id="oc-3d7">
         <name>.debug_info</name>
         <load_address>0xef8</load_address>
         <run_address>0xef8</run_address>
         <size>0x86</size>
         <input_file_ref idref="fl-2"/>
      </object_component>
      <object_component id="oc-3b7">
         <name>.debug_info</name>
         <load_address>0xf7e</load_address>
         <run_address>0xf7e</run_address>
         <size>0xae</size>
         <input_file_ref idref="fl-2"/>
      </object_component>
      <object_component id="oc-54">
         <name>.debug_info</name>
         <load_address>0x102c</load_address>
         <run_address>0x102c</run_address>
         <size>0x84</size>
         <input_file_ref idref="fl-2"/>
      </object_component>
      <object_component id="oc-22c">
         <name>.debug_info</name>
         <load_address>0x10b0</load_address>
         <run_address>0x10b0</run_address>
         <size>0xe96</size>
         <input_file_ref idref="fl-2"/>
      </object_component>
      <object_component id="oc-2dc">
         <name>.debug_info</name>
         <load_address>0x1f46</load_address>
         <run_address>0x1f46</run_address>
         <size>0x53</size>
         <input_file_ref idref="fl-2"/>
      </object_component>
      <object_component id="oc-4b5">
         <name>.debug_info</name>
         <load_address>0x1f99</load_address>
         <run_address>0x1f99</run_address>
         <size>0x2cb</size>
         <input_file_ref idref="fl-3"/>
      </object_component>
      <object_component id="oc-493">
         <name>.debug_info</name>
         <load_address>0x2264</load_address>
         <run_address>0x2264</run_address>
         <size>0x2fb</size>
         <input_file_ref idref="fl-4"/>
      </object_component>
      <object_component id="oc-57f">
         <name>.debug_info</name>
         <load_address>0x255f</load_address>
         <run_address>0x255f</run_address>
         <size>0x314</size>
         <input_file_ref idref="fl-6"/>
      </object_component>
      <object_component id="oc-474">
         <name>.debug_info</name>
         <load_address>0x2873</load_address>
         <run_address>0x2873</run_address>
         <size>0x3b3</size>
         <input_file_ref idref="fl-6"/>
      </object_component>
      <object_component id="oc-49a">
         <name>.debug_info</name>
         <load_address>0x2c26</load_address>
         <run_address>0x2c26</run_address>
         <size>0x409</size>
         <input_file_ref idref="fl-7"/>
      </object_component>
      <object_component id="oc-48b">
         <name>.debug_info</name>
         <load_address>0x302f</load_address>
         <run_address>0x302f</run_address>
         <size>0x2e4</size>
         <input_file_ref idref="fl-8"/>
      </object_component>
      <object_component id="oc-4ce">
         <name>.debug_info</name>
         <load_address>0x3313</load_address>
         <run_address>0x3313</run_address>
         <size>0x165</size>
         <input_file_ref idref="fl-9"/>
      </object_component>
      <object_component id="oc-5b8">
         <name>.debug_info</name>
         <load_address>0x3478</load_address>
         <run_address>0x3478</run_address>
         <size>0x296</size>
         <input_file_ref idref="fl-a"/>
      </object_component>
      <object_component id="oc-4df">
         <name>.debug_info</name>
         <load_address>0x370e</load_address>
         <run_address>0x370e</run_address>
         <size>0x1b0</size>
         <input_file_ref idref="fl-a"/>
      </object_component>
      <object_component id="oc-3ac">
         <name>.debug_info</name>
         <load_address>0x38be</load_address>
         <run_address>0x38be</run_address>
         <size>0x640</size>
         <input_file_ref idref="fl-b"/>
      </object_component>
      <object_component id="oc-2b4">
         <name>.debug_info</name>
         <load_address>0x3efe</load_address>
         <run_address>0x3efe</run_address>
         <size>0x4b4</size>
         <input_file_ref idref="fl-b"/>
      </object_component>
      <object_component id="oc-4f1">
         <name>.debug_info</name>
         <load_address>0x43b2</load_address>
         <run_address>0x43b2</run_address>
         <size>0x5e</size>
         <input_file_ref idref="fl-b"/>
      </object_component>
      <object_component id="oc-3bc">
         <name>.debug_info</name>
         <load_address>0x4410</load_address>
         <run_address>0x4410</run_address>
         <size>0x86</size>
         <input_file_ref idref="fl-b"/>
      </object_component>
      <object_component id="oc-633">
         <name>.debug_info</name>
         <load_address>0x4496</load_address>
         <run_address>0x4496</run_address>
         <size>0x86</size>
         <input_file_ref idref="fl-b"/>
      </object_component>
      <object_component id="oc-638">
         <name>.debug_info</name>
         <load_address>0x451c</load_address>
         <run_address>0x451c</run_address>
         <size>0x5e</size>
         <input_file_ref idref="fl-b"/>
      </object_component>
      <object_component id="oc-60e">
         <name>.debug_info</name>
         <load_address>0x457a</load_address>
         <run_address>0x457a</run_address>
         <size>0x86</size>
         <input_file_ref idref="fl-b"/>
      </object_component>
      <object_component id="oc-5bd">
         <name>.debug_info</name>
         <load_address>0x4600</load_address>
         <run_address>0x4600</run_address>
         <size>0x5e</size>
         <input_file_ref idref="fl-b"/>
      </object_component>
      <object_component id="oc-4ec">
         <name>.debug_info</name>
         <load_address>0x465e</load_address>
         <run_address>0x465e</run_address>
         <size>0x72</size>
         <input_file_ref idref="fl-b"/>
      </object_component>
      <object_component id="oc-3b2">
         <name>.debug_info</name>
         <load_address>0x46d0</load_address>
         <run_address>0x46d0</run_address>
         <size>0x72</size>
         <input_file_ref idref="fl-b"/>
      </object_component>
      <object_component id="oc-3c1">
         <name>.debug_info</name>
         <load_address>0x4742</load_address>
         <run_address>0x4742</run_address>
         <size>0x86</size>
         <input_file_ref idref="fl-b"/>
      </object_component>
      <object_component id="oc-3ad">
         <name>.debug_info</name>
         <load_address>0x47c8</load_address>
         <run_address>0x47c8</run_address>
         <size>0xae</size>
         <input_file_ref idref="fl-b"/>
      </object_component>
      <object_component id="oc-2be">
         <name>.debug_info</name>
         <load_address>0x4876</load_address>
         <run_address>0x4876</run_address>
         <size>0xde</size>
         <input_file_ref idref="fl-b"/>
      </object_component>
      <object_component id="oc-4e4">
         <name>.debug_info</name>
         <load_address>0x4954</load_address>
         <run_address>0x4954</run_address>
         <size>0x296</size>
         <input_file_ref idref="fl-c"/>
      </object_component>
      <object_component id="oc-3a7">
         <name>.debug_info</name>
         <load_address>0x4bea</load_address>
         <run_address>0x4bea</run_address>
         <size>0x23f</size>
         <input_file_ref idref="fl-c"/>
      </object_component>
      <object_component id="oc-4da">
         <name>.debug_info</name>
         <load_address>0x4e29</load_address>
         <run_address>0x4e29</run_address>
         <size>0x2b0</size>
         <input_file_ref idref="fl-d"/>
      </object_component>
      <object_component id="oc-39c">
         <name>.debug_info</name>
         <load_address>0x50d9</load_address>
         <run_address>0x50d9</run_address>
         <size>0x1d7</size>
         <input_file_ref idref="fl-d"/>
      </object_component>
      <object_component id="oc-4e2">
         <name>.debug_info</name>
         <load_address>0x52b0</load_address>
         <run_address>0x52b0</run_address>
         <size>0x2e7</size>
         <input_file_ref idref="fl-e"/>
      </object_component>
      <object_component id="oc-3a1">
         <name>.debug_info</name>
         <load_address>0x5597</load_address>
         <run_address>0x5597</run_address>
         <size>0x29b</size>
         <input_file_ref idref="fl-e"/>
      </object_component>
      <object_component id="oc-46b">
         <name>.debug_info</name>
         <load_address>0x5832</load_address>
         <run_address>0x5832</run_address>
         <size>0x330</size>
         <input_file_ref idref="fl-f"/>
      </object_component>
      <object_component id="oc-37e">
         <name>.debug_info</name>
         <load_address>0x5b62</load_address>
         <run_address>0x5b62</run_address>
         <size>0x375</size>
         <input_file_ref idref="fl-f"/>
      </object_component>
      <object_component id="oc-56f">
         <name>.debug_info</name>
         <load_address>0x5ed7</load_address>
         <run_address>0x5ed7</run_address>
         <size>0x285</size>
         <input_file_ref idref="fl-10"/>
      </object_component>
      <object_component id="oc-45d">
         <name>.debug_info</name>
         <load_address>0x615c</load_address>
         <run_address>0x615c</run_address>
         <size>0x264</size>
         <input_file_ref idref="fl-10"/>
      </object_component>
      <object_component id="oc-4c6">
         <name>.debug_info</name>
         <load_address>0x63c0</load_address>
         <run_address>0x63c0</run_address>
         <size>0x1e3</size>
         <input_file_ref idref="fl-11"/>
      </object_component>
      <object_component id="oc-4c2">
         <name>.debug_info</name>
         <load_address>0x65a3</load_address>
         <run_address>0x65a3</run_address>
         <size>0x307</size>
         <input_file_ref idref="fl-12"/>
      </object_component>
      <object_component id="oc-38a">
         <name>.debug_info</name>
         <load_address>0x68aa</load_address>
         <run_address>0x68aa</run_address>
         <size>0x304</size>
         <input_file_ref idref="fl-12"/>
      </object_component>
      <object_component id="oc-488">
         <name>.debug_info</name>
         <load_address>0x6bae</load_address>
         <run_address>0x6bae</run_address>
         <size>0x2ba</size>
         <input_file_ref idref="fl-13"/>
      </object_component>
      <object_component id="oc-49e">
         <name>.debug_info</name>
         <load_address>0x6e68</load_address>
         <run_address>0x6e68</run_address>
         <size>0x24d</size>
         <input_file_ref idref="fl-14"/>
      </object_component>
      <object_component id="oc-63e">
         <name>.debug_info</name>
         <load_address>0x70b5</load_address>
         <run_address>0x70b5</run_address>
         <size>0x2bc</size>
         <input_file_ref idref="fl-15"/>
      </object_component>
      <object_component id="oc-624">
         <name>.debug_info</name>
         <load_address>0x7371</load_address>
         <run_address>0x7371</run_address>
         <size>0x3ec</size>
         <input_file_ref idref="fl-15"/>
      </object_component>
      <object_component id="oc-4d7">
         <name>.debug_info</name>
         <load_address>0x775d</load_address>
         <run_address>0x775d</run_address>
         <size>0x2f3</size>
         <input_file_ref idref="fl-16"/>
      </object_component>
      <object_component id="oc-4a6">
         <name>.debug_info</name>
         <load_address>0x7a50</load_address>
         <run_address>0x7a50</run_address>
         <size>0x3f2</size>
         <input_file_ref idref="fl-17"/>
      </object_component>
      <object_component id="oc-4b0">
         <name>.debug_info</name>
         <load_address>0x7e42</load_address>
         <run_address>0x7e42</run_address>
         <size>0x2f0</size>
         <input_file_ref idref="fl-18"/>
      </object_component>
      <object_component id="oc-47c">
         <name>.debug_info</name>
         <load_address>0x8132</load_address>
         <run_address>0x8132</run_address>
         <size>0x1c0</size>
         <input_file_ref idref="fl-19"/>
      </object_component>
      <object_component id="oc-582">
         <name>.debug_info</name>
         <load_address>0x82f2</load_address>
         <run_address>0x82f2</run_address>
         <size>0x295</size>
         <input_file_ref idref="fl-1a"/>
      </object_component>
      <object_component id="oc-481">
         <name>.debug_info</name>
         <load_address>0x8587</load_address>
         <run_address>0x8587</run_address>
         <size>0x376</size>
         <input_file_ref idref="fl-1a"/>
      </object_component>
      <object_component id="oc-4ab">
         <name>.debug_info</name>
         <load_address>0x88fd</load_address>
         <run_address>0x88fd</run_address>
         <size>0x308</size>
         <input_file_ref idref="fl-1b"/>
      </object_component>
      <object_component id="oc-5fc">
         <name>.debug_info</name>
         <load_address>0x8c05</load_address>
         <run_address>0x8c05</run_address>
         <size>0x33e</size>
         <input_file_ref idref="fl-1c"/>
      </object_component>
      <object_component id="oc-576">
         <name>.debug_info</name>
         <load_address>0x8f43</load_address>
         <run_address>0x8f43</run_address>
         <size>0x392</size>
         <input_file_ref idref="fl-1c"/>
      </object_component>
      <object_component id="oc-640">
         <name>.debug_info</name>
         <load_address>0x92d5</load_address>
         <run_address>0x92d5</run_address>
         <size>0x290</size>
         <input_file_ref idref="fl-1d"/>
      </object_component>
      <object_component id="oc-62b">
         <name>.debug_info</name>
         <load_address>0x9565</load_address>
         <run_address>0x9565</run_address>
         <size>0x356</size>
         <input_file_ref idref="fl-1d"/>
      </object_component>
      <object_component id="oc-630">
         <name>.debug_info</name>
         <load_address>0x98bb</load_address>
         <run_address>0x98bb</run_address>
         <size>0x405</size>
         <input_file_ref idref="fl-1e"/>
      </object_component>
      <object_component id="oc-5f6">
         <name>.debug_info</name>
         <load_address>0x9cc0</load_address>
         <run_address>0x9cc0</run_address>
         <size>0x409</size>
         <input_file_ref idref="fl-1e"/>
      </object_component>
      <object_component id="oc-579">
         <name>.debug_info</name>
         <load_address>0xa0c9</load_address>
         <run_address>0xa0c9</run_address>
         <size>0x32f</size>
         <input_file_ref idref="fl-1f"/>
      </object_component>
      <object_component id="oc-467">
         <name>.debug_info</name>
         <load_address>0xa3f8</load_address>
         <run_address>0xa3f8</run_address>
         <size>0x398</size>
         <input_file_ref idref="fl-1f"/>
      </object_component>
      <object_component id="oc-4ca">
         <name>.debug_info</name>
         <load_address>0xa790</load_address>
         <run_address>0xa790</run_address>
         <size>0x341</size>
         <input_file_ref idref="fl-20"/>
      </object_component>
      <object_component id="oc-390">
         <name>.debug_info</name>
         <load_address>0xaad1</load_address>
         <run_address>0xaad1</run_address>
         <size>0x31a</size>
         <input_file_ref idref="fl-20"/>
      </object_component>
      <object_component id="oc-463">
         <name>.debug_info</name>
         <load_address>0xadeb</load_address>
         <run_address>0xadeb</run_address>
         <size>0x308</size>
         <input_file_ref idref="fl-21"/>
      </object_component>
      <object_component id="oc-377">
         <name>.debug_info</name>
         <load_address>0xb0f3</load_address>
         <run_address>0xb0f3</run_address>
         <size>0x2fd</size>
         <input_file_ref idref="fl-21"/>
      </object_component>
      <object_component id="oc-4d2">
         <name>.debug_info</name>
         <load_address>0xb3f0</load_address>
         <run_address>0xb3f0</run_address>
         <size>0x2a8</size>
         <input_file_ref idref="fl-22"/>
      </object_component>
      <object_component id="oc-396">
         <name>.debug_info</name>
         <load_address>0xb698</load_address>
         <run_address>0xb698</run_address>
         <size>0x1de</size>
         <input_file_ref idref="fl-22"/>
      </object_component>
      <object_component id="oc-59a">
         <name>.debug_info</name>
         <load_address>0xb876</load_address>
         <run_address>0xb876</run_address>
         <size>0x15e</size>
         <input_file_ref idref="fl-23"/>
      </object_component>
      <object_component id="oc-5a0">
         <name>.debug_info</name>
         <load_address>0xb9d4</load_address>
         <run_address>0xb9d4</run_address>
         <size>0x15e</size>
         <input_file_ref idref="fl-24"/>
      </object_component>
      <object_component id="oc-5a3">
         <name>.debug_info</name>
         <load_address>0xbb32</load_address>
         <run_address>0xbb32</run_address>
         <size>0x15e</size>
         <input_file_ref idref="fl-25"/>
      </object_component>
      <object_component id="oc-5ac">
         <name>.debug_info</name>
         <load_address>0xbc90</load_address>
         <run_address>0xbc90</run_address>
         <size>0x15e</size>
         <input_file_ref idref="fl-26"/>
      </object_component>
      <object_component id="oc-5af">
         <name>.debug_info</name>
         <load_address>0xbdee</load_address>
         <run_address>0xbdee</run_address>
         <size>0x15e</size>
         <input_file_ref idref="fl-27"/>
      </object_component>
      <object_component id="oc-58d">
         <name>.debug_info</name>
         <load_address>0xbf4c</load_address>
         <run_address>0xbf4c</run_address>
         <size>0x283</size>
         <input_file_ref idref="fl-2a"/>
      </object_component>
      <object_component id="oc-4bd">
         <name>.debug_info</name>
         <load_address>0xc1cf</load_address>
         <run_address>0xc1cf</run_address>
         <size>0x2cb</size>
         <input_file_ref idref="fl-2a"/>
      </object_component>
      <object_component id="oc-57d">
         <name>.debug_info</name>
         <load_address>0xc49a</load_address>
         <run_address>0xc49a</run_address>
         <size>0x281</size>
         <input_file_ref idref="fl-2b"/>
      </object_component>
      <object_component id="oc-46d">
         <name>.debug_info</name>
         <load_address>0xc71b</load_address>
         <run_address>0xc71b</run_address>
         <size>0x514</size>
         <input_file_ref idref="fl-2b"/>
      </object_component>
      <object_component id="oc-240">
         <name>.debug_info</name>
         <load_address>0xcc2f</load_address>
         <run_address>0xcc2f</run_address>
         <size>0x359</size>
         <input_file_ref idref="fl-2c"/>
      </object_component>
      <object_component id="oc-305">
         <name>.debug_info</name>
         <load_address>0xcf88</load_address>
         <run_address>0xcf88</run_address>
         <size>0x5ee</size>
         <input_file_ref idref="fl-2c"/>
      </object_component>
      <object_component id="oc-328">
         <name>.debug_info</name>
         <load_address>0xd576</load_address>
         <run_address>0xd576</run_address>
         <size>0x70</size>
         <input_file_ref idref="fl-2c"/>
      </object_component>
      <object_component id="oc-2e4">
         <name>.debug_info</name>
         <load_address>0xd5e6</load_address>
         <run_address>0xd5e6</run_address>
         <size>0x666</size>
         <input_file_ref idref="fl-2c"/>
      </object_component>
      <object_component id="oc-15c">
         <name>.debug_info</name>
         <load_address>0xdc4c</load_address>
         <run_address>0xdc4c</run_address>
         <size>0x26b</size>
         <input_file_ref idref="fl-2c"/>
      </object_component>
      <object_component id="oc-a4">
         <name>.debug_info</name>
         <load_address>0xdeb7</load_address>
         <run_address>0xdeb7</run_address>
         <size>0x157</size>
         <input_file_ref idref="fl-2c"/>
      </object_component>
      <object_component id="oc-227">
         <name>.debug_info</name>
         <load_address>0xe00e</load_address>
         <run_address>0xe00e</run_address>
         <size>0x16b</size>
         <input_file_ref idref="fl-2c"/>
      </object_component>
      <object_component id="oc-c4">
         <name>.debug_info</name>
         <load_address>0xe179</load_address>
         <run_address>0xe179</run_address>
         <size>0x8b</size>
         <input_file_ref idref="fl-2c"/>
      </object_component>
      <object_component id="oc-23b">
         <name>.debug_info</name>
         <load_address>0xe204</load_address>
         <run_address>0xe204</run_address>
         <size>0x2a4</size>
         <input_file_ref idref="fl-2c"/>
      </object_component>
[...]
         <object_component_ref idref="oc-fa"/>
      </symbol>
      <symbol id="sm-f48">
         <name>_pmuResetCycleCounter_</name>
         <value>0x1934c</value>
         <object_component_ref idref="oc-fa"/>
      </symbol>
      <symbol id="sm-f49">
         <name>_pmuSetCountEvent_</name>
         <value>0x1938c</value>
         <object_component_ref idref="oc-fa"/>
      </symbol>
      <symbol id="sm-f4a">
         <name>_pmuGetCycleCount_</name>
         <value>0x19398</value>
         <object_component_ref idref="oc-fa"/>
      </symbol>
      <symbol id="sm-f4b">
         <name>_pmuEnableCountersGlobal_</name>
         <value>0x1932c</value>
         <object_component_ref idref="oc-fa"/>
      </symbol>
      <symbol id="sm-f4c">
         <name>_pmuDisableCountersGlobal_</name>
         <value>0x1933c</value>
         <object_component_ref idref="oc-fa"/>
      </symbol>
      <symbol id="sm-f4d">
         <name>_pmuStartCounters_</name>
         <value>0x1937c</value>
         <object_component_ref idref="oc-fa"/>
      </symbol>
      <symbol id="sm-110d">
         <name>pbistSelfCheck</name>
         <value>0x6434</value>
         <object_component_ref idref="oc-88"/>
      </symbol>
      <symbol id="sm-110e">
         <name>fmcBus1ParityCheck</name>
         <value>0x842c</value>
         <object_component_ref idref="oc-88"/>
      </symbol>
      <symbol id="sm-110f">
         <name>can1ParityCheck</name>
         <value>0x7578</value>
         <object_component_ref idref="oc-88"/>
      </symbol>
      <symbol id="sm-1110">
         <name>enableParity</name>
         <value>0x8c38</value>
         <object_component_ref idref="oc-88"/>
      </symbol>
      <symbol id="sm-1111">
         <name>dmaParityCheck</name>
         <value>0x7014</value>
         <object_component_ref idref="oc-88"/>
      </symbol>
      <symbol id="sm-1112">
         <name>custom_dabort</name>
         <value>0x6f5c</value>
         <object_component_ref idref="oc-88"/>
      </symbol>
      <symbol id="sm-1113">
         <name>memoryInit</name>
         <value>0x62dc</value>
         <object_component_ref idref="oc-88"/>
      </symbol>
      <symbol id="sm-1114">
         <name>stcSelfCheck</name>
         <value>0x6320</value>
         <object_component_ref idref="oc-88"/>
      </symbol>
      <symbol id="sm-1115">
         <name>efcGetConfigValue</name>
         <value>0x87c8</value>
         <object_component_ref idref="oc-88"/>
      </symbol>
      <symbol id="sm-1116">
         <name>can2ParityCheck</name>
         <value>0x7650</value>
         <object_component_ref idref="oc-88"/>
      </symbol>
      <symbol id="sm-1117">
         <name>het1ParityCheck</name>
         <value>0x70c0</value>
         <object_component_ref idref="oc-88"/>
      </symbol>
      <symbol id="sm-1118">
         <name>adc1ParityCheck</name>
         <value>0x73d4</value>
         <object_component_ref idref="oc-88"/>
      </symbol>
      <symbol id="sm-1119">
         <name>checkefcSelfTest</name>
         <value>0x6924</value>
         <object_component_ref idref="oc-88"/>
      </symbol>
      <symbol id="sm-111a">
         <name>checkRAMECC</name>
         <value>0x7b38</value>
         <object_component_ref idref="oc-88"/>
      </symbol>
      <symbol id="sm-111b">
         <name>stcSelfCheckFail</name>
         <value>0x6f60</value>
         <object_component_ref idref="oc-88"/>
      </symbol>
      <symbol id="sm-111c">
         <name>ccmSelfCheck</name>
         <value>0x6198</value>
         <object_component_ref idref="oc-88"/>
      </symbol>
      <symbol id="sm-111d">
         <name>efcCheck</name>
         <value>0x67c8</value>
         <object_component_ref idref="oc-88"/>
      </symbol>
      <symbol id="sm-111e">
         <name>het2ParityCheck</name>
         <value>0x7228</value>
         <object_component_ref idref="oc-88"/>
      </symbol>
      <symbol id="sm-111f">
         <name>adc2ParityCheck</name>
         <value>0x74c0</value>
         <object_component_ref idref="oc-88"/>
      </symbol>
      <symbol id="sm-1120">
         <name>cpuSelfTest</name>
         <value>0x639c</value>
         <object_component_ref idref="oc-88"/>
      </symbol>
      <symbol id="sm-1121">
         <name>htu1ParityCheck</name>
         <value>0x716c</value>
         <object_component_ref idref="oc-88"/>
      </symbol>
      <symbol id="sm-1122">
         <name>checkFlashECC</name>
         <value>0x6e80</value>
         <object_component_ref idref="oc-88"/>
      </symbol>
      <symbol id="sm-1123">
         <name>cpuSelfTestFail</name>
         <value>0x6f64</value>
         <object_component_ref idref="oc-88"/>
      </symbol>
      <symbol id="sm-1124">
         <name>checkPLL1Slip</name>
         <value>0x7ff4</value>
         <object_component_ref idref="oc-88"/>
      </symbol>
      <symbol id="sm-1125">
         <name>mibspi1ParityCheck</name>
         <value>0x77ec</value>
         <object_component_ref idref="oc-88"/>
      </symbol>
      <symbol id="sm-1126">
         <name>ccmr4GetConfigValue</name>
         <value>0x8864</value>
         <object_component_ref idref="oc-88"/>
      </symbol>
      <symbol id="sm-1127">
         <name>htu2ParityCheck</name>
         <value>0x7324</value>
         <object_component_ref idref="oc-88"/>
      </symbol>
      <symbol id="sm-1128">
         <name>pbistPortTestStatus</name>
         <value>0x6770</value>
         <object_component_ref idref="oc-88"/>
      </symbol>
      <symbol id="sm-1129">
         <name>checkFlashEEPROMECC</name>
         <value>0x7e5c</value>
         <object_component_ref idref="oc-88"/>
      </symbol>
      <symbol id="sm-112a">
         <name>pbistGetConfigValue</name>
         <value>0x85d8</value>
         <object_component_ref idref="oc-88"/>
      </symbol>
      <symbol id="sm-112b">
         <name>vimParityCheck</name>
         <value>0x6f68</value>
         <object_component_ref idref="oc-88"/>
      </symbol>
      <symbol id="sm-112c">
         <name>pbistIsTestCompleted</name>
         <value>0x6710</value>
         <object_component_ref idref="oc-88"/>
      </symbol>
      <symbol id="sm-112d">
         <name>disableParity</name>
         <value>0x8cc0</value>
         <object_component_ref idref="oc-88"/>
      </symbol>
      <symbol id="sm-112e">
         <name>pbistRun</name>
         <value>0x6614</value>
         <object_component_ref idref="oc-88"/>
      </symbol>
      <symbol id="sm-112f">
         <name>pbistFail</name>
         <value>0x8554</value>
         <object_component_ref idref="oc-88"/>
      </symbol>
      <symbol id="sm-1130">
         <name>selftestFailNotification</name>
         <value>0x6188</value>
         <object_component_ref idref="oc-88"/>
      </symbol>
      <symbol id="sm-1131">
         <name>errata_PBIST_4</name>
         <value>0x88d4</value>
         <object_component_ref idref="oc-88"/>
      </symbol>
      <symbol id="sm-1132">
         <name>mibspi3ParityCheck</name>
         <value>0x78f4</value>
         <object_component_ref idref="oc-88"/>
      </symbol>
      <symbol id="sm-1133">
         <name>efcSelfTest</name>
         <value>0x68fc</value>
         <object_component_ref idref="oc-88"/>
      </symbol>
      <symbol id="sm-1134">
         <name>checkB1RAMECC</name>
         <value>0x6c90</value>
         <object_component_ref idref="oc-88"/>
      </symbol>
      <symbol id="sm-1135">
         <name>pbistStop</name>
         <value>0x66e0</value>
         <object_component_ref idref="oc-88"/>
      </symbol>
      <symbol id="sm-1136">
         <name>can3ParityCheck</name>
         <value>0x7718</value>
         <object_component_ref idref="oc-88"/>
      </symbol>
      <symbol id="sm-1137">
         <name>checkRAMAddrParity</name>
         <value>0x81b8</value>
         <object_component_ref idref="oc-88"/>
      </symbol>
      <symbol id="sm-1138">
         <name>mibspi5ParityCheck</name>
         <value>0x7a18</value>
         <object_component_ref idref="oc-88"/>
      </symbol>
      <symbol id="sm-1139">
         <name>checkB0RAMECC</name>
         <value>0x6aa0</value>
         <object_component_ref idref="oc-88"/>
      </symbol>
      <symbol id="sm-113a">
         <name>stcGetConfigValue</name>
         <value>0x8724</value>
         <object_component_ref idref="oc-88"/>
      </symbol>
      <symbol id="sm-113b">
         <name>pbistIsTestPassed</name>
         <value>0x673c</value>
         <object_component_ref idref="oc-88"/>
      </symbol>
      <symbol id="sm-113c">
         <name>checkClockMonitor</name>
         <value>0x7d80</value>
         <object_component_ref idref="oc-88"/>
      </symbol>
      <symbol id="sm-113d">
         <name>fmcECCcheck</name>
         <value>0x6a00</value>
         <object_component_ref idref="oc-88"/>
      </symbol>
      <symbol id="sm-113e">
         <name>fmcBus2Check</name>
         <value>0x69c4</value>
         <object_component_ref idref="oc-88"/>
      </symbol>
      <symbol id="sm-113f">
         <name>checkRAMUERRTest</name>
         <value>0x82c4</value>
         <object_component_ref idref="oc-88"/>
      </symbol>
      <symbol id="sm-1140">
         <name>efcStuckZeroTest</name>
         <value>0x6850</value>
         <object_component_ref idref="oc-88"/>
      </symbol>
      <symbol id="sm-1141">
         <name>checkPLL2Slip</name>
         <value>0x80f4</value>
         <object_component_ref idref="oc-88"/>
      </symbol>
      <symbol id="sm-1175">
         <name>_c_int00</name>
         <value>0x16af0</value>
         <object_component_ref idref="oc-1c"/>
      </symbol>
      <symbol id="sm-1176">
         <name>handlePLLLockFail</name>
         <value>0x1a590</value>
         <object_component_ref idref="oc-7c"/>
      </symbol>
      <symbol id="sm-120d">
         <name>vimChannelMap</name>
         <value>0x12a70</value>
         <object_component_ref idref="oc-44"/>
      </symbol>
      <symbol id="sm-120e">
         <name>vimInit</name>
         <value>0x1299c</value>
         <object_component_ref idref="oc-44"/>
      </symbol>
      <symbol id="sm-120f">
         <name>vimEnableInterrupt</name>
         <value>0x12b14</value>
         <object_component_ref idref="oc-44"/>
      </symbol>
      <symbol id="sm-1210">
         <name>vimDisableInterrupt</name>
         <value>0x12c6c</value>
         <object_component_ref idref="oc-44"/>
      </symbol>
      <symbol id="sm-1211">
         <name>vimGetConfigValue</name>
         <value>0x12cf0</value>
         <object_component_ref idref="oc-44"/>
      </symbol>
      <symbol id="sm-1212">
         <name>vimParityErrorHandler</name>
         <value>0x17030</value>
         <object_component_ref idref="oc-42"/>
      </symbol>
      <symbol id="sm-126d">
         <name>systemGetConfigValue</name>
         <value>0xf940</value>
         <object_component_ref idref="oc-82"/>
      </symbol>
      <symbol id="sm-126e">
         <name>trimLPO</name>
         <value>0xf614</value>
         <object_component_ref idref="oc-82"/>
      </symbol>
      <symbol id="sm-126f">
         <name>systemInit</name>
         <value>0xf844</value>
         <object_component_ref idref="oc-82"/>
      </symbol>
      <symbol id="sm-1270">
         <name>customTrimLPO</name>
         <value>0x1003c</value>
         <object_component_ref idref="oc-82"/>
      </symbol>
      <symbol id="sm-1271">
         <name>tcmflashGetConfigValue</name>
         <value>0xfd54</value>
         <object_component_ref idref="oc-82"/>
      </symbol>
      <symbol id="sm-1272">
         <name>sramGetConfigValue</name>
         <value>0xff00</value>
         <object_component_ref idref="oc-82"/>
      </symbol>
      <symbol id="sm-1273">
         <name>periphInit</name>
         <value>0xf6c8</value>
         <object_component_ref idref="oc-82"/>
      </symbol>
      <symbol id="sm-1274">
         <name>setupFlash</name>
         <value>0xf688</value>
         <object_component_ref idref="oc-82"/>
      </symbol>
      <symbol id="sm-1275">
         <name>setupPLL</name>
         <value>0xf5b4</value>
         <object_component_ref idref="oc-82"/>
      </symbol>
      <symbol id="sm-1276">
         <name>mapClocks</name>
         <value>0xf71c</value>
         <object_component_ref idref="oc-82"/>
      </symbol>
      <symbol id="sm-1277">
         <name>systemPowerDown</name>
         <value>0xf910</value>
         <object_component_ref idref="oc-82"/>
      </symbol>
      <symbol id="sm-129e">
         <name>sprintf</name>
         <value>0x1a3b5</value>
         <object_component_ref idref="oc-243"/>
      </symbol>
      <symbol id="sm-12c4">
         <name>floorl</name>
         <value>0x19201</value>
         <object_component_ref idref="oc-36b"/>
      </symbol>
      <symbol id="sm-12c5">
         <name>floor</name>
         <value>0x19201</value>
         <object_component_ref idref="oc-36b"/>
      </symbol>
      <symbol id="sm-12d1">
         <name>__aeabi_uidivmod</name>
         <value>0x1a13c</value>
         <object_component_ref idref="oc-30d"/>
      </symbol>
      <symbol id="sm-12d2">
         <name>__aeabi_uidiv</name>
         <value>0x1a13c</value>
         <object_component_ref idref="oc-30d"/>
      </symbol>
      <symbol id="sm-12e1">
         <name>__aeabi_memset</name>
         <value>0x19d59</value>
         <object_component_ref idref="oc-e4"/>
      </symbol>
      <symbol id="sm-12e2">
         <name>memset</name>
         <value>0x19d5f</value>
         <object_component_ref idref="oc-e4"/>
      </symbol>
      <symbol id="sm-12e3">
         <name>__aeabi_memset8</name>
         <value>0x19d59</value>
         <object_component_ref idref="oc-e4"/>
      </symbol>
      <symbol id="sm-12e4">
         <name>__aeabi_memset4</name>
         <value>0x19d59</value>
         <object_component_ref idref="oc-e4"/>
      </symbol>
      <symbol id="sm-12e5">
         <name>__aeabi_memclr8</name>
         <value>0x19d57</value>
         <object_component_ref idref="oc-e4"/>
      </symbol>
      <symbol id="sm-12e6">
         <name>__aeabi_memclr4</name>
         <value>0x19d57</value>
         <object_component_ref idref="oc-e4"/>
      </symbol>
      <symbol id="sm-12e7">
         <name>__aeabi_memclr</name>
         <value>0x19d57</value>
         <object_component_ref idref="oc-e4"/>
      </symbol>
      <symbol id="sm-1302">
         <name>memcpy</name>
         <value>0x19a2d</value>
         <object_component_ref idref="oc-59"/>
      </symbol>
      <symbol id="sm-1303">
         <name>__aeabi_memcpy</name>
         <value>0x19a2d</value>
         <object_component_ref idref="oc-59"/>
      </symbol>
      <symbol id="sm-1304">
         <name>__aeabi_memcpy8</name>
         <value>0x19a2d</value>
         <object_component_ref idref="oc-59"/>
      </symbol>
      <symbol id="sm-1305">
         <name>__aeabi_memcpy4</name>
         <value>0x19a2d</value>
         <object_component_ref idref="oc-59"/>
      </symbol>
      <symbol id="sm-132d">
         <name>__TI_auto_init_nobinit_nopinit</name>
         <value>0x1a1dd</value>
         <object_component_ref idref="oc-108"/>
      </symbol>
      <symbol id="sm-1340">
         <name>__TI_zero_init</name>
         <value>0x1a56b</value>
         <object_component_ref idref="oc-6b"/>
      </symbol>
      <symbol id="sm-1357">
         <name>__TI_decompress_none</name>
         <value>0x1a55d</value>
         <object_component_ref idref="oc-15"/>
      </symbol>
      <symbol id="sm-137a">
         <name>__TI_decompress_lzss</name>
         <value>0x19ebd</value>
         <object_component_ref idref="oc-f"/>
      </symbol>
      <symbol id="sm-1385">
         <name>C$$EXIT</name>
         <value>0x1a589</value>
         <object_component_ref idref="oc-13f"/>
      </symbol>
      <symbol id="sm-1386">
         <name>abort</name>
         <value>0x1a589</value>
         <object_component_ref idref="oc-13f"/>
      </symbol>
      <symbol id="sm-1396">
         <name>strcmp</name>
         <value>0x1a4f7</value>
         <object_component_ref idref="oc-31e"/>
      </symbol>
      <symbol id="sm-13a4">
         <name>strlen</name>
         <value>0x1a525</value>
         <object_component_ref idref="oc-318"/>
      </symbol>
      <symbol id="sm-14fb">
         <name>__TI_printfi</name>
         <value>0x10bd1</value>
         <object_component_ref idref="oc-2eb"/>
      </symbol>
      <symbol id="sm-1519">
         <name>frexpl</name>
         <value>0x19e49</value>
         <object_component_ref idref="oc-522"/>
      </symbol>
      <symbol id="sm-151a">
         <name>frexp</name>
         <value>0x19e49</value>
         <object_component_ref idref="oc-522"/>
      </symbol>
      <symbol id="sm-1537">
         <name>scalbn</name>
         <value>0x18f41</value>
         <object_component_ref idref="oc-528"/>
      </symbol>
      <symbol id="sm-1538">
         <name>scalbnl</name>
         <value>0x18f41</value>
         <object_component_ref idref="oc-528"/>
      </symbol>
      <symbol id="sm-1539">
         <name>ldexpl</name>
         <value>0x18f41</value>
         <object_component_ref idref="oc-528"/>
      </symbol>
      <symbol id="sm-153a">
         <name>ldexp</name>
         <value>0x18f41</value>
         <object_component_ref idref="oc-528"/>
      </symbol>
      <symbol id="sm-1544">
         <name>copysign</name>
         <value>0x1a4bf</value>
         <object_component_ref idref="oc-5d5"/>
      </symbol>
      <symbol id="sm-1545">
         <name>copysignl</name>
         <value>0x1a4bf</value>
         <object_component_ref idref="oc-5d5"/>
      </symbol>
      <symbol id="sm-154f">
         <name>__aeabi_idiv0</name>
         <value>0x1161b</value>
         <object_component_ref idref="oc-42c"/>
      </symbol>
      <symbol id="sm-1550">
         <name>__aeabi_ldiv0</name>
         <value>0x1161b</value>
         <object_component_ref idref="oc-42c"/>
      </symbol>
      <symbol id="sm-156c">
         <name>__aeabi_uldivmod</name>
         <value>0x16594</value>
         <object_component_ref idref="oc-4fb"/>
      </symbol>
      <symbol id="sm-157b">
         <name>__TI_ltoa</name>
         <value>0x19ff5</value>
         <object_component_ref idref="oc-501"/>
      </symbol>
      <symbol id="sm-1590">
         <name>atoi</name>
         <value>0x1a0ed</value>
         <object_component_ref idref="oc-3dc"/>
      </symbol>
      <symbol id="sm-159b">
         <name>_ctypes_</name>
         <value>0x1a714</value>
         <object_component_ref idref="oc-4f6"/>
      </symbol>
      <symbol id="sm-15ab">
         <name>memccpy</name>
         <value>0x1a499</value>
         <object_component_ref idref="oc-400"/>
      </symbol>
      <symbol id="sm-15bb">
         <name>strchr</name>
         <value>0x1a50f</value>
         <object_component_ref idref="oc-52e"/>
      </symbol>
      <symbol id="sm-15d1">
         <name>__aeabi_errno_addr</name>
         <value>0x1a581</value>
         <object_component_ref idref="oc-40c"/>
      </symbol>
      <symbol id="sm-15d2">
         <name>errno</name>
         <value>0x80021c4</value>
         <object_component_ref idref="oc-53e"/>
      </symbol>
      <symbol id="sm-15eb">
         <name>wcslen</name>
         <value>0x1a53b</value>
         <object_component_ref idref="oc-406"/>
      </symbol>
      <symbol id="sm-15ec">
         <name>__TI_static_base__</name>
         <value>0x0</value>
      </symbol>
      <symbol id="sm-15ef">
         <name>SHT$$INIT_ARRAY$$Base</name>
         <value>0x0</value>
      </symbol>
      <symbol id="sm-15f0">
         <name>SHT$$INIT_ARRAY$$Limit</name>
         <value>0x0</value>
      </symbol>
      <symbol id="sm-15f1">
         <name>_system_post_cinit</name>
         <value>0x0</value>
      </symbol>
   </symbol_table>
   <title>Link successful</title>
</link_info>
